CAKELPR_Z15_START Fri Aug 14 21:57:32 CEST 2026
HEARTBEAT 21:57:32 rss_kb=1008
HEARTBEAT 21:59:32 rss_kb=4167376
HEARTBEAT 22:01:32 rss_kb=3495248
HEARTBEAT 22:03:32 rss_kb=2776208
HEARTBEAT 22:05:32 rss_kb=2659744
HEARTBEAT 22:07:32 rss_kb=2483568
HEARTBEAT 22:09:32 rss_kb=2950464
HEARTBEAT 22:11:32 rss_kb=3051040
HEARTBEAT 22:13:32 rss_kb=2693888
HEARTBEAT 22:15:32 rss_kb=2923200
HEARTBEAT 22:17:32 rss_kb=2104528
HEARTBEAT 22:19:32 rss_kb=4265968
HEARTBEAT 22:21:32 rss_kb=2770352
HEARTBEAT 22:23:32 rss_kb=2172496
HEARTBEAT 22:25:32 rss_kb=2825328
HEARTBEAT 22:27:33 rss_kb=1687840
HEARTBEAT 22:29:33 rss_kb=2422144
HEARTBEAT 22:31:33 rss_kb=2054288
HEARTBEAT 22:33:33 rss_kb=2429040
HEARTBEAT 22:35:33 rss_kb=3506432
HEARTBEAT 22:37:33 rss_kb=2996512
HEARTBEAT 22:39:33 rss_kb=3050960
HEARTBEAT 22:41:33 rss_kb=3535504
HEARTBEAT 22:43:33 rss_kb=2948048
HEARTBEAT 22:45:33 rss_kb=3398576
HEARTBEAT 22:47:33 rss_kb=2528784
HEARTBEAT 22:49:33 rss_kb=2845216
HEARTBEAT 22:51:33 rss_kb=3587456
HEARTBEAT 22:53:33 rss_kb=2675040
HEARTBEAT 22:55:33 rss_kb=2472272
HEARTBEAT 22:57:33 rss_kb=3278960
HEARTBEAT 22:59:33 rss_kb=3044992
HEARTBEAT 23:01:33 rss_kb=2962560
HEARTBEAT 23:03:33 rss_kb=3104976
HEARTBEAT 23:05:34 rss_kb=2483600
HEARTBEAT 23:07:34 rss_kb=2916976
HEARTBEAT 23:09:34 rss_kb=3070000
HEARTBEAT 23:11:34 rss_kb=3081456
HEARTBEAT 23:13:34 rss_kb=3862560
HEARTBEAT 23:15:34 rss_kb=3728896
HEARTBEAT 23:17:34 rss_kb=3117488
HEARTBEAT 23:19:34 rss_kb=4509408
HEARTBEAT 23:21:34 rss_kb=4044720
HEARTBEAT 23:23:34 rss_kb=2680464
HEARTBEAT 23:25:34 rss_kb=1669216
HEARTBEAT 23:27:34 rss_kb=1922352
HEARTBEAT 23:29:34 rss_kb=3183504
HEARTBEAT 23:31:34 rss_kb=4120416
HEARTBEAT 23:33:34 rss_kb=3721200
HEARTBEAT 23:35:34 rss_kb=3280032
HEARTBEAT 23:37:34 rss_kb=4673760
HEARTBEAT 23:39:34 rss_kb=5322720
HEARTBEAT 23:41:34 rss_kb=4588752
HEARTBEAT 23:43:34 rss_kb=4517200
HEARTBEAT 23:45:34 rss_kb=3518048
HEARTBEAT 23:47:34 rss_kb=3747008
HEARTBEAT 23:49:34 rss_kb=4495264
HEARTBEAT 23:51:35 rss_kb=5050992
HEARTBEAT 23:53:35 rss_kb=4363104
HEARTBEAT 23:55:35 rss_kb=4526192
HEARTBEAT 23:57:35 rss_kb=4917152
HEARTBEAT 23:59:35 rss_kb=4740416
HEARTBEAT 00:01:35 rss_kb=5132736
HEARTBEAT 00:03:35 rss_kb=5072896
HEARTBEAT 00:05:35 rss_kb=4679168
HEARTBEAT 00:07:35 rss_kb=4602000
HEARTBEAT 00:09:35 rss_kb=4178784
HEARTBEAT 00:11:35 rss_kb=4685440
HEARTBEAT 00:13:35 rss_kb=4722784
HEARTBEAT 00:15:35 rss_kb=4813552
HEARTBEAT 00:17:35 rss_kb=3741392
HEARTBEAT 00:19:35 rss_kb=4676112
HEARTBEAT 00:21:35 rss_kb=4529232
HEARTBEAT 00:23:35 rss_kb=4465792
HEARTBEAT 00:25:35 rss_kb=4423472
HEARTBEAT 00:27:35 rss_kb=3186784
HEARTBEAT 00:29:35 rss_kb=3658544
HEARTBEAT 00:31:35 rss_kb=4952912
HEARTBEAT 00:33:35 rss_kb=3433776
HEARTBEAT 00:35:35 rss_kb=4562032
HEARTBEAT 00:37:35 rss_kb=4358320
HEARTBEAT 00:39:36 rss_kb=5886464
HEARTBEAT 00:41:36 rss_kb=4252128
HEARTBEAT 00:43:36 rss_kb=5082704
HEARTBEAT 00:45:36 rss_kb=4058240
HEARTBEAT 00:47:36 rss_kb=4325888
HEARTBEAT 00:49:36 rss_kb=3590656
HEARTBEAT 00:51:36 rss_kb=4341456
HEARTBEAT 00:53:36 rss_kb=4961168
HEARTBEAT 00:55:36 rss_kb=3395808
HEARTBEAT 00:57:36 rss_kb=4640048
HEARTBEAT 00:59:36 rss_kb=4888560
HEARTBEAT 01:01:36 rss_kb=4783872
HEARTBEAT 01:03:36 rss_kb=3718336
HEARTBEAT 01:05:36 rss_kb=2225968
--- output del checker + time -l ---
CakeML heap space exhausted.
    11393.20 real      4350.41 user      4310.70 sys
          6502563840  maximum resident set size
                   0  average shared memory size
                   0  average unshared data size
                   0  average unshared stack size
          1762735686  page reclaims
                  41  page faults
                   0  swaps
                   0  block input operations
                   0  block output operations
                   0  messages sent
                   0  messages received
                   0  signals received
             8341870  voluntary context switches
            53831269  involuntary context switches
      84258819574217  instructions retired
      34367241697171  cycles elapsed
         12942632200  peak memory footprint
CAKELPR_Z15_DONE Sat Aug 15 01:07:36 CEST 2026
