14T 1 ord=14           exhaustive       14cyc=True C(14)=7[x]2
14T 2 ord=14           exhaustive       14cyc=False D_14(14)=[7]2
14T 3 ord=28           exhaustive       14cyc=True D(7)[x]2
14T 4 ord=42           exhaustive       14cyc=False 2[1/2]F_42(7)
14T 5 ord=42           exhaustive       14cyc=True F_21(7)[x]2
14T 6 ord=56           exhaustive       14cyc=False [2^3]7
14T 7 ord=84           exhaustive       14cyc=True F_42(7)[x]2
14T 8 ord=98           exhaustive       14cyc=True [7^2]2=7wr2
14T 9 ord=112          exhaustive       14cyc=True [2^4]7
14T10 ord=168          exhaustive       14cyc=False L_7(14)
14T11 ord=168          exhaustive       14cyc=False [2^3]F_21(7)
14T12 ord=196          exhaustive       14cyc=False 1/2[D(7)^2]2
14T13 ord=196          exhaustive       14cyc=True [1/2.D(7)^2]2
14T14 ord=294          exhaustive       14cyc=True [7^2:3]2
14T15 ord=294          exhaustive       14cyc=True [7^2:3_3]2
14T16 ord=336          exhaustive       14cyc=False L_7:2(14)=[L(7)_%]2
14T17 ord=336          exhaustive       14cyc=True 2L_7(14)=[2]L(7)
14T18 ord=336          exhaustive       14cyc=True [2^4]F_21(7)
14T19 ord=336          exhaustive       14cyc=True L(7)[x]2
14T20 ord=392          exhaustive       14cyc=True [D(7)^2]2=D(7)wr2
14T21 ord=448          exhaustive       14cyc=False [2^6]7
14T22 ord=588          exhaustive       14cyc=False [1/6_-.F_42(7)^2]2_2
14T23 ord=588          exhaustive       14cyc=False [1/6_+.F_42(7)^2]2_2
14T24 ord=588          exhaustive       14cyc=True [7^2:6]2
14T25 ord=588          exhaustive       14cyc=True [7^2:6_3]2
14T26 ord=882          exhaustive       14cyc=True 1/2[1/2.F_42(7)^2]2
14T27 ord=896          exhaustive       14cyc=False 2^7[1/2]D(7)
14T28 ord=896          exhaustive       14cyc=False [2^6]D(7)
14T29 ord=896          exhaustive       14cyc=True [2^7]7=2wr7
14T30 ord=1092         exhaustive       14cyc=False L(14)=PSL(2,13)
14T31 ord=1176         exhaustive       14cyc=True [D(7)^2:3_3]2
14T32 ord=1176         exhaustive       14cyc=True [D(7)^2:3]2
14T33 ord=1344         exhaustive       14cyc=False 2^3`L_7(14)
14T34 ord=1344         exhaustive       14cyc=False 2^3:L_7(14)=[2^3]L(7)=[2^3]L(3,2)
14T35 ord=1344         exhaustive       14cyc=False [2^6]F_21(7)
14T36 ord=1764         exhaustive       14cyc=False 1/2[F_42(7)^2]2
14T37 ord=1764         exhaustive       14cyc=True [1/2.F_42(7)^2]2
14T38 ord=1792         exhaustive       14cyc=True [2^7]D(7)=2wrD(7)
14T39 ord=2184         exhaustive       14cyc=True L(14):2=PGL(2,13)
14T40 ord=2688         exhaustive       14cyc=False 1/2[2^7]F_42(7)
14T41 ord=2688         exhaustive       14cyc=False [2^6]F_42(7)
14T42 ord=2688         exhaustive       14cyc=True 2^4`L_7(14)
14T43 ord=2688         exhaustive       14cyc=True 2^4:L_7(14)=[2^4]L(7)
14T44 ord=2688         exhaustive       14cyc=True [2^7]F_21(7)=2wrF_21(7)
14T45 ord=3528         exhaustive       14cyc=True [F_42(7)^2]2=F_42(7)wr2
14T46 ord=5040         exhaustive       14cyc=False 2[1/2]S(7)
14T47 ord=5040         exhaustive       14cyc=True 2[x]A(7)
14T48 ord=5376         exhaustive       14cyc=True [2^7]F_42(7)=2wrF_42(7)
14T49 ord=10080        exhaustive       14cyc=True 2[x]S(7)
14T50 ord=10752        exhaustive       14cyc=False [2^6]L(7)
14T51 ord=21504        exhaustive       14cyc=True [2^7]L(7)=2wrL(7)
14T52 ord=56448        exhaustive       14cyc=True [L(7)^2]2=L(7)wr2
14T53 ord=161280       exhaustive       14cyc=False [2^6]A(7)
14T54 ord=322560       exhaustive       14cyc=False 1/2[2^7]S(7)
14T55 ord=322560       exhaustive       14cyc=False [2^6]S(7)
14T56 ord=322560       exhaustive       14cyc=True [2^7]A(7)=2wrA(7)
14T57 ord=645120       exhaustive       14cyc=True [2^7]S(7)
14T58 ord=12700800     witness          14cyc=True [A(7)^2]2=A(7)wr2
14T59 ord=25401600     parity(G<=A14)   14cyc=False 1/2[S(7)^2]2
14T60 ord=25401600     witness          14cyc=True [1/2.S(7)^2]2
14T61 ord=50803200     witness          14cyc=True [S(7)^2]2=S(7)wr2
14T62 ord=43589145600  parity(G<=A14)   14cyc=False A14
14T63 ord=87178291200  witness          14cyc=True S14
TOTALE 63: con 14-ciclo 37, senza 26, aperti 0
