c --- [ banner ] -------------------------------------------------------------
c 
c CaDiCaL SAT Solver
c Copyright (c) 2016-2026
c A. Biere, M. Fleury, N. Froleyks, K. Fazekas, F. Pollitt, T. Faller
c JKU Linz, University of Freiburg, TU Wien
c 
c Version 3.0.1 c60730422e758ef1cebe7aeddf2dda31c996bf04
c Apple clang version 17.0.0 (clang-1700.6.3.2) -Wall -Wextra -O3 -DNDEBUG -DNCLOSEFROM
c Wed Aug 12 12:29:40 CEST 2026 Darwin 192.168.1.2 24.6.0 arm64
c 
c --- [ proof tracing ] ------------------------------------------------------
c 
c opening file to write 'results/margin0/z11_E2.lrat'
c writing non-binary proof trace to 'results/margin0/z11_E2.lrat'
c 
c --- [ parsing input ] ------------------------------------------------------
c 
c reading DIMACS file from 'results/margin0/z11_E2.cnf'
c opening file to read 'results/margin0/z11_E2.cnf'
c found 'p cnf 1382 123573' header
c parsed 123573 clauses in 0.01 seconds process time
c 
c --- [ options ] ------------------------------------------------------------
c 
c   --binary=false                 (different from default 'true')
c   --lrat=true                    (different from default 'false')
c 
c --- [ solving ] ------------------------------------------------------------
c 
c time measured in process time since initialization
c 
c  seconds  reduction conflicts       size tier2       variables
c         MB    restarts   redundant    glue  trail         remaining
c          level     rate       size/glu tier1  irredundant
c 
c *  0.01  0  0 0   0  0    0    0 0.0 0 0 2 6  0% 116469 1352 98%
c )  0.02  0  0 0   0  0    0    0 0.0 1 0 2 6  2% 116469 1348 98%
c {  0.02  0  0 0   0  0    0    0 0.0 1 0 2 6  2% 116469 1348 98%
c i  0.02  0  0 0   0  0    0    0 0.0 1 0 2 6  2% 116469 1348 98%
c i  0.02  0  0 0   0  5    1    0 0.0 1 0 2 6  3% 116469 1346 97%
c i  0.02  0  1 0   0  7    2    0 0.0 1 0 2 6  3% 116469 1345 97%
c i  0.02  0 128 0   1  4  193  175 1.6 3 2 2 6 31% 116469 1344 97%
c i  0.02  0 120 0   4  4  210  191 1.6 3 2 2 6 32% 116469 1343 97%
c i  0.02  0 98 0  21  5  274  244 1.7 4 2 2 6 33% 116469 1342 97%
c -  0.02  0 91 1  28  5  300  263 1.7 4 2 2 6 33% 116397 1342 97%
c i  0.02  0 79 1  44  6  364  316 1.7 4 2 2 6 31% 116397 1339 97%
c i  0.02  0 78 1  45  6  367  318 1.7 4 2 2 6 31% 116397 1338 97%
c i  0.02  0 75 1  50  6  385  334 1.7 4 2 2 6 32% 116397 1336 97%
c i  0.02  0 71 1  56  6  419  363 1.8 4 2 2 6 32% 116397 1335 97%
c i  0.02  0 68 1  67  6  463  395 1.8 4 2 2 6 34% 116397 1334 97%
c i  0.03  0 57 1  90  6  581  500 1.8 5 3 2 6 36% 116397 1330 96%
c i  0.03  0 54 1 106  6  645  555 1.9 5 3 2 6 36% 116397 1329 96%
c -  0.04  0 49 2 120  5  761  630 1.9 5 3 2 6 37% 116319 1329 96%
c i  0.04  0 47 2 145  6  865  719 2.0 6 3 2 6 38% 116319 1328 96%
c i  0.04  0 46 2 152  6  896  744 2.0 6 3 2 6 38% 116319 1325 96%
c 
c  seconds  reduction conflicts       size tier2       variables
c         MB    restarts   redundant    glue  trail         remaining
c          level     rate       size/glu tier1  irredundant
c 
c i  0.04  0 44 2 158  6  991  819 2.1 6 3 2 6 40% 116319 1324 96%
c }  0.04  0 44 2 158  5 1006  827 2.1 6 3 2 6 40% 116319 1324 96%
c [  0.04  0  0 2 158  0 1006  827 0.0 0 0 2 6  0% 116319 1324 96%
c O  0.04  0  9 2 158 10 1007  828 4.7 28 6 2 6 93% 116319 1324 96%
c -  0.06  0 13 3 158  2 1495 1150 2.2 11 5 2 6 51% 116285 1324 96%
c i  0.06  0 11 3 158  2 1715 1299 2.1 10 5 2 6 49% 116285 1320 96%
c ]  0.07  0 11 3 159  2 2064 1559 2.1 11 5 2 6 48% 116285 1320 96%
c {  0.07  0 44 3 159  5 2064 1559 2.1 6 3 2 6 40% 116285 1320 96%
c i  0.07  0 43 3 160  5 2102 1593 2.1 6 3 2 6 40% 116285 1319 95%
c i  0.07  0 43 3 160  5 2103 1593 2.1 6 3 2 6 40% 116285 1318 95%
c i  0.07  0 42 3 165  5 2129 1615 2.1 6 3 2 6 40% 116285 1316 95%
c i  0.07  0 42 3 170  5 2144 1626 2.1 6 3 2 6 40% 116285 1314 95%
c i  0.07  0 41 3 186  5 2203 1680 2.1 6 3 2 6 40% 116285 1313 95%
c -  0.09  0 36 4 258  6 2524 1748 2.1 7 3 2 6 41% 116208 1313 95%
c i  0.09  0 36 4 261  5 2540 1761 2.1 7 3 2 6 41% 116208 1311 95%
c i  0.09  0 36 4 261  5 2541 1761 2.1 7 3 2 6 41% 116208 1308 95%
c i  0.09  0 35 4 263  5 2551 1768 2.1 7 3 2 6 41% 116208 1307 95%
c i  0.09  0 35 4 263  5 2566 1780 2.1 7 3 2 6 41% 116208 1306 95%
c 2  0.09  0 35 4 263  5 2566 1772 2.1 7 3 2 6 41% 116208 1306 95%
c d  0.09  0 35 4 263  5 2566 1755 2.1 7 3 2 6 41% 116057 1261 91%
c 
c  seconds  reduction conflicts       size tier2       variables
c         MB    restarts   redundant    glue  trail         remaining
c          level     rate       size/glu tier1  irredundant
c 
c d  0.09  0 35 4 263  5 2566 1752 2.1 7 3 2 6 41% 116047 1257 91%
c p  0.09  0 35 4 263  5 2566 1752 2.1 7 3 2 6 41% 116047 1256 91%
c c  0.11  0 35 4 263  5 2566 1749 2.1 7 3 2 6 41% 107530 1254 91%
c d  0.11  0 35 4 263  5 2566 1742 2.1 7 3 2 6 41% 107287 1189 86%
c d  0.11  0 35 4 263  5 2566 1742 2.1 7 3 2 6 41% 107275 1185 86%
c k  0.12  0 35 4 263  5 2566 1742 2.1 7 3 2 6 41% 107275 1184 86%
c 2  0.12  0 35 4 263  5 2566 1732 2.1 7 3 2 6 41% 107206 1184 86%
c =  0.12  0 35 4 263  5 2566 1730 2.1 7 3 2 6 41% 107163 1173 85%
c t  0.12  0 35 4 263  5 2566 1729 2.1 7 3 2 6 41% 107023 1173 85%
c O  0.14  0 32 4 366  5 3013 2130 2.2 8 4 2 6 44% 107023 1173 85%
c i  0.14  0 31 4 374  5 3044 2156 2.2 8 4 2 6 44% 107023 1171 85%
c i  0.14  0 31 4 374  5 3045 2156 2.2 8 4 2 6 44% 107023 1168 85%
c i  0.14  0 30 4 380  5 3150 2248 2.3 8 4 2 6 48% 107023 1167 84%
c i  0.15  0 28 4 407  5 3399 2444 2.2 8 4 2 6 53% 107023 1162 84%
c -  0.16  0 26 5 480  5 3860 2387 2.3 9 4 2 6 48% 100832 1162 84%
c i  0.17  0 26 5 513  5 4034 2537 2.2 9 4 2 6 47% 100832 1161 84%
c i  0.18  0 25 5 573  5 4290 2746 2.3 9 4 2 6 46% 100832 1160 84%
c i  0.18  0 24 5 611  5 4506 2937 2.3 9 4 2 6 45% 100832 1159 84%
c }  0.20  0 23 5 702  5 5005 3365 2.3 10 4 1 2 44% 100832 1159 84%
c [  0.20  0 11 5 702  2 5005 3365 2.1 11 5 2 6 56% 100832 1159 84%
c 
c  seconds  reduction conflicts       size  tier2       variables
c         MB    restarts   redundant     glue  trail         remaining
c          level     rate       size/glue tier1  irredundant
c 
c 2  0.20  0 11 5 702  2 5066 3420 2.1 10 5 1 2 55% 100832 1159 84%
c d  0.20  0 11 5 702  2 5066 3404 2.1 10 5 1 2 55% 100787 1149 83%
c c  0.22  0 11 5 702  2 5066 3403 2.1 10 5 1 2 55% 100979 1149 83%
c d  0.22  0 11 5 702  2 5066 3401 2.1 10 5 1 2 55% 100961 1141 83%
c k  0.22  0 11 5 702  2 5066 3401 2.1 10 5 1 2 55% 100961 1139 82%
c 2  0.22  0 11 5 702  2 5066 3398 2.1 10 5 1 2 55% 100959 1139 82%
c t  0.23  0 11 5 702  2 5066 3395 2.1 10 5 1 2 55% 100475 1139 82%
c -  0.25  0 11 6 702  2 5419 2220 2.2 11 5 1 2 50% 100475 1139 82%
c I  0.26  0 11 6 702  2 6017 2681 2.2 11 5 1 2 46% 100475 1139 82%
c -  0.30  0 13 7 703  2 7262 2399 2.1 13 6 1 2 44% 100475 1139 82%
c i  0.30  0 13 7 703  1 7470 2571 2.1 13 6 1 2 44% 100475 1138 82%
c 2  0.31  0 13 7 703  2 7670 2717 2.1 13 6 1 2 44% 100475 1137 82%
c d  0.31  0 13 7 703  2 7670 2702 2.1 13 6 1 2 44% 100454 1135 82%
c t  0.33  0 13 7 703  2 7670 2698 2.1 13 6 1 2 44% 100458 1135 82%
c ]  0.35  0 13 7 703  1 8187 3100 2.1 13 6 1 2 43% 100458 1135 82%
c {  0.35  0 23 7 703  5 8187 3100 2.3 10 4 1 2 44% 100458 1135 82%
c -  0.38  0 20 8 921  4 9398 2754 2.2 10 5 1 2 42% 100458 1135 82%
c i  0.40  0 19 8 982  4 9964 3181 2.1 10 5 1 2 41% 100458 1134 82%
c #  0.40  0 19 8 989  4 10020 3226 2.1 10 5 1 2 41% 100458 1134 82%
c i  0.41  0 19 8 1025  4 10329 3466 2.1 10 5 1 2 40% 100458 1131 82%
c 
c  seconds  reductions  conflicts       size  tier2      variables
c         MB    restarts     redundant     glue  trail        remaining
c          level      rate        size/glue tier1  irredundant
c 
c d  0.41  0 19 8 1028  4 10367 3245 2.1 10 5 1 2 40% 97606 1130 82%
c d  0.41  0 19 8 1028  4 10367 3243 2.1 10 5 1 2 40% 97589 1123 81%
c k  0.41  0 19 8 1028  4 10367 3243 2.1 10 5 1 2 40% 97589 1119 81%
c 2  0.41  0 19 8 1028  4 10367 3241 2.1 10 5 1 2 40% 97587 1119 81%
c t  0.42  0 19 8 1028  4 10367 3235 2.1 10 5 1 2 40% 97560 1119 81%
c i  0.44  0 18 8 1127  4 10980 3727 2.1 10 5 1 2 40% 97560 1116 81%
c i  0.45  0 17 8 1184  4 11446 4076 2.1 10 5 1 2 39% 97560 1113 81%
c i  0.46  0 17 8 1188  4 11631 4189 2.1 10 5 1 2 39% 97560 1111 80%
c i  0.46  0 17 8 1197  4 11770 4277 2.1 10 5 1 2 39% 97560 1110 80%
c -  0.46  0 17 9 1202  4 11825 2697 2.1 10 5 1 2 39% 94710 1110 80%
c i  0.47  0 17 9 1237  4 12042 2877 2.1 10 5 1 2 39% 94710 1108 80%
c i  0.47  0 17 9 1237  4 12047 2880 2.1 10 5 1 2 39% 94710 1107 80%
c i  0.47  0 17 9 1241  4 12221 3020 2.1 10 5 1 2 39% 94710 1103 80%
c i  0.48  0 16 9 1264  3 12621 3348 2.1 10 5 1 2 38% 94710 1102 80%
c i  0.49  0 16 9 1264  3 12789 3470 2.1 10 5 1 2 38% 94710 1099 80%
c i  0.49  0 16 9 1264  3 12790 3470 2.1 10 5 1 2 38% 94710 1098 79%
c i  0.49  0 16 9 1264  3 12801 3475 2.1 10 5 1 2 38% 94710 1086 79%
c s  0.50  0 16 9 1264  3 12861 3512 2.1 10 5 1 2 38% 88937 1086 79%
c t  0.50  0 16 9 1264  3 12861 3501 2.1 10 5 1 2 38% 88699 1084 78%
c e  0.50  0 16 9 1264  3 12861 1940 2.1 10 5 1 2 38% 76162 932 67%
c 
c  seconds  reductions  conflicts       size  tier2      variables
c         MB    restarts     redundant     glue  trail       remaining
c          level      rate        size/glue tier1  irredundant
c 
c s  0.51  0 16 9 1264  3 12861 1937 2.1 10 5 1 2 38% 71200 932 67%
c i  0.52  0 16 9 1281  3 13014 1587 2.1 10 5 1 2 34% 71200 931 67%
c i  0.52  0 16 9 1281  3 13035 1603 2.1 10 5 1 2 33% 71200 930 67%
c 2  0.52  0 16 9 1286  3 13155 1689 2.1 10 5 1 2 32% 71137 928 67%
c d  0.52  0 16 9 1286  3 13155 1518 2.1 10 5 1 2 32% 62704 922 67%
c d  0.52  0 16 9 1286  3 13155 1516 2.1 10 5 1 2 32% 62687 916 66%
c c  0.53  0 16 9 1286  3 13155 1508 2.1 10 5 1 2 32% 62812 913 66%
c d  0.53  0 16 9 1286  3 13155 1505 2.1 10 5 1 2 32% 62796 909 66%
c k  0.53  0 16 9 1286  3 13155 1505 2.1 10 5 1 2 32% 62796 907 66%
c 2  0.53  0 16 9 1286  3 13155 1505 2.1 10 5 1 2 32% 62794 907 66%
c u  0.54  0 16 9 1286  3 13155 1382 2.1 10 5 1 2 32% 62794 900 65%
c v  0.54  0 16 9 1286  3 13155 1368 2.1 10 5 1 2 32% 62794 900 65%
c w  0.54  0 16 9 1286  3 13155 1366 2.1 10 5 1 2 32% 62794 900 65%
c x  0.55  0 16 9 1286  3 13155 1364 2.1 10 5 1 2 32% 62389 899 65%
c t  0.55  0 16 9 1286  3 13155 1349 2.1 10 5 1 2 32% 62261 899 65%
c i  0.55  0 16 9 1286  3 13161 1352 2.1 10 5 1 2 31% 62261 898 65%
c i  0.55  0 16 9 1286  3 13189 1371 2.1 10 5 1 2 31% 62261 897 65%
c i  0.55  0 16 9 1286  3 13233 1406 2.1 10 5 1 2 31% 62261 896 65%
c i  0.55  0 16 9 1286  3 13297 1453 2.1 10 5 1 2 29% 62261 865 63%
c i  0.55  0 16 9 1286  3 13298 1453 2.1 10 5 1 2 29% 62261 864 63%
c 
c  seconds  reductions  conflicts       size  tier2      variables
c         MB    restarts     redundant     glue  trail       remaining
c          level      rate        size/glue tier1  irredundant
c 
c i  0.55  0 16 9 1286  3 13301 1454 2.1 10 5 1 2 29% 62261 745 54%
c i  0.55  0 16 9 1286  3 13302 1454 2.1 10 5 1 2 29% 62261 740 54%
c }  0.55  0 16 9 1286  3 13307 1456 2.1 10 5 1 2 29% 62261 651 47%
c 0  0.55  0 16 9 1286  3 13307 1456 2.1 10 5 1 2 29% 62261 651 47%
c 
c --- [ closing proof ] ------------------------------------------------------
c 
c LRAT proof file 'results/margin0/z11_E2.lrat' closed
c LRAT 26385 added clauses 23.63%
c LRAT 85263 deleted clauses 76.37%
c LRAT 5848772 bytes (5.58 MB)
c 
c --- [ result ] -------------------------------------------------------------
c 
s UNSATISFIABLE
c 
c --- [ run-time profiling ] -------------------------------------------------
c 
c process time taken by individual solving procedures
c (percentage relative to process time for solving)
c 
c         0.39   73.40% search
c         0.27   49.69% unstable
c         0.14   26.59% simplify
c         0.13   23.44% stable
c         0.07   13.26% congruence
c         0.02    3.38% sweep
c         0.01    2.72% parse
c         0.01    2.46% vivify
c         0.01    1.82% subsume
c         0.01    1.14% elim
c         0.00    0.27% lucky
c         0.00    0.19% probe
c         0.00    0.10% backbone
c   =================================
c         0.54   97.28% solve
c 
c last line shows process time for solving
c (percentage relative to total process time)
c 
c --- [ statistics ] ---------------------------------------------------------
c 
c chronological:              4850        36.45 %  of conflicts
c conflicts:                 13307     24818.90    per second
c backbone:                  21632      1565.27 %  of vars
c decisions:                 36100     67330.15    per second
c eliminated:                  135         9.77 %  of all variables
c fixed:                       425        30.75 %  of all variables
c learned:                   12589        94.60 %  per conflict
c learned_lits:             241600       100.00 %  learned literals
c minimized:                     0         0.00 %  learned literals
c shrunken:                  73883        30.58 %  learned literals
c minishrunken:              30580        12.66 %  learned literals
c otfs:                        217         1.63 %  of conflict
c propagations:            2237330         4.17 M  per second
c reduced:                    5668        42.59 %  per conflict
c rephased:                      4      3326.75    interval
c restarts:                   1286        10.35    interval
c stabilizing:                   2        31.64 %  of conflicts
c substituted:                 171        12.37 %  of all variables
c sweep equivs:                  9         9.47 %  of swept variables
c subsumed:                  15728        11.56 %  of all clauses
c strengthened:               1085         0.80 %  of all clauses
c ticks:                  43384151        20.88    propagation
c vivified:                    479         0.35 %  of all clauses
c weakened:                    766         2.37    average size
c congruence:                    4      3326.75    interval
c 
c seconds are measured in process time for solving
c 
c --- [ glue usage ] ---------------------------------------------------------
c 
c focused glue 1 used 60324 clauses 77.02% accumulated 77.02% tier1
c focused glue 2 used 10395 clauses 13.27% accumulated 90.29% tier2
c 
c stable glue 1 used 31220 clauses 69.08% accumulated 69.08% tier1
c stable glue 2 used 6269 clauses 13.87% accumulated 82.95% tier2
c 
c 
c --- [ resources ] ----------------------------------------------------------
c 
c total process time since initialization:         0.55    seconds
c total real time since initialization:            0.55    seconds
c maximum resident set size of process:           51.19    MB
c 
c --- [ shutting down ] ------------------------------------------------------
c 
c exit 20
