c --- [ banner ] -------------------------------------------------------------
c 
c CaDiCaL SAT Solver
c Copyright (c) 2016-2026
c A. Biere, M. Fleury, N. Froleyks, K. Fazekas, F. Pollitt, T. Faller
c JKU Linz, University of Freiburg, TU Wien
c 
c Version 3.0.1 c60730422e758ef1cebe7aeddf2dda31c996bf04
c Apple clang version 17.0.0 (clang-1700.6.3.2) -Wall -Wextra -O3 -DNDEBUG -DNCLOSEFROM
c Wed Aug 12 12:29:40 CEST 2026 Darwin 192.168.1.2 24.6.0 arm64
c 
c --- [ proof tracing ] ------------------------------------------------------
c 
c opening file to write 'results/margin0/z13_E2.lrat'
c writing non-binary proof trace to 'results/margin0/z13_E2.lrat'
c 
c --- [ parsing input ] ------------------------------------------------------
c 
c reading DIMACS file from 'results/margin0/z13_E2.cnf'
c opening file to read 'results/margin0/z13_E2.cnf'
c found 'p cnf 4752 1884949' header
c parsed 1884949 clauses in 0.21 seconds process time
c 
c --- [ options ] ------------------------------------------------------------
c 
c   --binary=false                 (different from default 'true')
c   --lrat=true                    (different from default 'false')
c 
c --- [ solving ] ------------------------------------------------------------
c 
c time measured in process time since initialization
c 
c  seconds  reduction conflicts       size tier2        variables
c         MB    restarts   redundant    glue  trail          remaining
c          level     rate       size/glu tier1   irredundant
c 
c *  0.21  0  0 0   0  0    0    0 0.0 0 0 2 6  0% 1850860 4733 100%
c )  0.24  0  0 0   0  0    0    0 0.0 1 0 2 6  1% 1850860 4728 99%
c {  0.24  0  0 0   0  0    0    0 0.0 1 0 2 6  1% 1850860 4728 99%
c i  0.24  0  0 0   0  0    0    0 0.0 1 0 2 6  1% 1850860 4728 99%
c i  0.24  0  0 0   0  4    1    0 0.0 1 0 2 6  1% 1850860 4726 99%
c i  0.24  0  0 0   0  6    2    0 0.0 1 0 2 6  1% 1850860 4724 99%
c i  0.24  0  1 0   0  8    3    0 0.0 1 0 2 6  1% 1850860 4723 99%
c -  0.28  0 260 1   5  3  302  271 1.6 3 2 2 6 15% 1850803 4723 99%
c i  0.28  0 302 1   5  3  359  323 1.6 3 2 2 6 17% 1850803 4722 99%
c i  0.28  0 340 1   5  4  412  370 1.6 3 2 2 6 20% 1850803 4720 99%
c i  0.28  0 341 1   5  4  416  371 1.6 3 2 2 6 20% 1850803 4714 99%
c i  0.28  0 349 1   5  5  427  380 1.6 3 2 2 6 20% 1850803 4712 99%
c i  0.28  0 381 1   5  5  472  421 1.6 3 2 2 6 22% 1850803 4711 99%
c i  0.28  0 445 1   9 10  590  528 1.6 3 2 2 6 26% 1850803 4709 99%
c i  0.33  0 375 1  39 11  729  645 1.6 3 2 2 6 29% 1850803 4708 99%
c i  0.33  0 371 1  41 11  738  652 1.6 3 2 2 6 28% 1850803 4705 99%
c i  0.33  0 367 1  44 11  749  662 1.6 3 2 2 6 28% 1850803 4702 99%
c i  0.33  0 366 1  45 11  750  662 1.6 3 2 2 6 28% 1850803 4701 99%
c i  0.33  0 364 1  46 11  754  665 1.6 3 2 2 6 28% 1850803 4699 99%
c i  0.33  0 362 1  48 11  760  668 1.6 3 2 2 6 28% 1850803 4698 99%
c 
c  seconds   reduction conflicts       size tier2        variables
c         MB     restarts   redundant    glue  trail          remaining
c           level     rate       size/glu tier1   irredundant
c 
c i  0.33  0 359 1  49 11  767  674 1.6 3 2 2 6 28% 1850803 4697 99%
c i  0.33  0 357 1  51 11  771  676 1.6 3 2 2 6 28% 1850803 4696 99%
c i  0.35  0 313 1  76 11  899  781 1.6 4 2 2 6 29% 1850803 4693 99%
c i  0.38  0 291 1  96 11  973  849 1.7 4 2 2 6 29% 1850803 4691 99%
c }  0.39  0 284 1 103 11 1001  871 1.7 4 2 2 6 29% 1850803 4691 99%
c [  0.39  0  0 1 103  0 1001  871 0.0 0 0 2 6  0% 1850803 4691 99%
c O  0.40  0 21 1 103 22 1002  872 8.0 56 7 2 6 100% 1850803 4691 99%
c -  0.58  0 18 2 103  2 1287 1059 3.8 24 6 2 6 85% 1850598 4691 99%
c i  0.64  0 24 2 104  2 2523 2087 2.7 26 10 2 6 73% 1850598 4690 99%
c i  0.67  0 24 2 104  2 2799 2286 2.6 25 10 2 6 72% 1850598 4686 99%
c i  0.68  0 24 2 104  2 2864 2339 2.5 25 10 2 6 71% 1850598 4684 99%
c ]  0.68  0 24 2 104  2 2867 2342 2.5 25 10 2 6 71% 1850598 4684 99%
c {  0.68  0 284 2 104 11 2867 2342 1.7 4 2 2 6 29% 1850598 4684 99%
c i  0.70  0 271 2 120 11 2923 2390 1.7 4 2 2 6 29% 1850598 4681 99%
c O  0.72  0 253 2 140 11 3004 2461 1.7 4 2 2 6 29% 1850598 4681 99%
c i  0.77  0 212 2 182 10 3268 2689 1.7 4 2 2 6 29% 1850598 4679 98%
c i  0.77  0 212 2 183 10 3269 2689 1.7 4 2 2 6 29% 1850598 4677 98%
c i  0.77  0 211 2 183 10 3278 2695 1.7 4 2 2 6 29% 1850598 4675 98%
c i  0.77  0 211 2 183 10 3281 2696 1.7 4 2 2 6 29% 1850598 4672 98%
c i  0.77  0 208 2 183 10 3303 2712 1.7 4 2 2 6 29% 1850598 4671 98%
c 
c  seconds   reduction conflicts       size tier2        variables
c         MB     restarts   redundant    glue  trail          remaining
c           level     rate       size/glu tier1   irredundant
c 
c i  0.77  0 207 2 183 10 3311 2717 1.7 4 2 2 6 28% 1850598 4668 98%
c -  0.86  0 206 3 183 10 3320 2195 1.7 4 2 2 6 28% 1850449 4668 98%
c i  0.86  0 205 3 183 10 3322 2195 1.7 4 2 2 6 28% 1850449 4667 98%
c i  0.89  0 194 3 193 10 3434 2294 1.7 4 2 2 6 28% 1850449 4666 98%
c i  0.89  0 194 3 193 10 3435 2294 1.7 4 2 2 6 28% 1850449 4664 98%
c i  0.90  0 192 3 196 10 3455 2308 1.7 4 2 2 6 28% 1850449 4658 98%
c i  0.92  0 188 3 202 10 3487 2334 1.8 4 2 2 6 28% 1850449 4654 98%
c i  0.92  0 185 3 211 10 3524 2366 1.7 4 2 2 6 28% 1850449 4653 98%
c i  0.92  0 180 3 224  9 3570 2406 1.7 4 2 2 6 28% 1850449 4652 98%
c i  0.92  0 179 3 226  9 3585 2416 1.7 4 2 2 6 28% 1850449 4650 98%
c 2  0.97  0 154 3 302  9 3930 2701 1.7 4 3 2 6 28% 1850449 4650 98%
c d  1.01  0 154 3 302  9 3930 2673 1.7 4 3 2 6 28% 1850171 4578 96%
c d  1.04  0 154 3 302  9 3930 2664 1.7 4 3 2 6 28% 1850133 4564 96%
c p  1.04  0 154 3 302  9 3930 2664 1.7 4 3 2 6 28% 1850133 4563 96%
c d  1.08  0 154 3 302  9 3930 2664 1.7 4 3 2 6 28% 1761744 4560 96%
c d  1.11  0 154 3 302  9 3930 2664 1.7 4 3 2 6 28% 1761732 4554 96%
c c  1.47  0 154 3 302  9 3930 2662 1.7 4 3 2 6 28% 1765385 4544 96%
c d  1.51  0 154 3 302  9 3930 2658 1.7 4 3 2 6 28% 1764834 4308 91%
c k  1.52  0 154 3 302  9 3930 2658 1.7 4 3 2 6 28% 1764834 4293 90%
c 2  1.52  0 154 3 302  9 3930 2637 1.7 4 3 2 6 28% 1764569 4293 90%
c 
c  seconds   reduction conflicts       size tier2        variables
c         MB     restarts   redundant    glue  trail          remaining
c           level     rate       size/glu tier1   irredundant
c 
c t  1.53  0 154 3 302  9 3930 2637 1.7 4 3 2 6 28% 1764462 4293 90%
c i  1.58  0 143 3 340  9 4134 2813 1.7 4 3 2 6 28% 1764462 4292 90%
c i  1.60  0 137 3 362  9 4281 2944 1.8 5 3 2 6 29% 1764462 4291 90%
c i  1.62  0 132 3 387  9 4383 3039 1.8 5 3 2 6 29% 1764462 4290 90%
c i  1.64  0 131 3 398  9 4420 3073 1.8 5 3 2 6 29% 1764462 4288 90%
c i  1.71  0 120 3 479  9 4742 3347 1.8 5 3 2 6 29% 1764462 4283 90%
c i  1.73  0 116 3 518  9 4882 3475 1.8 5 3 2 6 29% 1764462 4280 90%
c i  1.74  0 114 3 542 10 4963 3550 1.8 5 3 2 6 29% 1764462 4279 90%
c i  1.74  0 113 3 543 10 4972 3557 1.8 5 3 2 6 29% 1764462 4278 90%
c i  1.85  0 113 3 545 10 4977 3536 1.8 5 3 2 6 21% 1764231 4272 90%
c i  1.85  0 113 3 546 10 4982 3538 1.8 5 3 2 6 25% 1764231 4271 90%
c }  1.90  0 109 3 582 10 5129 3666 1.8 5 3 1 2 32% 1764231 4269 90%
c [  1.90  0 24 3 582  2 5129 3666 2.5 25 10 2 6 79% 1764231 4269 90%
c i  1.97  0 37 3 583  2 5648 4135 2.6 25 9 2 4 73% 1764231 4267 90%
c I  1.99  0 46 3 583  2 6006 4459 2.7 24 9 2 4 71% 1764231 4267 90%
c -  2.11  0 42 4 583  2 6586 2878 2.8 24 9 2 4 72% 1764186 4267 90%
c 2  2.11  0 42 4 583  2 6586 2859 2.8 24 9 2 4 72% 1764185 4267 90%
c d  2.14  0 42 4 583  2 6586 2849 2.8 24 9 2 4 72% 1764128 4239 89%
c c  2.52  0 42 4 583  2 6586 2848 2.8 24 9 2 4 72% 1765465 4239 89%
c d  2.55  0 42 4 583  2 6586 2839 2.8 24 9 2 4 72% 1765305 4169 88%
c 
c  seconds  reduction conflicts       size  tier2        variables
c         MB    restarts   redundant     glue  trail          remaining
c          level     rate       size/glue tier1   irredundant
c 
c k  2.56  0 42 4 583  2 6586 2839 2.8 24 9 2 4 72% 1765305 4163 88%
c 2  2.56  0 42 4 583  2 6586 2829 2.8 24 9 2 4 72% 1765235 4163 88%
c =  2.65  0 42 4 583  2 6586 2817 2.8 24 9 2 4 72% 1765164 4157 87%
c t  2.66  0 42 4 583  2 6586 2817 2.8 24 9 2 4 72% 1765069 4157 87%
c i  2.67  0 42 4 583  2 6595 2825 2.8 24 9 2 4 72% 1765069 4156 87%
c ]  2.91  0 32 4 585  2 8799 4603 2.5 19 8 2 3 73% 1765069 4156 87%
c {  2.91  0 109 4 585 10 8799 4603 1.8 5 3 1 2 32% 1765069 4156 87%
c i  2.98  0 104 4 646 10 9034 4816 1.8 5 3 1 2 32% 1765069 4154 87%
c i  3.01  0 101 4 673 10 9191 4957 1.8 5 3 1 2 31% 1765069 4150 87%
c i  3.08  0 97 4 713  9 9447 5186 1.9 5 3 1 2 32% 1765069 4149 87%
c #  3.18  0 88 4 804  9 10007 5694 1.9 6 3 1 2 31% 1765069 4149 87%
c i  3.18  0 88 4 804  9 10007 5694 1.9 6 3 1 2 31% 1765069 4148 87%
c i  3.19  0 88 4 804  9 10048 5730 1.9 6 3 1 2 31% 1765069 4146 87%
c i  3.22  0 86 4 840  9 10235 5892 1.9 6 3 1 2 31% 1765069 4145 87%
c i  3.27  0 82 4 902  9 10548 6177 1.9 6 3 1 2 30% 1765069 4144 87%
c i  3.27  0 82 4 902  9 10552 6179 1.9 6 3 1 2 30% 1765069 4143 87%
c i  3.32  0 80 4 944  9 10749 6360 1.9 6 3 1 2 30% 1765069 4141 87%
c i  3.34  0 79 4 964  9 10878 6469 1.9 6 3 1 2 30% 1765069 4140 87%
c i  3.36  0 78 4 985  9 10964 6546 1.9 6 3 1 2 30% 1765069 4139 87%
c i  3.36  0 77 4 998  9 11021 6598 1.9 6 3 1 2 30% 1765069 4137 87%
c 
c  seconds  reductions  conflicts       size tier2        variables
c         MB    restarts     redundant    glue  trail          remaining
c          level      rate        size/glu tier1   irredundant
c 
c i  3.39  0 76 4 1026  9 11122 6687 1.9 6 3 1 2 30% 1765069 4134 87%
c i  3.39  0 76 4 1027  9 11124 6688 1.9 6 3 1 2 30% 1765069 4132 87%
c i  3.39  0 76 4 1029  9 11134 6697 1.9 6 3 1 2 30% 1765069 4131 87%
c -  3.48  0 76 5 1029  9 11145 4209 1.9 6 3 1 2 30% 1764885 4131 87%
c 2  3.48  0 76 5 1029  9 11145 4198 1.9 6 3 1 2 30% 1764884 4131 87%
c d  3.51  0 76 5 1029  9 11145 4198 1.9 6 3 1 2 30% 1764860 4119 87%
c c  3.88  0 76 5 1029  9 11145 4198 1.9 6 3 1 2 30% 1765081 4119 87%
c d  3.91  0 76 5 1029  9 11145 4198 1.9 6 3 1 2 30% 1765079 4118 87%
c k  3.92  0 76 5 1029  9 11145 4198 1.9 6 3 1 2 30% 1765079 4116 87%
c 2  3.92  0 76 5 1029  9 11145 4197 1.9 6 3 1 2 30% 1765078 4116 87%
c t  3.93  0 76 5 1029  9 11145 4197 1.9 6 3 1 2 30% 1764964 4116 87%
c i  4.02  0 74 5 1091  9 11456 4465 1.9 6 3 1 2 31% 1764964 4114 87%
c i  4.06  0 73 5 1120  9 11664 4649 1.9 6 3 1 2 31% 1764964 4113 87%
c i  4.07  0 73 5 1124  9 11726 4707 1.9 6 3 1 2 32% 1764964 4109 86%
c i  4.13  0 70 5 1177  9 12001 4945 1.9 6 3 1 2 31% 1764964 4108 86%
c }  4.49  0 63 5 1491  9 13402 6231 2.0 7 3 1 2 32% 1764964 4108 86%
c [  4.49  0 32 5 1491  2 13402 6231 2.5 19 8 2 3 73% 1764964 4108 86%
c B  4.83  0 37 5 1492  2 15008 7701 2.5 20 8 2 3 66% 1764964 4108 86%
c i  4.94  0 37 5 1492  2 15690 8308 2.5 20 8 2 3 62% 1764964 4107 86%
c i  4.98  0 37 5 1492  2 16000 8594 2.4 20 8 2 3 61% 1764964 4106 86%
c 
c  seconds  reductions  conflicts       size  tier2        variables
c         MB    restarts     redundant     glue  trail          remaining
c          level      rate        size/glue tier1   irredundant
c 
c -  5.24  0 37 6 1493  2 17074 6004 2.4 20 8 2 3 59% 1764875 4106 86%
c 2  5.24  0 37 6 1493  2 17074 6001 2.4 20 8 2 3 59% 1764875 4105 86%
c d  5.27  0 37 6 1493  2 17074 5991 2.4 20 8 2 3 59% 1764858 4100 86%
c c  5.66  0 37 6 1493  2 17074 5989 2.4 20 8 2 3 59% 1764973 4099 86%
c d  5.69  0 37 6 1493  2 17074 5989 2.4 20 8 2 3 59% 1764966 4098 86%
c k  5.70  0 37 6 1493  2 17074 5989 2.4 20 8 2 3 59% 1764966 4096 86%
c 2  5.70  0 37 6 1493  2 17074 5988 2.4 20 8 2 3 59% 1764965 4096 86%
c =  5.90  0 37 6 1493  2 17074 5977 2.4 20 8 2 3 59% 1764886 4072 86%
c t  5.92  0 37 6 1493  2 17074 5968 2.4 20 8 2 3 59% 1764153 4072 86%
c s  6.01  0 37 6 1493  2 17225 6091 2.4 20 8 2 3 59% 1732519 4072 86%
c t  6.03  0 37 6 1493  2 17225 6091 2.4 20 8 2 3 59% 1731730 4072 86%
c e  6.08  0 37 6 1493  2 17225 4742 2.4 20 8 2 3 59% 1730920 3711 78%
c s  6.12  0 37 6 1493  2 17225 4740 2.4 20 8 2 3 59% 1715596 3711 78%
c ]  6.37  0 36 6 1493  2 18440 5777 2.3 20 9 2 3 43% 1715595 3711 78%
c {  6.37  0 63 6 1493  9 18440 5777 2.0 7 3 1 2 37% 1715595 3711 78%
c i  6.59  0 58 6 1703  8 19690 6893 2.0 7 4 1 2 35% 1715595 3710 78%
c i  6.75  0 56 6 1819  8 20442 7556 2.1 7 4 1 2 35% 1715592 3706 78%
c B  6.87  0 55 6 1935  8 21011 8072 2.1 7 4 1 2 35% 1715592 3706 78%
c i  6.89  0 54 6 1945  8 21102 8154 2.1 8 4 1 2 35% 1715592 3705 78%
c i  6.92  0 54 6 1969  8 21200 8238 2.1 8 4 1 2 35% 1715592 3703 78%
c 
c  seconds  reductions  conflicts       size tier2        variables
c         MB    restarts     redundant    glue  trail          remaining
c          level      rate        size/glu tier1   irredundant
c 
c i  7.26  0 51 6 2290  8 22938 9794 2.1 8 4 1 2 34% 1715588 3702 78%
c i  7.30  0 50 6 2328  8 23100 9942 2.1 8 4 1 2 34% 1715588 3701 78%
c i  7.55  0 48 6 2578  8 24230 10964 2.1 8 4 1 2 34% 1715585 3699 78%
c -  7.69  0 48 7 2614  8 24411 7116 2.1 8 4 1 2 34% 1715480 3699 78%
c 2  7.70  0 48 7 2614  8 24411 7090 2.1 8 4 1 2 34% 1715364 3699 78%
c d  7.73  0 48 7 2614  8 24411 7090 2.1 8 4 1 2 34% 1715358 3696 78%
c c  8.11  0 48 7 2614  8 24411 7089 2.1 8 4 1 2 34% 1716153 3696 78%
c k  8.15  0 48 7 2614  8 24411 7086 2.1 8 4 1 2 34% 1716149 3690 78%
c =  8.20  0 48 7 2614  8 24411 7084 2.1 8 4 1 2 34% 1716110 3688 78%
c t  8.21  0 48 7 2614  8 24411 7084 2.1 8 4 1 2 34% 1714156 3688 78%
c i  8.25  0 48 7 2633  8 24492 7155 2.1 8 4 1 2 34% 1714156 3687 78%
c i  8.66  0 46 7 2998  8 26398 8891 2.1 8 4 1 2 34% 1714152 3686 78%
c }  8.80  0 44 7 3105  8 27111 9493 2.1 9 4 1 2 35% 1714151 3686 78%
c [  8.80  0 36 7 3105  2 27111 9493 2.3 20 9 2 3 43% 1714151 3686 78%
c W  9.27  0 34 7 3105  2 28012 10334 2.5 21 8 2 3 47% 1714135 3686 78%
c i  9.39  0 36 7 3106  2 29444 11624 2.5 21 8 2 3 48% 1714135 3685 78%
c -  9.85  0 32 8 3108  2 33138 9328 2.5 20 8 2 3 51% 1714123 3685 78%
c 2  9.85  0 32 8 3108  2 33138 9321 2.5 20 8 2 3 51% 1714123 3685 78%
c d  9.88  0 32 8 3108  2 33138 9309 2.5 20 8 2 3 51% 1714109 3681 77%
c c 10.24  0 32 8 3108  2 33138 9309 2.5 20 8 2 3 51% 1715896 3681 77%
c 
c  seconds  reductions  conflicts       size  tier2        variables
c         MB    restarts     redundant     glue  trail          remaining
c          level      rate        size/glue tier1   irredundant
c 
c d 10.27  0 32 8 3108  2 33138 9307 2.5 20 8 2 3 51% 1715892 3679 77%
c 2 10.28  0 32 8 3108  2 33138 9307 2.5 20 8 2 3 51% 1715890 3679 77%
c t 10.41  0 32 8 3108  2 33138 9298 2.5 20 8 2 3 51% 1712794 3679 77%
c O 10.77  0 32 8 3111  2 36013 11903 2.4 20 8 2 3 50% 1712794 3679 77%
c i 10.78  0 32 8 3111  2 36019 11906 2.4 20 8 2 3 50% 1712794 3678 77%
c ] 11.32  0 34 8 3112  2 38909 14480 2.4 21 9 1 2 44% 1712794 3678 77%
c { 11.32  0 44 8 3112  8 38909 14480 2.1 9 4 1 2 35% 1712794 3678 77%
c - 12.46  0 41 9 3985  8 43302 11425 2.2 9 4 1 2 35% 1712783 3678 77%
c d 12.49  0 41 9 3985  8 43302 11418 2.2 9 4 1 2 35% 1712775 3676 77%
c c 12.87  0 41 9 3985  8 43302 11417 2.2 9 4 1 2 35% 1715837 3676 77%
c u 13.16  0 41 9 3985  8 43302 11258 2.2 9 4 1 2 35% 1715835 3675 77%
c v 13.29  0 41 9 3985  8 43302 11177 2.2 9 4 1 2 35% 1715835 3675 77%
c x 13.46  0 41 9 3985  8 43302 11177 2.2 9 4 1 2 35% 1715502 3675 77%
c t 13.48  0 41 9 3985  8 43302 11169 2.2 9 4 1 2 35% 1712440 3675 77%
c W 14.26  0 39 9 4337  7 45014 12728 2.2 10 4 1 2 35% 1712439 3675 77%
c } 16.02  0 35 9 5513  7 51632 18629 2.3 11 5 1 2 36% 1712438 3675 77%
c [ 16.02  0 34 9 5513  2 51632 18629 2.4 21 9 1 2 44% 1712438 3675 77%
c i 16.06  0 34 9 5513  2 51864 18805 2.4 21 9 1 2 45% 1712438 3674 77%
c s 16.28  0 34 9 5513  2 52640 19484 2.4 21 9 1 2 45% 1694109 3674 77%
c t 16.30  0 34 9 5513  2 52640 19483 2.4 21 9 1 2 45% 1693606 3674 77%
c 
c  seconds  reductions  conflicts        size  tier2        variables
c         MB    restarts      redundant     glue  trail          remaining
c          level      rate         size/glue tier1   irredundant
c 
c e 16.35  0 34 9 5513  2 52640 18339 2.4 21 9 1 2 45% 1637731 3647 77%
c s 16.41  0 34 9 5513  2 52640 18337 2.4 21 9 1 2 45% 1620294 3647 77%
c e 16.45  0 34 9 5513  2 52640 18329 2.4 21 9 1 2 45% 1620291 3646 77%
c - 17.03  0 33 10 5514  2 54921 13074 2.4 21 9 1 2 45% 1620291 3646 77%
c 2 17.03  0 33 10 5514  2 54921 13073 2.4 21 9 1 2 45% 1620053 3646 77%
c d 17.06  0 33 10 5514  2 54921 13067 2.4 21 9 1 2 45% 1620045 3644 77%
c p 17.08  0 33 10 5514  2 54921 13316 2.4 21 9 1 2 45% 1620045 3644 77%
c = 17.88  0 33 10 5514  2 54921 13315 2.4 21 9 1 2 45% 1622575 3641 77%
c t 17.91  0 33 10 5514  2 54921 13313 2.4 21 9 1 2 45% 1619843 3641 77%
c B 17.93  0 33 10 5514  2 55015 13389 2.4 21 9 1 2 45% 1619843 3641 77%
c W 19.97  0 30 10 5517  2 66016 22921 2.3 21 9 1 2 47% 1619842 3641 77%
c - 20.31  0 29 11 5518  2 67866 14508 2.3 21 9 1 2 47% 1619842 3641 77%
c 2 20.31  0 29 11 5518  2 67866 14508 2.3 21 9 1 2 47% 1619841 3641 77%
c p 20.35  0 29 11 5518  2 67866 14562 2.3 21 9 1 2 47% 1619841 3641 77%
c = 20.56  0 29 11 5518  2 67866 14553 2.3 21 9 1 2 47% 1619829 3636 77%
c t 20.57  0 29 11 5518  2 67866 14552 2.3 21 9 1 2 47% 1619829 3636 77%
c ] 20.70  0 29 11 5519  2 68729 15280 2.3 21 10 1 2 47% 1619829 3636 77%
c { 20.70  0 35 11 5519  7 68729 15280 2.3 11 5 1 2 36% 1619829 3636 77%
c i 21.87  0 33 11 6219  7 73567 19504 2.3 11 5 1 2 37% 1619827 3635 76%
c i 22.25  0 33 11 6487  7 75182 20957 2.3 11 5 1 2 37% 1619826 3633 76%
c 
c  seconds  reductions   conflicts        size  tier2        variables
c         MB     restarts      redundant     glue  trail          remaining
c          level       rate         size/glue tier1   irredundant
c 
c i 22.52  0 32 11 6662  7 76415 21978 2.4 12 5 1 2 37% 1619825 3632 76%
c i 22.52  0 32 11 6662  7 76416 21978 2.4 12 5 1 2 37% 1619825 3631 76%
c F 22.95  0 32 11 6986  7 78018 23449 2.4 12 5 1 2 37% 1619825 3631 76%
c i 23.49  0 31 11 7336  6 80179 25389 2.4 12 5 1 2 37% 1619825 3630 76%
c - 24.06  0 30 12 7645  6 82255 16679 2.5 13 5 1 2 37% 1513296 3630 76%
c 2 24.06  0 30 12 7645  6 82255 16678 2.5 13 5 1 2 37% 1513296 3629 76%
c d 24.09  0 30 12 7645  6 82255 16654 2.5 13 5 1 2 37% 1513257 3620 76%
c p 24.11  0 30 12 7645  6 82255 16983 2.5 13 5 1 2 37% 1513257 3620 76%
c = 24.66  0 30 12 7645  6 82255 16979 2.5 13 5 1 2 37% 1515428 3617 76%
c u 24.84  0 30 12 7645  6 82255 16759 2.5 13 5 1 2 37% 1515428 3617 76%
c v 24.91  0 30 12 7645  6 82255 16674 2.5 13 5 1 2 37% 1515428 3617 76%
c x 25.03  0 30 12 7645  6 82255 16674 2.5 13 5 1 2 37% 1515243 3617 76%
c t 25.04  0 30 12 7645  6 82255 16661 2.5 13 5 1 2 37% 1513066 3617 76%
c } 26.63  0 29 12 8674  6 89322 23045 2.5 13 5 1 2 37% 1513065 3617 76%
c [ 26.63  0 29 12 8674  2 89322 23045 2.3 21 10 1 2 47% 1513065 3617 76%
c I 26.82  0 29 12 8675  2 91022 24641 2.3 22 9 1 2 46% 1513065 3617 76%
c - 28.15  0 29 13 8678  2 97887 19243 2.3 23 10 1 2 43% 1513065 3617 76%
c p 28.17  0 29 13 8678  2 97887 19920 2.3 23 10 1 2 43% 1513065 3617 76%
c = 28.45  0 29 13 8678  2 97887 19920 2.3 23 10 1 2 43% 1513060 3616 76%
c B 29.47  0 28 13 8683  2 105025 25928 2.3 24 10 1 2 41% 1513060 3616 76%
c 
c  seconds  reductions   conflicts         size   tier2        variables
c         MB     restarts       redundant     glue   trail          remaining
c          level       rate          size/glue  tier1   irredundant
c 
c s 29.62  0 28 13 8683  2 105415 26292 2.3 24 10 1 2 41% 1477546 3616 76%
c t 29.64  0 28 13 8683  2 105415 26292 2.3 24 10 1 2 41% 1476211 3616 76%
c e 29.68  0 28 13 8683  2 105415 26055 2.3 24 10 1 2 41% 1476188 3612 76%
c s 29.76  0 28 13 8683  2 105415 26055 2.3 24 10 1 2 41% 1445066 3612 76%
c ] 31.13  0 27 13 8684  2 113956 33010 2.2 23 10 1 2 41% 1445066 3612 76%
c { 31.13  0 29 13 8684  6 113956 33010 2.5 13 5 1 2 37% 1445066 3612 76%
c - 31.47  0 29 14 8858  6 114936 20021 2.5 14 5 1 2 37% 1445066 3612 76%
c 2 31.47  0 29 14 8858  6 114936 20021 2.5 14 5 1 2 37% 1444512 3612 76%
c p 31.49  0 29 14 8858  6 114936 20942 2.5 14 5 1 2 37% 1444512 3612 76%
c = 31.72  0 29 14 8858  6 114936 20942 2.5 14 5 1 2 37% 1444507 3611 76%
c u 31.86  0 29 14 8858  6 114936 20743 2.5 14 5 1 2 37% 1444507 3611 76%
c v 31.92  0 29 14 8858  6 114936 20656 2.5 14 5 1 2 37% 1444507 3609 76%
c x 32.00  0 29 14 8858  6 114936 20656 2.5 14 5 1 2 37% 1444268 3609 76%
c t 32.01  0 29 14 8858  6 114936 20652 2.5 14 5 1 2 37% 1443914 3609 76%
c i 32.24  0 29 14 9049  6 115809 21459 2.5 14 5 1 2 37% 1443914 3608 76%
c B 33.16  0 28 14 9679  6 120043 25233 2.5 14 6 1 2 37% 1443914 3608 76%
c i 33.55  0 28 14 9977  6 121915 26926 2.5 14 6 1 2 37% 1443914 3606 76%
c i 34.03  0 27 14 10295  6 123905 28611 2.5 14 6 1 2 37% 1443914 3605 76%
c - 36.28  0 26 15 11693  6 133242 22882 2.6 15 6 1 2 37% 1349916 3605 76%
c 2 36.29  0 26 15 11693  6 133242 22873 2.6 15 6 1 2 37% 1349915 3605 76%
c 
c  seconds  reductions    conflicts         size  tier2        variables
c         MB      restarts       redundant     glue  trail          remaining
c          level        rate          size/glue tier1   irredundant
c 
c d 36.31  0 26 15 11693  6 133242 22855 2.6 15 6 1 2 37% 1349906 3601 76%
c p 36.36  0 26 15 11693  6 133242 24428 2.6 15 6 1 2 37% 1349906 3601 76%
c = 36.90  0 26 15 11693  6 133242 24404 2.6 15 6 1 2 37% 1351235 3599 76%
c t 36.91  0 26 15 11693  6 133242 24386 2.6 15 6 1 2 37% 1349912 3599 76%
c W 38.24  0 26 15 11993  5 136047 26861 2.6 15 6 1 2 37% 1349912 3599 76%
c } 39.71  0 25 15 12974  5 143250 33199 2.7 16 6 1 2 37% 1349911 3599 76%
c [ 39.71  0 27 15 12974  2 143250 33199 2.2 23 10 1 2 41% 1349911 3599 76%
c - 40.86  0 26 16 12975  2 152682 25896 2.2 23 10 1 2 39% 1349911 3599 76%
c d 40.88  0 26 16 12975  2 152682 25886 2.2 23 10 1 2 39% 1349907 3598 76%
c p 40.90  0 26 16 12975  2 152682 27425 2.2 23 10 1 2 39% 1349907 3598 76%
c u 41.24  0 26 16 12975  2 152682 26951 2.2 23 10 1 2 39% 1349907 3598 76%
c v 41.30  0 26 16 12975  2 152682 26892 2.2 23 10 1 2 39% 1349907 3598 76%
c w 41.31  0 26 16 12975  2 152682 26892 2.2 23 10 1 2 39% 1349907 3598 76%
c x 41.41  0 26 16 12975  2 152682 26891 2.2 23 10 1 2 39% 1349498 3598 76%
c t 41.41  0 26 16 12975  2 152682 26887 2.2 23 10 1 2 39% 1349489 3598 76%
c W 41.61  0 26 16 12975  2 153050 27210 2.2 23 10 1 2 39% 1349489 3598 76%
c O 43.50  0 27 16 12981  2 171051 43073 2.1 24 12 1 2 35% 1349489 3598 76%
c - 43.87  0 27 17 12982  2 173491 25977 2.1 24 12 1 2 35% 1349489 3598 76%
c p 43.89  0 27 17 12982  2 173491 26101 2.1 24 12 1 2 35% 1349489 3598 76%
c t 43.90  0 27 17 12982  2 173491 26101 2.1 24 12 1 2 35% 1349488 3598 76%
c 
c  seconds  reductions    conflicts         size   tier2        variables
c         MB      restarts       redundant     glue   trail          remaining
c          level        rate          size/glue  tier1   irredundant
c 
c s 44.13  0 27 17 12982  2 174568 26953 2.0 24 12 1 2 35% 1313722 3598 76%
c t 44.15  0 27 17 12982  2 174568 26953 2.0 24 12 1 2 35% 1313119 3598 76%
c e 44.18  0 27 17 12982  2 174568 26670 2.0 24 12 1 2 35% 1313090 3584 75%
c s 44.29  0 27 17 12982  2 174568 26664 2.0 24 12 1 2 35% 1275835 3584 75%
c e 44.32  0 27 17 12982  2 174568 26661 2.0 24 12 1 2 35% 1275834 3583 75%
c B 46.18  0 25 17 12990  2 190052 39601 2.1 23 11 1 2 32% 1275834 3583 75%
c ] 46.55  0 25 17 12990  2 194030 43163 2.1 23 11 1 2 32% 1275834 3583 75%
c { 46.55  0 25 17 12990  5 194030 43163 2.7 16 6 1 2 37% 1275834 3583 75%
c i 46.72  0 25 17 13056  5 194941 43887 2.7 16 6 1 2 37% 1275834 3582 75%
c - 47.00  0 25 18 13203  5 195672 25796 2.7 16 6 1 2 37% 1275825 3582 75%
c 2 47.00  0 25 18 13203  5 195672 25796 2.7 16 6 1 2 37% 1275613 3582 75%
c p 47.02  0 25 18 13203  5 195672 26035 2.7 16 6 1 2 37% 1275613 3582 75%
c = 47.23  0 25 18 13203  5 195672 26034 2.7 16 6 1 2 37% 1275608 3581 75%
c u 47.36  0 25 18 13203  5 195672 25925 2.7 16 6 1 2 37% 1275608 3581 75%
c v 47.36  0 25 18 13203  5 195672 25925 2.7 16 6 1 2 37% 1275608 3581 75%
c w 47.36  0 25 18 13203  5 195672 25925 2.7 16 6 1 2 37% 1275608 3581 75%
c x 47.48  0 25 18 13203  5 195672 25925 2.7 16 6 1 2 37% 1275159 3581 75%
c t 47.48  0 25 18 13203  5 195672 25923 2.7 16 6 1 2 37% 1274923 3581 75%
c i 50.07  0 23 18 14706  5 208673 37017 2.7 17 6 1 2 37% 1274923 3580 75%
c # 50.31  0 23 18 14831  5 210053 38174 2.7 17 6 1 2 37% 1274923 3580 75%
c 
c  seconds  reductions    conflicts         size  tier2        variables
c         MB      restarts       redundant     glue  trail          remaining
c          level        rate          size/glue tier1   irredundant
c 
c i 52.15  0 23 18 16040  5 218619 45380 2.6 17 6 1 2 36% 1274923 3579 75%
c - 52.31  0 23 19 16091  5 218957 29372 2.6 17 6 1 2 36% 1274903 3579 75%
c 2 52.31  0 23 19 16091  5 218957 29370 2.6 17 6 1 2 36% 1274903 3579 75%
c p 52.36  0 23 19 16091  5 218957 33348 2.6 17 6 1 2 36% 1274903 3579 75%
c = 52.98  0 23 19 16091  5 218957 33348 2.6 17 6 1 2 36% 1276002 3578 75%
c t 52.99  0 23 19 16091  5 218957 33347 2.6 17 6 1 2 36% 1274934 3578 75%
c B 55.18  0 22 19 17218  4 231055 43504 2.7 17 6 1 2 36% 1274934 3578 75%
c } 56.15  0 21 19 17850  4 236336 47921 2.7 17 7 1 2 36% 1274934 3578 75%
c [ 56.15  0 25 19 17850  2 236336 47921 2.1 23 11 1 2 32% 1274934 3578 75%
c - 57.32  0 24 20 17854  2 243586 33951 2.1 23 11 1 2 32% 1274934 3578 75%
c p 57.36  0 24 20 17854  2 243586 37159 2.1 23 11 1 2 32% 1274934 3578 75%
c = 57.62  0 24 20 17854  2 243586 37156 2.1 23 11 1 2 32% 1274930 3577 75%
c u 57.89  0 24 20 17854  2 243586 36536 2.1 23 11 1 2 32% 1274930 3577 75%
c v 58.03  0 24 20 17854  2 243586 36408 2.1 23 11 1 2 32% 1274930 3577 75%
c w 58.04  0 24 20 17854  2 243586 36408 2.1 23 11 1 2 32% 1274930 3577 75%
c t 58.04  0 24 20 17854  2 243586 36404 2.1 23 11 1 2 32% 1274930 3577 75%
c W 59.99  0 25 20 17858  2 253059 44382 2.1 23 11 1 2 32% 1274930 3577 75%
c s 60.83  0 25 20 17863  2 259332 49488 2.1 24 11 1 2 33% 1219735 3577 75%
c t 60.85  0 25 20 17863  2 259332 49488 2.1 24 11 1 2 33% 1218343 3577 75%
c e 60.89  0 25 20 17863  2 259332 48051 2.1 24 11 1 2 33% 1218291 3550 75%
c 
c  seconds  reductions    conflicts         size   tier2        variables
c         MB      restarts       redundant     glue   trail          remaining
c          level        rate          size/glue  tier1   irredundant
c 
c s 61.03  0 25 20 17863  2 259332 48049 2.1 24 11 1 2 33% 1175227 3550 75%
c - 62.43  0 24 21 17865  2 269564 33522 2.1 24 11 1 2 34% 1175227 3550 75%
c 2 62.43  0 24 21 17865  2 269564 33520 2.1 24 11 1 2 34% 1174964 3550 75%
c p 62.46  0 24 21 17865  2 269564 35263 2.1 24 11 1 2 34% 1174964 3550 75%
c k 62.47  0 24 21 17865  2 269564 35263 2.1 24 11 1 2 34% 1174964 3549 75%
c = 62.69  0 24 21 17865  2 269564 35139 2.1 24 11 1 2 34% 1154817 3544 75%
c t 62.70  0 24 21 17865  2 269564 35139 2.1 24 11 1 2 34% 1154499 3544 75%
c I 63.57  0 24 21 17866  2 276062 40372 2.1 23 11 1 2 34% 1154498 3544 75%
c i 64.78  0 23 21 17866  2 287299 49488 2.0 23 11 1 2 35% 1154498 3541 75%
c ] 65.88  0 24 21 17867  2 294714 55795 2.0 23 11 1 2 34% 1154498 3541 75%
c { 65.88  0 21 21 17867  4 294714 55795 2.7 17 7 1 2 36% 1154498 3541 75%
c - 66.25  0 21 22 18043  4 296434 30176 2.7 17 7 1 2 36% 1142126 3541 75%
c 2 66.26  0 21 22 18043  4 296434 30171 2.7 17 7 1 2 36% 1142122 3541 75%
c d 66.28  0 21 22 18043  4 296434 30148 2.7 17 7 1 2 36% 1142116 3538 74%
c p 66.31  0 21 22 18043  4 296434 30415 2.7 17 7 1 2 36% 1142116 3538 74%
c 2 66.32  0 21 22 18043  4 296434 30408 2.7 17 7 1 2 36% 1142116 3538 74%
c u 66.71  0 21 22 18043  4 296434 30200 2.7 17 7 1 2 36% 1142116 3538 74%
c v 66.71  0 21 22 18043  4 296434 30199 2.7 17 7 1 2 36% 1142116 3538 74%
c w 66.71  0 21 22 18043  4 296434 30199 2.7 17 7 1 2 36% 1142116 3538 74%
c x 66.85  0 21 22 18043  4 296434 30199 2.7 17 7 1 2 36% 1141197 3538 74%
c 
c  seconds  reductions    conflicts         size  tier2        variables
c         MB      restarts       redundant     glue  trail          remaining
c          level        rate          size/glue tier1   irredundant
c 
c t 66.85  0 21 22 18043  4 296434 30165 2.7 17 7 1 2 36% 1141194 3538 74%
c W 67.70  0 21 22 18342  4 300065 33185 2.7 17 7 1 2 36% 1141194 3538 74%
c i 71.50  0 20 22 20390  4 324336 52643 2.6 17 7 1 2 35% 1141194 3536 74%
c - 71.59  0 20 23 20391  4 324441 33481 2.6 17 7 1 2 35% 1124314 3536 74%
c 2 71.59  0 20 23 20391  4 324441 33480 2.6 17 7 1 2 35% 1124313 3536 74%
c d 71.61  0 20 23 20391  4 324441 33479 2.6 17 7 1 2 35% 1124308 3534 74%
c p 71.64  0 20 23 20391  4 324441 35467 2.6 17 7 1 2 35% 1124308 3534 74%
c 2 71.65  0 20 23 20391  4 324441 35455 2.6 17 7 1 2 35% 1124308 3534 74%
c t 71.65  0 20 23 20391  4 324441 35420 2.6 17 7 1 2 35% 1124308 3534 74%
c F 71.77  0 20 23 20444  4 325067 35906 2.6 17 7 1 2 35% 1124308 3534 74%
c B 75.87  0 18 23 22360  3 351068 56530 2.5 17 7 1 2 35% 1124308 3534 74%
c i 76.25  0 18 23 22485  3 353232 58142 2.6 17 7 1 2 35% 1124308 3533 74%
c - 76.39  0 18 24 22494  3 353647 37255 2.5 17 7 1 2 35% 1106544 3533 74%
c 2 76.39  0 18 24 22494  3 353647 37254 2.5 17 7 1 2 35% 1106544 3533 74%
c d 76.41  0 18 24 22494  3 353647 37250 2.5 17 7 1 2 35% 1106541 3531 74%
c p 76.43  0 18 24 22494  3 353647 38169 2.5 17 7 1 2 35% 1106541 3531 74%
c = 76.97  0 18 24 22494  3 353647 38167 2.5 17 7 1 2 35% 1107067 3530 74%
c u 77.21  0 18 24 22494  3 353647 37236 2.5 17 7 1 2 35% 1107067 3530 74%
c v 77.33  0 18 24 22494  3 353647 37129 2.5 17 7 1 2 35% 1107067 3530 74%
c t 77.34  0 18 24 22494  3 353647 37120 2.5 17 7 1 2 35% 1106548 3530 74%
c 
c  seconds  reductions    conflicts         size  tier2        variables
c         MB      restarts       redundant     glue  trail          remaining
c          level        rate          size/glue tier1   irredundant
c 
c i 77.73  0 18 24 22652  3 356280 39335 2.6 17 7 1 2 35% 1106548 3529 74%
c s 78.47  0 18 24 22935  3 359783 42121 2.5 17 7 1 2 35% 1067475 3529 74%
c t 78.49  0 18 24 22935  3 359783 42121 2.5 17 7 1 2 35% 1067057 3529 74%
c e 78.52  0 18 24 22935  3 359783 41427 2.5 17 7 1 2 35% 1067000 3514 74%
c s 78.66  0 18 24 22935  3 359783 41246 2.5 17 7 1 2 35% 1043118 3514 74%
c e 78.68  0 18 24 22935  3 359783 39824 2.5 17 7 1 2 35% 1043007 3470 73%
c } 79.39  0 18 24 23270  3 363738 43043 2.5 17 7 1 2 35% 1043007 3470 73%
c [ 79.39  0 24 24 23270  2 363738 43043 2.0 23 11 1 2 34% 1043007 3470 73%
c B 80.78  0 23 24 23270  1 378072 55256 2.0 23 11 1 2 32% 1043007 3470 73%
c - 81.64  0 24 25 23270  1 384035 37553 2.0 23 11 1 2 32% 1043007 3470 73%
c 2 81.65  0 24 25 23270  1 384035 37539 2.0 23 11 1 2 32% 1042528 3470 73%
c p 81.69  0 24 25 23270  1 384035 38419 2.0 23 11 1 2 32% 1042528 3470 73%
c = 81.94  0 24 25 23270  1 384035 38417 2.0 23 11 1 2 32% 1042528 3469 73%
c t 81.95  0 24 25 23270  1 384035 38415 2.0 23 11 1 2 32% 1042178 3469 73%
c W 85.38  0 23 25 23279  1 406073 56846 2.1 24 11 1 2 32% 1042178 3469 73%
c - 86.35  0 23 26 23284  1 415302 38348 2.1 23 11 1 2 31% 1042178 3469 73%
c 2 86.35  0 23 26 23284  1 415302 38331 2.1 23 11 1 2 31% 1042178 3469 73%
c p 86.38  0 23 26 23284  1 415302 39012 2.1 23 11 1 2 31% 1042178 3469 73%
c u 86.75  0 23 26 23284  1 415302 37689 2.1 23 11 1 2 31% 1042178 3469 73%
c v 86.87  0 23 26 23284  1 415302 37546 2.1 23 11 1 2 31% 1042178 3469 73%
c 
c  seconds  reductions    conflicts         size   tier2        variables
c         MB      restarts       redundant     glue   trail          remaining
c          level        rate          size/glue  tier1   irredundant
c 
c w 86.87  0 23 26 23284  1 415302 37546 2.1 23 11 1 2 31% 1042178 3469 73%
c t 86.88  0 23 26 23284  1 415302 37538 2.1 23 11 1 2 31% 1042178 3469 73%
c i 88.27  0 21 26 23290  1 431237 49940 2.1 22 11 1 2 30% 1042178 3468 73%
c O 88.63  0 21 26 23292  1 435074 53362 2.1 22 11 1 2 29% 1042178 3468 73%
c - 89.94  0 21 27 23299  1 447812 35438 2.1 22 11 1 2 28% 1042168 3468 73%
c d 89.96  0 21 27 23299  1 447812 35415 2.1 22 11 1 2 28% 1042168 3467 73%
c p 89.98  0 21 27 23299  1 447812 37193 2.1 22 11 1 2 28% 1042168 3467 73%
c ] 91.29  0 20 27 23300  1 458556 45753 2.1 22 11 1 2 28% 1042168 3467 73%
c { 91.29  0 18 27 23300  3 458556 45753 2.5 17 7 1 2 35% 1042168 3467 73%
c W 92.49  0 18 27 23672  3 465075 50379 2.5 17 7 1 2 35% 1042168 3467 73%
c i 93.66  0 17 27 24177  3 472451 55915 2.5 17 7 1 2 34% 1042168 3465 73%
c t 94.13  0 17 27 24391  3 475028 57931 2.5 17 7 1 2 34% 1042168 3465 73%
c e 94.16  0 17 27 24391  3 475028 57412 2.5 17 7 1 2 34% 1037642 3456 73%
c s 94.16  0 17 27 24391  3 475028 57399 2.5 17 7 1 2 34% 1037631 3456 73%
c - 95.27  0 17 28 24900  3 481570 37879 2.4 17 7 1 2 34% 1037631 3456 73%
c 2 95.27  0 17 28 24900  3 481570 37878 2.4 17 7 1 2 34% 1037631 3456 73%
c d 95.30  0 17 28 24900  3 481570 37687 2.4 17 7 1 2 34% 1037631 3454 73%
c p 95.34  0 17 28 24900  3 481570 38900 2.4 17 7 1 2 34% 1037631 3454 73%
c 2 95.35  0 17 28 24900  3 481570 38892 2.4 17 7 1 2 34% 1037631 3454 73%
c = 95.62  0 17 28 24900  3 481570 38892 2.4 17 7 1 2 34% 1037627 3453 73%
c 
c  seconds  reductions    conflicts         size  tier2        variables
c         MB      restarts       redundant     glue  trail          remaining
c          level        rate          size/glue tier1   irredundant
c 
c u 95.80  0 17 28 24900  3 481570 38659 2.4 17 7 1 2 34% 1037627 3453 73%
c v 95.88  0 17 28 24900  3 481570 38592 2.4 17 7 1 2 34% 1037627 3453 73%
c w 95.88  0 17 28 24900  3 481570 38592 2.4 17 7 1 2 34% 1037627 3453 73%
c t 95.99  0 17 28 24900  3 481570 38580 2.4 17 7 1 2 34% 1036997 3453 73%
c i 96.82  0 17 28 25270  3 487585 43074 2.4 16 7 1 2 33% 1036997 3451 73%
c # 98.15  0 16 28 25943  3 496076 49750 2.4 16 7 1 2 32% 1036997 3451 73%
c i 98.56  0 16 28 26115  3 498856 51877 2.4 16 7 1 2 32% 1036997 3450 73%
c i 98.56  0 16 28 26115  3 498899 51893 2.4 16 7 1 2 32% 1036997 3449 73%
c i 99.90  0 16 28 26730  3 507932 58918 2.4 16 7 1 2 32% 1036997 3447 73%
c - 101.35  0 16 29 27351  3 516545 39829 2.4 16 7 1 2 32% 1016018 3447 73%
c 2 101.35  0 16 29 27351  3 516545 39823 2.4 16 7 1 2 32% 1016015 3447 73%
c d 101.37  0 16 29 27351  3 516545 39644 2.4 16 7 1 2 32% 1015995 3438 72%
c p 101.41  0 16 29 27351  3 516545 41620 2.4 16 7 1 2 32% 1015995 3438 72%
c 2 101.42  0 16 29 27351  3 516545 41614 2.4 16 7 1 2 32% 1015995 3438 72%
c = 101.74  0 16 29 27351  3 516545 41612 2.4 16 7 1 2 32% 1015981 3435 72%
c u 101.89  0 16 29 27351  3 516545 41336 2.4 16 7 1 2 32% 1015981 3435 72%
c v 101.97  0 16 29 27351  3 516545 41263 2.4 16 7 1 2 32% 1015981 3435 72%
c w 101.97  0 16 29 27351  3 516545 41263 2.4 16 7 1 2 32% 1015981 3435 72%
c t 101.97  0 16 29 27351  3 516545 41245 2.4 16 7 1 2 32% 1015979 3435 72%
c i 103.45  0 16 29 27795  3 526767 49266 2.4 16 7 1 2 31% 1015979 3433 72%
c 
c  seconds   reductions    conflicts         size  tier2        variables
c          MB      restarts       redundant     glue  trail          remaining
c           level        rate          size/glue tier1   irredundant
c 
c B 103.62  0 16 29 27905  3 528079 50237 2.3 16 7 1 2 31% 1015979 3433 72%
c i 104.99  0 15 29 28500  3 538102 57626 2.3 16 7 1 2 30% 1015979 3432 72%
c i 105.29  0 15 29 28631  3 539814 58888 2.3 16 7 1 2 30% 1015979 3431 72%
c i 106.90  0 15 29 29485  3 550291 66908 2.3 16 7 1 2 30% 1015979 3428 72%
c - 107.31  0 15 30 29691  3 552604 42521 2.3 16 7 1 2 30% 965713 3428 72%
c 2 107.31  0 15 30 29691  3 552604 42513 2.3 16 7 1 2 30% 965712 3428 72%
c d 107.33  0 15 30 29691  3 552604 42253 2.3 16 7 1 2 30% 965696 3417 72%
c p 107.38  0 15 30 29691  3 552604 43393 2.3 16 7 1 2 30% 965696 3416 72%
c c 107.59  0 15 30 29691  3 552604 43369 2.3 16 7 1 2 30% 965716 3416 72%
c d 107.61  0 15 30 29691  3 552604 43347 2.3 16 7 1 2 30% 965706 3412 72%
c 2 107.61  0 15 30 29691  3 552604 43338 2.3 16 7 1 2 30% 965702 3412 72%
c = 107.89  0 15 30 29691  3 552604 43332 2.3 16 7 1 2 30% 965699 3406 72%
c u 108.04  0 15 30 29691  3 552604 43074 2.3 16 7 1 2 30% 965699 3406 72%
c v 108.11  0 15 30 29691  3 552604 42991 2.3 16 7 1 2 30% 965699 3406 72%
c w 108.11  0 15 30 29691  3 552604 42991 2.3 16 7 1 2 30% 965699 3406 72%
c t 108.12  0 15 30 29691  3 552604 42928 2.3 16 7 1 2 30% 965691 3406 72%
c } 108.21  0 15 30 29731  3 553333 43444 2.3 16 7 1 2 30% 965691 3406 72%
c [ 108.21  0 20 30 29731  1 553333 43444 2.1 22 11 1 2 28% 965691 3406 72%
c i 108.58  0 20 30 29732  1 558149 47190 2.0 22 11 1 2 27% 965691 3404 72%
c B 108.80  0 20 30 29732  1 561080 49871 2.0 21 11 1 2 27% 965691 3404 72%
c 
c  seconds   reductions    conflicts         size   tier2       variables
c          MB      restarts       redundant     glue   trail         remaining
c           level        rate          size/glue  tier1  irredundant
c 
c - 111.77  0 21 31 29744  1 589490 43163 2.0 22 11 1 2 25% 961279 3404 72%
c 2 111.77  0 21 31 29744  1 589490 43154 2.0 22 11 1 2 25% 961278 3404 72%
c d 111.79  0 21 31 29744  1 589490 43153 2.0 22 11 1 2 25% 961274 3402 72%
c p 111.81  0 21 31 29744  1 589490 44811 2.0 22 11 1 2 25% 961274 3401 72%
c 2 111.82  0 21 31 29744  1 589490 44804 2.0 22 11 1 2 25% 961274 3401 72%
c = 112.02  0 21 31 29744  1 589490 44507 2.0 22 11 1 2 25% 961258 3397 71%
c t 112.03  0 21 31 29744  1 589490 44505 2.0 22 11 1 2 25% 961258 3397 71%
c W 113.17  0 21 31 29746  1 595081 48927 2.0 22 11 1 2 24% 961258 3397 71%
c t 114.34  0 20 31 29749  1 606708 58719 2.0 21 11 1 2 24% 961258 3397 71%
c e 114.37  0 20 31 29749  1 606708 56446 2.0 21 11 1 2 24% 961130 3363 71%
c ^ 114.38  0 20 31 29749  1 606708 56446 2.0 21 11 1 2 24% 961130 3363 71%
c - 116.63  0 20 32 29761  1 627550 43628 2.0 21 11 1 2 23% 961130 3363 71%
c 2 116.63  0 20 32 29761  1 627550 43608 2.0 21 11 1 2 23% 961129 3363 71%
c p 116.66  0 20 32 29761  1 627550 43902 2.0 21 11 1 2 23% 961129 3363 71%
c = 116.88  0 20 32 29761  1 627550 43902 2.0 21 11 1 2 23% 961125 3362 71%
c u 117.09  0 20 32 29761  1 627550 43565 2.0 21 11 1 2 23% 961125 3362 71%
c v 117.20  0 20 32 29761  1 627550 43463 2.0 21 11 1 2 23% 961125 3362 71%
c w 117.20  0 20 32 29761  1 627550 43463 2.0 21 11 1 2 23% 961125 3362 71%
c t 117.20  0 20 32 29761  1 627550 43452 2.0 21 11 1 2 23% 961125 3362 71%
c i 117.41  0 20 32 29761  1 629604 45167 2.0 21 11 1 2 23% 961125 3361 71%
c 
c  seconds   reductions    conflicts         size   tier2       variables
c          MB      restarts       redundant     glue   trail         remaining
c           level        rate          size/glue  tier1  irredundant
c 
c I 117.47  0 20 32 29762  1 630082 45584 2.0 21 11 1 2 23% 961125 3361 71%
c i 119.70  0 19 32 29763  1 651861 63966 2.0 22 11 1 2 22% 961125 3359 71%
c i 120.00  0 19 32 29764  1 654935 66478 2.0 22 11 1 2 22% 961125 3340 70%
c i 120.13  0 19 32 29764  1 655567 49402 2.0 22 11 1 2 14% 857403 3339 70%
c i 120.14  0 19 32 29764  1 655655 49432 2.0 22 11 1 2 13% 857403 3338 70%
c i 120.14  0 19 32 29764  1 655674 49440 2.0 22 11 1 2 13% 857403 3318 70%
c i 120.15  0 19 32 29764  1 655757 49483 2.0 22 11 1 2 13% 857403 3278 69%
c i 120.15  0 19 32 29764  1 655781 49488 2.0 22 11 1 2 13% 857403 3274 69%
c i 120.15  0 19 32 29764  1 655785 49490 2.0 22 11 1 2 13% 857403 3271 69%
c ] 120.15  0 19 32 29764  1 655794 49493 2.0 22 11 1 2 13% 857403 2795 59%
c 0 120.15  0 19 32 29764  1 655794 49493 2.0 22 11 1 2 13% 857403 2795 59%
c 
c --- [ closing proof ] ------------------------------------------------------
c 
c LRAT proof file 'results/margin0/z13_E2.lrat' closed
c LRAT 809507 added clauses 31.18%
c LRAT 1786717 deleted clauses 68.82%
c LRAT 448861398 bytes (428.07 MB)
c 
c --- [ result ] -------------------------------------------------------------
c 
s UNSATISFIABLE
c 
c --- [ run-time profiling ] -------------------------------------------------
c 
c process time taken by individual solving procedures
c (percentage relative to process time for solving)
c 
c       102.12   85.14% search
c        52.87   44.08% unstable
c        44.79   37.34% stable
c        17.82   14.86% simplify
c         5.30    4.42% sweep
c         4.49    3.75% congruence
c         4.43    3.69% walk
c         4.25    3.55% vivify
c         1.19    0.99% subsume
c         0.51    0.42% elim
c         0.50    0.42% probe
c         0.21    0.18% parse
c         0.11    0.10% ternary
c         0.03    0.03% lucky
c         0.01    0.01% backbone
c   =================================
c       119.94   99.82% solve
c 
c last line shows process time for solving
c (percentage relative to total process time)
c 
c --- [ statistics ] ---------------------------------------------------------
c 
c chronological:            218338        33.29 %  of conflicts
c conflicts:                655794      5467.74    per second
c backbone:                 362322      7624.62 %  of vars
c decisions:               1511298     12600.58    per second
c eliminated:                  537        11.30 %  of all variables
c fixed:                       842        17.72 %  of all variables
c learned:                  632294        96.42 %  per conflict
c learned_lits:           24002250       100.00 %  learned literals
c minimized:                     0         0.00 %  learned literals
c shrunken:                7645971        31.86 %  learned literals
c minishrunken:            3939340        16.41 %  learned literals
c otfs:                       4747         0.72 %  of conflict
c propagations:          186471241         1.55 M  per second
c reduced:                  423496        64.58 %  per conflict
c rephased:                     35     18736.97    interval
c restarts:                  29764        22.03    interval
c stabilizing:                  10        56.28 %  of conflicts
c substituted:                 578        12.16 %  of all variables
c sweep equivs:                 64         0.59 %  of swept variables
c subsumed:                 525409        20.24 %  of all clauses
c strengthened:              18738         0.72 %  of all clauses
c ticks:               10497931372        58.77    propagation
c vivified:                   5483         0.21 %  of all clauses
c walked:                       10     65579.40    interval
c weakened:                   2968         2.35    average size
c congruence:                   13     50445.69    interval
c 
c seconds are measured in process time for solving
c 
c --- [ glue usage ] ---------------------------------------------------------
c 
c focused glue 1 used 2665515 clauses 78.46% accumulated 78.46% tier1
c focused glue 2 used 402923 clauses 11.86% accumulated 90.32% tier2
c 
c stable glue 1 used 3428862 clauses 67.24% accumulated 67.24% tier1
c stable glue 2 used 556923 clauses 10.92% accumulated 78.16% tier2
c 
c 
c --- [ resources ] ----------------------------------------------------------
c 
c total process time since initialization:       120.15    seconds
c total real time since initialization:          120.90    seconds
c maximum resident set size of process:         1062.38    MB
c 
c --- [ shutting down ] ------------------------------------------------------
c 
c exit 20
