c --- [ banner ] -------------------------------------------------------------
c 
c CaDiCaL SAT Solver
c Copyright (c) 2016-2026
c A. Biere, M. Fleury, N. Froleyks, K. Fazekas, F. Pollitt, T. Faller
c JKU Linz, University of Freiburg, TU Wien
c 
c Version 3.0.1 c60730422e758ef1cebe7aeddf2dda31c996bf04
c Apple clang version 17.0.0 (clang-1700.6.3.2) -Wall -Wextra -O3 -DNDEBUG -DNCLOSEFROM
c Wed Aug 12 12:29:40 CEST 2026 Darwin 192.168.1.2 24.6.0 arm64
c 
c --- [ proof tracing ] ------------------------------------------------------
c 
c opening file to write 'results/margin0/z11_E1b.lrat'
c writing non-binary proof trace to 'results/margin0/z11_E1b.lrat'
c 
c --- [ parsing input ] ------------------------------------------------------
c 
c reading DIMACS file from 'results/margin0/z11_E1b.cnf'
c opening file to read 'results/margin0/z11_E1b.cnf'
c found 'p cnf 1382 123568' header
c parsed 123568 clauses in 0.02 seconds process time
c 
c --- [ options ] ------------------------------------------------------------
c 
c   --binary=false                 (different from default 'true')
c   --lrat=true                    (different from default 'false')
c 
c --- [ solving ] ------------------------------------------------------------
c 
c time measured in process time since initialization
c 
c  seconds  reduction conflicts       size tier2       variables
c         MB    restarts   redundant    glue  trail         remaining
c          level     rate       size/glu tier1  irredundant
c 
c *  0.02  0  0 0   0  0    0    0 0.0 0 0 2 6  0% 123564 1378 100%
c )  0.02  0  0 0   0  0    0    0 0.0 1 0 2 6  6% 123564 1372 99%
c {  0.02  0  0 0   0  0    0    0 0.0 1 0 2 6  6% 123564 1372 99%
c i  0.02  0  0 0   0  0    0    0 0.0 1 0 2 6  6% 123564 1372 99%
c i  0.02  0  0 0   0  3    1    0 0.0 1 0 2 6  5% 123564 1370 99%
c i  0.02  0  0 0   0  5    2    0 0.0 1 0 2 6  5% 123564 1368 99%
c i  0.02  0  0 0   0  6    3    0 0.0 1 0 2 6  5% 123564 1367 99%
c i  0.02  0 104 0   7  5  125  110 1.6 3 2 2 6 21% 123564 1366 99%
c i  0.02  0 106 0   7  5  129  113 1.6 3 2 2 6 22% 123564 1365 99%
c i  0.02  0 134 0   7  5  179  158 1.6 3 2 2 6 28% 123564 1361 98%
c i  0.02  0 106 0  22  5  256  222 1.8 4 2 2 6 32% 123564 1355 98%
c i  0.02  0 97 0  31  6  288  250 1.8 4 2 2 6 32% 123564 1353 98%
c -  0.02  0 94 1  35  6  300  257 1.8 4 2 2 6 33% 122441 1353 98%
c i  0.03  0 85 1  47  6  345  297 1.8 4 2 2 6 34% 122441 1351 98%
c i  0.03  0 84 1  48  6  350  300 1.8 4 2 2 6 34% 122441 1350 98%
c i  0.03  0 84 1  48  6  352  300 1.8 4 2 2 6 34% 122441 1349 98%
c i  0.03  0 74 1  54  6  419  357 1.9 4 2 2 6 33% 122441 1348 98%
c i  0.03  0 63 1  82  6  533  460 2.0 5 2 2 6 35% 122441 1346 97%
c i  0.03  0 63 1  82  6  534  460 2.0 5 2 2 6 35% 122441 1343 97%
c i  0.03  0 58 1  98  6  592  510 2.0 5 2 2 6 36% 122441 1341 97%
c 
c  seconds  reduction conflicts       size tier2       variables
c         MB    restarts   redundant    glue  trail         remaining
c          level     rate       size/glu tier1  irredundant
c 
c i  0.03  0 56 1 109  6  638  547 2.1 5 3 2 6 36% 122441 1340 97%
c i  0.04  0 52 1 129  6  721  619 2.1 5 3 2 6 37% 122441 1338 97%
c -  0.04  0 51 2 138  6  780  649 2.1 5 3 2 6 38% 122336 1338 97%
c i  0.05  0 45 2 181  6  947  796 2.1 6 3 2 6 38% 122336 1337 97%
c i  0.05  0 44 2 191  6  986  829 2.1 6 3 2 6 38% 122336 1336 97%
c }  0.05  0 44 2 195  6 1001  843 2.1 6 3 2 6 38% 122336 1336 97%
c [  0.05  0  0 2 195  0 1001  843 0.0 0 0 2 6  0% 122336 1336 97%
c O  0.05  0  4 2 195  5 1002  844 11.0 33 3 2 6 100% 122336 1336 97%
c -  0.07  0 21 3 195  2 1539 1182 2.3 12 5 2 6 51% 122320 1336 97%
c i  0.07  0 20 3 195  1 1795 1390 2.3 13 6 2 6 48% 122320 1332 96%
c ]  0.08  0 17 3 196  1 2108 1640 2.2 12 6 2 6 48% 122320 1332 96%
c {  0.08  0 44 3 196  6 2108 1640 2.1 6 3 2 6 38% 122320 1332 96%
c i  0.08  0 44 3 199  6 2116 1647 2.1 6 3 2 6 38% 122320 1331 96%
c i  0.08  0 41 3 231  6 2251 1769 2.1 6 3 2 6 38% 122320 1330 96%
c i  0.09  0 40 3 250  6 2315 1829 2.1 6 3 2 6 38% 122320 1329 96%
c 2  0.09  0 35 3 288  6 2592 2060 2.2 7 3 2 6 41% 122320 1329 96%
c d  0.09  0 35 3 288  6 2592 2047 2.2 7 3 2 6 41% 112963 1308 95%
c d  0.10  0 35 3 288  6 2592 2042 2.2 7 3 2 6 41% 112927 1297 94%
c p  0.10  0 35 3 288  6 2592 2223 2.2 7 3 2 6 41% 112927 1297 94%
c c  0.12  0 35 3 288  6 2592 2222 2.2 7 3 2 6 41% 113550 1290 93%
c 
c  seconds  reduction conflicts       size tier2       variables
c         MB    restarts   redundant    glue  trail         remaining
c          level     rate       size/glu tier1  irredundant
c 
c d  0.12  0 35 3 288  6 2592 2215 2.2 7 3 2 6 41% 113368 1215 88%
c k  0.12  0 35 3 288  6 2592 2215 2.2 7 3 2 6 41% 113368 1213 88%
c 2  0.12  0 35 3 288  6 2592 2187 2.2 7 3 2 6 41% 113296 1213 88%
c =  0.13  0 35 3 288  6 2592 2185 2.2 7 3 2 6 41% 113250 1202 87%
c t  0.13  0 35 3 288  6 2592 2178 2.2 7 3 2 6 41% 113116 1202 87%
c -  0.14  0 35 4 291  6 2604 1713 2.2 7 3 2 6 51% 113116 1202 87%
c O  0.15  0 31 4 385  6 3007 2062 2.2 7 3 2 6 44% 113116 1202 87%
c i  0.15  0 30 4 400  5 3106 2153 2.2 7 3 2 6 43% 113116 1201 87%
c -  0.18  0 26 5 578  5 3949 2619 2.3 9 4 2 6 43% 113108 1201 87%
c i  0.21  0 24 5 742  5 4792 3363 2.3 10 4 2 6 43% 113108 1198 87%
c 2  0.22  0 23 5 774  5 5093 3622 2.3 10 4 1 2 43% 113108 1198 87%
c d  0.22  0 23 5 774  5 5093 3619 2.3 10 4 1 2 43% 113090 1197 87%
c d  0.22  0 23 5 774  5 5093 3616 2.3 10 4 1 2 43% 113084 1194 86%
c c  0.24  0 23 5 774  5 5093 3614 2.3 10 4 1 2 43% 113403 1193 86%
c d  0.24  0 23 5 774  5 5093 3613 2.3 10 4 1 2 43% 113380 1185 86%
c k  0.24  0 23 5 774  5 5093 3613 2.3 10 4 1 2 43% 113380 1182 86%
c 2  0.24  0 23 5 774  5 5093 3611 2.3 10 4 1 2 43% 113375 1182 86%
c t  0.25  0 23 5 774  5 5093 3604 2.3 10 4 1 2 43% 112727 1182 86%
c }  0.26  0 22 5 805  5 5269 3761 2.3 10 4 1 2 43% 112727 1182 86%
c [  0.26  0 17 5 805  1 5269 3761 2.2 12 6 2 6 56% 112727 1182 86%
c 
c  seconds  reduction conflicts       size  tier2       variables
c         MB    restarts   redundant     glue  trail         remaining
c          level     rate       size/glue tier1  irredundant
c 
c -  0.27  0 16 6 805  1 5605 2338 2.3 13 6 1 2 52% 112727 1182 86%
c I  0.28  0 15 6 805  1 6008 2670 2.3 13 6 1 2 49% 112727 1182 86%
c -  0.33  0 14 7 806  1 7573 2528 2.3 14 6 1 2 42% 112727 1182 86%
c 2  0.33  0 14 7 806  1 7697 2637 2.3 14 6 1 2 42% 112726 1182 86%
c t  0.36  0 14 7 806  1 7697 2635 2.3 14 6 1 2 42% 112729 1182 86%
c i  0.37  0 14 7 806  1 8229 3069 2.3 14 6 1 2 43% 112729 1180 85%
c i  0.39  0 14 7 807  1 8810 3508 2.3 14 6 1 2 42% 112729 1179 85%
c ]  0.40  0 14 7 807  1 9195 3838 2.2 15 7 1 2 42% 112729 1179 85%
c {  0.40  0 22 7 807  5 9195 3838 2.3 10 4 1 2 43% 112729 1179 85%
c -  0.42  0 21 8 937  5 9861 2585 2.2 10 4 1 2 42% 110166 1179 85%
c #  0.43  0 21 8 972  5 10012 2722 2.2 10 4 1 2 42% 110166 1179 85%
c i  0.43  0 21 8 998  5 10115 2810 2.2 10 5 1 2 42% 110166 1177 85%
c 2  0.44  0 20 8 1009  4 10394 3064 2.3 10 5 1 2 42% 110057 1177 85%
c d  0.44  0 20 8 1009  4 10394 3057 2.3 10 5 1 2 42% 110035 1173 85%
c k  0.44  0 20 8 1009  4 10394 3056 2.3 10 5 1 2 42% 110033 1170 85%
c 2  0.44  0 20 8 1009  4 10394 3052 2.3 10 5 1 2 42% 110033 1170 85%
c =  0.45  0 20 8 1009  4 10394 3038 2.3 10 5 1 2 42% 103892 1161 84%
c t  0.45  0 20 8 1009  4 10394 3036 2.3 10 5 1 2 42% 103683 1161 84%
c -  0.51  0 18 9 1319  4 12447 3302 2.3 11 5 1 2 41% 103683 1161 84%
c s  0.54  0 18 9 1380  4 12974 3736 2.3 11 5 1 2 41% 90176 1161 84%
c 
c  seconds  reductions  conflicts       size  tier2      variables
c         MB    restarts     redundant     glue  trail        remaining
c          level      rate        size/glue tier1  irredundant
c 
c t  0.54  0 18 9 1380  4 12974 3733 2.3 11 5 1 2 41% 89635 1161 84%
c e  0.54  0 18 9 1380  4 12974 2426 2.3 11 5 1 2 41% 89395 1055 76%
c s  0.55  0 18 9 1380  4 12974 2426 2.3 11 5 1 2 41% 85680 1055 76%
c i  0.56  0 17 9 1382  4 13084 2511 2.3 11 5 1 2 33% 85679 1054 76%
c 2  0.56  0 17 9 1382  4 13178 2582 2.3 11 5 1 2 37% 85636 1054 76%
c d  0.56  0 17 9 1382  4 13178 2572 2.3 11 5 1 2 37% 85624 1053 76%
c =  0.58  0 17 9 1382  4 13178 2569 2.3 11 5 1 2 37% 86012 1050 76%
c u  0.59  0 17 9 1382  4 13178 2479 2.3 11 5 1 2 37% 86012 1047 76%
c v  0.60  0 17 9 1382  4 13178 2473 2.3 11 5 1 2 37% 86012 1047 76%
c w  0.60  0 17 9 1382  4 13178 2472 2.3 11 5 1 2 37% 86012 1047 76%
c x  0.60  0 17 9 1382  4 13178 2471 2.3 11 5 1 2 37% 85425 1045 76%
c t  0.60  0 17 9 1382  4 13178 2471 2.3 11 5 1 2 37% 85227 1045 76%
c i  0.63  0 16 9 1501  4 14464 3495 2.3 11 5 1 2 40% 85227 1044 76%
c i  0.64  0 16 9 1521  4 14725 3702 2.3 11 5 1 2 40% 85227 1042 75%
c i  0.64  0 16 9 1521  4 14832 3777 2.2 11 5 1 2 39% 85227 1041 75%
c B  0.64  0 16 9 1548  4 15016 3934 2.2 11 5 1 2 39% 85227 1041 75%
c -  0.65  0 16 10 1584  4 15279 2616 2.2 11 5 1 2 39% 76115 1041 75%
c 2  0.67  0 16 10 1658  3 16047 3279 2.2 11 5 1 2 38% 76049 1040 75%
c d  0.67  0 16 10 1658  3 16047 3267 2.2 11 5 1 2 38% 76002 1028 74%
c =  0.68  0 16 10 1658  3 16047 3266 2.2 11 5 1 2 38% 76002 1027 74%
c 
c  seconds  reductions   conflicts       size  tier2      variables
c         MB     restarts     redundant     glue  trail        remaining
c          level       rate        size/glue tier1  irredundant
c 
c t  0.68  0 16 10 1658  3 16047 3262 2.2 11 5 1 2 38% 75794 1027 74%
c i  0.69  0 16 10 1690  3 16476 3593 2.2 11 5 1 2 38% 75793 1026 74%
c i  0.71  0 15 10 1717  3 17078 4042 2.2 11 5 1 2 38% 75793 1024 74%
c i  0.71  0 15 10 1724  3 17339 4220 2.2 11 5 1 2 38% 75793 1021 74%
c }  0.72  0 15 10 1769  3 17681 4483 2.2 11 5 1 2 38% 75793 1021 74%
c [  0.72  0 14 10 1769  1 17681 4483 2.2 15 7 1 2 48% 75793 1021 74%
c i  0.72  0 14 10 1769  1 17835 4580 2.2 14 7 1 2 47% 75793 1018 74%
c -  0.74  0 14 11 1770  1 18370 3149 2.2 14 7 1 2 45% 69918 1018 74%
c 2  0.75  0 13 11 1770  1 18988 3645 2.2 14 6 1 2 43% 69914 1018 74%
c d  0.75  0 13 11 1770  1 18988 3638 2.2 14 6 1 2 43% 69892 1008 73%
c 2  0.75  0 13 11 1770  1 18988 3636 2.2 14 6 1 2 43% 69887 1008 73%
c =  0.76  0 13 11 1770  1 18988 3629 2.2 14 6 1 2 43% 69879 1006 73%
c t  0.76  0 13 11 1770  1 18988 3628 2.2 14 6 1 2 43% 69879 1006 73%
c i  0.76  0 13 11 1771  1 19129 3717 2.2 14 6 1 2 43% 69879 972 70%
c i  0.76  0 13 11 1771  1 19261 3800 2.2 14 6 1 2 43% 69879 971 70%
c i  0.76  0 13 11 1771  1 19315 3839 2.2 14 6 1 2 43% 69879 922 67%
c i  0.77  0 13 11 1771  1 19317 2462 2.2 14 6 1 2 15% 37979 918 66%
c ]  0.77  0 13 11 1771  1 19351 2483 2.2 14 6 1 2 28% 37979 740 54%
c 0  0.77  0 13 11 1771  1 19351 2483 2.2 14 6 1 2 28% 37979 740 54%
c 
c --- [ closing proof ] ------------------------------------------------------
c 
c LRAT proof file 'results/margin0/z11_E1b.lrat' closed
c LRAT 38182 added clauses 24.00%
c LRAT 120919 deleted clauses 76.00%
c LRAT 8502552 bytes (8.11 MB)
c 
c --- [ result ] -------------------------------------------------------------
c 
s UNSATISFIABLE
c 
c --- [ run-time profiling ] -------------------------------------------------
c 
c process time taken by individual solving procedures
c (percentage relative to process time for solving)
c 
c         0.57   75.56% search
c         0.38   50.40% unstable
c         0.19   24.88% stable
c         0.18   24.44% simplify
c         0.08   10.72% congruence
c         0.04    5.15% sweep
c         0.02    2.23% parse
c         0.02    2.10% vivify
c         0.01    1.51% subsume
c         0.01    0.85% elim
c         0.00    0.27% lucky
c         0.00    0.21% probe
c         0.00    0.11% ternary
c         0.00    0.10% backbone
c   =================================
c         0.75   97.78% solve
c 
c last line shows process time for solving
c (percentage relative to total process time)
c 
c --- [ statistics ] ---------------------------------------------------------
c 
c chronological:              6706        34.65 %  of conflicts
c conflicts:                 19351     25716.50    per second
c backbone:                  29759      2153.33 %  of vars
c decisions:                 50492     67101.32    per second
c eliminated:                  106         7.67 %  of all variables
c fixed:                       368        26.63 %  of all variables
c learned:                   18409        95.13 %  per conflict
c learned_lits:             368574       100.00 %  learned literals
c minimized:                     0         0.00 %  learned literals
c shrunken:                 106324        28.85 %  learned literals
c minishrunken:              46822        12.70 %  learned literals
c otfs:                        265         1.37 %  of conflict
c propagations:            3108931         4.13 M  per second
c reduced:                    8885        45.91 %  per conflict
c rephased:                      5      3870.20    interval
c restarts:                   1771        10.93    interval
c stabilizing:                   3        34.43 %  of conflicts
c substituted:                 168        12.16 %  of all variables
c sweep equivs:                 21         7.22 %  of swept variables
c subsumed:                  24021        15.88 %  of all clauses
c strengthened:               1481         0.98 %  of all clauses
c ticks:                  65999280        22.71    propagation
c vivified:                    438         0.29 %  of all clauses
c weakened:                    715         2.38    average size
c congruence:                    4      4837.75    interval
c 
c seconds are measured in process time for solving
c 
c --- [ glue usage ] ---------------------------------------------------------
c 
c focused glue 1 used 85678 clauses 78.30% accumulated 78.30% tier1
c focused glue 2 used 13137 clauses 12.00% accumulated 90.31% tier2
c 
c stable glue 1 used 56040 clauses 71.91% accumulated 71.91% tier1
c stable glue 2 used 9156 clauses 11.74% accumulated 83.66% tier2
c 
c 
c --- [ resources ] ----------------------------------------------------------
c 
c total process time since initialization:         0.77    seconds
c total real time since initialization:            0.77    seconds
c maximum resident set size of process:           83.05    MB
c 
c --- [ shutting down ] ------------------------------------------------------
c 
c exit 20
