c --- [ banner ] -------------------------------------------------------------
c 
c CaDiCaL SAT Solver
c Copyright (c) 2016-2026
c A. Biere, M. Fleury, N. Froleyks, K. Fazekas, F. Pollitt, T. Faller
c JKU Linz, University of Freiburg, TU Wien
c 
c Version 3.0.1 c60730422e758ef1cebe7aeddf2dda31c996bf04
c Apple clang version 17.0.0 (clang-1700.6.3.2) -Wall -Wextra -O3 -DNDEBUG -DNCLOSEFROM
c Wed Aug 12 12:29:40 CEST 2026 Darwin 192.168.1.2 24.6.0 arm64
c 
c --- [ proof tracing ] ------------------------------------------------------
c 
c opening file to write 'results/margin0/z13_E1b.lrat'
c writing non-binary proof trace to 'results/margin0/z13_E1b.lrat'
c 
c --- [ parsing input ] ------------------------------------------------------
c 
c reading DIMACS file from 'results/margin0/z13_E1b.cnf'
c opening file to read 'results/margin0/z13_E1b.cnf'
c found 'p cnf 4752 1884943' header
c parsed 1884943 clauses in 0.24 seconds process time
c 
c --- [ options ] ------------------------------------------------------------
c 
c   --binary=false                 (different from default 'true')
c   --lrat=true                    (different from default 'false')
c 
c --- [ solving ] ------------------------------------------------------------
c 
c time measured in process time since initialization
c 
c  seconds  reduction conflicts       size tier2        variables
c         MB    restarts   redundant    glue  trail          remaining
c          level     rate       size/glu tier1   irredundant
c 
c *  0.24  0  0 0   0  0    0    0 0.0 0 0 2 6  0% 1884939 4748 100%
c )  0.28  0  0 0   0  0    0    0 0.0 1 0 2 6  5% 1884939 4742 100%
c {  0.28  0  0 0   0  0    0    0 0.0 1 0 2 6  5% 1884939 4742 100%
c i  0.28  0  0 0   0  0    0    0 0.0 1 0 2 6  5% 1884939 4742 100%
c i  0.28  0  0 0   0  3    1    0 0.0 1 0 2 6  4% 1884939 4740 100%
c i  0.28  0  0 0   0  5    2    0 0.0 1 0 2 6  4% 1884939 4738 100%
c i  0.28  0  0 0   0  7    3    0 0.0 1 0 2 6  3% 1884939 4737 100%
c -  0.32  0 259 1   5  3  301  270 1.6 3 2 2 6 15% 1880845 4737 100%
c i  0.32  0 302 1   5  3  358  322 1.6 3 2 2 6 17% 1880845 4736 100%
c i  0.32  0 340 1   5  4  411  369 1.6 3 2 2 6 19% 1880845 4734 100%
c i  0.32  0 341 1   5  4  415  370 1.6 3 2 2 6 20% 1880845 4728 99%
c i  0.32  0 348 1   5  5  426  379 1.6 3 2 2 6 20% 1880845 4726 99%
c i  0.32  0 381 1   5  5  471  420 1.6 3 2 2 6 22% 1880845 4725 99%
c i  0.33  0 400 1  24  5  644  575 1.7 3 2 2 6 28% 1880845 4722 99%
c i  0.33  0 400 1  24  5  645  575 1.7 3 2 2 6 28% 1880845 4721 99%
c i  0.34  0 397 1  26  5  650  579 1.7 3 2 2 6 28% 1880845 4719 99%
c i  0.34  0 368 1  43  6  710  627 1.7 3 2 2 6 28% 1880845 4718 99%
c i  0.35  0 316 1  75  6  838  735 1.7 4 2 2 6 30% 1880845 4717 99%
c i  0.36  0 295 1  91  7  906  794 1.7 4 2 2 6 30% 1880845 4714 99%
c i  0.40  0 275 1 111  7  977  859 1.7 4 2 2 6 31% 1880845 4709 99%
c 
c  seconds   reduction conflicts       size tier2        variables
c         MB     restarts   redundant    glue  trail          remaining
c           level     rate       size/glu tier1   irredundant
c 
c i  0.40  0 272 1 114  7  989  869 1.7 4 2 2 6 31% 1880845 4708 99%
c }  0.40  0 269 1 118  7 1001  879 1.7 4 2 2 6 31% 1880845 4707 99%
c [  0.40  0  0 1 118  0 1001  879 0.0 0 0 2 6  0% 1880845 4707 99%
c O  0.41  0  5 1 118  6 1002  880 16.8 67 4 2 6 100% 1880845 4707 99%
c -  0.60  0 30 2 118  3 1287 1071 3.4 15 4 2 6 85% 1880653 4707 99%
c i  0.61  0 33 2 118  3 1358 1133 3.2 14 4 2 6 82% 1880653 4705 99%
c ]  0.62  0 33 2 118  3 1358 1133 3.2 14 4 2 6 82% 1880653 4705 99%
c {  0.62  0 269 2 118  7 1358 1133 1.7 4 2 2 6 31% 1880653 4705 99%
c i  0.64  0 251 2 139  7 1441 1208 1.8 4 2 2 6 31% 1880653 4704 99%
c i  0.64  0 250 2 140  7 1443 1209 1.8 4 2 2 6 31% 1880653 4703 99%
c i  0.64  0 249 2 141  7 1447 1210 1.8 4 2 2 6 31% 1880653 4701 99%
c i  0.68  0 232 2 166  7 1542 1292 1.8 5 2 2 6 31% 1880653 4699 99%
c i  0.70  0 222 2 176  7 1608 1346 1.8 5 2 2 6 31% 1880653 4698 99%
c i  0.70  0 221 2 176  7 1617 1352 1.8 5 2 2 6 31% 1880653 4697 99%
c i  0.71  0 212 2 183  7 1681 1404 1.9 5 2 2 6 30% 1880653 4693 99%
c i  0.71  0 212 2 184  7 1684 1406 1.9 5 2 2 6 30% 1880653 4690 99%
c i  0.74  0 199 2 207  7 1790 1503 1.9 5 3 2 6 31% 1880653 4687 99%
c i  0.74  0 197 2 211  7 1808 1519 1.9 5 3 2 6 31% 1880653 4682 99%
c i  0.78  0 179 2 250  8 1989 1676 1.9 5 3 2 6 30% 1880653 4681 99%
c i  0.78  0 179 2 250  8 1990 1676 1.9 5 3 2 6 30% 1880653 4679 98%
c 
c  seconds   reduction conflicts       size tier2        variables
c         MB     restarts   redundant    glue  trail          remaining
c           level     rate       size/glu tier1   irredundant
c 
c i  0.79  0 175 2 253  7 2038 1714 1.9 5 3 2 6 30% 1880653 4676 98%
c i  0.81  0 169 2 271  8 2123 1792 1.9 5 3 2 6 30% 1880653 4675 98%
c i  0.82  0 164 2 288  8 2184 1841 1.9 5 3 2 6 30% 1880653 4674 98%
c i  0.84  0 158 2 307  8 2274 1922 1.9 5 3 2 6 30% 1880653 4673 98%
c i  0.85  0 154 2 324  8 2339 1980 1.9 5 3 2 6 30% 1880653 4671 98%
c i  0.86  0 150 2 333  8 2419 2039 1.9 5 3 2 6 30% 1880653 4670 98%
c i  0.88  0 144 2 349  8 2530 2134 1.9 5 3 2 6 30% 1880653 4667 98%
c i  0.89  0 141 2 358  8 2614 2207 1.9 5 3 2 6 30% 1880653 4665 98%
c i  0.89  0 139 2 360  8 2655 2243 1.9 5 3 2 6 30% 1880653 4664 98%
c i  0.89  0 139 2 360  8 2660 2245 1.9 5 3 2 6 30% 1880653 4662 98%
c i  0.89  0 139 2 360  8 2665 2249 1.9 5 3 2 6 30% 1880653 4661 98%
c i  0.90  0 137 2 368  8 2704 2283 1.9 5 3 2 6 30% 1880653 4658 98%
c }  0.92  0 129 2 399  8 2921 2475 1.9 5 3 2 6 30% 1880653 4658 98%
c [  0.92  0 33 2 399  3 2921 2475 3.2 14 4 2 6 82% 1880653 4658 98%
c I  0.94  0 36 2 399  3 3004 2555 3.1 13 4 2 6 71% 1880653 4658 98%
c -  1.04  0 36 3 399  3 3324 2673 3.1 14 5 2 6 65% 1880324 4658 98%
c i  1.07  0 35 3 400  3 3749 3054 3.3 17 5 2 6 60% 1880324 4657 98%
c 2  1.09  0 37 3 400  3 3937 3194 3.0 17 6 2 6 57% 1880324 4656 98%
c d  1.13  0 37 3 400  3 3937 3187 3.0 17 6 2 6 57% 1791751 4610 97%
c d  1.16  0 37 3 400  3 3937 3185 3.0 17 6 2 6 57% 1791739 4604 97%
c 
c  seconds  reduction conflicts       size  tier2        variables
c         MB    restarts   redundant     glue  trail          remaining
c          level     rate       size/glue tier1   irredundant
c 
c p  1.16  0 37 3 400  3 3937 3812 3.0 17 6 2 6 57% 1791739 4604 97%
c c  1.53  0 37 3 400  3 3937 3811 3.0 17 6 2 6 57% 1795575 4604 97%
c d  1.56  0 37 3 400  3 3937 3803 3.0 17 6 2 6 57% 1794976 4339 91%
c k  1.57  0 37 3 400  3 3937 3803 3.0 17 6 2 6 57% 1794976 4334 91%
c 2  1.57  0 37 3 400  3 3937 3708 3.0 17 6 2 6 57% 1794678 4334 91%
c t  1.58  0 37 3 400  3 3937 3708 3.0 17 6 2 6 57% 1794528 4334 91%
c i  1.61  0 38 3 400  3 4217 3959 2.7 18 7 2 6 54% 1794528 4333 91%
c i  1.62  0 38 3 400  3 4368 4090 2.6 17 7 2 6 52% 1794528 4332 91%
c i  1.64  0 40 3 401  3 4953 4611 2.6 18 7 2 6 51% 1794528 4330 91%
c B  1.72  0 35 3 401  2 6008 5510 2.3 18 8 1 2 47% 1794528 4330 91%
c i  1.79  0 35 3 401  2 6433 5898 2.4 19 8 1 2 47% 1794528 4329 91%
c ]  1.80  0 35 3 401  2 6458 5921 2.4 19 8 1 2 47% 1794528 4329 91%
c {  1.80  0 129 3 401  8 6458 5921 1.9 5 3 2 6 30% 1794528 4329 91%
c i  1.83  0 124 3 434  8 6574 6030 1.9 5 3 2 6 30% 1794528 4326 91%
c -  1.92  0 123 4 443  8 6601 4356 1.9 6 3 2 6 30% 1794435 4326 91%
c 2  1.93  0 123 4 443  8 6601 4351 1.9 6 3 2 6 30% 1794434 4326 91%
c d  1.96  0 123 4 443  8 6601 4350 1.9 6 3 2 6 30% 1794424 4321 91%
c c  2.39  0 123 4 443  8 6601 4350 1.9 6 3 2 6 30% 1796068 4321 91%
c d  2.42  0 123 4 443  8 6601 4345 1.9 6 3 2 6 30% 1795906 4248 89%
c k  2.42  0 123 4 443  8 6601 4345 1.9 6 3 2 6 30% 1795906 4235 89%
c 
c  seconds   reduction conflicts       size tier2        variables
c         MB     restarts   redundant    glue  trail          remaining
c           level     rate       size/glu tier1   irredundant
c 
c 2  2.43  0 123 4 443  8 6601 4338 1.9 6 3 2 6 30% 1795843 4235 89%
c =  2.52  0 123 4 443  8 6601 4322 1.9 6 3 2 6 30% 1795737 4225 89%
c t  2.53  0 123 4 443  8 6601 4320 1.9 6 3 2 6 30% 1795680 4225 89%
c i  2.68  0 117 4 485  8 6796 4491 1.9 6 3 2 6 26% 1795680 4224 89%
c i  2.68  0 116 4 493  8 6837 4519 1.9 6 3 2 6 26% 1795680 4223 89%
c i  2.71  0 112 4 530  8 6976 4644 1.9 6 3 2 6 28% 1795680 4222 89%
c i  2.75  0 106 4 573  8 7228 4873 2.0 6 3 1 2 28% 1795680 4221 89%
c i  2.78  0 104 4 603  8 7332 4965 2.0 6 3 1 2 28% 1795680 4217 89%
c i  2.83  0 99 4 666  8 7582 5187 2.0 6 3 1 2 29% 1795680 4213 89%
c i  2.84  0 98 4 680  8 7639 5234 2.0 6 3 1 2 30% 1795680 4212 89%
c i  2.84  0 98 4 681  8 7640 5234 2.0 6 3 1 2 30% 1795680 4209 89%
c i  3.00  0 88 4 807  8 8375 5834 2.1 7 3 1 2 34% 1795680 4208 89%
c i  3.02  0 88 4 821  8 8430 5881 2.1 7 3 1 2 34% 1795680 4206 89%
c i  3.02  0 88 4 822  8 8434 5883 2.1 7 3 1 2 34% 1795680 4202 88%
c i  3.02  0 88 4 822  8 8439 5885 2.1 7 3 1 2 34% 1795680 4201 88%
c i  3.02  0 87 4 822  8 8454 5897 2.1 7 3 1 2 34% 1795680 4198 88%
c i  3.03  0 87 4 822  8 8487 5922 2.1 7 3 1 2 33% 1795680 4197 88%
c i  3.14  0 78 4 920  8 9276 6619 2.2 7 3 1 2 31% 1795680 4196 88%
c i  3.15  0 78 4 929  8 9308 6642 2.2 7 3 1 2 31% 1795680 4195 88%
c i  3.19  0 77 4 958  8 9459 6774 2.2 8 3 1 2 31% 1795680 4194 88%
c 
c  seconds  reduction conflicts       size tier2        variables
c         MB    restarts   redundant    glue  trail          remaining
c          level     rate       size/glu tier1   irredundant
c 
c i  3.23  0 75 4 994  8 9666 6962 2.2 8 3 1 2 31% 1795680 4193 88%
c O  3.30  0 73 4 1048  8 10009 7274 2.1 8 4 1 2 32% 1795680 4193 88%
c i  3.30  0 73 4 1050  8 10016 7280 2.1 8 4 1 2 32% 1795680 4191 88%
c i  3.31  0 72 4 1069  8 10099 7355 2.1 8 4 1 2 32% 1795680 4189 88%
c }  3.32  0 72 4 1075  8 10121 7376 2.1 8 4 1 2 32% 1795680 4189 88%
c [  3.32  0 35 4 1075  2 10121 7376 2.4 19 8 1 2 53% 1795680 4189 88%
c i  3.33  0 35 4 1075  2 10341 7581 2.4 18 8 1 2 52% 1795680 4187 88%
c -  3.46  0 33 5 1076  2 11182 4829 2.4 18 8 1 2 50% 1795412 4187 88%
c 2  3.47  0 33 5 1076  2 11182 4812 2.4 18 8 1 2 50% 1795411 4187 88%
c d  3.50  0 33 5 1076  2 11182 4810 2.4 18 8 1 2 50% 1795373 4168 88%
c k  3.88  0 33 5 1076  2 11182 4810 2.4 18 8 1 2 50% 1795774 4165 88%
c =  3.97  0 33 5 1076  2 11182 4799 2.4 18 8 1 2 50% 1795715 4152 87%
c t  3.98  0 33 5 1076  2 11182 4799 2.4 18 8 1 2 50% 1795590 4152 87%
c W  4.53  0 27 5 1079  2 15010 8065 2.3 18 8 1 2 45% 1795590 4152 87%
c ]  4.67  0 25 5 1079  2 16367 9199 2.3 18 8 1 2 44% 1795590 4152 87%
c {  4.67  0 72 5 1079  8 16367 9199 2.1 8 4 1 2 32% 1795590 4152 87%
c i  4.72  0 69 5 1134  8 16786 9579 2.2 8 4 1 2 32% 1795590 4150 87%
c i  4.76  0 68 5 1171  8 16971 9743 2.2 8 4 1 2 32% 1795590 4147 87%
c i  4.76  0 68 5 1175  8 17007 9777 2.2 8 4 1 2 32% 1795590 4145 87%
c -  4.87  0 68 6 1198  8 17142 5810 2.2 8 4 1 2 32% 1795544 4145 87%
c 
c  seconds  reductions  conflicts       size tier2        variables
c         MB    restarts     redundant    glue  trail          remaining
c          level      rate        size/glu tier1   irredundant
c 
c 2  4.87  0 68 6 1198  8 17142 5804 2.2 8 4 1 2 32% 1795543 4145 87%
c d  4.90  0 68 6 1198  8 17142 5804 2.2 8 4 1 2 32% 1795533 4140 87%
c k  4.91  0 68 6 1198  8 17142 5804 2.2 8 4 1 2 32% 1795533 4139 87%
c =  4.99  0 68 6 1198  8 17142 5801 2.2 8 4 1 2 32% 1795521 4138 87%
c t  5.01  0 68 6 1198  8 17142 5794 2.2 8 4 1 2 32% 1794627 4138 87%
c s  5.06  0 68 6 1205  8 17266 5901 2.2 8 4 1 2 32% 1749400 4138 87%
c t  5.08  0 68 6 1205  8 17266 5901 2.2 8 4 1 2 32% 1749018 4138 87%
c e  5.13  0 68 6 1205  8 17266 4503 2.2 8 4 1 2 32% 1748271 3780 80%
c s  5.17  0 68 6 1205  8 17266 4503 2.2 8 4 1 2 32% 1735001 3780 80%
c i  5.37  0 66 6 1249  7 17643 4843 2.2 8 4 1 2 37% 1735001 3779 80%
c i  5.53  0 62 6 1420  7 18727 5790 2.2 8 4 1 2 31% 1734999 3778 80%
c i  5.82  0 57 6 1649  7 20214 7108 2.1 8 4 1 2 33% 1734996 3777 79%
c #  5.95  0 55 6 1816  7 21012 7833 2.1 8 4 1 2 33% 1734995 3777 79%
c i  5.99  0 55 6 1861  7 21243 8043 2.1 8 4 1 2 34% 1734995 3776 79%
c i  6.22  0 52 6 2109  7 22644 9299 2.2 9 4 1 2 34% 1734995 3775 79%
c i  6.41  0 50 6 2294  7 23629 10180 2.2 9 4 1 2 34% 1734995 3774 79%
c }  6.56  0 49 6 2444  7 24371 10847 2.2 9 4 1 2 33% 1734993 3774 79%
c [  6.56  0 25 6 2444  2 24371 10847 2.3 18 8 1 2 49% 1734993 3774 79%
c -  6.67  0 25 7 2444  2 24519 7004 2.3 18 8 1 2 49% 1734928 3774 79%
c 2  6.68  0 25 7 2444  2 24519 6975 2.3 18 8 1 2 49% 1734134 3774 79%
c 
c  seconds  reductions  conflicts       size  tier2        variables
c         MB    restarts     redundant     glue  trail          remaining
c          level      rate        size/glue tier1   irredundant
c 
c d  6.71  0 25 7 2444  2 24519 6958 2.3 18 8 1 2 49% 1734110 3768 79%
c c  7.06  0 25 7 2444  2 24519 6958 2.3 18 8 1 2 49% 1735010 3767 79%
c d  7.09  0 25 7 2444  2 24519 6958 2.3 18 8 1 2 49% 1735005 3766 79%
c 2  7.10  0 25 7 2444  2 24519 6958 2.3 18 8 1 2 49% 1735002 3766 79%
c =  7.22  0 25 7 2444  2 24519 6954 2.3 18 8 1 2 49% 1734990 3761 79%
c t  7.24  0 25 7 2444  2 24519 6954 2.3 18 8 1 2 49% 1732722 3761 79%
c O  7.72  0 40 7 2445  2 28015 10190 2.2 21 10 1 2 47% 1732722 3761 79%
c ]  8.27  0 39 7 2449  2 32668 14349 2.2 23 11 1 2 44% 1732722 3761 79%
c {  8.27  0 49 7 2449  7 32668 14349 2.2 9 4 1 2 33% 1732722 3761 79%
c -  8.47  0 48 8 2562  7 33284 8439 2.2 9 4 1 2 33% 1732720 3761 79%
c t  8.98  0 48 8 2562  7 33284 8429 2.2 9 4 1 2 33% 1731309 3759 79%
c B  9.48  0 45 8 2992  7 36016 10891 2.2 10 4 1 2 33% 1731309 3759 79%
c i  9.50  0 45 8 3002  7 36076 10944 2.2 10 4 1 2 33% 1731309 3758 79%
c i  9.79  0 43 8 3298  7 37761 12453 2.3 10 4 1 2 34% 1731307 3757 79%
c i 10.53  0 41 8 3946  7 41421 15732 2.3 11 5 1 2 34% 1731306 3756 79%
c i 10.65  0 40 8 4045  7 42057 16318 2.3 11 5 1 2 34% 1731306 3755 79%
c i 10.78  0 40 8 4136  7 42895 17064 2.4 11 5 1 2 34% 1731306 3753 79%
c - 11.00  0 39 9 4236  7 43493 11112 2.4 11 5 1 2 34% 1731244 3752 79%
c d 11.03  0 39 9 4236  7 43493 11101 2.4 11 5 1 2 34% 1731233 3749 79%
c k 11.04  0 39 9 4236  7 43493 11101 2.4 11 5 1 2 34% 1731233 3748 79%
c 
c  seconds  reductions  conflicts        size  tier2        variables
c         MB    restarts      redundant     glue  trail          remaining
c          level      rate         size/glue tier1   irredundant
c 
c u 11.22  0 39 9 4236  7 43493 10903 2.4 11 5 1 2 34% 1731229 3748 79%
c v 11.29  0 39 9 4236  7 43493 10868 2.4 11 5 1 2 34% 1731229 3748 79%
c x 11.37  0 39 9 4236  7 43493 10868 2.4 11 5 1 2 34% 1731134 3748 79%
c t 11.38  0 39 9 4236  7 43493 10863 2.4 11 5 1 2 34% 1731062 3748 79%
c } 11.55  0 38 9 4357  7 44459 11712 2.4 11 5 1 2 35% 1731062 3748 79%
c [ 11.55  0 39 9 4357  2 44459 11712 2.2 23 11 1 2 44% 1731062 3748 79%
c B 11.59  0 38 9 4357  2 45017 12220 2.3 24 10 1 2 45% 1731062 3748 79%
c i 11.83  0 36 9 4358  2 47089 13918 2.3 23 10 1 2 48% 1731061 3747 79%
c s 12.71  0 33 9 4360  2 52637 18866 2.2 22 10 1 2 46% 1710373 3747 79%
c t 12.74  0 33 9 4360  2 52637 18866 2.2 22 10 1 2 46% 1709777 3747 79%
c e 12.78  0 33 9 4360  2 52637 17590 2.2 22 10 1 2 46% 1657097 3721 78%
c s 12.82  0 33 9 4360  2 52637 17588 2.2 22 10 1 2 46% 1640954 3721 78%
c W 13.57  0 32 9 4360  2 55018 18488 2.2 22 10 1 2 46% 1640953 3721 78%
c - 13.69  0 32 10 4360  2 55165 11781 2.2 22 10 1 2 46% 1640953 3721 78%
c 2 13.69  0 32 10 4360  2 55165 11775 2.2 22 10 1 2 46% 1640755 3721 78%
c c 14.07  0 32 10 4360  2 55165 11764 2.2 22 10 1 2 46% 1643724 3719 78%
c d 14.09  0 32 10 4360  2 55165 11756 2.2 22 10 1 2 46% 1643718 3716 78%
c 2 14.10  0 32 10 4360  2 55165 11756 2.2 22 10 1 2 46% 1643716 3716 78%
c t 14.26  0 32 10 4360  2 55165 11756 2.2 22 10 1 2 46% 1640563 3716 78%
c ] 14.64  0 31 10 4360  2 59348 15380 2.2 22 10 1 2 44% 1640562 3716 78%
c 
c  seconds  reductions   conflicts        size  tier2        variables
c         MB     restarts      redundant     glue  trail          remaining
c          level       rate         size/glue tier1   irredundant
c 
c { 14.64  0 38 10 4360  7 59348 15380 2.4 11 5 1 2 35% 1640562 3716 78%
c i 14.65  0 38 10 4380  7 59423 15451 2.4 11 5 1 2 35% 1640562 3715 78%
c i 14.74  0 38 10 4446  7 59799 15793 2.4 11 5 1 2 35% 1640562 3714 78%
c W 16.14  0 35 10 5411  6 66019 21349 2.4 12 5 1 2 36% 1640542 3714 78%
c i 16.42  0 35 10 5638  6 67361 22563 2.4 12 5 1 2 36% 1640542 3713 78%
c - 16.69  0 35 11 5770  6 68169 14252 2.4 12 5 1 2 36% 1640533 3713 78%
c 2 16.69  0 35 11 5770  6 68169 14251 2.4 12 5 1 2 36% 1640532 3713 78%
c d 16.72  0 35 11 5770  6 68169 14245 2.4 12 5 1 2 36% 1640519 3710 78%
c p 16.75  0 35 11 5770  6 68169 15406 2.4 12 5 1 2 36% 1640519 3710 78%
c t 17.08  0 35 11 5770  6 68169 15405 2.4 12 5 1 2 36% 1640521 3710 78%
c i 18.02  0 34 11 6460  6 72267 19137 2.5 13 5 1 2 36% 1640521 3709 78%
c i 18.28  0 33 11 6673  6 73540 20263 2.5 13 5 1 2 36% 1640520 3708 78%
c } 18.52  0 33 11 6870  6 74764 21378 2.5 13 5 1 2 36% 1640520 3707 78%
c [ 18.52  0 31 11 6870  2 74764 21378 2.2 22 10 1 2 44% 1640520 3707 78%
c I 19.08  0 28 11 6873  2 78021 24050 2.3 22 10 1 2 45% 1640520 3707 78%
c - 19.61  0 27 12 6876  2 82627 16801 2.3 21 9 1 2 43% 1640489 3707 78%
c 2 19.61  0 27 12 6876  2 82627 16800 2.3 21 9 1 2 43% 1640489 3707 78%
c p 19.65  0 27 12 6876  2 82627 17626 2.3 21 9 1 2 43% 1640483 3705 78%
c u 19.82  0 27 12 6876  2 82627 17382 2.3 21 9 1 2 43% 1640483 3705 78%
c v 19.88  0 27 12 6876  2 82627 17313 2.3 21 9 1 2 43% 1640483 3705 78%
c 
c  seconds  reductions   conflicts        size  tier2        variables
c         MB     restarts      redundant     glue  trail          remaining
c          level       rate         size/glue tier1   irredundant
c 
c w 19.88  0 27 12 6876  2 82627 17313 2.3 21 9 1 2 43% 1640483 3705 78%
c x 19.96  0 27 12 6876  2 82627 17312 2.3 21 9 1 2 43% 1640355 3705 78%
c t 19.96  0 27 12 6876  2 82627 17311 2.3 21 9 1 2 43% 1640307 3705 78%
c B 20.78  0 25 12 6880  2 91022 24687 2.3 21 9 1 2 39% 1640307 3705 78%
c ] 21.57  0 26 12 6883  2 95606 28667 2.2 21 9 1 2 39% 1640307 3705 78%
c { 21.57  0 33 12 6883  6 95606 28667 2.5 13 5 1 2 36% 1640307 3705 78%
c - 22.32  0 32 13 7320  6 98543 18434 2.5 13 5 1 2 37% 1640307 3705 78%
c p 22.34  0 32 13 7320  6 98543 18900 2.5 13 5 1 2 37% 1640307 3705 78%
c c 22.67  0 32 13 7320  6 98543 18900 2.5 13 5 1 2 37% 1643410 3705 78%
c = 22.90  0 32 13 7320  6 98543 18888 2.5 13 5 1 2 37% 1643379 3697 78%
c t 22.91  0 32 13 7320  6 98543 18888 2.5 13 5 1 2 37% 1640275 3697 78%
c F 24.38  0 31 13 8343  6 105023 24705 2.5 14 5 1 2 36% 1640275 3697 78%
c s 24.55  0 31 13 8422  6 105345 25008 2.6 14 6 1 2 36% 1618412 3697 78%
c t 24.57  0 31 13 8422  6 105345 25008 2.6 14 6 1 2 36% 1617619 3696 78%
c e 24.61  0 31 13 8422  6 105345 24789 2.6 14 6 1 2 36% 1617581 3684 78%
c s 24.69  0 31 13 8422  6 105345 24784 2.6 14 6 1 2 36% 1586816 3684 78%
c e 24.72  0 31 13 8422  6 105345 24737 2.6 14 6 1 2 36% 1586815 3683 78%
c i 25.01  0 31 13 8629  6 106378 25680 2.6 14 6 1 2 36% 1586815 3682 77%
c i 25.35  0 30 13 8897  6 107765 26904 2.6 14 6 1 2 37% 1586815 3681 77%
c } 26.89  0 29 13 9916  6 115324 33591 2.6 15 6 1 2 37% 1586815 3681 77%
c 
c  seconds  reductions   conflicts         size  tier2        variables
c         MB     restarts       redundant     glue  trail          remaining
c          level       rate          size/glue tier1   irredundant
c 
c [ 26.89  0 26 13 9916  2 115324 33591 2.2 21 9 1 2 39% 1586815 3681 77%
c - 27.08  0 26 14 9916  2 115924 21754 2.3 21 9 1 2 39% 1586797 3681 77%
c 2 27.08  0 26 14 9916  2 115924 21754 2.3 21 9 1 2 39% 1586423 3681 77%
c d 27.11  0 26 14 9916  2 115924 21751 2.3 21 9 1 2 39% 1586419 3680 77%
c p 27.14  0 26 14 9916  2 115924 22901 2.3 21 9 1 2 39% 1586419 3680 77%
c u 27.62  0 26 14 9916  2 115924 22656 2.3 21 9 1 2 39% 1588467 3680 77%
c v 27.67  0 26 14 9916  2 115924 22596 2.3 21 9 1 2 39% 1588467 3680 77%
c w 27.67  0 26 14 9916  2 115924 22596 2.3 21 9 1 2 39% 1588467 3680 77%
c x 27.74  0 26 14 9916  2 115924 22596 2.3 21 9 1 2 39% 1588313 3680 77%
c t 27.75  0 26 14 9916  2 115924 22594 2.3 21 9 1 2 39% 1585350 3680 77%
c W 28.97  0 26 14 9917  2 120025 26162 2.3 21 9 1 2 39% 1585350 3680 77%
c i 30.23  0 23 14 9919  2 133460 37169 2.2 21 9 1 2 36% 1585350 3679 77%
c - 30.51  0 24 15 9919  2 134653 19429 2.2 21 9 1 2 36% 1579233 3679 77%
c 2 30.51  0 24 15 9919  2 134653 19429 2.2 21 9 1 2 36% 1579233 3678 77%
c d 30.54  0 24 15 9919  2 134653 19429 2.2 21 9 1 2 36% 1579223 3677 77%
c p 30.57  0 24 15 9919  2 134653 20063 2.2 21 9 1 2 36% 1579223 3677 77%
c = 30.75  0 24 15 9919  2 134653 20063 2.2 21 9 1 2 36% 1579223 3675 77%
c O 30.98  0 24 15 9919  2 136028 21254 2.2 21 10 1 2 36% 1579223 3675 77%
c ] 32.14  0 23 15 9921  2 146388 30100 2.2 22 10 1 2 35% 1579223 3675 77%
c { 32.14  0 29 15 9921  6 146388 30100 2.6 15 6 1 2 37% 1579223 3675 77%
c 
c  seconds  reductions    conflicts         size  tier2        variables
c         MB      restarts       redundant     glue  trail          remaining
c          level        rate          size/glue tier1   irredundant
c 
c i 33.03  0 28 15 10513  6 150904 34002 2.6 15 6 1 2 37% 1579222 3671 77%
c B 33.45  0 27 15 10729  6 153029 35828 2.6 16 6 1 2 38% 1579222 3671 77%
c - 33.93  0 27 16 11005  5 154819 22666 2.6 16 6 1 2 38% 1532882 3671 77%
c 2 33.93  0 27 16 11005  5 154819 22662 2.6 16 6 1 2 38% 1532882 3671 77%
c d 33.96  0 27 16 11005  5 154819 22660 2.6 16 6 1 2 38% 1532875 3668 77%
c p 33.99  0 27 16 11005  5 154819 26648 2.6 16 6 1 2 38% 1532875 3668 77%
c c 34.36  0 27 16 11005  5 154819 26641 2.6 16 6 1 2 38% 1535360 3668 77%
c d 34.40  0 27 16 11005  5 154819 26640 2.6 16 6 1 2 38% 1535358 3667 77%
c 2 34.41  0 27 16 11005  5 154819 26637 2.6 16 6 1 2 38% 1535357 3667 77%
c = 34.67  0 27 16 11005  5 154819 26633 2.6 16 6 1 2 38% 1535325 3657 77%
c u 34.80  0 27 16 11005  5 154819 26439 2.6 16 6 1 2 38% 1535325 3657 77%
c v 34.87  0 27 16 11005  5 154819 26390 2.6 16 6 1 2 38% 1535325 3657 77%
c w 34.87  0 27 16 11005  5 154819 26390 2.6 16 6 1 2 38% 1535325 3657 77%
c x 34.95  0 27 16 11005  5 154819 26390 2.6 16 6 1 2 38% 1535155 3657 77%
c t 34.96  0 27 16 11005  5 154819 26379 2.6 16 6 1 2 38% 1532664 3657 77%
c i 38.01  0 26 16 13109  5 169821 39579 2.7 17 6 1 2 37% 1532664 3656 77%
c W 38.76  0 25 16 13247  5 171030 40556 2.7 17 6 1 2 37% 1532650 3656 77%
c } 39.50  0 25 16 13777  5 174059 43232 2.7 17 6 1 2 37% 1532650 3656 77%
c [ 39.50  0 23 16 13777  2 174059 43232 2.2 22 10 1 2 35% 1532650 3656 77%
c s 39.78  0 23 16 13778  2 175358 44298 2.2 22 10 1 2 35% 1481204 3656 77%
c 
c  seconds  reductions    conflicts         size   tier2        variables
c         MB      restarts       redundant     glue   trail          remaining
c          level        rate          size/glue  tier1   irredundant
c 
c t 39.80  0 23 16 13778  2 175358 44298 2.2 22 10 1 2 35% 1479905 3656 77%
c e 39.84  0 23 16 13778  2 175358 42687 2.2 22 10 1 2 35% 1479865 3643 77%
c s 39.94  0 23 16 13778  2 175358 42687 2.2 22 10 1 2 35% 1443527 3643 77%
c - 40.23  0 23 17 13778  2 176315 26498 2.2 22 10 1 2 35% 1443527 3643 77%
c 2 40.24  0 23 17 13778  2 176315 26494 2.2 22 10 1 2 35% 1443378 3643 77%
c p 40.27  0 23 17 13778  2 176315 28280 2.2 22 10 1 2 35% 1443378 3643 77%
c t 40.96  0 23 17 13778  2 176315 28280 2.2 22 10 1 2 35% 1442941 3643 77%
c B 42.85  0 25 17 13786  2 190031 39809 2.1 23 11 1 2 36% 1442941 3643 77%
c - 44.01  0 25 18 13790  2 198982 28491 2.1 23 11 1 2 37% 1442941 3643 77%
c p 44.05  0 25 18 13790  2 198982 29200 2.1 23 11 1 2 37% 1442941 3643 77%
c k 44.05  0 25 18 13790  2 198982 29200 2.1 23 11 1 2 37% 1442941 3642 77%
c u 44.22  0 25 18 13790  2 198982 28614 2.1 23 11 1 2 37% 1442941 3642 77%
c v 44.30  0 25 18 13790  2 198982 28567 2.1 23 11 1 2 37% 1442941 3642 77%
c w 44.30  0 25 18 13790  2 198982 28567 2.1 23 11 1 2 37% 1442941 3642 77%
c x 44.40  0 25 18 13790  2 198982 28567 2.1 23 11 1 2 37% 1442628 3642 77%
c t 44.40  0 25 18 13790  2 198982 28566 2.1 23 11 1 2 37% 1442507 3642 77%
c i 44.78  0 24 18 13790  2 202138 31121 2.1 22 11 1 2 37% 1442507 3641 77%
c i 44.81  0 24 18 13790  2 202439 31288 2.1 22 11 1 2 37% 1442507 3639 77%
c ] 45.96  0 25 18 13793  2 209901 37890 2.1 24 11 1 2 37% 1442507 3639 77%
c { 45.96  0 25 18 13793  5 209901 37890 2.7 17 6 1 2 37% 1442507 3639 77%
c 
c  seconds  reductions    conflicts         size  tier2        variables
c         MB      restarts       redundant     glue  trail          remaining
c          level        rate          size/glue tier1   irredundant
c 
c # 46.01  0 25 18 13822  5 210037 38008 2.7 17 6 1 2 37% 1442507 3639 77%
c i 47.10  0 24 18 14398  5 216303 43231 2.7 17 6 1 2 37% 1442507 3638 77%
c - 48.57  0 24 19 15005  5 223059 27979 2.6 17 6 1 2 37% 1357242 3638 77%
c 2 48.57  0 24 19 15005  5 223059 27976 2.6 17 6 1 2 37% 1357242 3638 77%
c d 48.60  0 24 19 15005  5 223059 27970 2.6 17 6 1 2 37% 1357231 3633 76%
c d 48.62  0 24 19 15005  5 223059 27970 2.6 17 6 1 2 37% 1357228 3632 76%
c p 48.65  0 24 19 15005  5 223059 31952 2.6 17 6 1 2 37% 1357228 3632 76%
c = 49.09  0 24 19 15005  5 223059 31914 2.6 17 6 1 2 37% 1358931 3631 76%
c t 49.10  0 24 19 15005  5 223059 31858 2.6 17 6 1 2 37% 1357249 3631 76%
c B 50.62  0 23 19 15897  5 231038 38684 2.7 17 7 1 2 37% 1357248 3631 76%
c - 54.03  0 22 20 17806  4 248241 33145 2.7 18 7 1 2 37% 1357248 3631 76%
c d 54.06  0 22 20 17806  4 248241 33144 2.7 18 7 1 2 37% 1357244 3630 76%
c p 54.09  0 22 20 17806  4 248241 35716 2.7 18 7 1 2 37% 1357244 3630 76%
c u 54.62  0 22 20 17806  4 248241 35236 2.7 18 7 1 2 37% 1357244 3630 76%
c v 54.71  0 22 20 17806  4 248241 35099 2.7 18 7 1 2 37% 1357244 3628 76%
c x 54.85  0 22 20 17806  4 248241 35099 2.7 18 7 1 2 37% 1356774 3628 76%
c t 54.85  0 22 20 17806  4 248241 35088 2.7 18 7 1 2 37% 1356774 3628 76%
c } 55.15  0 22 20 17997  4 249921 36522 2.7 18 7 1 2 37% 1356774 3628 76%
c [ 55.15  0 25 20 17997  2 249921 36522 2.1 24 11 1 2 37% 1356774 3628 76%
c W 56.13  0 25 20 18000  2 253042 38927 2.1 23 11 1 2 37% 1322799 3628 76%
c 
c  seconds  reductions    conflicts         size   tier2        variables
c         MB      restarts       redundant     glue   trail          remaining
c          level        rate          size/glue  tier1   irredundant
c 
c s 57.09  0 26 20 18004  2 261662 46464 2.0 24 12 1 2 37% 1268970 3628 76%
c t 57.11  0 26 20 18004  2 261662 46461 2.0 24 12 1 2 37% 1267885 3628 76%
c e 57.15  0 26 20 18004  2 261662 45437 2.0 24 12 1 2 37% 1267852 3613 76%
c s 57.29  0 26 20 18004  2 261662 45435 2.0 24 12 1 2 37% 1218715 3613 76%
c i 58.38  0 25 20 18009  2 271891 53587 2.0 24 12 1 2 37% 1218715 3610 76%
c - 58.78  0 25 21 18009  2 274803 30621 2.0 24 12 1 2 37% 1204839 3610 76%
c 2 58.79  0 25 21 18009  2 274803 30616 2.0 24 12 1 2 37% 1204388 3610 76%
c d 58.81  0 25 21 18009  2 274803 30550 2.0 24 12 1 2 37% 1204383 3607 76%
c p 58.84  0 25 21 18009  2 274803 31305 2.0 24 12 1 2 37% 1204383 3607 76%
c 2 58.84  0 25 21 18009  2 274803 31291 2.0 24 12 1 2 37% 1204382 3607 76%
c t 58.85  0 25 21 18009  2 274803 31258 2.0 24 12 1 2 37% 1203982 3607 76%
c I 59.02  0 25 21 18009  2 276044 32396 2.0 24 12 1 2 37% 1203982 3607 76%
c B 62.07  0 26 21 18011  2 300047 53952 2.1 26 12 1 2 34% 1203982 3607 76%
c - 62.38  0 26 22 18011  2 302073 33448 2.1 26 12 1 2 34% 1203982 3607 76%
c p 62.41  0 26 22 18011  2 302073 35120 2.1 26 12 1 2 34% 1203982 3607 76%
c = 62.95  0 26 22 18011  2 302073 35104 2.1 26 12 1 2 34% 1205008 3603 76%
c u 63.10  0 26 22 18011  2 302073 34947 2.1 26 12 1 2 34% 1205008 3603 76%
c v 63.17  0 26 22 18011  2 302073 34922 2.1 26 12 1 2 34% 1205008 3603 76%
c w 63.17  0 26 22 18011  2 302073 34922 2.1 26 12 1 2 34% 1205008 3603 76%
c x 63.26  0 26 22 18011  2 302073 34922 2.1 26 12 1 2 34% 1204794 3603 76%
c 
c  seconds  reductions    conflicts         size   tier2        variables
c         MB      restarts       redundant     glue   trail          remaining
c          level        rate          size/glue  tier1   irredundant
c 
c t 63.27  0 26 22 18011  2 302073 34918 2.1 26 12 1 2 34% 1203771 3603 76%
c i 63.83  0 26 22 18011  2 306629 38571 2.1 26 12 1 2 35% 1203771 3598 76%
c ] 64.07  0 26 22 18011  2 308365 40101 2.1 26 12 1 2 35% 1203771 3598 76%
c { 64.07  0 22 22 18011  4 308365 40101 2.7 18 7 1 2 37% 1203771 3598 76%
c i 64.93  0 21 22 18409  4 313945 44567 2.6 18 7 1 2 37% 1203771 3596 76%
c i 65.76  0 21 22 18721  4 319164 48659 2.6 18 7 1 2 37% 1203770 3595 76%
c i 66.62  0 20 22 19211  4 324305 52669 2.6 18 7 1 2 37% 1203770 3593 76%
c W 67.27  0 20 22 19254  4 325049 44754 2.6 18 7 1 2 37% 1152512 3593 76%
c - 68.37  0 20 23 19892  4 330665 33676 2.6 18 7 1 2 36% 1152512 3593 76%
c 2 68.38  0 20 23 19892  4 330665 33643 2.6 18 7 1 2 36% 1152510 3593 76%
c d 68.40  0 20 23 19892  4 330665 33635 2.6 18 7 1 2 36% 1152496 3585 75%
c p 68.45  0 20 23 19892  4 330665 35919 2.6 18 7 1 2 36% 1152496 3585 75%
c 2 68.46  0 20 23 19892  4 330665 35836 2.6 18 7 1 2 36% 1152496 3585 75%
c = 68.77  0 20 23 19892  4 330665 35834 2.6 18 7 1 2 36% 1152489 3583 75%
c u 68.93  0 20 23 19892  4 330665 35704 2.6 18 7 1 2 36% 1152489 3583 75%
c v 68.93  0 20 23 19892  4 330665 35702 2.6 18 7 1 2 36% 1152489 3583 75%
c t 68.94  0 20 23 19892  4 330665 35678 2.6 18 7 1 2 36% 1152487 3583 75%
c i 72.04  0 19 23 21490  4 349400 50933 2.6 18 7 1 2 36% 1152487 3582 75%
c F 72.24  0 19 23 21545  4 351053 52184 2.6 18 7 1 2 36% 1152487 3582 75%
c - 74.02  0 19 24 22576  4 360301 38527 2.6 18 7 1 2 35% 1152477 3582 75%
c 
c  seconds  reductions    conflicts         size  tier2        variables
c         MB      restarts       redundant     glue  trail          remaining
c          level        rate          size/glue tier1   irredundant
c 
c 2 74.02  0 19 24 22576  4 360301 38526 2.6 18 7 1 2 35% 1152477 3582 75%
c p 74.05  0 19 24 22576  4 360301 39686 2.6 18 7 1 2 35% 1152477 3582 75%
c = 74.36  0 19 24 22576  4 360301 39685 2.6 18 7 1 2 35% 1152463 3579 75%
c u 74.47  0 19 24 22576  4 360301 39428 2.6 18 7 1 2 35% 1152463 3579 75%
c v 74.51  0 19 24 22576  4 360301 39396 2.6 18 7 1 2 35% 1152463 3579 75%
c w 74.51  0 19 24 22576  4 360301 39396 2.6 18 7 1 2 35% 1152463 3579 75%
c x 74.57  0 19 24 22576  4 360301 39396 2.6 18 7 1 2 35% 1152329 3579 75%
c t 74.57  0 19 24 22576  4 360301 39393 2.6 18 7 1 2 35% 1152329 3579 75%
c s 75.04  0 19 24 22655  4 362439 41054 2.6 18 7 1 2 35% 1111068 3579 75%
c t 75.06  0 19 24 22655  4 362439 41054 2.6 18 7 1 2 35% 1110452 3579 75%
c e 75.08  0 19 24 22655  4 362439 39843 2.6 18 7 1 2 35% 1110332 3542 75%
c s 75.26  0 19 24 22655  4 362439 39839 2.6 18 7 1 2 35% 1071920 3542 75%
c } 76.21  0 19 24 22977  3 369022 44845 2.6 18 7 1 2 35% 1071920 3542 75%
c [ 76.21  0 26 24 22977  2 369022 44845 2.1 26 12 1 2 35% 1071920 3542 75%
c i 76.39  0 26 24 22977  2 371298 46586 2.1 26 12 1 2 34% 1071919 3541 75%
c W 77.54  0 26 24 22977  2 378054 49004 2.1 25 12 1 2 33% 1067072 3541 75%
c - 79.19  0 26 25 22978  2 391240 39785 2.1 25 12 1 2 32% 1067072 3541 75%
c 2 79.20  0 26 25 22978  2 391240 39779 2.1 25 12 1 2 32% 1066439 3541 75%
c d 79.22  0 26 25 22978  2 391240 39638 2.1 25 12 1 2 32% 1066435 3539 74%
c p 79.27  0 26 25 22978  2 391240 41387 2.1 25 12 1 2 32% 1066435 3539 74%
c 
c  seconds  reductions    conflicts         size   tier2        variables
c         MB      restarts       redundant     glue   trail          remaining
c          level        rate          size/glue  tier1   irredundant
c 
c 2 79.28  0 26 25 22978  2 391240 41385 2.1 25 12 1 2 32% 1066435 3539 74%
c = 79.52  0 26 25 22978  2 391240 41385 2.1 25 12 1 2 32% 1066435 3538 74%
c t 79.53  0 26 25 22978  2 391240 41379 2.1 25 12 1 2 32% 1066013 3538 74%
c O 81.53  0 25 25 22987  2 406057 53839 2.1 25 12 1 2 32% 1066013 3538 74%
c - 83.12  0 25 26 22992  1 422955 40828 2.0 25 12 1 2 30% 1066013 3538 74%
c 2 83.13  0 25 26 22992  1 422955 40825 2.0 25 12 1 2 30% 1066013 3538 74%
c p 83.16  0 25 26 22992  1 422955 42116 2.0 25 12 1 2 30% 1066013 3538 74%
c = 83.64  0 25 26 22992  1 422955 42114 2.0 25 12 1 2 30% 1066100 3537 74%
c u 83.85  0 25 26 22992  1 422955 41493 2.0 25 12 1 2 30% 1066100 3537 74%
c v 83.95  0 25 26 22992  1 422955 41392 2.0 25 12 1 2 30% 1066100 3537 74%
c w 83.95  0 25 26 22992  1 422955 41391 2.0 25 12 1 2 30% 1066100 3537 74%
c t 83.95  0 25 26 22992  1 422955 41387 2.0 25 12 1 2 30% 1066022 3537 74%
c B 84.95  0 24 26 22999  1 435059 51379 2.1 25 12 1 2 29% 1066022 3537 74%
c - 87.42  0 24 27 23007  1 455924 40775 2.1 25 12 1 2 29% 1066022 3537 74%
c 2 87.42  0 24 27 23007  1 455924 40773 2.1 25 12 1 2 29% 1066021 3537 74%
c p 87.45  0 24 27 23007  1 455924 41792 2.1 25 12 1 2 29% 1066021 3537 74%
c = 87.66  0 24 27 23007  1 455924 41790 2.1 25 12 1 2 29% 1066019 3536 74%
c ] 88.44  0 24 27 23008  1 462784 47565 2.0 25 12 1 2 29% 1066019 3536 74%
c { 88.44  0 19 27 23008  3 462784 47565 2.6 18 7 1 2 35% 1066019 3536 74%
c B 88.77  0 18 27 23125  3 465060 49326 2.6 18 7 1 2 35% 1066019 3536 74%
c 
c  seconds  reductions    conflicts         size  tier2        variables
c         MB      restarts       redundant     glue  trail          remaining
c          level        rate          size/glue tier1   irredundant
c 
c s 90.69  0 18 27 24065  3 477819 59084 2.5 18 7 1 2 35% 1064587 3536 74%
c t 90.71  0 18 27 24065  3 477819 59081 2.5 18 7 1 2 35% 1064420 3536 74%
c e 90.73  0 18 27 24065  3 477819 53021 2.5 18 7 1 2 35% 1064319 3483 73%
c ^ 90.76  0 18 27 24065  3 477819 53021 2.5 18 7 1 2 35% 1064319 3483 73%
c i 92.07  0 18 27 24800  3 486862 60172 2.5 18 7 1 2 35% 1064319 3482 73%
c i 92.20  0 18 27 24865  3 487785 60836 2.5 18 7 1 2 35% 1064319 3480 73%
c - 92.63  0 17 28 25043  3 490152 40043 2.5 18 7 1 2 34% 1059675 3480 73%
c 2 92.63  0 17 28 25043  3 490152 40037 2.5 18 7 1 2 34% 1059673 3480 73%
c d 92.65  0 17 28 25043  3 490152 40008 2.5 18 7 1 2 34% 1059671 3478 73%
c p 92.69  0 17 28 25043  3 490152 41783 2.5 18 7 1 2 34% 1059671 3478 73%
c 2 92.69  0 17 28 25043  3 490152 41778 2.5 18 7 1 2 34% 1059671 3478 73%
c = 92.85  0 17 28 25043  3 490152 41777 2.5 18 7 1 2 34% 1059667 3476 73%
c u 93.08  0 17 28 25043  3 490152 40226 2.5 18 7 1 2 34% 1059667 3474 73%
c v 93.08  0 17 28 25043  3 490152 40226 2.5 18 7 1 2 34% 1059667 3474 73%
c t 93.08  0 17 28 25043  3 490152 40214 2.5 18 7 1 2 34% 1059665 3474 73%
c W 94.51  0 17 28 25390  3 496065 44733 2.5 18 7 1 2 34% 1044434 3474 73%
c i 97.47  0 17 28 26981  3 517411 61603 2.5 18 7 1 2 33% 1044434 3472 73%
c - 98.90  0 17 29 27651  3 525596 42645 2.5 18 7 1 2 33% 1040662 3472 73%
c 2 98.90  0 17 29 27651  3 525596 42643 2.5 18 7 1 2 33% 1040661 3472 73%
c d 98.92  0 17 29 27651  3 525596 42643 2.5 18 7 1 2 33% 1040657 3470 73%
c 
c  seconds  reductions    conflicts         size  tier2        variables
c         MB      restarts       redundant     glue  trail          remaining
c          level        rate          size/glue tier1   irredundant
c 
c p 98.96  0 17 29 27651  3 525596 45341 2.5 18 7 1 2 33% 1040657 3470 73%
c 2 98.97  0 17 29 27651  3 525596 45327 2.5 18 7 1 2 33% 1040656 3470 73%
c = 99.26  0 17 29 27651  3 525596 45326 2.5 18 7 1 2 33% 1040653 3469 73%
c u 99.36  0 17 29 27651  3 525596 45187 2.5 18 7 1 2 33% 1040653 3469 73%
c v 99.41  0 17 29 27651  3 525596 45075 2.5 18 7 1 2 33% 1040653 3469 73%
c x 99.48  0 17 29 27651  3 525596 45072 2.5 18 7 1 2 33% 1040442 3469 73%
c t 99.48  0 17 29 27651  3 525596 45036 2.5 18 7 1 2 33% 1040427 3469 73%
c # 99.85  0 17 29 27885  3 528067 46993 2.5 18 7 1 2 33% 1040427 3469 73%
c i 101.96  0 16 29 28863  3 543729 58389 2.4 17 7 1 2 33% 1040427 3467 73%
c } 102.35  0 16 29 28998  3 546022 60096 2.4 17 7 1 2 33% 1040427 3467 73%
c [ 102.35  0 24 29 28998  1 546022 60096 2.0 25 12 1 2 29% 1040427 3467 73%
c i 103.50  0 23 29 29000  1 559345 71437 2.1 24 12 1 2 28% 1040427 3466 73%
c W 104.10  0 24 29 29001  1 561069 61681 2.1 25 12 1 2 28% 1018761 3466 73%
c - 104.24  0 23 30 29001  1 562160 42996 2.1 25 12 1 2 28% 1018761 3466 73%
c 2 104.24  0 23 30 29001  1 562160 42989 2.1 25 12 1 2 28% 1018761 3466 73%
c d 104.26  0 23 30 29001  1 562160 42948 2.1 25 12 1 2 28% 1018757 3463 73%
c p 104.30  0 23 30 29001  1 562160 44158 2.1 25 12 1 2 28% 1018757 3463 73%
c 2 104.30  0 23 30 29001  1 562160 44140 2.1 25 12 1 2 28% 1018757 3463 73%
c = 104.58  0 23 30 29001  1 562160 44134 2.1 25 12 1 2 28% 1018749 3459 73%
c u 104.70  0 23 30 29001  1 562160 43984 2.1 25 12 1 2 28% 1018749 3459 73%
c 
c  seconds   reductions    conflicts         size   tier2        variables
c          MB      restarts       redundant     glue   trail          remaining
c           level        rate          size/glue  tier1   irredundant
c 
c v 104.71  0 23 30 29001  1 562160 43983 2.1 25 12 1 2 28% 1018749 3459 73%
c w 104.71  0 23 30 29001  1 562160 43983 2.1 25 12 1 2 28% 1018749 3459 73%
c t 104.72  0 23 30 29001  1 562160 43962 2.1 25 12 1 2 28% 1018745 3459 73%
c i 104.96  0 23 30 29003  1 564117 45505 2.1 24 12 1 2 28% 1018745 3458 73%
c i 107.62  0 23 30 29012  1 579839 58724 2.0 24 12 1 2 28% 1018745 3456 73%
c I 111.16  0 23 30 29016  1 595075 71639 2.0 24 12 1 2 27% 1018745 3456 73%
c - 112.51  0 23 31 29019  1 599799 42632 2.0 24 12 1 2 27% 1011493 3456 73%
c 2 112.52  0 23 31 29019  1 599799 42627 2.0 24 12 1 2 27% 1011488 3455 73%
c d 112.54  0 23 31 29019  1 599799 42372 2.0 24 12 1 2 27% 1011468 3449 73%
c d 112.57  0 23 31 29019  1 599799 42370 2.0 24 12 1 2 27% 1011466 3448 73%
c p 112.61  0 23 31 29019  1 599799 45361 2.0 24 12 1 2 27% 1011466 3448 73%
c = 113.54  0 23 31 29019  1 599799 45354 2.0 24 12 1 2 27% 1011491 3447 73%
c t 113.57  0 23 31 29019  1 599799 45336 2.0 24 12 1 2 27% 1010886 3447 73%
c e 115.43  0 22 31 29025  1 609908 51073 2.0 23 12 1 2 26% 1010918 3244 68%
c ^ 115.46  0 22 31 29025  1 609908 51073 2.0 23 12 1 2 26% 1010918 3244 68%
c B 117.97  0 23 31 29029  1 630078 68288 2.0 24 12 1 2 23% 1010918 3244 68%
c - 119.09  0 23 32 29029  1 638617 43297 2.0 23 12 1 2 23% 1010918 3244 68%
c 2 119.09  0 23 32 29029  1 638617 43285 2.0 23 12 1 2 23% 1010917 3244 68%
c p 119.14  0 23 32 29029  1 638617 45162 2.0 23 12 1 2 23% 1010917 3244 68%
c u 119.59  0 23 32 29029  1 638617 44737 2.0 23 12 1 2 23% 1010917 3244 68%
c 
c  seconds   reductions    conflicts         size   tier2        variables
c          MB      restarts       redundant     glue   trail          remaining
c           level        rate          size/glue  tier1   irredundant
c 
c v 119.68  0 23 32 29029  1 638617 44712 2.0 23 12 1 2 23% 1010917 3242 68%
c x 119.80  0 23 32 29029  1 638617 44706 2.0 23 12 1 2 23% 1010691 3242 68%
c t 119.80  0 23 32 29029  1 638617 44702 2.0 23 12 1 2 23% 1010581 3242 68%
c ] 122.34  0 22 32 29030  1 665512 67528 2.0 24 12 1 2 22% 1010581 3242 68%
c { 122.34  0 16 32 29030  3 665512 67528 2.4 17 7 1 2 38% 1010581 3242 68%
c B 122.44  0 16 32 29093  3 666079 68045 2.4 17 7 1 2 38% 1010581 3242 68%
c i 123.35  0 16 32 29400  3 672424 72905 2.4 17 7 1 2 38% 1010580 3240 68%
c i 123.72  0 16 32 29529  3 674737 74551 2.4 17 7 1 2 37% 1010580 3236 68%
c - 124.38  0 16 33 29814  3 678667 42878 2.4 17 7 1 2 37% 938093 3236 68%
c 2 124.38  0 16 33 29814  3 678667 42870 2.4 17 7 1 2 37% 938092 3236 68%
c d 124.39  0 16 33 29814  3 678667 42853 2.4 17 7 1 2 37% 938065 3227 68%
c p 124.42  0 16 33 29814  3 678667 44096 2.4 17 7 1 2 37% 938065 3226 68%
c d 124.45  0 16 33 29814  3 678667 44085 2.4 17 7 1 2 37% 938055 3225 68%
c 2 124.45  0 16 33 29814  3 678667 44036 2.4 17 7 1 2 37% 938054 3225 68%
c u 124.55  0 16 33 29814  3 678667 43942 2.4 17 7 1 2 37% 938054 3225 68%
c v 124.58  0 16 33 29814  3 678667 43902 2.4 17 7 1 2 37% 938054 3225 68%
c x 124.64  0 16 33 29814  3 678667 43899 2.4 17 7 1 2 37% 937851 3225 68%
c t 124.65  0 16 33 29814  3 678667 43826 2.4 17 7 1 2 37% 937846 3225 68%
c i 125.04  0 16 33 30008  3 681724 46172 2.4 17 7 1 2 37% 937846 3224 68%
c i 125.97  0 15 33 30463  3 688599 51435 2.4 17 7 1 2 36% 937845 3222 68%
c 
c  seconds   reductions    conflicts         size  tier2       variables
c          MB      restarts       redundant     glue  trail         remaining
c           level        rate          size/glue tier1  irredundant
c 
c i 125.97  0 15 33 30463  3 688611 51444 2.4 17 7 1 2 36% 937845 3220 68%
c i 126.49  0 15 33 30720  3 692158 54084 2.4 17 7 1 2 36% 937845 3219 68%
c i 126.86  0 15 33 30815  3 696053 56704 2.3 16 7 1 2 35% 937845 3218 68%
c i 127.77  0 15 33 31156  3 702992 62022 2.3 16 7 1 2 35% 937845 3216 68%
c W 128.52  0 15 33 31160  3 703080 53527 2.3 16 7 1 2 35% 897482 3216 68%
c i 128.71  0 15 33 31244  3 704530 54602 2.3 16 7 1 2 35% 897482 3215 68%
c i 129.48  0 15 33 31771  3 710275 58942 2.3 16 7 1 2 34% 897482 3213 68%
c i 130.21  0 15 33 32082  3 716244 63293 2.3 16 7 1 2 34% 897482 3212 68%
c - 130.72  0 15 34 32370  3 719288 41769 2.3 16 7 1 2 33% 869129 3212 68%
c 2 130.72  0 15 34 32370  3 719288 41748 2.3 16 7 1 2 33% 869117 3211 68%
c d 130.74  0 15 34 32370  3 719288 41717 2.3 16 7 1 2 33% 869095 3204 67%
c p 130.78  0 15 34 32370  3 719288 45309 2.3 16 7 1 2 33% 869095 3201 67%
c 2 130.79  0 15 34 32370  3 719288 45219 2.3 16 7 1 2 33% 869095 3201 67%
c = 131.08  0 15 34 32370  3 719288 43535 2.3 16 7 1 2 33% 840050 3196 67%
c u 131.19  0 15 34 32370  3 719288 43398 2.3 16 7 1 2 33% 840050 3196 67%
c v 131.24  0 15 34 32370  3 719288 43327 2.3 16 7 1 2 33% 840050 3196 67%
c x 131.30  0 15 34 32370  3 719288 43320 2.3 16 7 1 2 33% 839914 3196 67%
c t 131.30  0 15 34 32370  3 719288 43232 2.3 16 7 1 2 33% 839897 3196 67%
c i 132.02  0 15 34 32596  2 725604 47912 2.3 16 7 1 2 33% 839897 3195 67%
c i 132.52  0 15 34 32785  2 729678 50894 2.3 16 7 1 2 32% 839897 3194 67%
c 
c  seconds   reductions    conflicts         size  tier2       variables
c          MB      restarts       redundant     glue  trail         remaining
c           level        rate          size/glue tier1  irredundant
c 
c F 134.01  0 14 34 33517  2 741086 59739 2.2 16 7 1 2 32% 839897 3194 67%
c i 134.37  0 14 34 33636  2 743376 61475 2.2 16 7 1 2 31% 839897 3193 67%
c i 134.80  0 14 34 33795  2 746276 63644 2.2 16 7 1 2 31% 839897 3191 67%
c i 135.45  0 14 34 33978  2 751667 67710 2.2 16 7 1 2 31% 839897 3189 67%
c i 136.10  0 14 34 34094  2 756102 70700 2.2 15 7 1 2 30% 839897 3187 67%
c i 136.14  0 14 34 34108  2 756219 70783 2.2 15 7 1 2 30% 839897 3186 67%
c i 136.39  0 14 34 34193  2 757591 71739 2.2 15 7 1 2 30% 839897 3185 67%
c i 136.50  0 14 34 34211  2 758538 72441 2.2 15 7 1 2 30% 839897 3183 67%
c e 136.65  0 14 34 34224  2 759016 62224 2.2 15 7 1 2 30% 799003 3032 64%
c ^ 136.67  0 14 34 34224  2 759016 62224 2.2 15 7 1 2 30% 799003 3032 64%
c - 136.92  0 14 35 34311  2 760402 36002 2.2 15 7 1 2 30% 799003 3032 64%
c 2 136.93  0 14 35 34311  2 760402 35975 2.2 15 7 1 2 30% 799001 3032 64%
c d 136.94  0 14 35 34311  2 760402 35680 2.2 15 7 1 2 30% 798998 3029 64%
c p 136.97  0 14 35 34311  2 760402 36744 2.2 15 7 1 2 30% 798998 3028 64%
c 2 136.98  0 14 35 34311  2 760402 36741 2.2 15 7 1 2 30% 798998 3028 64%
c = 137.25  0 14 35 34311  2 760402 36665 2.2 15 7 1 2 30% 798962 3021 64%
c u 137.35  0 14 35 34311  2 760402 36443 2.2 15 7 1 2 30% 798961 3021 64%
c v 137.39  0 14 35 34311  2 760402 36364 2.2 15 7 1 2 30% 798961 3021 64%
c x 137.45  0 14 35 34311  2 760402 36361 2.2 15 7 1 2 30% 798673 3021 64%
c t 137.46  0 14 35 34311  2 760402 36343 2.2 15 7 1 2 30% 798661 3021 64%
c 
c  seconds   reductions    conflicts         size  tier2       variables
c          MB      restarts       redundant     glue  trail         remaining
c           level        rate          size/glue tier1  irredundant
c 
c i 139.64  0 14 35 35218  2 779414 51246 2.2 15 7 1 2 29% 798661 3020 64%
c B 139.74  0 14 35 35232  2 780087 51755 2.2 15 7 1 2 29% 798661 3020 64%
c i 140.29  0 14 35 35416  2 783908 54506 2.2 15 7 1 2 28% 798661 3015 63%
c i 140.59  0 14 35 35492  2 786631 56519 2.2 15 7 1 2 28% 798661 3014 63%
c } 141.04  0 14 35 35674  2 790120 59225 2.2 15 7 1 2 28% 798661 3014 63%
c [ 141.04  0 22 35 35674  1 790120 59225 2.0 24 12 1 2 22% 798661 3014 63%
c i 141.94  0 21 35 35675  1 801031 67819 2.0 23 12 1 2 21% 798661 3012 63%
c - 142.10  0 21 36 35675  1 801879 38458 2.0 23 12 1 2 21% 774645 3012 63%
c 2 142.11  0 21 36 35675  1 801879 38445 2.0 23 12 1 2 21% 774645 3011 63%
c d 142.12  0 21 36 35675  1 801879 38043 2.0 23 12 1 2 21% 770497 3004 63%
c p 142.16  0 21 36 35675  1 801879 39587 2.0 23 12 1 2 21% 770497 3003 63%
c 2 142.17  0 21 36 35675  1 801879 39578 2.0 23 12 1 2 21% 770496 3003 63%
c = 142.43  0 21 36 35675  1 801879 39338 2.0 23 12 1 2 21% 770441 2993 63%
c u 142.53  0 21 36 35675  1 801879 39182 2.0 23 12 1 2 21% 770441 2993 63%
c v 142.56  0 21 36 35675  1 801879 39132 2.0 23 12 1 2 21% 770441 2993 63%
c w 142.56  0 21 36 35675  1 801879 39132 2.0 23 12 1 2 21% 770441 2993 63%
c x 142.62  0 21 36 35675  1 801879 39131 2.0 23 12 1 2 21% 770244 2993 63%
c t 142.63  0 21 36 35675  1 801879 39113 2.0 23 12 1 2 21% 770207 2993 63%
c i 143.93  0 20 36 35675  1 816596 51417 2.0 23 11 1 2 20% 770207 2992 63%
c W 144.75  0 20 36 35675  1 820089 51194 2.0 22 11 1 2 20% 770197 2992 63%
c 
c  seconds   reductions    conflicts         size   tier2       variables
c          MB      restarts       redundant     glue   trail         remaining
c           level        rate          size/glue  tier1  irredundant
c 
c i 144.82  0 20 36 35675  1 821261 52052 2.0 22 11 1 2 19% 770197 2991 63%
c i 145.07  0 19 36 35675  1 824870 54907 2.0 22 11 1 2 19% 770197 2989 63%
c i 145.07  0 19 36 35675  1 824989 54948 2.0 22 11 1 2 19% 770197 2927 62%
c i 145.07  0 19 36 35675  1 824996 54950 2.0 22 11 1 2 19% 770197 2926 62%
c i 145.08  0 19 36 35675  1 824998 54951 2.0 22 11 1 2 19% 770197 2900 61%
c ] 145.14  0 19 36 35675  1 825001 29508 2.0 22 11 1 2  2% 579961 2841 60%
c 0 145.14  0 19 36 35675  1 825001 29508 2.0 22 11 1 2  2% 579961 2841 60%
c 
c --- [ closing proof ] ------------------------------------------------------
c 
c LRAT proof file 'results/margin0/z13_E1b.lrat' closed
c LRAT 1065893 added clauses 31.29%
c LRAT 2340915 deleted clauses 68.71%
c LRAT 560730496 bytes (534.75 MB)
c 
c --- [ result ] -------------------------------------------------------------
c 
s UNSATISFIABLE
c 
c --- [ run-time profiling ] -------------------------------------------------
c 
c process time taken by individual solving procedures
c (percentage relative to process time for solving)
c 
c       124.87   86.18% search
c        65.56   45.25% unstable
c        53.39   36.85% stable
c        20.02   13.82% simplify
c         5.92    4.09% sweep
c         5.89    4.07% walk
c         5.16    3.56% congruence
c         4.64    3.20% vivify
c         1.28    0.89% subsume
c         0.65    0.45% probe
c         0.52    0.36% elim
c         0.24    0.17% parse
c         0.17    0.12% ternary
c         0.04    0.03% lucky
c         0.02    0.01% backbone
c   =================================
c       144.89   99.83% solve
c 
c last line shows process time for solving
c (percentage relative to total process time)
c 
c --- [ statistics ] ---------------------------------------------------------
c 
c chronological:            270145        32.74 %  of conflicts
c conflicts:                825001      5693.97    per second
c backbone:                 411973      8669.47 %  of vars
c decisions:               1834214     12659.33    per second
c eliminated:                  868        18.27 %  of all variables
c fixed:                       451         9.49 %  of all variables
c learned:                  795886        96.47 %  per conflict
c learned_lits:           31110920       100.00 %  learned literals
c minimized:                     0         0.00 %  learned literals
c shrunken:               10134274        32.57 %  learned literals
c minishrunken:            5061618        16.27 %  learned literals
c otfs:                       5277         0.64 %  of conflict
c propagations:          228942060         1.58 M  per second
c reduced:                  483768        58.64 %  per conflict
c rephased:                     40     20625.03    interval
c restarts:                  35675        23.13    interval
c stabilizing:                  12        51.65 %  of conflicts
c substituted:                 592        12.46 %  of all variables
c sweep equivs:                 83         0.72 %  of swept variables
c subsumed:                 603691        21.26 %  of all clauses
c strengthened:              21961         0.77 %  of all clauses
c ticks:               13133359992        59.82    propagation
c vivified:                   7015         0.25 %  of all clauses
c walked:                       12     68750.08    interval
c weakened:                   4321         2.52    average size
c congruence:                   15     55000.07    interval
c 
c seconds are measured in process time for solving
c 
c --- [ glue usage ] ---------------------------------------------------------
c 
c focused glue 1 used 3700827 clauses 77.72% accumulated 77.72% tier1
c focused glue 2 used 573359 clauses 12.04% accumulated 89.77% tier2
c 
c stable glue 1 used 3968860 clauses 66.66% accumulated 66.66% tier1
c stable glue 2 used 657643 clauses 11.04% accumulated 77.71% tier2
c 
c 
c --- [ resources ] ----------------------------------------------------------
c 
c total process time since initialization:       145.14    seconds
c total real time since initialization:          149.12    seconds
c maximum resident set size of process:          948.11    MB
c 
c --- [ shutting down ] ------------------------------------------------------
c 
c exit 20
