c --- [ banner ] -------------------------------------------------------------
c 
c CaDiCaL SAT Solver
c Copyright (c) 2016-2026
c A. Biere, M. Fleury, N. Froleyks, K. Fazekas, F. Pollitt, T. Faller
c JKU Linz, University of Freiburg, TU Wien
c 
c Version 3.0.1 c60730422e758ef1cebe7aeddf2dda31c996bf04
c Apple clang version 17.0.0 (clang-1700.6.3.2) -Wall -Wextra -O3 -DNDEBUG -DNCLOSEFROM
c Wed Aug 12 12:29:40 CEST 2026 Darwin 192.168.1.2 24.6.0 arm64
c 
c --- [ limit ] --------------------------------------------------------------
c 
c setting time limit to 1800 seconds real time (due to '-t 1800')
c 
c --- [ parsing input ] ------------------------------------------------------
c 
c reading DIMACS file from 'results/cnf/z15min4.cnf'
c opening file to read 'results/cnf/z15min4.cnf'
c found 'p cnf 16856 28850142' header
c parsed 28850142 clauses in 3.10 seconds process time
c 
c --- [ options ] ------------------------------------------------------------
c 
c all options are set to their default value
c 
c --- [ solving ] ------------------------------------------------------------
c 
c time measured in process time since initialization
c 
c  seconds  reduction conflicts       size tier2          variables
c         MB    restarts   redundant    glue  trail            remaining
c          level     rate       size/glu tier1   irredundant
c 
c *  3.10  0  0 0   0  0    0    0 0.0 0 0 2 6  0% 27941849 16742 99%
c )  3.69  0  0 0   0  0    0    0 0.0 1 0 2 6  1% 27941849 16736 99%
c {  3.73  0  0 0   0  0    0    0 0.0 1 0 2 6  1% 27941849 16736 99%
c i  3.73  0  0 0   0  0    0    0 0.0 1 0 2 6  1% 27941849 16736 99%
c i  3.73  0  0 0   0  5    1    0 0.0 1 0 2 6  1% 27941849 16735 99%
c i  3.73  0  0 0   0  7    2    0 0.0 1 0 2 6  1% 27941849 16734 99%
c -  4.38  0 266 1   2  3  303  277 1.5 3 2 2 6  5% 27941794 16734 99%
c i  4.42  0 343 1   2  3  409  374 1.5 3 2 2 6  6% 27941794 16730 99%
c i  4.42  0 581 1   2  4  758  700 1.6 3 2 2 6 10% 27941794 16728 99%
c i  4.43  0 600 1   2  5  791  725 1.6 3 2 2 6 10% 27941794 16725 99%
c i  4.43  0 601 1   2  5  797  729 1.6 3 2 2 6 10% 27941794 16722 99%
c }  4.43  0 683 1   3  6 1002  922 1.6 3 2 2 6 12% 27941794 16721 99%
c [  4.43  0  0 1   3  0 1002  922 0.0 0 0 2 6  0% 27941794 16721 99%
c ]  4.44  0  0 1   3  0 1002  922 0.0 0 0 2 6  0% 27941794 16721 99%
c {  4.44  0 683 1   3  6 1002  922 1.6 3 2 2 6 12% 27941794 16721 99%
c O  4.44  0 683 1   3  6 1003  922 1.6 3 2 2 6 12% 27941794 16721 99%
c i  4.44  0 683 1   3  6 1003  922 1.6 3 2 2 6 12% 27941794 16718 99%
c i  4.45  0 680 1   3  6 1008  925 1.6 3 2 2 6 12% 27941794 16716 99%
c i  4.45  0 678 1   3  6 1011  926 1.6 3 2 2 6 12% 27941794 16714 99%
c }  4.45  0 678 1   3  6 1011  926 1.6 3 2 2 6 12% 27941794 16714 99%
c 
c  seconds  reduction conflicts       size tier2          variables
c         MB    restarts   redundant    glue  trail            remaining
c          level     rate       size/glu tier1   irredundant
c 
c [  4.45  0  0 1   3  0 1011  926 0.0 0 0 2 6  0% 27941794 16714 99%
c ]  4.47  0 46 1   3  1 1012  927 1.5 3 2 2 6  7% 27941794 16714 99%
c {  4.47  0 678 1   3  6 1012  927 1.6 3 2 2 6 12% 27941794 16714 99%
c i  4.48  0 675 1   3  6 1019  931 1.6 3 2 2 6 12% 27941794 16712 99%
c i  4.48  0 673 1   3  6 1022  932 1.6 3 2 2 6 12% 27941794 16710 99%
c i  4.48  0 669 1   3  6 1028  935 1.6 3 2 2 6 11% 27941794 16709 99%
c i  4.49  0 663 1   3  6 1042  943 1.6 3 2 2 6 11% 27941794 16705 99%
c i  4.49  0 659 1   3  6 1050  949 1.6 3 2 2 6 11% 27941794 16704 99%
c i  4.49  0 657 1   3  6 1056  953 1.6 3 2 2 6 11% 27941794 16702 99%
c }  4.52  0 647 1   3  6 1082  974 1.6 3 2 2 6 11% 27941794 16699 99%
c [  4.52  0 46 1   3  1 1082  974 1.5 3 2 2 6  7% 27941794 16699 99%
c i  4.54  0 79 1   3  1 1090  979 1.5 3 2 2 6  9% 27941794 16698 99%
c ]  4.56  0 50 1   3  1 1107  995 1.7 4 2 2 6  6% 27941794 16698 99%
c {  4.56  0 647 1   3  6 1107  995 1.6 3 2 2 6 11% 27941794 16698 99%
c i  4.56  0 638 1   4  6 1124 1010 1.6 3 2 2 6 11% 27941794 16692 99%
c i  4.56  0 636 1   5  6 1128 1012 1.6 3 2 2 6 11% 27941794 16691 99%
c i  4.57  0 633 1   6  6 1140 1016 1.6 3 2 2 6 11% 27941794 16689 99%
c i  4.58  0 631 1   6  6 1147 1018 1.6 3 2 2 6 11% 27941794 16687 99%
c i  4.58  0 630 1   6  6 1154 1020 1.6 3 2 2 6 11% 27941794 16685 99%
c i  4.58  0 629 1   6  6 1155 1020 1.6 3 2 2 6 11% 27941794 16683 99%
c 
c  seconds   reduction conflicts       size tier2          variables
c         MB     restarts   redundant    glue  trail            remaining
c           level     rate       size/glu tier1   irredundant
c 
c i  4.58  0 628 1   6  6 1161 1023 1.6 3 2 2 6 11% 27941794 16681 99%
c i  4.58  0 627 1   6  6 1167 1025 1.6 3 2 2 6 11% 27941794 16679 99%
c i  4.58  0 624 1   6  6 1183 1038 1.6 3 2 2 6 11% 27941794 16677 99%
c }  4.60  0 618 1   6  7 1206 1056 1.6 3 2 2 6 12% 27941794 16677 99%
c [  4.60  0 50 1   6  1 1206 1056 1.7 4 2 2 6  6% 27941794 16677 99%
c ]  4.64  0 51 1   6  3 1214 1062 1.6 4 2 2 6  8% 27941794 16677 99%
c {  4.64  0 618 1   6  7 1214 1062 1.6 3 2 2 6 12% 27941794 16677 99%
c }  4.71  0 588 1  24  7 1279 1117 1.6 3 2 2 6 12% 27941794 16677 99%
c [  4.71  0 51 1  24  3 1279 1117 1.6 4 2 2 6  8% 27941794 16677 99%
c i  4.75  0 202 1  24 13 1375 1192 1.9 8 4 2 6 43% 27941794 16676 99%
c ]  4.75  0 243 1  24 10 1416 1226 2.1 11 5 2 6 52% 27941794 16676 99%
c {  4.75  0 588 1  24  7 1416 1226 1.6 3 2 2 6 12% 27941794 16676 99%
c }  4.85  0 539 1  59  8 1542 1327 1.6 3 2 2 6 14% 27941794 16676 99%
c [  4.85  0 243 1  59 10 1542 1327 2.1 11 5 2 6 52% 27941794 16676 99%
c i  4.85  0 237 1  59 11 1554 1338 2.0 10 5 2 6 52% 27941794 16674 99%
c -  8.32  0 192 2  59  7 1803 1460 3.3 21 7 2 6 54% 27941423 16674 99%
c i  8.32  0 189 2  59  7 1811 1466 3.3 21 7 2 6 53% 27941423 16672 99%
c i  8.37  0 186 2  59  7 1874 1525 3.3 21 6 2 6 51% 27941423 16671 99%
c ]  8.39  0 182 2  59  7 1921 1569 3.5 22 6 2 6 50% 27941423 16671 99%
c {  8.39  0 539 2  59  8 1921 1569 1.6 3 2 2 6 14% 27941423 16671 99%
c 
c  seconds   reduction conflicts       size tier2          variables
c         MB     restarts   redundant    glue  trail            remaining
c           level     rate       size/glu tier1   irredundant
c 
c i  8.49  0 495 2  99 10 2073 1684 1.6 3 2 2 6 16% 27941423 16669 99%
c }  8.51  0 484 2 108 10 2114 1716 1.6 3 2 2 6 17% 27941423 16669 99%
c [  8.51  0 182 2 108  7 2114 1716 3.5 22 6 2 6 50% 27941423 16669 99%
c i  8.53  0 233 2 108  6 2498 2060 3.3 18 5 2 6 50% 27941423 16668 99%
c i  8.55  0 239 2 109  6 2680 2228 3.2 16 5 2 6 49% 27941423 16666 99%
c i  8.55  0 239 2 109  6 2682 2229 3.2 16 5 2 6 49% 27941423 16664 99%
c i  8.57  0 228 2 109  6 2830 2352 3.1 15 5 2 6 47% 27941422 16663 99%
c i  8.58  0 228 2 109  6 2869 2390 3.1 14 5 2 6 47% 27941422 16662 99%
c i  8.58  0 227 2 109  7 2912 2424 3.1 14 5 2 6 47% 27941422 16657 99%
c i  8.58  0 226 2 109  7 2919 2429 3.1 14 5 2 6 47% 27941422 16656 99%
c I  8.59  0 218 2 109  6 3004 2497 3.1 14 5 2 6 45% 27941422 16656 99%
c i  8.61  0 213 2 109  6 3048 2535 3.0 14 5 2 6 45% 27941422 16650 99%
c ]  8.61  0 213 2 109  6 3048 2535 3.0 14 5 2 6 45% 27941422 16650 99%
c {  8.61  0 484 2 109 10 3048 2535 1.6 3 2 2 6 17% 27941422 16650 99%
c }  8.74  0 434 2 154 10 3249 2708 1.7 4 2 2 6 21% 27941421 16650 99%
c [  8.74  0 213 2 154  6 3249 2708 3.0 14 5 2 6 45% 27941421 16650 99%
c ]  8.83  0 208 2 154  6 3291 2745 3.0 14 5 2 6 44% 27941421 16650 99%
c {  8.83  0 434 2 154 10 3291 2745 1.7 4 2 2 6 21% 27941421 16650 99%
c }  8.97  0 422 2 170 10 3347 2794 1.7 4 2 2 6 21% 27941421 16650 99%
c [  8.97  0 208 2 170  6 3347 2794 3.0 14 5 2 6 44% 27941421 16650 99%
c 
c  seconds   reduction conflicts       size  tier2          variables
c         MB     restarts   redundant     glue  trail            remaining
c           level     rate       size/glue tier1   irredundant
c 
c ]  9.10  0 199 2 171  6 4076 3452 2.7 13 5 2 6 47% 27941421 16650 99%
c {  9.10  0 422 2 171 10 4076 3452 1.7 4 2 2 6 21% 27941421 16650 99%
c i  9.15  0 410 2 180 10 4148 3517 1.7 4 2 2 6 22% 27941421 16646 99%
c i  9.20  0 399 2 193 10 4209 3566 1.7 4 2 2 6 22% 27941421 16645 99%
c i  9.20  0 397 2 196 11 4220 3574 1.7 4 2 2 6 22% 27941421 16640 99%
c i  9.20  0 394 2 202 11 4245 3594 1.7 4 2 2 6 22% 27941421 16639 99%
c i  9.26  0 383 2 218 11 4305 3647 1.7 4 2 2 6 22% 27941421 16638 99%
c }  9.30  0 375 2 224 11 4357 3692 1.7 4 2 2 6 22% 27941421 16638 99%
c [  9.30  0 199 2 224  6 4357 3692 2.7 13 5 2 6 47% 27941421 16638 99%
c - 10.97  0 171 3 224  5 5460 4292 3.1 15 5 2 3 59% 27941204 16638 99%
c 2 11.07  0 169 3 224  5 5545 4348 3.1 15 5 2 3 60% 27941202 16638 99%
c d 11.48  0 169 3 224  5 5545 4330 3.1 15 5 2 3 60% 27940797 16457 98%
c d 11.90  0 169 3 224  5 5545 4330 3.1 15 5 2 3 60% 27940696 16437 98%
c p 11.96  0 169 3 224  5 5545 15321 3.1 15 5 2 3 60% 27940696 16437 98%
c c 20.57  0 169 3 224  5 5545 15321 3.1 15 5 2 3 60% 27961214 16385 97%
c d 21.06  0 169 3 224  5 5545 15297 3.1 15 5 2 3 60% 27959012 15448 92%
c 2 21.17  0 169 3 224  5 5545 14843 3.1 15 5 2 3 60% 27957989 15448 92%
c t 21.25  0 169 3 224  5 5545 14843 3.1 15 5 2 3 60% 27957772 15438 92%
c B 21.36  0 194 3 224  5 6006 15270 3.4 18 5 2 3 63% 27957772 15438 92%
c i 21.45  0 202 3 224  5 6123 15365 3.4 18 5 2 3 62% 27957772 15437 92%
c 
c  seconds   reduction conflicts        size  tier2          variables
c         MB     restarts    redundant     glue  trail            remaining
c           level     rate        size/glue tier1   irredundant
c 
c ] 21.45  0 202 3 224  5 6123 15365 3.4 18 5 2 3 62% 27957772 15437 92%
c { 21.45  0 375 3 224 11 6123 15365 1.7 4 2 2 6 22% 27957772 15437 92%
c i 21.47  0 372 3 231 11 6145 15385 1.7 4 2 2 6 22% 27957772 15435 92%
c i 21.47  0 370 3 234 11 6156 15393 1.7 4 2 2 6 22% 27957772 15433 92%
c i 21.48  0 368 3 237 11 6169 15403 1.7 4 2 2 6 22% 27957772 15431 92%
c i 21.48  0 367 3 238 11 6173 15405 1.7 4 2 2 6 22% 27957772 15430 92%
c i 21.48  0 366 3 238 11 6180 15410 1.7 4 2 2 6 22% 27957772 15427 92%
c i 21.61  0 354 3 258 12 6266 15485 1.7 4 2 2 6 22% 27957772 15426 92%
c } 21.66  0 341 3 267 11 6368 15569 1.7 4 2 2 6 21% 27957772 15426 92%
c [ 21.66  0 202 3 267  5 6368 15569 3.4 18 5 2 3 62% 27957772 15426 92%
c i 21.71  0 197 3 267  5 6658 15838 3.3 18 5 2 3 61% 27957772 15425 92%
c ] 21.85  0 203 3 268  5 6836 16003 3.3 18 5 2 3 61% 27957772 15425 92%
c { 21.85  0 341 3 268 11 6836 16003 1.7 4 2 2 6 21% 27957772 15425 92%
c i 21.88  0 339 3 273 11 6851 16015 1.7 4 2 2 6 22% 27957772 15423 91%
c i 21.90  0 335 3 281 11 6883 16040 1.7 4 2 2 6 21% 27957772 15422 91%
c i 21.91  0 333 3 288 12 6905 16060 1.7 4 2 2 6 21% 27957772 15420 91%
c i 21.92  0 332 3 289 12 6908 16062 1.7 4 2 2 6 21% 27957772 15417 91%
c i 21.92  0 332 3 289 12 6911 16064 1.7 4 2 2 6 21% 27957772 15415 91%
c i 21.92  0 331 3 289 12 6923 16071 1.7 4 2 2 6 21% 27957772 15414 91%
c i 22.03  0 312 3 319 12 7121 16241 1.8 4 2 1 2 21% 27957772 15412 91%
c 
c  seconds   reduction conflicts        size tier2          variables
c         MB     restarts    redundant    glue  trail            remaining
c           level     rate        size/glu tier1   irredundant
c 
c } 22.13  0 307 3 332 12 7169 16282 1.8 4 2 1 2 21% 27957772 15412 91%
c [ 22.13  0 203 3 332  5 7169 16282 3.3 18 5 2 3 61% 27957772 15412 91%
c i 22.29  0 195 3 332  5 7387 16455 3.2 17 5 2 3 59% 27957772 15407 91%
c i 22.30  0 195 3 332  5 7393 16457 3.2 17 5 2 3 59% 27957772 15406 91%
c ] 22.38  0 192 3 332  5 7466 16522 3.2 17 5 2 3 58% 27957772 15406 91%
c { 22.38  0 307 3 332 12 7466 16522 1.8 4 2 1 2 21% 27957772 15406 91%
c } 22.65  0 300 3 353 12 7548 16594 1.8 4 2 1 2 21% 27957772 15406 91%
c [ 22.65  0 192 3 353  5 7548 16594 3.2 17 5 2 3 58% 27957772 15406 91%
c i 22.87  0 169 3 354  4 9027 17916 3.2 18 6 2 3 55% 27957772 15405 91%
c ] 22.88  0 168 3 354  4 9068 17954 3.2 18 6 2 3 54% 27957772 15405 91%
c { 22.88  0 300 3 354 12 9068 17954 1.8 4 2 1 2 21% 27957772 15405 91%
c } 23.25  0 284 3 402 12 9235 18104 1.8 4 2 2 3 21% 27957772 15405 91%
c [ 23.25  0 168 3 402  4 9235 18104 3.2 18 6 2 3 54% 27957772 15405 91%
c ] 23.51  0 170 3 403  4 9780 18602 3.3 20 6 2 3 56% 27957772 15405 91%
c { 23.51  0 284 3 403 12 9780 18602 1.8 4 2 2 3 21% 27957772 15405 91%
c i 23.72  0 273 3 441 12 9914 18723 1.8 4 2 2 3 21% 27957772 15404 91%
c i 23.72  0 273 3 442 12 9915 18723 1.8 4 2 2 3 21% 27957772 15400 91%
c i 23.73  0 272 3 443 12 9920 18726 1.8 4 2 2 3 21% 27957772 15399 91%
c i 23.82  0 268 3 460 12 9983 18786 1.8 4 3 2 3 21% 27957772 15396 91%
c i 23.83  0 267 3 462 12 9992 18794 1.8 4 3 2 3 21% 27957772 15394 91%
c 
c  seconds   reductions conflicts        size tier2          variables
c         MB     restarts     redundant    glue  trail            remaining
c           level     rate         size/glu tier1   irredundant
c 
c O 23.87  0 266 3 467 12 10007 18809 1.8 4 3 2 3 21% 27957772 15394 91%
c } 23.96  0 263 3 477 12 10043 18841 1.8 4 3 2 3 22% 27957772 15394 91%
c [ 23.96  0 170 3 477  4 10043 18841 3.3 20 6 2 3 56% 27957772 15394 91%
c ] 24.24  0 160 3 477  4 10605 19362 3.4 21 6 2 3 58% 27957772 15394 91%
c { 24.24  0 263 3 477 12 10605 19362 1.8 4 3 2 3 22% 27957772 15394 91%
c i 24.32  0 258 3 496 12 10677 19423 1.8 5 3 2 3 22% 27957772 15393 91%
c i 24.37  0 256 3 507 12 10715 19454 1.8 5 3 2 3 22% 27957772 15392 91%
c i 24.37  0 255 3 507 12 10720 19454 1.8 5 3 2 3 22% 27957772 15391 91%
c i 24.46  0 252 3 521 12 10777 19503 1.8 5 3 2 3 22% 27957772 15390 91%
c } 24.71  0 246 3 541 12 10880 19594 1.8 5 3 2 3 22% 27957772 15390 91%
c [ 24.71  0 160 3 541  4 10880 19594 3.4 21 6 2 3 58% 27957772 15390 91%
c - 26.38  0 151 4 541  4 11825 7223 3.4 21 6 2 3 58% 27957384 15390 91%
c 2 26.44  0 151 4 541  4 11825 7210 3.4 21 6 2 3 58% 27957382 15390 91%
c d 26.90  0 151 4 541  4 11825 7198 3.4 21 6 2 3 58% 27957285 15350 91%
c c 33.16  0 151 4 541  4 11825 7198 3.4 21 6 2 3 58% 27965104 15350 91%
c d 33.66  0 151 4 541  4 11825 7192 3.4 21 6 2 3 58% 27964447 15068 89%
c k 33.72  0 151 4 541  4 11825 7192 3.4 21 6 2 3 58% 27964447 14987 89%
c 2 33.76  0 151 4 541  4 11825 7169 3.4 21 6 2 3 58% 27964187 14987 89%
c t 33.83  0 151 4 541  4 11825 7169 3.4 21 6 2 3 58% 27964068 14987 89%
c ] 35.80  0 150 4 541  4 11948 7252 3.4 21 6 2 3 57% 27963555 14987 89%
c 
c  seconds   reductions conflicts       size tier2          variables
c         MB     restarts    redundant    glue  trail            remaining
c           level     rate        size/glu tier1   irredundant
c 
c { 35.80  0 246 4 541 12 11948 7252 1.8 5 3 2 3 25% 27963555 14987 89%
c i 35.81  0 246 4 543 12 11952 7255 1.8 5 3 2 3 25% 27963555 14984 89%
c i 35.99  0 238 4 578 12 12107 7391 1.8 5 3 2 3 24% 27963555 14983 89%
c } 36.37  0 227 4 605 12 12304 7563 1.8 5 3 2 3 24% 27963555 14983 89%
c [ 36.37  0 150 4 605  4 12304 7563 3.4 21 6 2 3 57% 27963555 14983 89%
c i 36.42  0 149 4 605  4 12459 7708 3.4 21 6 2 3 55% 27963555 14982 89%
c ] 36.86  0 151 4 606  4 13668 8796 3.7 27 7 2 3 69% 27963555 14982 89%
c { 36.86  0 227 4 606 12 13668 8796 1.8 5 3 2 3 24% 27963555 14982 89%
c i 36.99  0 224 4 619 12 13758 8875 1.8 5 3 2 3 24% 27963555 14981 89%
c i 36.99  0 224 4 620 12 13761 8877 1.8 5 3 2 3 24% 27963555 14979 89%
c i 36.99  0 224 4 621 12 13768 8881 1.8 5 3 2 3 24% 27963555 14977 89%
c i 37.37  0 213 4 678 12 14008 9088 1.9 5 3 2 3 24% 27963555 14974 89%
c } 37.53  0 211 4 694 12 14065 9137 1.9 5 3 2 3 24% 27963555 14974 89%
c [ 37.53  0 151 4 694  4 14065 9137 3.7 27 7 2 3 69% 27963555 14974 89%
c i 37.54  0 151 4 694  4 14074 9145 3.7 27 7 2 3 69% 27963555 14971 89%
c i 37.56  0 151 4 694  4 14167 9226 3.7 27 7 2 3 66% 27963555 14970 89%
c W 39.17  0 154 4 694  4 15010 9987 3.6 28 8 2 3 58% 27963424 14968 89%
c ] 39.58  0 173 4 694  4 17226 11913 3.2 40 13 2 3 69% 27963424 14968 89%
c { 39.58  0 211 4 694 12 17226 11913 1.9 5 3 2 3 24% 27963424 14968 89%
c i 39.79  0 207 4 721 12 17342 12011 1.9 5 3 2 3 24% 27963424 14967 89%
c 
c  seconds   reductions conflicts        size tier2          variables
c         MB     restarts     redundant    glue  trail            remaining
c           level     rate         size/glu tier1   irredundant
c 
c i 39.79  0 207 4 721 12 17343 12011 1.9 5 3 2 3 24% 27963424 14965 89%
c i 39.80  0 206 4 727 12 17365 12028 1.9 5 3 2 3 24% 27963424 14964 89%
c i 39.80  0 205 4 728 12 17372 12031 1.9 5 3 2 3 24% 27963424 14962 89%
c i 39.86  0 203 4 729 12 17433 12088 1.9 5 3 2 3 24% 27963424 14958 89%
c } 40.21  0 193 4 801 12 17736 12354 1.9 5 3 2 3 24% 27963424 14958 89%
c [ 40.21  0 173 4 801  4 17736 12354 3.2 40 13 2 3 69% 27963424 14958 89%
c ] 40.68  0 170 4 803  4 19004 13507 3.9 50 13 2 3 72% 27963424 14958 89%
c { 40.68  0 193 4 803 12 19004 13507 1.9 5 3 2 3 24% 27963424 14958 89%
c i 40.78  0 190 4 823 12 19105 13596 1.9 5 3 2 3 24% 27963424 14957 89%
c i 40.78  0 190 4 823 12 19109 13599 1.9 5 3 2 3 24% 27963424 14956 89%
c i 40.79  0 190 4 823 12 19113 13602 1.9 5 3 2 3 24% 27963424 14955 89%
c i 40.82  0 188 4 833 12 19179 13657 1.9 5 3 2 3 24% 27963424 14951 89%
c i 40.85  0 186 4 834 12 19236 13702 1.9 5 3 2 3 24% 27963424 14950 89%
c i 40.86  0 185 4 834 12 19269 13727 1.9 5 3 2 3 24% 27963424 14949 89%
c i 40.87  0 185 4 834 12 19271 13727 1.9 5 3 2 3 24% 27963424 14945 89%
c i 40.93  0 185 4 837 12 19313 13763 1.9 5 3 2 3 24% 27963424 14944 89%
c i 40.94  0 184 4 840 12 19330 13779 1.9 5 3 2 3 24% 27963424 14943 89%
c i 40.94  0 184 4 840 12 19339 13786 1.9 5 3 2 3 24% 27963424 14942 89%
c i 41.13  0 179 4 868 12 19540 13965 1.9 5 3 2 3 24% 27963424 14941 89%
c i 41.16  0 178 4 876 12 19586 14006 1.9 5 3 2 3 24% 27963424 14939 89%
c 
c  seconds   reductions conflicts        size tier2          variables
c         MB     restarts     redundant    glue  trail            remaining
c           level     rate         size/glu tier1   irredundant
c 
c i 41.16  0 178 4 876 12 19593 14009 1.9 5 3 2 3 24% 27963424 14935 89%
c } 41.43  0 170 4 938 12 19946 14319 1.9 6 3 2 3 24% 27963424 14935 89%
c [ 41.43  0 170 4 938  4 19946 14319 3.9 50 13 2 3 72% 27963424 14935 89%
c O 41.68  0 164 4 939  4 21011 15295 3.8 50 13 2 3 73% 27963424 14935 89%
c i 41.68  0 164 4 939  4 21011 15295 3.8 50 13 2 3 73% 27963424 14934 89%
c i 41.68  0 164 4 939  4 21013 15296 3.8 50 13 2 3 73% 27963424 14931 89%
c i 41.71  0 164 4 939  4 21055 15331 3.8 50 13 2 3 72% 27963424 14930 89%
c - 42.97  0 163 5 939  4 21193 10672 3.8 50 13 2 3 71% 27963153 14930 89%
c 2 43.02  0 163 5 939  4 21193 10623 3.8 50 13 2 3 71% 27963148 14929 89%
c d 43.47  0 163 5 939  4 21193 10621 3.8 50 13 2 3 71% 27962993 14856 88%
c c 53.25  0 163 5 939  4 21193 10621 3.8 50 13 2 3 71% 27963978 14854 88%
c d 53.68  0 163 5 939  4 21193 10619 3.8 50 13 2 3 71% 27963968 14851 88%
c k 53.74  0 163 5 939  4 21193 10619 3.8 50 13 2 3 71% 27963968 14841 88%
c 2 53.78  0 163 5 939  4 21193 10619 3.8 50 13 2 3 71% 27963964 14841 88%
c t 53.87  0 163 5 939  4 21193 10619 3.8 50 13 2 3 71% 27963684 14841 88%
c i 53.96  0 162 5 939  4 21304 10720 3.8 50 13 2 3 70% 27963684 14839 88%
c s 54.43  0 161 5 939  4 21411 10810 3.8 49 13 1 2 70% 27818806 14839 88%
c t 54.75  0 161 5 939  4 21411 10809 3.8 49 13 1 2 70% 27813728 14839 88%
c e 55.41  0 161 5 939  4 21411 8609 3.8 49 13 1 2 70% 27811743 13768 82%
c s 55.77  0 161 5 939  4 21411 8595 3.8 49 13 1 2 70% 27721398 13768 82%
c 
c  seconds   reductions conflicts       size   tier2          variables
c         MB     restarts    redundant     glue   trail            remaining
c           level     rate        size/glue  tier1   irredundant
c 
c e 56.36  0 161 5 939  4 21411 8593 3.8 49 13 1 2 70% 27721394 13764 82%
c i 56.81  0 158 5 939  4 22619 9700 3.8 49 13 1 2 67% 27721394 13763 82%
c i 56.85  0 157 5 939  4 22787 9851 3.8 48 13 1 2 66% 27721394 13762 82%
c ] 56.88  0 157 5 939  4 22901 9957 3.8 48 13 1 2 66% 27721394 13762 82%
c { 56.88  0 170 5 939 12 22901 9957 1.9 6 3 2 3 24% 27721394 13762 82%
c i 57.48  0 159 5 1081 12 23494 10471 1.9 6 3 2 3 24% 27721392 13759 82%
c } 57.74  0 157 5 1109 12 23615 10572 1.9 6 3 2 3 24% 27721391 13759 82%
c [ 57.74  0 157 5 1109  4 23615 10572 3.8 48 13 1 2 66% 27721391 13759 82%
c i 58.42  0 154 5 1111  4 25576 12312 3.7 47 13 1 2 61% 27721390 13757 82%
c ] 58.47  0 154 5 1111  4 25698 12428 3.7 47 13 1 2 61% 27721390 13757 82%
c { 58.47  0 157 5 1111 12 25698 12428 1.9 6 3 2 3 24% 27721390 13757 82%
c i 58.72  0 150 5 1197 12 26098 12779 1.9 6 3 2 3 24% 27721389 13756 82%
c i 58.74  0 149 5 1205 12 26150 12826 1.9 6 3 2 3 24% 27721389 13755 82%
c i 58.75  0 149 5 1205 12 26162 12837 1.9 6 3 2 3 24% 27721389 13754 82%
c i 59.12  0 144 5 1283 12 26504 13142 1.9 6 3 2 3 24% 27721387 13753 82%
c i 59.35  0 141 5 1336 12 26738 13345 1.9 6 3 2 3 24% 27721387 13751 82%
c } 59.51  0 138 5 1390 12 26981 13550 1.9 6 3 2 3 24% 27721386 13751 82%
c [ 59.51  0 154 5 1390  4 26981 13550 3.7 47 13 1 2 61% 27721386 13751 82%
c i 59.56  0 155 5 1391  4 27275 13824 3.7 47 13 1 2 61% 27721386 13749 82%
c B 59.94  0 167 5 1391  4 28012 14492 3.6 46 13 1 2 59% 27721386 13749 82%
c 
c  seconds   reductions  conflicts        size   tier2          variables
c         MB     restarts      redundant     glue   trail            remaining
c           level      rate         size/glue  tier1   irredundant
c 
c ] 60.30  0 166 5 1391  4 28535 14957 3.7 48 13 1 2 60% 27721386 13749 82%
c { 60.30  0 138 5 1391 12 28535 14957 1.9 6 3 2 3 24% 27721386 13749 82%
c i 60.45  0 137 5 1414 12 28625 15036 1.9 6 3 2 3 24% 27721386 13748 82%
c i 60.45  0 137 5 1416 12 28632 15040 1.9 6 3 2 3 24% 27721386 13747 82%
c i 60.46  0 137 5 1418 12 28639 15044 1.9 6 3 2 3 24% 27721386 13746 82%
c i 61.28  0 127 5 1572 12 29484 15794 1.9 6 3 2 3 24% 27721385 13742 82%
c } 61.37  0 126 5 1581 12 29575 15878 1.9 6 3 2 3 24% 27721383 13742 82%
c [ 61.37  0 166 5 1581  4 29575 15878 3.7 48 13 1 2 60% 27721383 13742 82%
c ] 62.24  0 166 5 1582  4 30566 16777 3.7 49 13 1 2 58% 27721383 13742 82%
c { 62.24  0 126 5 1582 12 30566 16777 1.9 6 3 2 3 24% 27721383 13742 82%
c i 62.41  0 125 5 1613 12 30695 16886 1.9 6 3 2 3 24% 27721381 13741 82%
c } 63.38  0 124 5 1692 12 30993 17152 1.9 7 3 2 3 24% 27721378 13741 82%
c [ 63.38  0 166 5 1692  4 30993 17152 3.7 49 13 1 2 58% 27721378 13741 82%
c i 63.51  0 164 5 1692  4 31671 17767 3.6 48 13 1 2 57% 27721377 13740 82%
c i 63.91  0 163 5 1692  4 32649 18665 3.6 47 13 1 2 55% 27721377 13738 82%
c ] 64.15  0 161 5 1692  4 33101 19078 3.6 47 13 1 2 54% 27721377 13738 82%
c { 64.15  0 124 5 1692 12 33101 19078 1.9 7 3 2 3 24% 27721377 13738 82%
c i 64.55  0 122 5 1758 13 33365 19311 1.9 7 3 2 3 24% 27721376 13736 81%
c i 64.63  0 122 5 1777 13 33434 19374 1.9 7 3 2 3 24% 27721376 13734 81%
c i 64.63  0 122 5 1778 13 33435 19374 1.9 7 3 2 3 24% 27721376 13731 81%
c 
c  seconds   reductions  conflicts        size tier2          variables
c         MB     restarts      redundant    glue  trail            remaining
c           level      rate         size/glu tier1   irredundant
c 
c i 64.64  0 122 5 1781 13 33456 19391 1.9 7 3 2 3 24% 27721376 13729 81%
c - 66.53  0 120 6 1815 13 33735 13667 1.9 7 3 2 3 24% 27721096 13729 81%
c 2 66.60  0 120 6 1815 13 33735 13623 1.9 7 3 2 3 24% 27711379 13727 81%
c d 67.10  0 120 6 1815 13 33735 13613 1.9 7 3 2 3 24% 27711311 13708 81%
c c 73.35  0 120 6 1815 13 33735 13612 1.9 7 3 2 3 24% 27711785 13708 81%
c d 73.82  0 120 6 1815 13 33735 13610 1.9 7 3 2 3 24% 27711779 13705 81%
c 2 73.92  0 120 6 1815 13 33735 13608 1.9 7 3 2 3 24% 27711777 13705 81%
c = 75.79  0 120 6 1815 13 33735 13545 1.9 7 3 2 3 24% 27710677 13500 80%
c t 75.91  0 120 6 1815 13 33735 13545 1.9 7 3 2 3 24% 27710402 13500 80%
c i 76.36  0 116 6 1899 13 34245 13996 1.9 7 3 2 3 24% 27710402 13498 80%
c } 76.46  0 115 6 1920 12 34467 14190 1.9 7 3 2 3 24% 27710402 13498 80%
c [ 76.46  0 161 6 1920  4 34467 14190 3.6 47 13 1 2 54% 27710402 13498 80%
c W 78.44  0 156 6 1920  4 36014 15612 3.7 47 13 1 2 54% 27710384 13498 80%
c ] 79.12  0 142 6 1921  3 41251 20148 3.5 44 12 1 2 60% 27710383 13498 80%
c { 79.12  0 115 6 1921 12 41251 20148 1.9 7 3 2 3 24% 27710383 13498 80%
c i 79.62  0 113 6 2007 13 41614 20475 1.9 7 3 2 3 24% 27710383 13497 80%
c i 79.89  0 112 6 2035 13 41778 20613 1.9 7 3 2 3 24% 27710383 13494 80%
c i 80.01  0 110 6 2039 12 41956 20759 1.9 7 3 2 3 23% 27710382 13493 80%
c } 80.32  0 108 6 2087 12 42253 21018 1.9 7 4 2 3 23% 27710380 13492 80%
c [ 80.32  0 142 6 2087  3 42253 21018 3.5 44 12 1 2 60% 27710380 13492 80%
c 
c  seconds   reductions  conflicts        size   tier2          variables
c         MB     restarts      redundant     glue   trail            remaining
c           level      rate         size/glue  tier1   irredundant
c 
c ] 81.08  0 134 6 2087  3 44585 23169 3.6 43 12 1 2 59% 27710378 13492 80%
c { 81.08  0 108 6 2087 12 44585 23169 1.9 7 4 2 3 23% 27710378 13492 80%
c i 81.17  0 108 6 2100 12 44655 23231 1.9 7 4 2 3 23% 27710378 13491 80%
c i 81.32  0 108 6 2118 12 44737 23297 1.9 7 4 2 3 23% 27710378 13490 80%
c i 81.52  0 107 6 2140 12 44850 23395 1.9 7 4 2 3 23% 27710378 13489 80%
c # 83.36  0 106 6 2152 12 45015 23521 1.9 7 4 2 3 36% 27710300 13489 80%
c i 83.37  0 106 6 2154 12 45023 23524 1.9 7 4 2 3 34% 27710300 13487 80%
c i 83.51  0 106 6 2167 12 45128 23613 1.9 7 4 2 3 26% 27710297 13486 80%
c i 83.74  0 105 6 2198 12 45340 23801 1.9 7 4 2 3 23% 27710297 13482 80%
c i 83.74  0 105 6 2198 12 45343 23802 1.9 7 4 2 3 22% 27710297 13480 80%
c i 83.74  0 105 6 2198 12 45347 23804 1.9 7 4 2 3 22% 27710297 13478 80%
c i 83.75  0 105 6 2198 12 45362 23814 1.9 7 4 2 3 22% 27710297 13476 80%
c } 83.88  0 104 6 2202 12 45652 24053 1.9 7 4 2 3 24% 27710294 13472 80%
c [ 83.88  0 134 6 2202  3 45652 24053 3.6 43 12 1 2 65% 27710294 13472 80%
c i 84.10  0 134 6 2202  3 45881 24267 3.6 42 12 1 2 65% 27710294 13471 80%
c i 84.61  0 130 6 2202  3 47091 25371 3.5 41 12 1 2 63% 27710294 13469 80%
c ] 85.00  0 128 6 2203  3 47774 26007 3.6 41 12 1 2 63% 27710294 13469 80%
c { 85.00  0 104 6 2203 12 47774 26007 1.9 7 4 2 3 24% 27710294 13469 80%
c } 86.57  0 99 6 2474 12 49160 27256 2.0 7 4 2 3 29% 27710294 13469 80%
c [ 86.57  0 128 6 2474  3 49160 27256 3.6 41 12 1 2 63% 27710294 13469 80%
c 
c  seconds   reductions  conflicts        size   tier2          variables
c         MB     restarts      redundant     glue   trail            remaining
c           level      rate         size/glue  tier1   irredundant
c 
c - 88.70  0 128 7 2474  3 49540 19274 3.6 41 12 1 2 62% 27710151 13469 80%
c 2 88.76  0 128 7 2474  3 49540 19259 3.6 41 12 1 2 62% 27710141 13466 80%
c d 89.22  0 128 7 2474  3 49540 19247 3.6 41 12 1 2 62% 27710065 13446 80%
c k 95.15  0 128 7 2474  3 49540 19247 3.6 41 12 1 2 62% 27710359 13445 80%
c t 95.28  0 128 7 2474  3 49540 19247 3.6 41 12 1 2 62% 27709589 13445 80%
c ] 96.14  0 127 7 2475  3 50182 19821 3.5 41 12 1 2 63% 27709589 13445 80%
c { 96.14  0 99 7 2475 12 50182 19821 2.0 7 4 2 3 29% 27709589 13445 80%
c i 96.91  0 96 7 2574 12 50878 20429 2.0 7 4 2 3 26% 27709588 13444 80%
c } 97.69  0 95 7 2681 12 51740 21182 2.0 7 4 2 3 27% 27709587 13444 80%
c [ 97.69  0 127 7 2681  3 51740 21182 3.5 41 12 1 2 63% 27709587 13444 80%
c i 97.69  0 127 7 2681  3 51744 21184 3.5 41 12 1 2 63% 27709587 13443 80%
c i 98.11  0 127 7 2682  3 52327 21730 3.5 41 12 1 2 62% 27709587 13442 80%
c I 98.87  0 119 7 2683  3 55016 24116 3.5 40 11 1 2 62% 27709584 13442 80%
c ] 99.02  0 119 7 2683  3 55105 24194 3.5 40 11 1 2 62% 27709584 13442 80%
c { 99.02  0 95 7 2683 12 55105 24194 2.0 7 4 2 3 27% 27709584 13442 80%
c i 99.05  0 94 7 2689 12 55134 24220 2.0 7 4 2 3 27% 27709584 13441 80%
c i 99.41  0 93 7 2767 12 55723 24741 1.9 7 4 2 3 26% 27709582 13439 80%
c i 100.20  0 91 7 2878 11 56579 25485 1.9 7 4 2 3 25% 27709580 13437 80%
c } 100.63  0 90 7 2951 11 57062 25921 1.9 7 4 2 3 25% 27709580 13437 80%
c [ 100.63  0 119 7 2951  3 57062 25921 3.5 40 11 1 2 62% 27709580 13437 80%
c 
c  seconds    reductions  conflicts        size   tier2          variables
c          MB     restarts      redundant     glue   trail            remaining
c            level      rate         size/glue  tier1   irredundant
c 
c i 100.90  0 118 7 2952  3 57914 26695 3.5 39 11 1 2 61% 27709580 13436 80%
c ] 102.00  0 118 7 2953  3 59617 28276 3.5 39 11 1 2 59% 27709580 13436 80%
c { 102.00  0 90 7 2953 11 59617 28276 1.9 7 4 2 3 25% 27709580 13436 80%
c i 102.10  0 90 7 2974 11 59827 28444 1.9 7 4 2 3 25% 27709580 13435 80%
c i 102.81  0 89 7 3059 11 60308 28884 1.9 7 4 2 3 25% 27709579 13434 80%
c i 103.24  0 89 7 3114 11 60570 29115 1.9 7 4 2 3 25% 27709579 13433 80%
c i 103.24  0 89 7 3114 11 60571 29115 1.9 7 4 2 3 25% 27709579 13429 80%
c i 103.66  0 88 7 3145 11 60830 29345 1.9 7 4 2 3 25% 27709578 13428 80%
c } 103.80  0 88 7 3164 11 60997 29494 1.9 7 4 2 3 25% 27709578 13428 80%
c [ 103.80  0 118 7 3164  3 60997 29494 3.5 39 11 1 2 59% 27709578 13428 80%
c i 103.82  0 118 7 3164  3 61002 29498 3.5 39 11 1 2 59% 27709578 13427 80%
c i 103.83  0 118 7 3164  3 61006 29499 3.5 39 11 1 2 59% 27709578 13424 80%
c i 103.89  0 118 7 3164  3 61032 29517 3.5 39 11 1 2 58% 27709578 13421 80%
c i 103.91  0 118 7 3164  3 61045 29523 3.5 39 11 1 2 58% 27709578 13420 80%
c i 103.91  0 118 7 3164  3 61049 29525 3.5 39 11 1 2 58% 27709578 13418 80%
c ] 105.59  0 121 7 3165  3 63474 31793 3.3 39 12 1 2 56% 27709578 13418 80%
c { 105.59  0 88 7 3165 11 63474 31793 1.9 7 4 2 3 25% 27709578 13418 80%
c i 106.00  0 87 7 3243 11 63998 32262 1.9 7 4 2 3 25% 27709578 13417 80%
c s 107.84  0 85 7 3458 11 65317 33448 2.0 8 4 2 3 25% 27668761 13417 80%
c t 108.17  0 85 7 3458 11 65317 33448 2.0 8 4 2 3 25% 27665697 13417 80%
c 
c  seconds   reductions  conflicts        size tier2          variables
c          MB    restarts      redundant    glue  trail            remaining
c           level      rate         size/glu tier1   irredundant
c 
c e 108.82  0 85 7 3458 11 65317 29410 2.0 8 4 2 3 25% 27665079 13279 79%
c s 109.25  0 85 7 3458 11 65317 29410 2.0 8 4 2 3 25% 27578640 13279 79%
c } 110.25  0 85 7 3475 11 65436 29516 2.0 8 4 2 3 25% 27578640 13279 79%
c [ 110.25  0 121 7 3475  3 65436 29516 3.3 39 12 1 2 56% 27578640 13279 79%
c B 111.50  0 120 7 3475  3 66017 30052 3.3 39 12 1 2 56% 27578640 13279 79%
c ] 111.80  0 120 7 3475  3 66224 30216 3.3 39 12 1 2 56% 27578640 13279 79%
c { 111.80  0 85 7 3475 11 66224 30216 2.0 8 4 2 3 25% 27578640 13279 79%
c i 112.31  0 84 7 3557 11 66579 30538 2.0 8 4 2 3 25% 27578639 13277 79%
c i 112.51  0 84 7 3562 11 66766 30701 2.0 8 4 2 3 25% 27578639 13276 79%
c i 113.53  0 82 7 3661 11 67775 31582 2.0 8 4 2 3 25% 27578637 13275 79%
c } 113.85  0 82 7 3678 11 67902 31697 2.0 8 4 2 3 26% 27578637 13275 79%
c [ 113.85  0 120 7 3678  3 67902 31697 3.3 39 12 1 2 56% 27578637 13275 79%
c - 116.23  0 119 8 3678  3 68697 24019 3.3 39 12 1 2 56% 27578605 13275 79%
c 2 116.31  0 119 8 3678  3 68697 24005 3.3 39 12 1 2 56% 27574509 13275 79%
c d 116.91  0 119 8 3678  3 68697 24005 3.3 39 12 1 2 56% 27574507 13274 79%
c = 120.91  0 119 8 3678  3 68697 23947 3.3 39 12 1 2 56% 27574283 13230 78%
c t 121.03  0 119 8 3678  3 68697 23947 3.3 39 12 1 2 56% 27574043 13230 78%
c ] 121.75  0 118 8 3678  3 69168 24386 3.3 39 12 1 2 57% 27574043 13230 78%
c { 121.75  0 82 8 3678 11 69168 24386 2.0 8 4 2 3 26% 27574043 13230 78%
c i 123.84  0 80 8 3948 11 70830 25862 2.0 8 4 1 2 26% 27574040 13229 78%
c 
c  seconds   reductions  conflicts        size tier2          variables
c          MB    restarts      redundant    glue  trail            remaining
c           level      rate         size/glu tier1   irredundant
c 
c i 124.12  0 80 8 4009 11 71056 26071 2.0 8 4 1 2 26% 27574040 13226 78%
c } 124.26  0 80 8 4017 11 71150 26149 2.0 8 4 1 2 26% 27574040 13226 78%
c [ 124.26  0 118 8 4017  3 71150 26149 3.3 39 12 1 2 57% 27574040 13226 78%
c i 125.32  0 118 8 4017  3 71743 26687 3.3 39 12 1 2 56% 27574040 13225 78%
c ] 125.69  0 118 8 4018  3 71963 26877 3.3 39 12 1 2 56% 27574040 13225 78%
c { 125.69  0 80 8 4018 11 71963 26877 2.0 8 4 1 2 26% 27574040 13225 78%
c } 127.91  0 78 8 4281 11 73996 28689 2.0 8 4 1 2 26% 27574037 13225 78%
c [ 127.91  0 118 8 4281  3 73996 28689 3.3 39 12 1 2 56% 27574037 13225 78%
c i 128.18  0 117 8 4281  3 74542 29209 3.3 39 12 1 2 56% 27574037 13224 78%
c ] 129.61  0 114 8 4283  3 76465 30987 3.3 39 12 1 2 56% 27574036 13224 78%
c { 129.61  0 78 8 4283 11 76465 30987 2.0 8 4 1 2 26% 27574036 13224 78%
c i 129.63  0 78 8 4285 11 76475 30995 2.0 8 4 1 2 27% 27574036 13220 78%
c i 129.74  0 78 8 4300 11 76631 31130 2.0 8 4 1 2 27% 27574036 13219 78%
c i 130.68  0 77 8 4451 11 77670 32060 2.0 8 4 1 2 26% 27574035 13218 78%
c B 130.95  0 76 8 4489 10 78020 32378 2.0 8 4 1 2 26% 27574035 13218 78%
c i 131.15  0 76 8 4515 10 78124 32467 2.0 8 4 1 2 26% 27574035 13217 78%
c i 131.40  0 76 8 4541 10 78316 32639 2.0 8 4 1 2 26% 27574035 13216 78%
c } 132.00  0 76 8 4604 10 79084 33312 2.0 8 4 1 2 26% 27574035 13216 78%
c [ 132.00  0 114 8 4604  3 79084 33312 3.3 39 12 1 2 56% 27574035 13216 78%
c i 133.73  0 112 8 4605  3 81204 35246 3.3 39 12 1 2 55% 27574035 13215 78%
c 
c  seconds    reductions  conflicts        size   tier2          variables
c          MB     restarts      redundant     glue   trail            remaining
c            level      rate         size/glue  tier1   irredundant
c 
c ] 133.83  0 112 8 4605  3 81263 35304 3.3 39 12 1 2 55% 27574035 13215 78%
c { 133.83  0 76 8 4605 10 81263 35304 2.0 8 4 1 2 26% 27574035 13215 78%
c } 136.45  0 74 8 5027 10 84169 37899 2.0 8 4 1 2 27% 27574028 13215 78%
c [ 136.45  0 112 8 5027  3 84169 37899 3.3 39 12 1 2 55% 27574028 13215 78%
c i 137.55  0 120 8 5029  3 86109 39681 3.4 40 12 1 2 55% 27574028 13214 78%
c ] 138.16  0 120 8 5029  3 86598 40124 3.4 41 12 1 2 55% 27574028 13214 78%
c { 138.16  0 74 8 5029 10 86598 40124 2.0 8 4 1 2 27% 27574028 13214 78%
c i 139.00  0 73 8 5144 10 87397 40819 2.0 8 4 1 2 27% 27574028 13210 78%
c i 140.58  0 72 8 5323 10 88894 42142 2.0 8 4 1 2 26% 27574027 13209 78%
c } 140.67  0 72 8 5330 10 89005 42238 2.0 8 4 1 2 26% 27574027 13209 78%
c [ 140.67  0 120 8 5330  3 89005 42238 3.4 41 12 1 2 55% 27574027 13209 78%
c i 141.47  0 118 8 5331  3 90463 43600 3.4 40 12 1 2 54% 27574026 13208 78%
c W 145.44  0 118 8 5331  3 91021 44049 3.4 40 12 1 2 54% 27573847 13206 78%
c - 146.70  0 118 9 5331  3 91239 27237 3.4 40 12 1 2 54% 27573847 13206 78%
c 2 146.77  0 118 9 5331  3 91239 27223 3.4 40 12 1 2 54% 27573843 13205 78%
c d 147.19  0 118 9 5331  3 91239 27197 3.4 40 12 1 2 54% 27573786 13186 78%
c c 153.25  0 118 9 5331  3 91239 27197 3.4 40 12 1 2 54% 27574514 13186 78%
c d 153.70  0 118 9 5331  3 91239 27196 3.4 40 12 1 2 54% 27574509 13184 78%
c k 153.76  0 118 9 5331  3 91239 27196 3.4 40 12 1 2 54% 27574509 13183 78%
c 2 153.80  0 118 9 5331  3 91239 27195 3.4 40 12 1 2 54% 27574506 13183 78%
c 
c  seconds    reductions  conflicts        size   tier2          variables
c          MB     restarts      redundant     glue   trail            remaining
c            level      rate         size/glue  tier1   irredundant
c 
c = 157.25  0 118 9 5331  3 91239 27161 3.4 40 12 1 2 54% 27574447 13171 78%
c t 157.40  0 118 9 5331  3 91239 27154 3.4 40 12 1 2 54% 27571866 13171 78%
c ] 158.48  0 111 9 5332  3 96011 31424 3.4 42 12 1 2 54% 27571866 13171 78%
c { 158.48  0 72 9 5332 10 96011 31424 2.0 8 4 1 2 26% 27571866 13171 78%
c } 161.24  0 71 9 5629 10 98500 33670 2.0 9 4 1 2 26% 27571866 13171 78%
c [ 161.24  0 111 9 5629  3 98500 33670 3.4 42 12 1 2 54% 27571866 13171 78%
c ] 163.18  0 106 9 5629  3 103177 38107 3.8 47 12 1 2 53% 27571866 13171 78%
c { 163.18  0 71 9 5629 10 103177 38107 2.0 9 4 1 2 26% 27571866 13171 78%
c i 164.52  0 70 9 5825 10 104592 39380 2.0 9 4 1 2 26% 27571864 13169 78%
c W 166.88  0 70 9 5879 10 105022 39748 2.0 9 4 1 2 26% 27571848 13169 78%
c } 168.03  0 70 9 6009 10 106247 40843 2.0 9 4 1 2 26% 27571848 13169 78%
c [ 168.03  0 106 9 6009  3 106247 40843 3.8 47 12 1 2 53% 27571848 13169 78%
c ] 169.97  0 102 9 6009  3 108665 43037 3.8 46 12 1 2 52% 27571847 13169 78%
c { 169.97  0 70 9 6009 10 108665 43037 2.0 9 4 1 2 26% 27571847 13169 78%
c i 169.99  0 70 9 6015 10 108686 43056 2.0 9 4 1 2 26% 27571847 13167 78%
c i 172.56  0 69 9 6431 10 111620 45744 2.0 9 4 1 2 26% 27571847 13165 78%
c } 173.31  0 68 9 6555 10 112467 46511 2.0 9 4 1 2 26% 27571847 13165 78%
c [ 173.31  0 102 9 6555  3 112467 46511 3.8 46 12 1 2 52% 27571847 13165 78%
c ] 175.73  0 101 9 6556  3 113672 47616 3.9 46 12 1 2 53% 27571847 13165 78%
c { 175.73  0 68 9 6556 10 113672 47616 2.0 9 4 1 2 26% 27571847 13165 78%
c 
c  seconds   reductions  conflicts         size tier2          variables
c          MB    restarts       redundant    glue  trail            remaining
c           level      rate          size/glu tier1   irredundant
c 
c i 176.65  0 68 9 6627 10 113991 47903 2.0 9 4 1 2 26% 27571847 13164 78%
c i 177.27  0 68 9 6720 10 114926 48741 2.0 9 4 1 2 26% 27571845 13162 78%
c } 179.46  0 67 9 7008 10 116781 50398 2.0 9 4 1 2 26% 27571843 13162 78%
c [ 179.46  0 101 9 7008  3 116781 50398 3.9 46 12 1 2 53% 27571843 13162 78%
c - 181.74  0 100 10 7008  3 117218 32420 3.9 46 12 1 2 53% 27571789 13162 78%
c 2 181.82  0 100 10 7008  3 117218 32414 3.9 46 12 1 2 53% 27571786 13161 78%
c d 182.31  0 100 10 7008  3 117218 32386 3.9 46 12 1 2 53% 27571757 13153 78%
c k 188.44  0 100 10 7008  3 117218 32386 3.9 46 12 1 2 53% 27574307 13152 78%
c = 190.17  0 100 10 7008  3 117218 32383 3.9 46 12 1 2 53% 27574290 13151 78%
c u 192.48  0 100 10 7008  3 117218 31843 3.9 46 12 1 2 53% 27574290 13151 78%
c v 193.16  0 100 10 7008  3 117218 31800 3.9 46 12 1 2 53% 27574290 13151 78%
c w 193.18  0 100 10 7008  3 117218 31800 3.9 46 12 1 2 53% 27574290 13151 78%
c x 194.38  0 100 10 7008  3 117218 31799 3.9 46 12 1 2 53% 27574206 13151 78%
c t 194.51  0 100 10 7008  3 117218 31799 3.9 46 12 1 2 53% 27572043 13151 78%
c ] 196.54  0 102 10 7008  3 119181 33542 3.8 46 12 1 2 54% 27572043 13151 78%
c { 196.54  0 67 10 7008 10 119181 33542 2.0 9 4 1 2 26% 27572043 13151 78%
c F 197.74  0 67 10 7148 10 120024 34290 2.1 9 4 1 2 26% 27572043 13151 78%
c i 198.05  0 67 10 7210 10 120327 34564 2.0 9 4 1 2 26% 27572042 13149 78%
c } 199.90  0 66 10 7397  9 122072 36131 2.1 9 4 1 2 26% 27572040 13149 78%
c [ 199.90  0 102 10 7397  3 122072 36131 3.8 46 12 1 2 54% 27572040 13149 78%
c 
c  seconds    reductions   conflicts         size   tier2          variables
c          MB      restarts       redundant     glue   trail            remaining
c            level       rate          size/glue  tier1   irredundant
c 
c ] 201.92  0 100 10 7397  3 123342 37220 3.8 46 12 1 2 55% 27572040 13149 78%
c { 201.92  0 66 10 7397  9 123342 37220 2.1 9 4 1 2 26% 27572040 13149 78%
c i 202.90  0 66 10 7498  9 124139 37933 2.1 9 4 1 2 27% 27572039 13148 78%
c i 203.17  0 66 10 7529  9 124342 38120 2.1 9 4 1 2 27% 27572039 13147 78%
c i 204.23  0 65 10 7704  9 125630 39283 2.1 9 4 1 2 27% 27572037 13146 78%
c i 205.49  0 65 10 7911  9 127668 41088 2.1 9 4 1 2 27% 27572036 13144 78%
c } 205.70  0 65 10 7933  9 128060 41428 2.1 9 4 1 2 27% 27572036 13144 78%
c [ 205.70  0 100 10 7933  3 128060 41428 3.8 46 12 1 2 55% 27572036 13144 78%
c s 207.97  0 98 10 7933  3 131441 44547 3.7 44 12 1 2 52% 27392719 13144 78%
c t 208.36  0 98 10 7933  3 131441 44547 3.7 44 12 1 2 52% 27386083 13144 78%
c e 209.05  0 98 10 7933  3 131441 42616 3.7 44 12 1 2 52% 27385831 13075 78%
c s 209.57  0 98 10 7933  3 131441 42616 3.7 44 12 1 2 52% 27248050 13075 78%
c ] 211.89  0 104 10 7933  3 132089 43183 3.5 45 13 1 2 52% 27248049 13075 78%
c { 211.89  0 65 10 7933  9 132089 43183 2.1 9 4 1 2 27% 27248049 13075 78%
c i 215.23  0 64 10 8247  9 134373 45230 2.1 9 4 1 2 27% 27248049 13074 78%
c } 215.81  0 64 10 8318  9 134981 45775 2.1 9 4 1 2 27% 27248049 13074 78%
c [ 215.81  0 104 10 8318  3 134981 45775 3.5 45 13 1 2 52% 27248049 13074 78%
c O 216.11  0 104 10 8318  3 136026 46764 3.6 45 13 1 2 52% 27248049 13074 78%
c i 216.44  0 103 10 8318  3 137341 47985 3.5 45 13 1 2 52% 27248049 13073 78%
c ] 218.36  0 99 10 8318  3 141077 51395 3.5 45 13 1 2 51% 27248049 13073 78%
c 
c  seconds   reductions   conflicts         size tier2          variables
c          MB     restarts       redundant    glue  trail            remaining
c           level       rate          size/glu tier1   irredundant
c 
c { 218.36  0 64 10 8318  9 141077 51395 2.1 9 4 1 2 27% 27248049 13073 78%
c i 220.36  0 63 10 8650  9 143101 53193 2.1 9 5 1 2 27% 27248046 13072 78%
c i 221.85  0 63 10 8793  9 144520 54457 2.1 10 5 1 2 27% 27248045 13071 78%
c } 222.68  0 63 10 8914  9 145233 55104 2.1 10 5 1 2 27% 27248045 13071 78%
c [ 222.68  0 99 10 8914  3 145233 55104 3.5 45 13 1 2 51% 27248045 13071 78%
c - 224.92  0 99 11 8914  3 146664 36460 3.5 45 13 1 2 50% 27248009 13071 78%
c 2 224.99  0 99 11 8914  3 146664 36452 3.5 45 13 1 2 50% 27245944 13071 78%
c d 225.51  0 99 11 8914  3 146664 36433 3.5 45 13 1 2 50% 27245912 13064 78%
c p 225.67  0 99 11 8914  3 146664 38664 3.5 45 13 1 2 50% 27245912 13064 78%
c t 225.87  0 99 11 8914  3 146664 38662 3.5 45 13 1 2 50% 27243699 13064 78%
c B 228.36  0 100 11 8919  3 153027 44551 3.4 46 13 1 2 49% 27243699 13064 78%
c ] 228.82  0 101 11 8919  3 153173 44685 3.4 46 13 1 2 49% 27243699 13064 78%
c { 228.82  0 63 11 8919  9 153173 44685 2.1 10 5 1 2 27% 27243699 13064 78%
c i 229.85  0 62 11 9001  9 153972 45392 2.1 10 5 1 2 27% 27243699 13063 77%
c } 233.06  0 62 11 9322  9 156685 47875 2.1 10 5 1 2 28% 27243699 13063 77%
c [ 233.06  0 101 11 9322  3 156685 47875 3.4 46 13 1 2 49% 27243699 13063 77%
c ] 235.63  0 106 11 9323  3 158669 49704 3.4 46 14 1 2 50% 27243699 13063 77%
c { 235.63  0 62 11 9323  9 158669 49704 2.1 10 5 1 2 28% 27243699 13063 77%
c i 239.67  0 60 11 9850  9 162569 53263 2.1 10 5 1 2 28% 27243699 13062 77%
c } 240.43  0 61 11 9968  9 164177 54696 2.1 10 5 1 2 28% 27243699 13062 77%
c 
c  seconds    reductions   conflicts         size   tier2          variables
c          MB      restarts       redundant     glue   trail            remaining
c            level       rate          size/glue  tier1   irredundant
c 
c [ 240.43  0 106 11 9968  3 164177 54696 3.4 46 14 1 2 50% 27243699 13062 77%
c ] 243.29  0 110 11 9969  3 166351 56713 3.4 48 14 1 2 50% 27243698 13062 77%
c { 243.29  0 61 11 9969  9 166351 56713 2.1 10 5 1 2 28% 27243698 13062 77%
c } 247.91  0 60 11 10602  9 171027 60977 2.1 10 5 1 2 28% 27243697 13062 77%
c [ 247.91  0 110 11 10602  3 171027 60977 3.4 48 14 1 2 50% 27243697 13062 77%
c B 247.93  0 110 11 10602  3 171028 60978 3.4 48 14 1 2 50% 27243697 13062 77%
c ] 250.64  0 115 11 10602  3 173122 62898 3.5 53 15 1 2 51% 27243697 13062 77%
c { 250.64  0 60 11 10602  9 173122 62898 2.1 10 5 1 2 28% 27243697 13062 77%
c i 254.25  0 60 11 10986  9 176044 65555 2.1 10 5 1 2 28% 27243695 13061 77%
c i 255.44  0 60 11 11104  9 176968 66390 2.1 10 5 1 2 28% 27243695 13060 77%
c i 255.44  0 60 11 11104  9 176969 66390 2.1 10 5 1 2 28% 27243695 13059 77%
c i 255.45  0 60 11 11104  9 177034 66437 2.1 10 5 1 2 28% 27243695 13058 77%
c i 255.49  0 60 11 11104  9 177083 66472 2.1 10 5 1 2 28% 27243695 13057 77%
c } 255.55  0 60 11 11107  9 177111 66497 2.1 10 5 1 2 28% 27243695 13057 77%
c [ 255.55  0 115 11 11107  3 177111 66497 3.5 53 15 1 2 51% 27243695 13057 77%
c - 260.44  0 113 12 11109  3 179554 43265 3.5 53 15 1 2 52% 27243632 13057 77%
c 2 260.51  0 113 12 11109  3 179554 43265 3.5 53 15 1 2 52% 27243630 13057 77%
c d 260.97  0 113 12 11109  3 179554 43251 3.5 53 15 1 2 52% 27243607 13052 77%
c p 261.51  0 113 12 11109  3 179554 45316 3.5 53 15 1 2 52% 27243607 13052 77%
c k 267.47  0 113 12 11109  3 179554 45316 3.5 53 15 1 2 52% 27248730 13051 77%
c 
c  seconds    reductions    conflicts         size   tier2          variables
c          MB       restarts       redundant     glue   trail            remaining
c            level        rate          size/glue  tier1   irredundant
c 
c = 272.26  0 113 12 11109  3 179554 45287 3.5 53 15 1 2 52% 27248656 13032 77%
c t 272.45  0 113 12 11109  3 179554 45286 3.5 53 15 1 2 52% 27242458 13032 77%
c ] 272.73  0 113 12 11109  3 179738 45436 3.5 53 15 1 2 52% 27242458 13032 77%
c { 272.73  0 60 12 11109  9 179738 45436 2.1 10 5 1 2 28% 27242458 13032 77%
c i 273.82  0 60 12 11238  9 180707 46323 2.1 10 5 1 2 28% 27242458 13030 77%
c } 277.71  0 60 12 11617  9 184208 49458 2.1 10 5 1 2 28% 27242455 13030 77%
c [ 277.71  0 113 12 11617  3 184208 49458 3.5 53 15 1 2 52% 27242455 13030 77%
c W 286.65  0 108 12 11621  3 190030 54779 3.5 53 15 1 2 52% 27242441 13030 77%
c ] 287.22  0 108 12 11622  3 191729 56359 3.5 53 15 1 2 52% 27242441 13030 77%
c { 287.22  0 60 12 11622  9 191729 56359 2.1 10 5 1 2 28% 27242441 13030 77%
c } 292.04  0 59 12 12020  9 194920 59258 2.1 10 5 1 2 28% 27242440 13030 77%
c [ 292.04  0 108 12 12020  3 194920 59258 3.5 53 15 1 2 52% 27242440 13030 77%
c ] 296.74  0 104 12 12021  3 198152 62318 3.5 52 15 1 2 51% 27242440 13030 77%
c { 296.74  0 59 12 12021  9 198152 62318 2.1 10 5 1 2 28% 27242440 13030 77%
c i 301.23  0 59 12 12617  9 202209 66004 2.1 10 5 1 2 28% 27242438 13029 77%
c i 301.25  0 58 12 12617  9 202293 66069 2.1 10 5 1 2 28% 27242438 13027 77%
c i 301.28  0 58 12 12617  9 202347 66112 2.1 10 5 1 2 28% 27242438 13026 77%
c } 302.35  0 58 12 12728  9 203570 67221 2.1 10 5 1 2 28% 27242437 13026 77%
c [ 302.35  0 104 12 12728  3 203570 67221 3.5 52 15 1 2 51% 27242437 13026 77%
c I 305.30  0 97 12 12728  2 210031 73195 3.5 50 14 1 2 48% 27242437 13026 77%
c 
c  seconds   reductions    conflicts         size   tier2          variables
c          MB      restarts       redundant     glue   trail            remaining
c           level        rate          size/glue  tier1   irredundant
c 
c ] 306.62  0 97 12 12729  2 211924 74917 3.5 50 14 1 2 48% 27242437 13026 77%
c { 306.62  0 58 12 12729  9 211924 74917 2.1 10 5 1 2 28% 27242437 13026 77%
c i 310.52  0 57 12 13111  9 214915 77642 2.1 10 5 1 2 28% 27242433 13025 77%
c } 311.92  0 57 12 13217  8 215815 78454 2.1 10 5 1 2 28% 27242433 13025 77%
c [ 311.92  0 97 12 13217  2 215815 78454 3.5 50 14 1 2 48% 27242433 13025 77%
c - 313.98  0 97 13 13217  2 215945 49802 3.5 50 14 1 2 48% 27242392 13025 77%
c 2 314.04  0 97 13 13217  2 215945 49796 3.5 50 14 1 2 48% 27242387 13025 77%
c d 314.54  0 97 13 13217  2 215945 49788 3.5 50 14 1 2 48% 27242369 13020 77%
c p 314.82  0 97 13 13217  2 215945 52173 3.5 50 14 1 2 48% 27242369 13020 77%
c 2 314.88  0 97 13 13217  2 215945 52172 3.5 50 14 1 2 48% 27242369 13020 77%
c = 316.99  0 97 13 13217  2 215945 52155 3.5 50 14 1 2 48% 27242352 13016 77%
c u 319.11  0 97 13 13217  2 215945 49625 3.5 50 14 1 2 48% 27242352 13016 77%
c v 320.78  0 97 13 13217  2 215945 49425 3.5 50 14 1 2 48% 27242352 13016 77%
c w 320.82  0 97 13 13217  2 215945 49425 3.5 50 14 1 2 48% 27242352 13016 77%
c x 322.23  0 97 13 13217  2 215945 49425 3.5 50 14 1 2 48% 27242320 13016 77%
c t 322.39  0 97 13 13217  2 215945 49364 3.5 50 14 1 2 48% 27231766 13016 77%
c ] 325.85  0 96 13 13219  2 218391 51549 3.5 50 14 1 2 49% 27231766 13016 77%
c { 325.85  0 57 13 13219  8 218391 51549 2.1 10 5 1 2 28% 27231766 13016 77%
c s 328.05  0 57 13 13372  8 219643 52695 2.1 10 5 1 2 28% 27141251 13016 77%
c t 328.42  0 57 13 13372  8 219643 52695 2.1 10 5 1 2 28% 27138109 13016 77%
c 
c  seconds   reductions    conflicts         size  tier2          variables
c          MB      restarts       redundant     glue  trail            remaining
c           level        rate          size/glue tier1   irredundant
c 
c e 329.06  0 57 13 13372  8 219643 51292 2.1 10 5 1 2 28% 27137895 12953 77%
c s 329.60  0 57 13 13372  8 219643 51292 2.1 10 5 1 2 28% 27041671 12953 77%
c } 334.90  0 57 13 13802  8 224009 55241 2.2 10 5 1 2 28% 27041669 12953 77%
c [ 334.90  0 96 13 13802  2 224009 55241 3.5 50 14 1 2 49% 27041669 12953 77%
c ] 338.58  0 102 13 13804  2 227685 58648 3.4 51 15 1 2 50% 27041669 12953 77%
c { 338.58  0 57 13 13804  8 227685 58648 2.2 10 5 1 2 28% 27041669 12953 77%
c W 347.79  0 56 13 14177  8 231032 61691 2.2 11 5 1 2 28% 27041668 12953 77%
c } 349.56  0 56 13 14413  8 232929 63429 2.2 11 5 1 2 28% 27041668 12953 77%
c [ 349.56  0 102 13 14413  2 232929 63429 3.4 51 15 1 2 50% 27041668 12953 77%
c ] 354.79  0 102 13 14416  2 240032 69929 3.4 53 16 1 2 49% 27041667 12953 77%
c { 354.79  0 56 13 14416  8 240032 69929 2.2 11 5 1 2 28% 27041667 12953 77%
c } 362.02  0 55 13 15391  8 246590 75971 2.2 11 5 1 2 28% 27041665 12953 77%
c [ 362.02  0 102 13 15391  2 246590 75971 3.4 53 16 1 2 49% 27041665 12953 77%
c ] 366.12  0 100 13 15393  2 249360 78483 3.4 54 16 1 2 50% 27041665 12953 77%
c { 366.12  0 55 13 15393  8 249360 78483 2.2 11 5 1 2 28% 27041665 12953 77%
c # 371.94  0 55 13 15932  8 253034 81805 2.2 11 5 1 2 29% 27041665 12953 77%
c } 372.51  0 55 13 16030  8 253741 82438 2.2 11 5 1 2 29% 27041665 12953 77%
c [ 372.51  0 100 13 16030  2 253741 82438 3.4 54 16 1 2 50% 27041665 12953 77%
c - 375.90  0 99 14 16032  2 255852 53789 3.4 53 16 1 2 49% 27041664 12953 77%
c 2 375.97  0 99 14 16032  2 255852 53772 3.4 53 16 1 2 49% 27040798 12952 77%
c 
c  seconds   reductions    conflicts         size   tier2          variables
c          MB      restarts       redundant     glue   trail            remaining
c           level        rate          size/glue  tier1   irredundant
c 
c d 376.46  0 99 14 16032  2 255852 53738 3.4 53 16 1 2 49% 27040779 12949 77%
c p 376.85  0 99 14 16032  2 255852 60181 3.4 53 16 1 2 49% 27040779 12949 77%
c = 380.87  0 99 14 16032  2 255852 60174 3.4 53 16 1 2 49% 27040768 12947 77%
c t 381.00  0 99 14 16032  2 255852 60173 3.4 53 16 1 2 49% 27038649 12947 77%
c ] 383.22  0 97 14 16033  2 258071 62203 3.4 53 15 1 2 49% 27038649 12947 77%
c { 383.22  0 55 14 16033  8 258071 62203 2.2 11 5 1 2 29% 27038649 12947 77%
c i 383.82  0 54 14 16072  8 258408 62503 2.2 11 5 1 2 29% 27038649 12946 77%
c i 389.90  0 54 14 16784  8 263973 67546 2.2 11 5 1 2 29% 27038648 12945 77%
c } 390.60  0 54 14 16856  8 264959 68435 2.2 11 5 1 2 29% 27038648 12945 77%
c [ 390.60  0 97 14 16856  2 264959 68435 3.4 53 15 1 2 49% 27038648 12945 77%
c ] 394.93  0 96 14 16857  2 269386 72503 3.4 53 16 1 2 50% 27038648 12945 77%
c { 394.93  0 54 14 16857  8 269386 72503 2.2 11 5 1 2 29% 27038648 12945 77%
c } 402.46  0 53 14 17808  8 275870 78427 2.2 11 5 1 2 29% 27038646 12945 77%
c [ 402.46  0 96 14 17808  2 275870 78427 3.4 53 16 1 2 50% 27038646 12945 77%
c B 402.57  0 96 14 17808  2 276035 78589 3.4 53 15 1 2 50% 27038646 12945 77%
c ] 406.78  0 94 14 17809  2 278910 80955 3.4 52 15 1 2 51% 27038646 12945 77%
c { 406.78  0 53 14 17809  8 278910 80955 2.2 11 5 1 2 29% 27038646 12945 77%
c i 411.86  0 53 14 18330  8 282453 84185 2.3 12 5 1 2 29% 27038644 12944 77%
c } 414.66  0 52 14 18670  8 284640 86185 2.3 12 5 1 2 29% 27038644 12944 77%
c [ 414.66  0 94 14 18670  2 284640 86185 3.4 52 15 1 2 51% 27038644 12944 77%
c 
c  seconds   reductions    conflicts         size   tier2          variables
c          MB      restarts       redundant     glue   trail            remaining
c           level        rate          size/glue  tier1   irredundant
c 
c ] 419.97  0 91 14 18670  2 288225 89593 3.5 53 15 1 2 51% 27038642 12944 77%
c { 419.97  0 52 14 18670  8 288225 89593 2.3 12 5 1 2 29% 27038642 12944 77%
c i 425.72  0 52 14 19319  8 292283 93317 2.3 12 5 1 2 29% 27038642 12943 77%
c } 428.52  0 51 14 19620  8 294905 95727 2.3 12 5 1 2 29% 27038641 12943 77%
c [ 428.52  0 91 14 19620  2 294905 95727 3.5 53 15 1 2 51% 27038641 12943 77%
c - 432.73  0 88 15 19621  2 299250 61853 3.6 53 15 1 2 50% 27038607 12943 77%
c 2 432.81  0 88 15 19621  2 299250 61852 3.6 53 15 1 2 50% 27038607 12943 77%
c d 433.30  0 88 15 19621  2 299250 61830 3.6 53 15 1 2 50% 27038584 12937 77%
c p 433.85  0 88 15 19621  2 299250 90844 3.6 53 15 1 2 50% 27038584 12937 77%
c c 440.34  0 88 15 19621  2 299250 90844 3.6 53 15 1 2 50% 27054040 12937 77%
c d 440.94  0 88 15 19621  2 299250 90842 3.6 53 15 1 2 50% 27054036 12935 77%
c k 441.00  0 88 15 19621  2 299250 90842 3.6 53 15 1 2 50% 27054036 12934 77%
c 2 441.04  0 88 15 19621  2 299250 90841 3.6 53 15 1 2 50% 27054032 12934 77%
c = 446.18  0 88 15 19621  2 299250 90836 3.6 53 15 1 2 50% 27054018 12933 77%
c u 448.61  0 88 15 19621  2 299250 90460 3.6 53 15 1 2 50% 27054018 12933 77%
c v 449.49  0 88 15 19621  2 299250 90238 3.6 53 15 1 2 50% 27054018 12933 77%
c w 449.52  0 88 15 19621  2 299250 90238 3.6 53 15 1 2 50% 27054018 12933 77%
c x 450.93  0 88 15 19621  2 299250 90238 3.6 53 15 1 2 50% 27053864 12933 77%
c t 451.10  0 88 15 19621  2 299250 90224 3.6 53 15 1 2 50% 27038469 12933 77%
c W 457.47  0 91 15 19621  2 300038 90923 3.5 53 15 1 2 50% 27038469 12933 77%
c 
c  seconds   reductions    conflicts         size   tier2          variables
c          MB      restarts       redundant     glue   trail            remaining
c           level        rate          size/glue  tier1   irredundant
c 
c ] 460.25  0 94 15 19621  2 308688 98782 3.3 55 17 1 2 51% 27038469 12933 77%
c { 460.25  0 51 15 19621  8 308688 98782 2.3 12 5 1 2 29% 27038469 12933 77%
c } 468.28  0 51 15 20371  8 314603 104182 2.3 12 5 1 2 29% 27038465 12933 77%
c [ 468.28  0 94 15 20371  2 314603 104182 3.3 55 17 1 2 51% 27038465 12933 77%
c ] 474.17  0 91 15 20372  2 321042 110101 3.3 53 16 1 2 50% 27038464 12933 77%
c { 474.17  0 51 15 20372  8 321042 110101 2.3 12 5 1 2 29% 27038464 12933 77%
c B 480.54  0 50 15 20981  8 325041 113759 2.3 12 5 1 2 29% 27038464 12933 77%
c } 482.66  0 50 15 21129  8 326069 114679 2.4 13 5 1 2 30% 27038464 12933 77%
c [ 482.66  0 91 15 21129  2 326069 114679 3.3 53 16 1 2 50% 27038464 12933 77%
c s 486.26  0 88 15 21129  2 329921 118354 3.4 53 16 1 2 50% 26994292 12933 77%
c t 486.62  0 88 15 21129  2 329921 118354 3.4 53 16 1 2 50% 26993666 12933 77%
c e 487.33  0 88 15 21129  2 329921 114591 3.4 53 16 1 2 50% 26993488 12867 76%
c s 487.95  0 88 15 21129  2 329921 114590 3.4 53 16 1 2 50% 26924118 12867 76%
c ] 491.71  0 91 15 21129  2 331583 116142 3.4 55 16 1 2 50% 26924118 12867 76%
c { 491.71  0 50 15 21129  8 331583 116142 2.4 13 5 1 2 30% 26924118 12867 76%
c } 500.48  0 50 15 21921  8 337669 121606 2.4 13 5 1 2 30% 26924118 12867 76%
c [ 500.48  0 91 15 21921  2 337669 121606 3.4 55 16 1 2 50% 26924118 12867 76%
c ] 505.68  0 88 15 21921  2 341338 124731 3.4 54 16 1 2 51% 26924118 12867 76%
c { 505.68  0 50 15 21921  8 341338 124731 2.4 13 5 1 2 30% 26924118 12867 76%
c - 515.08  0 49 16 22565  8 346184 70130 2.4 13 5 1 2 30% 26924116 12867 76%
c 
c  seconds   reductions    conflicts         size  tier2          variables
c          MB      restarts       redundant     glue  trail            remaining
c           level        rate          size/glue tier1   irredundant
c 
c 2 515.19  0 49 16 22565  8 346184 70112 2.4 13 5 1 2 30% 26923995 12867 76%
c d 515.72  0 49 16 22565  8 346184 70095 2.4 13 5 1 2 30% 26923978 12863 76%
c p 516.47  0 49 16 22565  8 346184 83526 2.4 13 5 1 2 30% 26923978 12862 76%
c t 516.71  0 49 16 22565  8 346184 83524 2.4 13 5 1 2 30% 26923419 12862 76%
c } 518.55  0 49 16 22713  8 347628 84837 2.4 13 5 1 2 30% 26923419 12862 76%
c [ 518.55  0 88 16 22713  2 347628 84837 3.4 54 16 1 2 51% 26923419 12862 76%
c O 522.28  0 86 16 22713  2 351043 88109 3.5 54 16 1 2 51% 26923419 12862 76%
c ] 524.04  0 85 16 22713  2 354912 91722 3.4 54 16 1 2 50% 26923419 12862 76%
c { 524.04  0 49 16 22713  8 354912 91722 2.4 13 5 1 2 30% 26923419 12862 76%
c i 527.30  0 49 16 23011  8 357572 94173 2.4 13 5 1 2 30% 26923419 12861 76%
c } 533.71  0 49 16 23593  8 362729 98873 2.4 13 5 1 2 30% 26923415 12861 76%
c [ 533.71  0 85 16 23593  2 362729 98873 3.4 54 16 1 2 50% 26923415 12861 76%
c ] 539.92  0 81 16 23593  2 370956 106612 3.7 57 15 1 2 48% 26923413 12861 76%
c { 539.92  0 49 16 23593  8 370956 106612 2.4 13 5 1 2 30% 26923413 12861 76%
c } 549.44  0 48 16 24686  8 377953 112939 2.4 14 6 1 2 30% 26923411 12861 76%
c [ 549.44  0 81 16 24686  2 377953 112939 3.7 57 15 1 2 48% 26923411 12861 76%
c B 549.68  0 81 16 24686  2 378045 113024 3.7 57 15 1 2 48% 26923411 12861 76%
c ] 555.55  0 87 16 24686  2 381104 115833 3.7 60 16 1 2 49% 26923411 12861 76%
c { 555.55  0 48 16 24686  8 381104 115833 2.4 14 6 1 2 30% 26923411 12861 76%
c } 565.20  0 48 16 25765  8 387946 122046 2.5 14 6 1 2 30% 26923411 12861 76%
c 
c  seconds   reductions    conflicts          size   tier2          variables
c          MB      restarts       redundant      glue   trail            remaining
c           level        rate           size/glue  tier1   irredundant
c 
c [ 565.20  0 87 16 25765  2 387946 122046 3.7 60 16 1 2 49% 26923411 12861 76%
c ] 571.48  0 84 16 25767  2 394217 127460 3.8 61 16 1 2 50% 26923411 12861 76%
c { 571.48  0 48 16 25767  8 394217 127460 2.5 14 6 1 2 30% 26923411 12861 76%
c - 576.20  0 47 17 26114  8 396638 77733 2.5 14 6 1 2 30% 26288866 12861 76%
c 2 576.27  0 47 17 26114  8 396638 77733 2.5 14 6 1 2 30% 26288865 12861 76%
c d 576.75  0 47 17 26114  8 396638 77720 2.5 14 6 1 2 30% 26288857 12858 76%
c p 577.39  0 47 17 26114  8 396638 130412 2.5 14 6 1 2 30% 26288857 12858 76%
c c 583.88  0 47 17 26114  8 396638 130412 2.5 14 6 1 2 30% 26303025 12858 76%
c d 584.41  0 47 17 26114  8 396638 130412 2.5 14 6 1 2 30% 26303021 12856 76%
c 2 584.51  0 47 17 26114  8 396638 130407 2.5 14 6 1 2 30% 26303019 12856 76%
c = 592.00  0 47 17 26114  8 396638 130399 2.5 14 6 1 2 30% 26302960 12841 76%
c u 595.05  0 47 17 26114  8 396638 127944 2.5 14 6 1 2 30% 26302960 12841 76%
c v 598.42  0 47 17 26114  8 396638 127396 2.5 14 6 1 2 30% 26302960 12841 76%
c t 598.59  0 47 17 26114  8 396638 127369 2.5 14 6 1 2 30% 26288895 12841 76%
c } 605.36  0 46 17 26822  8 405248 135105 2.5 14 6 1 2 30% 26288895 12841 76%
c [ 605.36  0 84 17 26822  2 405248 135105 3.8 61 16 1 2 50% 26288895 12841 76%
c W 611.95  0 83 17 26823  2 406046 135882 3.8 61 16 1 2 50% 26288895 12841 76%
c ] 620.18  0 73 17 26835  2 431036 157153 3.4 56 16 1 2 54% 26288894 12841 76%
c { 620.18  0 46 17 26835  8 431036 157153 2.5 14 6 1 2 30% 26288894 12841 76%
c W 626.89  0 46 17 27292  8 435048 160775 2.5 14 6 1 2 30% 26288894 12841 76%
c 
c  seconds   reductions    conflicts          size  tier2          variables
c          MB      restarts       redundant      glue  trail            remaining
c           level        rate           size/glue tier1   irredundant
c 
c } 630.62  0 46 17 27683  8 438426 163750 2.5 15 6 1 2 31% 26288894 12841 76%
c [ 630.62  0 73 17 27683  2 438426 163750 3.4 56 16 1 2 54% 26288894 12841 76%
c ] 638.08  0 70 17 27687  2 449678 174248 3.6 57 16 1 2 53% 26288894 12841 76%
c { 638.08  0 46 17 27687  8 449678 174248 2.5 15 6 1 2 31% 26288894 12841 76%
c - 640.95  0 46 18 27802  8 450478 84289 2.5 15 6 1 2 31% 26288894 12841 76%
c d 641.44  0 46 18 27802  8 450478 84284 2.5 15 6 1 2 31% 26288890 12840 76%
c p 641.70  0 46 18 27802  8 450478 94896 2.5 15 6 1 2 31% 26288890 12840 76%
c = 651.29  0 46 18 27802  8 450478 94895 2.5 15 6 1 2 31% 26302965 12836 76%
c t 651.49  0 46 18 27802  8 450478 94893 2.5 15 6 1 2 31% 26288900 12836 76%
c } 662.14  0 46 18 28662  7 457888 101690 2.6 15 6 1 2 31% 26288899 12836 76%
c [ 662.14  0 70 18 28662  2 457888 101690 3.6 57 16 1 2 53% 26288899 12836 76%
c s 669.69  0 68 18 28665  2 462295 105466 3.6 56 16 1 2 53% 26224187 12836 76%
c t 670.05  0 68 18 28665  2 462295 105465 3.6 56 16 1 2 53% 26222931 12836 76%
c e 670.73  0 68 18 28665  2 462295 104267 3.6 56 16 1 2 53% 26222751 12776 76%
c s 671.33  0 68 18 28665  2 462295 104267 3.6 56 16 1 2 53% 26195705 12776 76%
c ] 672.73  0 68 18 28665  2 462587 104543 3.6 56 16 1 2 53% 26195705 12776 76%
c { 672.73  0 46 18 28665  7 462587 104543 2.6 15 6 1 2 31% 26195705 12776 76%
c F 676.13  0 46 18 28978  7 465049 106779 2.6 15 6 1 2 31% 26195705 12776 76%
c } 685.46  0 45 18 29826  7 472115 113241 2.6 15 6 1 2 31% 26195704 12776 76%
c [ 685.46  0 68 18 29826  2 472115 113241 3.6 56 16 1 2 53% 26195704 12776 76%
c 
c  seconds   reductions    conflicts          size   tier2          variables
c          MB      restarts       redundant      glue   trail            remaining
c           level        rate           size/glue  tier1   irredundant
c 
c ] 694.79  0 68 18 29831  2 481603 122056 3.6 56 15 1 2 52% 26195704 12776 76%
c { 694.79  0 45 18 29831  7 481603 122056 2.6 15 6 1 2 31% 26195704 12776 76%
c i 700.51  0 45 18 30314  7 485289 125426 2.6 16 6 1 2 31% 26195704 12775 76%
c } 706.85  0 45 18 30937  7 490209 129936 2.6 16 6 1 2 31% 26195704 12775 76%
c [ 706.85  0 68 18 30937  2 490209 129936 3.6 56 15 1 2 52% 26195704 12775 76%
c ] 714.48  0 70 18 30939  2 495521 134732 3.5 57 16 1 2 53% 26195704 12775 76%
c { 714.48  0 45 18 30939  7 495521 134732 2.6 16 6 1 2 31% 26195704 12775 76%
c B 715.56  0 45 18 31026  7 496050 135205 2.6 16 6 1 2 31% 26195704 12775 76%
c } 726.37  0 44 18 32177  7 504372 142750 2.7 16 6 1 2 31% 26195704 12775 76%
c [ 726.37  0 70 18 32177  2 504372 142750 3.5 57 16 1 2 53% 26195704 12775 76%
c - 730.08  0 69 19 32178  2 507860 91574 3.6 58 16 1 2 52% 26195695 12775 76%
c 2 730.16  0 69 19 32178  2 507860 91562 3.6 58 16 1 2 52% 26195588 12775 76%
c p 731.55  0 69 19 32178  2 507860 132977 3.6 58 16 1 2 52% 26195578 12773 76%
c = 739.61  0 69 19 32178  2 507860 132969 3.6 58 16 1 2 52% 26195569 12771 76%
c u 742.34  0 69 19 32178  2 507860 132543 3.6 58 16 1 2 52% 26195569 12771 76%
c v 743.47  0 69 19 32178  2 507860 132441 3.6 58 16 1 2 52% 26195569 12771 76%
c w 743.52  0 69 19 32178  2 507860 132441 3.6 58 16 1 2 52% 26195569 12771 76%
c x 744.86  0 69 19 32178  2 507860 132440 3.6 58 16 1 2 52% 26195345 12771 76%
c t 744.97  0 69 19 32178  2 507860 132434 3.6 58 16 1 2 52% 26195093 12771 76%
c ] 750.84  0 71 19 32178  2 511657 135892 3.6 58 16 1 2 53% 26195093 12771 76%
c 
c  seconds   reductions    conflicts          size  tier2          variables
c          MB      restarts       redundant      glue  trail            remaining
c           level        rate           size/glue tier1   irredundant
c 
c { 750.84  0 44 19 32178  7 511657 135892 2.7 16 6 1 2 31% 26195093 12771 76%
c } 762.42  0 44 19 33129  7 521404 144728 2.7 17 6 1 2 31% 26195093 12771 76%
c [ 762.42  0 71 19 33129  2 521404 144728 3.6 58 16 1 2 53% 26195093 12771 76%
c ] 769.98  0 70 19 33130  2 526581 149448 3.5 58 17 1 2 53% 26195093 12771 76%
c { 769.98  0 44 19 33130  7 526581 149448 2.7 17 6 1 2 31% 26195093 12771 76%
c W 780.60  0 44 19 33280  7 528052 150773 2.7 17 6 1 2 31% 26195093 12771 76%
c } 791.16  0 43 19 34324  7 537777 159625 2.7 17 6 1 2 31% 26195092 12771 76%
c [ 791.16  0 70 19 34324  2 537777 159625 3.5 58 17 1 2 53% 26195092 12771 76%
c ] 800.28  0 64 19 34327  2 554270 174791 3.8 61 16 1 2 49% 26195092 12771 76%
c { 800.28  0 43 19 34327  7 554270 174791 2.7 17 6 1 2 31% 26195092 12771 76%
c # 807.80  0 43 19 35214  7 561053 180943 2.8 17 6 1 2 31% 26195092 12771 76%
c } 814.15  0 43 19 35867  7 565735 185225 2.8 18 6 1 2 31% 26195091 12771 76%
c [ 814.15  0 64 19 35867  2 565735 185225 3.8 61 16 1 2 49% 26195091 12771 76%
c - 820.22  0 63 20 35869  2 568759 102577 3.8 61 16 1 2 49% 26195091 12771 76%
c p 821.02  0 63 20 35869  2 568759 152117 3.8 61 16 1 2 49% 26195091 12771 76%
c = 834.80  0 63 20 35869  2 568759 152117 3.8 61 16 1 2 49% 26209090 12770 76%
c t 835.00  0 63 20 35869  2 568759 152116 3.8 61 16 1 2 49% 26195122 12770 76%
c ] 839.08  0 62 20 35871  2 571867 154766 3.8 60 16 1 2 50% 26195122 12770 76%
c { 839.08  0 43 20 35871  7 571867 154766 2.8 18 6 1 2 31% 26195122 12770 76%
c } 851.37  0 42 20 36957  7 582250 163997 2.8 18 6 1 2 32% 26195122 12770 76%
c 
c  seconds   reductions    conflicts          size   tier2          variables
c          MB      restarts       redundant      glue   trail            remaining
c           level        rate           size/glue  tier1   irredundant
c 
c [ 851.37  0 62 20 36957  2 582250 163997 3.8 60 16 1 2 50% 26195122 12770 76%
c ] 860.49  0 62 20 36960  2 589662 170819 3.7 60 16 1 2 49% 26195122 12770 76%
c { 860.49  0 42 20 36960  7 589662 170819 2.8 18 6 1 2 32% 26195122 12770 76%
c B 867.15  0 42 20 37578  7 595054 175690 2.8 18 6 1 2 32% 26195121 12770 76%
c } 872.70  0 42 20 38087  7 598992 179276 2.9 19 6 1 2 32% 26195121 12770 76%
c [ 872.70  0 62 20 38087  2 598992 179276 3.7 60 16 1 2 49% 26195121 12770 76%
c ] 881.12  0 65 20 38091  2 605285 184988 3.7 63 17 1 2 49% 26195121 12770 76%
c { 881.12  0 42 20 38091  7 605285 184988 2.9 19 6 1 2 32% 26195121 12770 76%
c i 882.20  0 42 20 38191  7 605859 185523 2.9 19 7 1 2 32% 26195121 12769 76%
c s 894.39  0 41 20 39131  7 616320 194911 2.9 19 7 1 2 32% 26132228 12769 76%
c t 894.77  0 41 20 39131  7 616320 194911 2.9 19 7 1 2 32% 26129697 12769 76%
c e 895.41  0 41 20 39131  7 616320 192244 2.9 19 7 1 2 32% 26129590 12733 76%
c s 896.05  0 41 20 39131  7 616320 192244 2.9 19 7 1 2 32% 26041126 12733 76%
c } 897.66  0 41 20 39196  7 616791 192674 2.9 19 7 1 2 32% 26041126 12733 76%
c [ 897.66  0 65 20 39196  2 616791 192674 3.7 63 17 1 2 49% 26041126 12733 76%
c I 906.46  0 60 20 39199  2 630057 204774 3.8 61 16 1 2 47% 26041126 12733 76%
c ] 907.44  0 60 20 39200  2 630607 205261 3.8 61 16 1 2 47% 26041126 12733 76%
c { 907.44  0 41 20 39200  7 630607 205261 2.9 19 7 1 2 32% 26041126 12733 76%
c - 913.24  0 41 21 39548  7 633206 113160 2.9 19 7 1 2 32% 26041126 12733 76%
c 2 913.33  0 41 21 39548  7 633206 113153 2.9 19 7 1 2 32% 26038363 12733 76%
c 
c  seconds   reductions    conflicts          size  tier2          variables
c          MB      restarts       redundant      glue  trail            remaining
c           level        rate           size/glue tier1   irredundant
c 
c p 914.37  0 41 21 39548  7 633206 158476 2.9 19 7 1 2 32% 26038363 12733 76%
c u 927.51  0 41 21 39548  7 633206 155924 2.9 19 7 1 2 32% 26038363 12733 76%
c v 930.72  0 41 21 39548  7 633206 155534 2.9 19 7 1 2 32% 26038363 12733 76%
c w 930.72  0 41 21 39548  7 633206 155534 2.9 19 7 1 2 32% 26038363 12733 76%
c t 930.84  0 41 21 39548  7 633206 155527 2.9 19 7 1 2 32% 26036684 12733 76%
c } 941.16  0 41 21 40498  7 643452 164851 3.0 20 7 1 2 32% 26036684 12733 76%
c [ 941.16  0 60 21 40498  2 643452 164851 3.8 61 16 1 2 47% 26036684 12733 76%
c ] 951.20  0 61 21 40502  2 651999 172544 3.6 59 17 1 2 47% 26036684 12733 76%
c { 951.21  0 41 21 40502  7 651999 172544 3.0 20 7 1 2 32% 26036684 12733 76%
c } 964.06  0 40 21 41401  7 662861 182177 3.0 20 7 1 2 33% 26036684 12733 76%
c [ 964.06  0 61 21 41401  2 662861 182177 3.6 59 17 1 2 47% 26036684 12733 76%
c B 967.78  0 62 21 41403  2 666060 185195 3.6 60 17 1 2 47% 26036684 12733 76%
c ] 972.81  0 63 21 41404  2 668531 187410 3.6 60 17 1 2 47% 26036684 12733 76%
c { 972.81  0 40 21 41404  7 668531 187410 3.0 20 7 1 2 33% 26036684 12733 76%
c } 986.99  0 40 21 42360  6 679284 197065 3.0 20 7 1 2 33% 26036684 12733 76%
c [ 986.99  0 63 21 42360  2 679284 197065 3.6 60 17 1 2 47% 26036684 12733 76%
c ] 997.68  0 62 21 42364  2 687362 204160 3.5 59 17 1 2 49% 26036684 12733 76%
c { 997.68  0 40 21 42364  6 687362 204160 3.0 20 7 1 2 33% 26036684 12733 76%
c } 1013.50  0 39 21 43766  6 700156 215793 3.1 21 7 1 2 33% 26036684 12733 76%
c [ 1013.50  0 62 21 43766  2 700156 215793 3.5 59 17 1 2 49% 26036684 12733 76%
c 
c   seconds   reductions    conflicts          size   tier2          variables
c           MB      restarts       redundant      glue   trail            remaining
c            level        rate           size/glue  tier1   irredundant
c 
c - 1016.20  0 61 22 43767  2 701153 121726 3.5 58 17 1 2 49% 26036684 12733 76%
c p 1017.03  0 61 22 43767  2 701153 169130 3.5 58 17 1 2 49% 26036684 12733 76%
c u 1020.47  0 61 22 43767  2 701153 168160 3.5 58 17 1 2 49% 26036684 12733 76%
c v 1021.73  0 61 22 43767  2 701153 168097 3.5 58 17 1 2 49% 26036684 12733 76%
c w 1021.80  0 61 22 43767  2 701153 168097 3.5 58 17 1 2 49% 26036684 12733 76%
c t 1021.92  0 61 22 43767  2 701153 168086 3.5 58 17 1 2 49% 26036684 12733 76%
c W 1037.85  0 62 22 43767  2 703064 169790 3.4 59 17 1 2 49% 26036684 12733 76%
c ] 1047.06  0 56 22 43768  2 725770 188566 3.2 54 17 1 2 52% 26036684 12733 76%
c { 1047.06  0 39 22 43768  6 725770 188566 3.1 21 7 1 2 33% 26036684 12733 76%
c } 1061.82  0 39 22 44732  6 738387 199939 3.2 22 7 1 2 33% 26036684 12733 76%
c [ 1061.82  0 56 22 44732  2 738387 199939 3.2 54 17 1 2 52% 26036684 12733 76%
c O 1063.31  0 55 22 44733  2 741065 202482 3.2 53 17 1 2 52% 26036684 12733 76%
c ] 1071.89  0 52 22 44733  2 756351 216685 3.4 56 17 1 2 48% 26036684 12733 76%
c { 1071.89  0 39 22 44733  6 756351 216685 3.2 22 7 1 2 33% 26036684 12733 76%
c } 1088.39  0 39 22 46049  6 768857 228018 3.2 22 7 1 2 33% 26036682 12733 76%
c [ 1088.39  0 52 22 46049  2 768857 228018 3.4 56 17 1 2 48% 26036682 12733 76%
c - 1091.96  0 52 23 46049  2 772651 128229 3.4 56 16 1 2 48% 26036682 12733 76%
c p 1092.60  0 52 23 46049  2 772651 145477 3.4 56 16 1 2 48% 26036682 12733 76%
c k 1099.43  0 52 23 46049  2 772651 145477 3.4 56 16 1 2 48% 26050269 12732 76%
c t 1107.09  0 52 23 46049  2 772651 145467 3.4 56 16 1 2 48% 26036688 12732 76%
c 
c   seconds   reductions    conflicts          size   tier2          variables
c           MB      restarts       redundant      glue   trail            remaining
c            level        rate           size/glue  tier1   irredundant
c 
c ] 1116.89  0 52 23 46049  2 778203 150489 3.3 55 17 1 2 48% 26036688 12732 76%
c { 1116.89  0 39 23 46049  6 778203 150489 3.2 22 7 1 2 33% 26036688 12732 76%
c W 1126.51  0 39 23 46222  6 780066 152174 3.2 22 7 1 2 33% 26036688 12732 76%
c s 1142.21  0 39 23 47406  6 792291 163329 3.3 23 7 1 2 33% 25949484 12732 76%
c t 1142.58  0 39 23 47406  6 792291 163329 3.3 23 7 1 2 33% 25948072 12732 76%
c e 1143.24  0 39 23 47406  6 792291 162149 3.3 23 7 1 2 33% 25947999 12701 75%
c s 1143.82  0 39 23 47406  6 792291 162147 3.3 23 7 1 2 33% 25881146 12701 75%
c } 1145.55  0 39 23 47470  6 792753 162561 3.3 23 7 1 2 33% 25881146 12701 75%
c [ 1145.55  0 52 23 47470  2 792753 162561 3.3 55 17 1 2 48% 25881146 12701 75%
c i 1145.80  0 51 23 47470  2 793294 162951 3.3 55 17 1 2 48% 25881146 12700 75%
c ] 1159.52  0 54 23 47471  2 804874 173438 3.2 53 17 1 2 47% 25881146 12700 75%
c { 1159.52  0 39 23 47471  6 804874 173438 3.3 23 7 1 2 33% 25881146 12700 75%
c } 1178.14  0 38 23 48980  6 818965 186166 3.3 24 7 1 2 33% 25881145 12700 75%
c [ 1178.14  0 54 23 48980  2 818965 186166 3.2 53 17 1 2 47% 25881145 12700 75%
c B 1179.00  0 54 23 48980  2 820067 187221 3.2 54 17 1 2 47% 25881144 12700 75%
c ] 1190.44  0 55 23 48980  2 824465 191184 3.2 56 17 1 2 47% 25881144 12700 75%
c { 1190.44  0 38 23 48980  6 824465 191184 3.3 24 7 1 2 33% 25881144 12700 75%
c i 1200.77  0 38 23 49695  6 833361 198994 3.3 24 7 1 2 34% 25881144 12699 75%
c i 1201.62  0 38 23 49708  6 834164 199552 3.3 24 7 1 2 34% 25881144 12698 75%
c } 1207.36  0 38 23 50148  6 838326 203334 3.3 24 7 1 2 34% 25881144 12698 75%
c 
c   seconds   reductions    conflicts          size   tier2          variables
c           MB      restarts       redundant      glue   trail            remaining
c            level        rate           size/glue  tier1   irredundant
c 
c [ 1207.36  0 55 23 50148  2 838326 203334 3.2 56 17 1 2 47% 25881144 12698 75%
c - 1217.52  0 52 24 50148  2 847710 129214 3.3 55 17 1 2 45% 24509844 12698 75%
c 2 1217.62  0 52 24 50148  2 847710 129211 3.3 55 17 1 2 45% 24509472 12698 75%
c d 1218.13  0 52 24 50148  2 847710 129204 3.3 55 17 1 2 45% 24509458 12691 75%
c p 1219.34  0 52 24 50148  2 847710 186211 3.3 55 17 1 2 45% 24509458 12691 75%
c 2 1219.43  0 52 24 50148  2 847710 185977 3.3 55 17 1 2 45% 24509458 12691 75%
c u 1222.84  0 52 24 50148  2 847710 183528 3.3 55 17 1 2 45% 24509458 12691 75%
c v 1222.98  0 52 24 50148  2 847710 183527 3.3 55 17 1 2 45% 24509458 12691 75%
c w 1223.01  0 52 24 50148  2 847710 183527 3.3 55 17 1 2 45% 24509458 12691 75%
c t 1226.98  0 52 24 50148  2 847710 183374 3.3 55 17 1 2 45% 24508701 12691 75%
c ] 1231.29  0 54 24 50148  2 851423 186730 3.3 57 17 1 2 46% 24508701 12691 75%
c { 1231.29  0 38 24 50148  6 851423 186730 3.3 24 7 1 2 34% 24508701 12691 75%
c F 1240.69  0 38 24 50867  6 861069 195373 3.4 24 7 1 2 35% 24508700 12691 75%
c } 1249.11  0 37 24 51468  6 868335 201823 3.4 25 7 1 2 35% 24508700 12691 75%
c [ 1249.11  0 54 24 51468  2 868335 201823 3.3 57 17 1 2 46% 24508700 12691 75%
c ] 1262.63  0 62 24 51468  2 892490 224618 3.1 58 19 1 2 41% 24508699 12691 75%
c { 1262.63  0 37 24 51468  6 892490 224618 3.4 25 7 1 2 35% 24508699 12691 75%
c B 1274.67  0 37 24 52459  6 903071 234219 3.5 25 7 1 2 35% 24508699 12691 75%
c } 1281.17  0 37 24 52950  6 908269 238918 3.5 25 7 1 2 35% 24508699 12691 75%
c [ 1281.17  0 62 24 52950  2 908269 238918 3.1 58 19 1 2 41% 24508699 12691 75%
c 
c   seconds   reductions    conflicts          size   tier2          variables
c           MB      restarts       redundant      glue   trail            remaining
c            level        rate           size/glue  tier1   irredundant
c 
c - 1294.24  0 55 25 52950  2 925722 135889 3.0 53 17 1 2 38% 24508699 12691 75%
c p 1295.10  0 55 25 52950  2 925722 185581 3.0 53 17 1 2 38% 24508699 12691 75%
c t 1295.32  0 55 25 52950  2 925722 185578 3.0 53 17 1 2 38% 24508699 12691 75%
c ] 1296.16  0 56 25 52950  2 926022 185852 3.0 53 17 1 2 39% 24508699 12691 75%
c { 1296.16  0 37 25 52950  6 926022 185852 3.5 25 7 1 2 35% 24508699 12691 75%
c } 1314.06  0 37 25 54103  6 942124 200480 3.5 26 7 1 2 35% 24508698 12691 75%
c [ 1314.06  0 56 25 54103  2 942124 200480 3.0 53 17 1 2 39% 24508698 12691 75%
c W 1329.87  0 60 25 54106  2 946076 204017 3.0 54 18 1 2 39% 24508698 12691 75%
c ] 1338.92  0 53 25 54118  2 974335 227126 2.8 49 18 1 2 43% 24508698 12691 75%
c { 1338.93  0 37 25 54118  6 974335 227126 3.5 26 7 1 2 35% 24508698 12691 75%
c } 1359.42  0 36 25 55289  5 988780 240056 3.6 27 7 1 2 35% 24508698 12691 75%
c [ 1359.42  0 53 25 55289  2 988780 240056 2.8 49 18 1 2 43% 24508698 12691 75%
c I 1360.10  0 53 25 55289  2 990078 241291 2.8 49 18 1 2 43% 24508698 12691 75%
c s 1360.95  0 53 25 55289  2 990162 241371 2.8 49 18 1 2 43% 24454925 12691 75%
c t 1361.29  0 53 25 55289  2 990162 241371 2.8 49 18 1 2 43% 24454485 12691 75%
c e 1361.97  0 53 25 55289  2 990162 238124 2.8 49 18 1 2 43% 24454399 12654 75%
c s 1362.57  0 53 25 55289  2 990162 238122 2.8 49 18 1 2 43% 24398315 12654 75%
c - 1377.05  0 49 26 55299  2 1007245 139869 2.8 49 17 1 2 40% 24398315 12654 75%
c 2 1377.17  0 49 26 55299  2 1007245 139868 2.8 49 17 1 2 40% 24398054 12654 75%
c p 1377.60  0 49 26 55299  2 1007245 144057 2.8 49 17 1 2 40% 24398054 12654 75%
c 
c   seconds   reductions     conflicts          size   tier2          variables
c           MB      restarts        redundant      glue   trail            remaining
c            level        rate            size/glue  tier1   irredundant
c 
c u 1389.10  0 49 26 55299  2 1007245 142553 2.8 49 17 1 2 40% 24398054 12654 75%
c v 1389.17  0 49 26 55299  2 1007245 142548 2.8 49 17 1 2 40% 24398054 12654 75%
c w 1389.21  0 49 26 55299  2 1007245 142548 2.8 49 17 1 2 40% 24398054 12654 75%
c t 1389.30  0 49 26 55299  2 1007245 142544 2.8 49 17 1 2 40% 24397701 12654 75%
c ] 1390.94  0 49 26 55301  2 1009876 144976 2.8 49 17 1 2 40% 24397701 12654 75%
c { 1390.94  0 36 26 55301  5 1009876 144976 3.6 27 7 1 2 35% 24397701 12654 75%
c } 1408.90  0 36 26 56571  5 1026867 160338 3.7 27 7 1 2 35% 24397700 12654 75%
c [ 1408.90  0 49 26 56571  2 1026867 160338 2.8 49 17 1 2 40% 24397700 12654 75%
c B 1417.53  0 51 26 56574  2 1035085 167576 2.8 50 18 1 2 41% 24397700 12654 75%
c ] 1421.67  0 51 26 56574  2 1037978 170175 2.8 50 18 1 2 42% 24397700 12654 75%
c { 1421.67  0 36 26 56574  5 1037978 170175 3.7 27 7 1 2 35% 24397700 12654 75%
c } 1440.64  0 36 26 58053  5 1056547 186710 3.7 28 8 1 2 35% 24397699 12654 75%
c [ 1440.64  0 51 26 58053  2 1056547 186710 2.8 50 18 1 2 42% 24397699 12654 75%
c ] 1455.66  0 48 26 58057  2 1079840 207318 2.9 51 18 1 2 42% 24397699 12654 75%
c { 1455.66  0 36 26 58057  5 1079840 207318 3.7 28 8 1 2 35% 24397699 12654 75%
c W 1462.50  0 35 26 58095  5 1081086 208293 3.7 28 8 1 2 35% 24397699 12654 75%
c i 1466.57  0 35 26 58419  5 1087617 213776 3.7 28 7 1 2 37% 24397699 12652 75%
c - 1474.00  0 35 27 58799  5 1092235 142308 3.7 28 8 1 2 36% 23954691 12652 75%
c 2 1474.10  0 35 27 58799  5 1092235 142307 3.7 28 8 1 2 36% 23954690 12652 75%
c d 1474.54  0 35 27 58799  5 1092235 142304 3.7 28 8 1 2 36% 23954686 12649 75%
c 
c   seconds   reductions     conflicts          size  tier2          variables
c           MB      restarts        redundant      glue  trail            remaining
c            level        rate            size/glue tier1   irredundant
c 
c p 1475.63  0 35 27 58799  5 1092235 200145 3.7 28 8 1 2 36% 23954686 12649 75%
c u 1484.75  0 35 27 58799  5 1092235 199179 3.7 28 8 1 2 36% 23964551 12649 75%
c v 1484.78  0 35 27 58799  5 1092235 199177 3.7 28 8 1 2 36% 23964551 12649 75%
c w 1484.80  0 35 27 58799  5 1092235 199177 3.7 28 8 1 2 36% 23964551 12649 75%
c t 1484.95  0 35 27 58799  5 1092235 198893 3.7 28 8 1 2 36% 23954699 12649 75%
c } 1492.67  0 35 27 59513  5 1099625 205556 3.7 28 8 1 2 36% 23954699 12649 75%
c [ 1492.67  0 48 27 59513  2 1099625 205556 2.9 51 18 1 2 42% 23954699 12649 75%
c ] 1506.53  0 46 27 59523  2 1117017 221350 3.0 52 17 1 2 43% 23954699 12649 75%
c { 1506.53  0 35 27 59523  5 1117017 221350 3.7 28 8 1 2 36% 23954699 12649 75%
c # 1517.93  0 35 27 60439  5 1128087 231438 3.7 28 8 1 2 35% 23954699 12649 75%
c } 1526.98  0 35 27 61197  5 1137000 239521 3.7 29 8 1 2 35% 23954699 12649 75%
c [ 1526.98  0 46 27 61197  2 1137000 239521 3.0 52 17 1 2 43% 23954699 12649 75%
c ] 1541.62  0 50 27 61199  2 1149205 250631 3.0 56 19 1 2 43% 23954699 12649 75%
c { 1541.62  0 35 27 61199  5 1149205 250631 3.7 29 8 1 2 35% 23954699 12649 75%
c } 1561.97  0 35 27 62551  5 1166254 265942 3.8 29 8 1 2 35% 23954699 12649 75%
c [ 1561.97  0 50 27 62551  2 1166254 265942 3.0 56 19 1 2 43% 23954699 12649 75%
c W 1572.95  0 49 27 62558  2 1176089 274540 3.0 55 19 1 2 44% 23954699 12649 75%
c - 1575.68  0 48 28 62559  2 1180532 152006 3.0 55 18 1 2 44% 23954699 12649 75%
c p 1576.48  0 48 28 62559  2 1180532 184007 3.0 55 18 1 2 44% 23954699 12649 75%
c u 1579.70  0 48 28 62559  2 1180532 183713 3.0 55 18 1 2 44% 23954699 12649 75%
c 
c   seconds   reductions     conflicts          size   tier2          variables
c           MB      restarts        redundant      glue   trail            remaining
c            level        rate            size/glue  tier1   irredundant
c 
c v 1581.27  0 48 28 62559  2 1180532 183639 3.0 55 18 1 2 44% 23954699 12649 75%
c w 1581.31  0 48 28 62559  2 1180532 183639 3.0 55 18 1 2 44% 23954699 12649 75%
c t 1581.42  0 48 28 62559  2 1180532 183636 3.0 55 18 1 2 44% 23954699 12649 75%
c ] 1589.21  0 46 28 62565  2 1188790 190417 2.9 52 18 1 2 45% 23954699 12649 75%
c { 1589.21  0 35 28 62565  5 1188790 190417 3.8 29 8 1 2 35% 23954699 12649 75%
c } 1609.06  0 35 28 63854  5 1207810 207530 3.8 30 8 1 2 34% 23954699 12649 75%
c [ 1609.06  0 46 28 63854  2 1207810 207530 2.9 52 18 1 2 45% 23954699 12649 75%
c s 1610.17  0 46 28 63854  2 1208423 207983 2.9 53 18 1 2 45% 23868282 12649 75%
c t 1610.59  0 46 28 63854  2 1208423 207983 2.9 53 18 1 2 45% 23863844 12649 75%
c e 1611.23  0 46 28 63854  2 1208423 200726 2.9 53 18 1 2 45% 23863771 12620 75%
c s 1611.80  0 46 28 63854  2 1208423 200726 2.9 53 18 1 2 45% 23790347 12620 75%
c ] 1628.59  0 46 28 63856  2 1221284 212261 3.0 52 18 1 2 45% 23790347 12620 75%
c { 1628.59  0 35 28 63856  5 1221284 212261 3.8 30 8 1 2 34% 23790347 12620 75%
c B 1632.97  0 35 28 64157  5 1225090 215687 3.9 30 8 1 2 34% 23790347 12620 75%
c } 1648.74  0 34 28 65172  5 1242835 231694 3.9 30 8 1 2 34% 23790347 12620 75%
c [ 1648.74  0 46 28 65172  2 1242835 231694 3.0 52 18 1 2 45% 23790347 12620 75%
c ] 1665.98  0 49 28 65173  2 1266986 253817 3.1 57 18 1 2 45% 23790347 12620 75%
c { 1665.98  0 34 28 65173  5 1266986 253817 3.9 30 8 1 2 34% 23790347 12620 75%
c - 1672.73  0 34 29 65521  5 1272328 156850 3.9 30 8 1 2 34% 23790347 12620 75%
c 2 1672.81  0 34 29 65521  5 1272328 156847 3.9 30 8 1 2 34% 23787129 12620 75%
c 
c   seconds   reductions     conflicts          size  tier2          variables
c           MB      restarts        redundant      glue  trail            remaining
c            level        rate            size/glue tier1   irredundant
c 
c p 1673.78  0 34 29 65521  5 1272328 202969 3.9 30 8 1 2 34% 23787129 12620 75%
c u 1676.17  0 34 29 65521  5 1272328 202477 3.9 30 8 1 2 34% 23787129 12620 75%
c v 1677.19  0 34 29 65521  5 1272328 202360 3.9 30 8 1 2 34% 23787129 12620 75%
c x 1678.59  0 34 29 65521  5 1272328 202360 3.9 30 8 1 2 34% 23786832 12620 75%
c t 1678.69  0 34 29 65521  5 1272328 202357 3.9 30 8 1 2 34% 23785447 12620 75%
c W 1687.73  0 34 29 65697  5 1275092 204858 3.9 30 8 1 2 33% 23785447 12620 75%
c } 1700.88  0 33 29 66625  5 1288662 216835 3.9 30 8 1 2 35% 23785446 12620 75%
c [ 1700.88  0 49 29 66625  2 1288662 216835 3.1 57 18 1 2 45% 23785446 12620 75%
c ] 1720.86  0 72 29 66625  2 1307212 233217 2.6 64 25 1 2 44% 23785446 12620 75%
c { 1720.86  0 33 29 66625  5 1307212 233217 3.9 30 8 1 2 35% 23785446 12620 75%
c F 1744.26  0 34 29 68217  5 1326095 250184 3.9 31 8 1 2 34% 23785446 12620 75%
c } 1744.79  0 34 29 68250  5 1326564 250614 3.9 31 8 1 2 34% 23785446 12620 75%
c [ 1744.79  0 72 29 68250  2 1326564 250614 2.6 64 25 1 2 44% 23785446 12620 75%
c ] 1758.26  0 66 29 68256  2 1340955 264138 2.7 63 23 1 2 42% 23785446 12620 75%
c { 1758.26  0 34 29 68256  5 1340955 264138 3.9 31 8 1 2 34% 23785446 12620 75%
c } 1775.08  0 34 29 69544  5 1354731 276599 3.9 31 8 1 2 34% 23785446 12620 75%
c ? 1775.08  0 34 29 69544  5 1354731 276599 3.9 31 8 1 2 34% 23785446 12620 75%
c 
c --- [ result ] -------------------------------------------------------------
c 
c UNKNOWN
c 
c --- [ run-time profiling ] -------------------------------------------------
c 
c process time taken by individual solving procedures
c (percentage relative to process time for solving)
c 
c      1482.46   83.66% search
c       799.79   45.14% unstable
c       596.68   33.67% stable
c       289.51   16.34% simplify
c        92.09    5.20% congruence
c        85.36    4.82% walk
c        77.52    4.37% sweep
c        61.68    3.48% vivify
c        12.05    0.68% elim
c        11.32    0.64% subsume
c        10.65    0.60% probe
c         3.10    0.17% parse
c         1.91    0.11% ternary
c         0.63    0.04% lucky
c         0.08    0.00% backbone
c   =================================
c      1771.98   99.83% solve
c 
c last line shows process time for solving
c (percentage relative to total process time)
c 
c --- [ statistics ] ---------------------------------------------------------
c 
c chronological:            542237        40.03 %  of conflicts
c conflicts:               1354731       764.53    per second
c backbone:                1166896      6922.73 %  of vars
c decisions:               5453094      3077.41    per second
c eliminated:                 1604         9.52 %  of all variables
c fixed:                       788         4.67 %  of all variables
c learned:                 1294432        95.55 %  per conflict
c learned_lits:           96571801       100.00 %  learned literals
c minimized:                     0         0.00 %  learned literals
c shrunken:               24351233        25.22 %  learned literals
c minishrunken:           20479658        21.21 %  learned literals
c otfs:                      12411         0.92 %  of conflict
c propagations:         1076161839         0.61 M  per second
c reduced:                  969145        71.54 %  per conflict
c rephased:                     51     26563.35    interval
c restarts:                  69544        19.48    interval
c stabilizing:                 103        50.25 %  of conflicts
c substituted:                1844        10.94 %  of all variables
c sweep equivs:                186         0.38 %  of swept variables
c subsumed:                2094218         6.91 %  of all clauses
c strengthened:              82876         0.27 %  of all clauses
c ticks:              202222337334       196.20    propagation
c vivified:                  12467         0.04 %  of all clauses
c walked:                       16     84670.69    interval
c weakened:                   9353         2.36    average size
c congruence:                   14     96766.50    interval
c 
c seconds are measured in process time for solving
c 
c --- [ glue usage ] ---------------------------------------------------------
c 
c focused glue 1 used 5579737 clauses 78.38% accumulated 78.38% tier1
c focused glue 2 used 904126 clauses 12.70% accumulated 91.08% tier2
c 
c stable glue 1 used 9351127 clauses 69.46% accumulated 69.46% tier1
c stable glue 2 used 1386476 clauses 10.29% accumulated 79.76% tier2
c 
c 
c --- [ resources ] ----------------------------------------------------------
c 
c total process time since initialization:      1775.08    seconds
c total real time since initialization:         1800.04    seconds
c maximum resident set size of process:         4436.20    MB
c 
c --- [ shutting down ] ------------------------------------------------------
c 
c exit 0
