ROUTE_B_START Thu Aug 13 22:31:17 CEST 2026 pid_driver=56409
solver_pid=56413
HEARTBEAT Thu Aug 13 23:30:18 CEST 2026 rss_kb=3156736 free_gb=306 proof=5.9G
HEARTBEAT Fri Aug 14 00:30:19 CEST 2026 rss_kb=2929728 free_gb=299 proof= 13G
HEARTBEAT Fri Aug 14 01:30:20 CEST 2026 rss_kb=2713440 free_gb=291 proof= 22G
HEARTBEAT Fri Aug 14 02:30:21 CEST 2026 rss_kb=2425920 free_gb=281 proof= 30G
HEARTBEAT Fri Aug 14 03:30:23 CEST 2026 rss_kb=2500736 free_gb=272 proof= 38G
HEARTBEAT Fri Aug 14 04:30:24 CEST 2026 rss_kb=2084432 free_gb=264 proof= 46G
HEARTBEAT Fri Aug 14 05:30:25 CEST 2026 rss_kb=2039584 free_gb=258 proof= 54G
HEARTBEAT Fri Aug 14 06:30:26 CEST 2026 rss_kb=2425024 free_gb=250 proof= 62G
HEARTBEAT Fri Aug 14 07:30:27 CEST 2026 rss_kb=2240304 free_gb=242 proof= 70G
HEARTBEAT Fri Aug 14 08:30:28 CEST 2026 rss_kb=2475472 free_gb=235 proof= 77G
HEARTBEAT Fri Aug 14 09:30:29 CEST 2026 rss_kb=2642032 free_gb=228 proof= 84G
HEARTBEAT Fri Aug 14 10:30:30 CEST 2026 rss_kb=1956144 free_gb=220 proof= 91G
HEARTBEAT Fri Aug 14 11:30:31 CEST 2026 rss_kb=2093168 free_gb=214 proof= 97G
HEARTBEAT Fri Aug 14 12:30:32 CEST 2026 rss_kb=2657440 free_gb=206 proof=105G
HEARTBEAT Fri Aug 14 13:30:33 CEST 2026 rss_kb=1969600 free_gb=199 proof=112G
HEARTBEAT Fri Aug 14 14:30:34 CEST 2026 rss_kb=2036304 free_gb=193 proof=118G
HEARTBEAT Fri Aug 14 15:30:35 CEST 2026 rss_kb=1433888 free_gb=187 proof=124G
HEARTBEAT Fri Aug 14 16:30:36 CEST 2026 rss_kb=2028720 free_gb=180 proof=131G
HEARTBEAT Fri Aug 14 17:30:37 CEST 2026 rss_kb=1443072 free_gb=173 proof=138G
HEARTBEAT Fri Aug 14 18:30:39 CEST 2026 rss_kb=1477632 free_gb=168 proof=144G
ROUTE_B_SOLVER_EXIT=20 Fri Aug 14 18:57:39 CEST 2026 proof=147G
ROUTE_B_LRAT_VERIFIED=1 Fri Aug 14 19:20:18 CEST 2026
ROUTE_B_END Fri Aug 14 19:20:18 CEST 2026
