c topTable reallocation from 1024 to 1536
c increasing the number of buckets from 1024 to 1536
c topTable reallocation from 1536 to 2304
c increasing the number of buckets from 1536 to 2304
c topTable reallocation from 2304 to 3456
c increasing the number of buckets from 2304 to 3456
c topTable reallocation from 3456 to 5184
c increasing the number of buckets from 3456 to 5184
c parsed a formula with 16856 variables and 28850111 clauses
c topTable reallocation from 5184 to 7776
c increasing the number of buckets from 5184 to 7776
c topTable reallocation from 7776 to 11664
c increasing the number of buckets from 7776 to 11664
c topTable reallocation from 11664 to 17496
c increasing the number of buckets from 11664 to 17496
c topTable reallocation from 17496 to 26244
c VERIFIED
c allocated 17496 292107372 853335
c Added clauses = 145241055.  Deleted clauses = 130164827.  Max live clauses = 28850111
c verification time = 1358.68 secs
