c --- [ banner ] -------------------------------------------------------------
c 
c CaDiCaL SAT Solver
c Copyright (c) 2016-2026
c A. Biere, M. Fleury, N. Froleyks, K. Fazekas, F. Pollitt, T. Faller
c JKU Linz, University of Freiburg, TU Wien
c 
c Version 3.0.1 c60730422e758ef1cebe7aeddf2dda31c996bf04
c Apple clang version 17.0.0 (clang-1700.6.3.2) -Wall -Wextra -O3 -DNDEBUG -DNCLOSEFROM
c Wed Aug 12 12:29:40 CEST 2026 Darwin 192.168.1.2 24.6.0 arm64
c 
c --- [ limit ] --------------------------------------------------------------
c 
c setting time limit to 1800 seconds real time (due to '-t 1800')
c 
c --- [ parsing input ] ------------------------------------------------------
c 
c reading DIMACS file from 'results/cnf/shard_00001111.cnf'
c opening file to read 'results/cnf/shard_00001111.cnf'
c found 'p cnf 16856 28850119' header
c parsed 28850119 clauses in 2.19 seconds process time
c 
c --- [ options ] ------------------------------------------------------------
c 
c all options are set to their default value
c 
c --- [ solving ] ------------------------------------------------------------
c 
c time measured in process time since initialization
c 
c  seconds  reduction conflicts       size tier2       variables
c         MB    restarts   redundant    glue  trail         remaining
c          level     rate       size/glu tier1  irredundant
c 
c *  2.19  0  0 0   0  0    0    0 0.0 0 0 2 6  0% 748445 8825 52%
c )  2.20  0  0 0   0  0    0    0 0.0 1 0 2 6 48% 748445 8819 52%
c {  2.21  0  0 0   0  0    0    0 0.0 1 0 2 6 48% 748445 8819 52%
c i  2.21  0  0 0   0  0    0    0 0.0 1 0 2 6 48% 748445 8819 52%
c i  2.21  0  0 0   0  3    1    0 0.0 1 0 2 6 48% 748445 8817 52%
c i  2.21  0  0 0   0  5    2    0 0.0 1 0 2 6 48% 748445 8816 52%
c i  2.21  0 61 0   0  3   80   69 1.6 3 2 2 6 49% 748445 8814 52%
c i  2.21  0 61 0   0  3   86   74 1.6 3 2 2 6 49% 748445 8813 52%
c i  2.21  0 60 0   0  3   89   74 1.6 3 2 2 6 49% 748445 8809 52%
c i  2.21  0 60 0   0  3   94   78 1.7 3 2 2 6 49% 748445 8808 52%
c i  2.21  0 60 0   0  3   96   79 1.7 3 2 2 6 49% 748445 8791 52%
c i  2.21  0 90 0   6  7  179  156 1.6 3 2 2 6 50% 748445 8787 52%
c i  2.21  0 89 0   6  7  180  156 1.6 3 2 2 6 50% 748445 8784 52%
c i  2.21  0 86 0   7  7  187  162 1.6 3 2 2 6 49% 748445 8783 52%
c i  2.21  0 85 0   7  7  188  162 1.6 3 2 2 6 49% 748445 8773 52%
c -  2.23  0 136 1   8  7  300  250 1.6 3 2 2 6 51% 661396 8773 52%
c i  2.23  0 143 1   8  7  316  263 1.6 3 2 2 6 51% 661396 8769 52%
c i  2.23  0 146 1   8  7  322  267 1.6 3 2 2 6 51% 661396 8767 52%
c i  2.23  0 145 1   9  7  333  274 1.6 3 2 2 6 51% 661396 8764 52%
c i  2.23  0 145 1  10  7  334  274 1.6 3 2 2 6 51% 661396 8758 52%
c 
c  seconds   reduction conflicts       size tier2       variables
c         MB     restarts   redundant    glue  trail         remaining
c           level     rate       size/glu tier1  irredundant
c 
c i  2.23  0 151 1  10  7  362  297 1.6 3 2 2 6 51% 661396 8756 52%
c i  2.23  0 153 1  19 11  396  326 1.6 3 2 2 6 51% 661396 8753 52%
c i  2.23  0 146 1  25 10  421  343 1.6 3 2 2 6 52% 661396 8751 52%
c i  2.23  0 145 1  26 10  425  346 1.6 3 2 2 6 52% 661396 8747 52%
c i  2.23  0 141 1  30 10  437  357 1.5 3 2 2 6 52% 661396 8746 52%
c i  2.23  0 140 1  32 10  443  361 1.6 3 2 2 6 52% 661396 8745 52%
c i  2.23  0 139 1  33 10  445  362 1.6 3 2 2 6 52% 661396 8736 52%
c i  2.23  0 138 1  33 10  447  363 1.6 3 2 2 6 52% 661396 8731 52%
c i  2.23  0 137 1  34 10  450  365 1.6 3 2 2 6 52% 661396 8726 52%
c i  2.23  0 136 1  35 10  457  370 1.6 3 2 2 6 52% 661396 8722 52%
c i  2.23  0 133 1  35 10  472  380 1.6 3 2 2 6 52% 661396 8718 52%
c i  2.23  0 130 1  35 10  493  392 1.6 3 2 2 6 52% 661396 8715 52%
c i  2.23  0 125 1  39  9  516  408 1.6 3 2 2 6 52% 661396 8712 52%
c i  2.23  0 125 1  39  9  520  410 1.6 3 2 2 6 52% 661396 8711 52%
c i  2.23  0 124 1  39  9  525  414 1.6 3 2 2 6 52% 661396 8707 52%
c i  2.23  0 118 1  39  9  557  440 1.6 3 2 2 6 52% 661396 8706 52%
c i  2.23  0 116 1  39  9  566  443 1.6 3 2 2 6 52% 661396 8696 52%
c i  2.23  0 107 1  39  8  624  484 1.6 4 2 2 6 52% 661396 8692 52%
c i  2.23  0 99 1  39  8  675  515 1.7 4 2 2 6 52% 661396 8686 52%
c i  2.23  0 99 1  39  8  680  517 1.7 4 2 2 6 52% 661396 8685 52%
c 
c  seconds  reduction conflicts       size tier2       variables
c         MB    restarts   redundant    glue  trail         remaining
c          level     rate       size/glu tier1  irredundant
c 
c i  2.23  0 98 1  39  8  693  526 1.7 4 2 2 6 52% 661396 8683 52%
c i  2.23  0 101 1  40  8  739  569 1.6 4 2 2 6 53% 661396 8681 52%
c i  2.23  0 102 1  42  8  772  598 1.6 4 2 2 6 53% 661396 8670 51%
c i  2.23  0 103 1  42  8  806  627 1.7 4 2 2 6 53% 661396 8664 51%
c i  2.24  0 104 1  50  8  892  703 1.7 4 2 2 6 54% 661396 8659 51%
c i  2.24  0 103 1  50  8  923  723 1.7 4 2 2 6 54% 661396 8658 51%
c i  2.24  0 103 1  50  8  926  724 1.7 4 2 2 6 54% 661396 8642 51%
c i  2.24  0 102 1  50  8  932  726 1.7 4 2 2 6 54% 661396 8635 51%
c i  2.24  0 102 1  50  8  933  726 1.7 4 2 2 6 54% 661396 8631 51%
c }  2.24  0 116 1  50  8 1001  793 1.7 4 2 2 6 55% 661396 8631 51%
c [  2.24  0  0 1  50  0 1001  793 0.0 0 0 2 6  0% 661396 8631 51%
c ]  2.24  0  0 1  50  0 1001  793 0.0 0 0 2 6  0% 661396 8631 51%
c {  2.24  0 116 1  50  8 1001  793 1.7 4 2 2 6 55% 661396 8631 51%
c O  2.24  0 116 1  50  8 1002  794 1.7 4 2 2 6 55% 661396 8631 51%
c i  2.24  0 114 1  50  8 1019  810 1.7 4 2 2 6 55% 661396 8630 51%
c i  2.24  0 112 1  59  8 1063  843 1.7 4 2 2 6 56% 661396 8628 51%
c -  2.30  0 110 2  66  8 1088  776 1.7 4 2 2 6 56% 660688 8628 51%
c i  2.30  0 110 2  66  8 1089  776 1.7 4 2 2 6 56% 660688 8627 51%
c i  2.30  0 110 2  68  8 1097  780 1.7 4 2 2 6 56% 660688 8619 51%
c i  2.30  0 109 2  71  8 1116  791 1.7 4 2 2 6 56% 660688 8618 51%
c 
c  seconds   reduction conflicts       size tier2       variables
c         MB     restarts   redundant    glue  trail         remaining
c           level     rate       size/glu tier1  irredundant
c 
c i  2.30  0 109 2  71  8 1118  791 1.7 4 2 2 6 56% 660688 8617 51%
c i  2.30  0 108 2  71  8 1130  800 1.7 4 2 2 6 56% 660688 8616 51%
c i  2.30  0 107 2  71  8 1135  803 1.7 4 2 2 6 56% 660688 8615 51%
c i  2.30  0 107 2  71  8 1138  805 1.7 4 2 2 6 56% 660688 8612 51%
c i  2.30  0 107 2  71  8 1139  805 1.7 4 2 2 6 56% 660688 8609 51%
c i  2.30  0 107 2  71  8 1142  806 1.7 4 2 2 6 56% 660688 8606 51%
c i  2.30  0 104 2  72  8 1232  886 1.7 4 2 2 6 57% 660688 8603 51%
c i  2.30  0 104 2  72  8 1233  886 1.7 4 2 2 6 57% 660688 8594 51%
c i  2.30  0 103 2  72  8 1235  887 1.7 4 2 2 6 57% 660688 8592 51%
c i  2.30  0 102 2  74  8 1258  906 1.7 4 2 2 6 57% 660688 8591 51%
c i  2.31  0 101 2  74  8 1273  919 1.7 4 2 2 6 57% 660688 8588 51%
c i  2.31  0 100 2  76  8 1293  935 1.7 4 2 2 6 57% 660688 8587 51%
c i  2.31  0 98 2  76  8 1338  972 1.7 4 2 2 6 57% 660688 8586 51%
c i  2.31  0 98 2  78  8 1365  991 1.7 4 2 2 6 57% 660688 8583 51%
c i  2.31  0 97 2  78  8 1372  996 1.7 4 2 2 6 57% 660688 8582 51%
c i  2.31  0 96 2  78  7 1394 1014 1.7 4 2 2 6 57% 660688 8581 51%
c i  2.31  0 95 2  94  8 1485 1089 1.7 4 2 2 6 57% 660688 8575 51%
c i  2.31  0 95 2  99  8 1507 1107 1.7 4 2 2 6 57% 660688 8573 51%
c i  2.31  0 94 2 105  9 1535 1129 1.7 4 2 2 6 57% 660688 8571 51%
c i  2.32  0 92 2 123  9 1608 1190 1.7 4 2 2 6 58% 660688 8570 51%
c 
c  seconds  reduction conflicts       size tier2       variables
c         MB    restarts   redundant    glue  trail         remaining
c          level     rate       size/glu tier1  irredundant
c 
c i  2.32  0 91 2 128  9 1627 1205 1.7 4 2 2 6 58% 660688 8568 51%
c i  2.32  0 91 2 129  9 1631 1208 1.7 4 2 2 6 58% 660688 8567 51%
c i  2.32  0 92 2 130  9 1639 1214 1.7 4 2 2 6 58% 660688 8566 51%
c i  2.32  0 91 2 130  9 1652 1221 1.7 4 2 2 6 58% 660688 8565 51%
c i  2.32  0 92 2 131  9 1668 1235 1.7 4 2 2 6 58% 660688 8563 51%
c i  2.32  0 91 2 133  9 1672 1238 1.7 4 2 2 6 58% 660688 8559 51%
c i  2.32  0 91 2 133  9 1674 1239 1.7 4 2 2 6 58% 660688 8548 51%
c i  2.32  0 91 2 134  9 1675 1239 1.7 4 2 2 6 58% 660688 8546 51%
c i  2.32  0 91 2 135  9 1680 1242 1.7 4 2 2 6 58% 660688 8535 51%
c i  2.32  0 91 2 137  9 1685 1246 1.7 4 2 2 6 58% 660688 8525 51%
c i  2.32  0 90 2 138  9 1696 1253 1.7 4 2 2 6 58% 660688 8523 51%
c i  2.32  0 90 2 139  9 1699 1254 1.7 4 2 2 6 58% 660688 8522 51%
c i  2.32  0 90 2 139  9 1707 1258 1.7 4 2 2 6 58% 660688 8514 51%
c i  2.32  0 90 2 139  9 1711 1261 1.7 4 2 2 6 58% 660688 8512 50%
c i  2.32  0 89 2 139  9 1740 1288 1.7 4 2 2 6 58% 660688 8505 50%
c }  2.32  0 88 2 144  9 1770 1314 1.7 4 2 2 6 58% 660688 8505 50%
c [  2.32  0  0 2 144  0 1770 1314 0.0 0 0 2 6  0% 660688 8505 50%
c i  2.32  0  2 2 144  0 1773 1314 3.0 1 0 2 6 52% 660688 8504 50%
c i  2.33  0 25 2 144  3 2017 1537 4.2 22 5 2 6 87% 660688 8503 50%
c i  2.33  0 39 2 144  3 2217 1713 3.8 18 5 2 6 85% 660688 8500 50%
c 
c  seconds  reduction conflicts       size  tier2       variables
c         MB    restarts   redundant     glue  trail         remaining
c          level     rate       size/glue tier1  irredundant
c 
c i  2.34  0 37 2 144  3 2309 1792 3.5 19 5 2 6 83% 660688 8499 50%
c i  2.34  0 42 2 144  3 2454 1924 3.7 20 5 2 6 82% 660688 8497 50%
c i  2.34  0 44 2 144  3 2576 2041 3.7 20 5 2 6 81% 660688 8495 50%
c -  2.37  0 44 3 144  3 2588 1794 3.7 20 5 2 6 81% 659959 8495 50%
c i  2.41  0 44 3 144  3 2673 1866 3.6 19 5 2 6 42% 659959 8483 50%
c i  2.41  0 42 3 144  3 2847 2008 3.1 18 6 2 6 38% 659959 8482 50%
c i  2.42  0 40 3 145  3 2976 2114 3.0 17 6 2 6 39% 659959 8481 50%
c I  2.42  0 40 3 145  3 3003 2140 3.0 17 6 2 6 39% 659959 8481 50%
c i  2.42  0 40 3 145  3 3013 2147 3.0 17 6 2 6 39% 659959 8480 50%
c i  2.42  0 40 3 145  3 3016 2149 3.0 17 6 2 6 38% 659959 8478 50%
c i  2.42  0 40 3 145  3 3020 2152 3.0 17 6 2 6 38% 659959 8477 50%
c i  2.42  0 40 3 145  3 3023 2154 3.0 17 6 2 6 38% 659959 8475 50%
c i  2.42  0 40 3 145  3 3044 2170 3.0 17 6 2 6 37% 659959 8472 50%
c i  2.42  0 40 3 145  3 3068 2188 3.0 16 5 2 6 37% 659959 8471 50%
c i  2.42  0 40 3 145  3 3075 2193 3.0 16 5 2 6 37% 659959 8470 50%
c i  2.42  0 40 3 145  3 3095 2211 3.0 16 5 2 6 37% 659959 8468 50%
c i  2.42  0 40 3 145  3 3104 2219 3.0 16 5 2 6 37% 659959 8465 50%
c i  2.42  0 41 3 145  3 3125 2238 2.9 16 5 2 6 38% 659959 8464 50%
c i  2.42  0 41 3 145  3 3139 2246 2.9 16 5 2 6 38% 659959 8461 50%
c i  2.42  0 41 3 145  3 3148 2249 2.9 16 5 2 6 38% 659959 8459 50%
c 
c  seconds  reduction conflicts       size  tier2       variables
c         MB    restarts   redundant     glue  trail         remaining
c          level     rate       size/glue tier1  irredundant
c 
c i  2.42  0 42 3 145  3 3245 2328 2.9 15 5 2 6 39% 659959 8458 50%
c i  2.42  0 42 3 145  3 3250 2332 2.9 15 5 2 6 39% 659959 8457 50%
c i  2.42  0 42 3 145  3 3354 2427 2.9 15 5 2 6 39% 659959 8453 50%
c ]  2.42  0 41 3 145  3 3417 2488 2.9 15 5 2 6 39% 659959 8453 50%
c {  2.42  0 88 3 145  9 3417 2488 1.7 4 2 2 6 115% 659959 8453 50%
c i  2.42  0 88 3 147  9 3421 2491 1.7 4 2 2 6 115% 659959 8451 50%
c i  2.42  0 88 3 147  9 3422 2491 1.7 4 2 2 6 115% 659959 8447 50%
c i  2.43  0 87 3 153  9 3445 2510 1.7 4 2 2 6 114% 659959 8446 50%
c 2  2.43  0 88 3 153  9 3451 2510 1.7 4 2 2 6 113% 560743 8445 50%
c d  2.44  0 88 3 153  9 3451 2453 1.7 4 2 2 6 113% 557631 7148 42%
c d  2.45  0 88 3 153  9 3451 2446 1.7 4 2 2 6 113% 557371 7076 42%
c p  2.45  0 88 3 153  9 3451 2938 1.7 4 2 2 6 113% 557371 7076 42%
c c  2.83  0 88 3 153  9 3451 2930 1.7 4 2 2 6 113% 557441 6872 41%
c d  2.84  0 88 3 153  9 3451 2880 1.7 4 2 2 6 113% 555186 6194 37%
c d  2.85  0 88 3 153  9 3451 2880 1.7 4 2 2 6 113% 555169 6190 37%
c k  2.85  0 88 3 153  9 3451 2880 1.7 4 2 2 6 113% 555169 6168 37%
c 2  2.85  0 88 3 153  9 3451 2829 1.7 4 2 2 6 113% 554557 6166 37%
c t  2.86  0 88 3 153  9 3451 2825 1.7 4 2 2 6 113% 553842 6159 37%
c i  2.86  0 89 3 172 10 3556 2909 1.7 4 2 2 6 108% 553842 6158 37%
c i  2.86  0 88 3 181 10 3602 2942 1.7 4 2 2 6 106% 553842 6154 37%
c 
c  seconds  reduction conflicts       size tier2        variables
c         MB    restarts   redundant    glue  trail          remaining
c          level     rate       size/glu tier1   irredundant
c 
c i  2.86  0 88 3 181 10 3614 2952 1.7 4 2 2 6 106% 553842 6153 37%
c i  2.87  0 86 3 186 10 3650 2981 1.7 4 2 2 6 104% 553842 6150 36%
c i  2.87  0 86 3 188 10 3664 2992 1.7 4 2 2 6 103% 553842 6147 36%
c i  2.87  0 85 3 191  9 3683 3006 1.7 4 2 2 6 102% 553842 6143 36%
c i  2.87  0 85 3 191  9 3685 3006 1.7 4 2 2 6 102% 553842 6142 36%
c i  2.87  0 85 3 194  9 3693 3012 1.7 4 2 2 6 102% 553842 6141 36%
c i  2.87  0 84 3 205  9 3735 3046 1.7 4 2 2 6 100% 553842 6138 36%
c i  2.87  0 84 3 205  9 3744 3053 1.7 4 2 2 6 100% 553842 6133 36%
c i  2.87  0 84 3 205  9 3753 3059 1.7 4 2 2 6 100% 553842 6132 36%
c i  2.87  0 83 3 207  9 3778 3076 1.7 4 2 2 6 99% 553842 6130 36%
c i  2.87  0 83 3 208  9 3781 3078 1.7 4 2 2 6 98% 553842 6129 36%
c i  2.87  0 83 3 210  9 3792 3084 1.7 4 2 2 6 98% 553842 6124 36%
c i  2.87  0 82 3 212  9 3797 3087 1.7 4 2 2 6 98% 553842 6123 36%
c i  2.87  0 82 3 215  9 3811 3099 1.7 4 2 2 6 97% 553842 6121 36%
c i  2.87  0 82 3 217  9 3824 3108 1.7 4 2 2 6 97% 553842 6120 36%
c i  2.87  0 81 3 218  9 3841 3122 1.7 4 2 2 6 96% 553842 6119 36%
c i  2.87  0 80 3 221  9 3868 3144 1.7 4 2 2 6 95% 553842 6117 36%
c i  2.87  0 79 3 234  9 3932 3198 1.7 4 2 2 6 93% 553842 6113 36%
c i  2.87  0 79 3 236  9 3941 3204 1.7 4 2 2 6 93% 553842 6111 36%
c i  2.88  0 78 3 246  9 3973 3231 1.7 4 2 2 6 92% 553842 6108 36%
c 
c  seconds  reduction conflicts       size tier2       variables
c         MB    restarts   redundant    glue  trail         remaining
c          level     rate       size/glu tier1  irredundant
c 
c i  2.89  0 74 3 292  9 4224 3448 1.8 4 2 2 6 85% 553842 6107 36%
c i  2.89  0 73 3 305  9 4278 3492 1.8 4 2 2 6 83% 553842 6102 36%
c i  2.89  0 71 3 327  9 4368 3571 1.8 4 3 2 6 81% 553842 6101 36%
c i  2.89  0 71 3 330  9 4377 3578 1.8 4 3 2 6 81% 553842 6100 36%
c i  2.90  0 69 3 353  9 4466 3656 1.8 4 3 2 6 78% 553842 6098 36%
c i  2.90  0 69 3 364  9 4518 3700 1.8 4 3 2 6 77% 553842 6095 36%
c }  2.90  0 67 3 394  9 4630 3801 1.8 5 3 2 6 75% 553842 6095 36%
c [  2.90  0 41 3 394  3 4630 3801 2.9 15 5 2 6 39% 553842 6095 36%
c -  2.93  0 50 4 394  3 4900 3061 2.8 15 5 2 6 38% 553193 6095 36%
c i  2.95  0 49 4 395  3 5211 3340 2.7 14 5 2 3 37% 553193 6094 36%
c i  2.95  0 50 4 395  3 5347 3457 2.7 15 5 2 3 38% 553193 6093 36%
c i  2.96  0 50 4 395  3 5563 3650 2.7 15 6 1 2 38% 553193 6092 36%
c i  2.97  0 50 4 395  3 5868 3926 2.7 16 6 1 2 38% 553193 6090 36%
c i  2.97  0 50 4 395  3 5871 3928 2.7 16 6 1 2 38% 553193 6088 36%
c 2  2.98  0 50 4 395  3 5952 3979 2.7 16 6 1 2 37% 553175 6086 36%
c d  2.99  0 50 4 395  3 5952 3897 2.7 16 6 1 2 37% 552934 6006 36%
c d  2.99  0 50 4 395  3 5952 3897 2.7 16 6 1 2 37% 552932 6005 36%
c c  3.12  0 50 4 395  3 5952 3892 2.7 16 6 1 2 37% 553176 6003 36%
c d  3.13  0 50 4 395  3 5952 3876 2.7 16 6 1 2 37% 552885 5878 35%
c k  3.13  0 50 4 395  3 5952 3876 2.7 16 6 1 2 37% 552885 5836 35%
c 
c  seconds  reduction conflicts       size  tier2       variables
c         MB    restarts   redundant     glue  trail         remaining
c          level     rate       size/glue tier1  irredundant
c 
c 2  3.13  0 50 4 395  3 5952 3860 2.7 16 6 1 2 37% 552746 5836 35%
c t  3.13  0 50 4 395  3 5952 3859 2.7 16 6 1 2 37% 552402 5836 35%
c ]  3.14  0 50 4 395  3 5952 3859 2.7 16 6 1 2 37% 552402 5836 35%
c {  3.14  0 67 4 395  9 5952 3859 1.8 5 3 2 6 75% 552402 5836 35%
c O  3.15  0 67 4 409  9 6005 3906 1.8 5 3 2 6 74% 552402 5836 35%
c i  3.15  0 66 4 426  9 6075 3970 1.8 5 3 1 2 73% 552402 5831 35%
c i  3.16  0 63 4 462  9 6249 4117 1.8 5 3 1 2 70% 552402 5829 35%
c i  3.16  0 62 4 475  9 6318 4168 1.8 5 3 1 2 69% 552402 5824 35%
c i  3.17  0 61 4 494  8 6440 4271 1.8 5 3 1 2 67% 552402 5823 35%
c i  3.20  0 59 4 533  8 6594 4236 1.8 5 3 1 2  3% 526187 5822 35%
c i  3.21  0 59 4 547  8 6648 4283 1.8 5 3 1 2 14% 526187 5821 35%
c i  3.22  0 57 4 595  8 6853 4458 1.8 5 3 1 2 18% 526187 5820 35%
c i  3.22  0 56 4 598  8 6862 4465 1.8 5 3 1 2 17% 526187 5819 35%
c i  3.22  0 56 4 602  8 6875 4475 1.8 5 3 1 2 17% 526187 5818 35%
c i  3.22  0 56 4 602  8 6876 4475 1.8 5 3 1 2 17% 526187 5816 35%
c i  3.23  0 55 4 636  8 7019 4604 1.8 5 3 1 2 23% 526187 5815 34%
c }  3.24  0 55 4 651  8 7081 4659 1.8 5 3 1 2 24% 526187 5815 34%
c [  3.24  0 50 4 651  3 7081 4659 2.7 16 6 1 2 54% 526187 5815 34%
c -  3.30  0 45 5 651  3 7952 3144 3.2 20 6 1 2 54% 526101 5815 34%
c ]  3.33  0 43 5 652  3 8554 3678 3.2 21 7 1 2 54% 526101 5815 34%
c 
c  seconds  reduction conflicts       size tier2       variables
c         MB    restarts   redundant    glue  trail         remaining
c          level     rate       size/glu tier1  irredundant
c 
c {  3.33  0 55 5 652  8 8554 3678 1.8 5 3 1 2 24% 526101 5815 34%
c 2  3.34  0 55 5 653  8 8556 3676 1.8 5 3 1 2 24% 526078 5815 34%
c d  3.34  0 55 5 653  8 8556 3672 1.8 5 3 1 2 24% 526010 5786 34%
c c  3.46  0 55 5 653  8 8556 3670 1.8 5 3 1 2 24% 526099 5784 34%
c d  3.47  0 55 5 653  8 8556 3658 1.8 5 3 1 2 24% 526063 5768 34%
c k  3.47  0 55 5 653  8 8556 3658 1.8 5 3 1 2 24% 526063 5747 34%
c 2  3.48  0 55 5 653  8 8556 3654 1.8 5 3 1 2 24% 526041 5747 34%
c =  3.52  0 55 5 653  8 8556 3628 1.8 5 3 1 2 24% 525696 5690 34%
c t  3.52  0 55 5 653  8 8556 3628 1.8 5 3 1 2 24% 524666 5690 34%
c i  3.53  0 55 5 659  8 8579 3646 1.8 5 3 1 2 24% 524666 5689 34%
c i  3.53  0 55 5 665  8 8601 3666 1.8 5 3 1 2 24% 524666 5686 34%
c i  3.53  0 54 5 671  8 8641 3699 1.8 5 3 1 2 24% 524666 5685 34%
c i  3.53  0 54 5 676  8 8658 3715 1.8 5 3 1 2 24% 524666 5684 34%
c i  3.54  0 54 5 683  8 8742 3784 1.8 5 3 1 2 23% 524666 5683 34%
c i  3.54  0 54 5 694  8 8779 3818 1.8 5 3 1 2 23% 524666 5682 34%
c i  3.54  0 53 5 696  8 8787 3824 1.8 5 3 1 2 23% 524666 5681 34%
c i  3.54  0 53 5 713  8 8899 3920 1.8 5 3 1 2 22% 524665 5680 34%
c i  3.55  0 52 5 721  8 8931 3944 1.8 5 3 1 2 22% 524665 5678 34%
c i  3.55  0 52 5 727  8 8954 3962 1.8 5 3 1 2 22% 524665 5676 34%
c i  3.55  0 52 5 741  8 9010 4012 1.8 6 3 1 2 22% 524665 5675 34%
c 
c  seconds  reduction conflicts       size tier2       variables
c         MB    restarts   redundant    glue  trail         remaining
c          level     rate       size/glu tier1  irredundant
c 
c i  3.58  0 49 5 837  8 9394 4349 1.9 6 3 1 2 23% 524665 5673 34%
c i  3.59  0 48 5 889  8 9598 4525 1.9 6 3 1 2 22% 524665 5670 34%
c i  3.59  0 48 5 897  8 9628 4549 1.9 6 3 1 2 22% 524665 5669 34%
c i  3.59  0 48 5 900  8 9657 4574 1.9 6 3 1 2 22% 524665 5667 34%
c i  3.59  0 48 5 900  8 9685 4594 1.9 6 3 1 2 22% 524665 5664 34%
c i  3.59  0 47 5 900  8 9736 4628 1.9 6 3 1 2 22% 524665 5661 34%
c i  3.61  0 46 5 953  8 9969 4830 1.9 6 3 1 2 22% 524665 5659 34%
c i  3.61  0 46 5 954  8 9979 4836 1.9 6 3 1 2 22% 524665 5658 34%
c #  3.61  0 46 5 959  8 10006 4860 1.9 6 3 1 2 22% 524665 5658 34%
c i  3.62  0 45 5 982  8 10200 5014 1.9 6 3 1 2 22% 524665 5657 34%
c i  3.63  0 44 5 1015  7 10346 5142 1.9 6 3 1 2 22% 524665 5656 34%
c }  3.63  0 44 5 1016  7 10353 5149 1.9 6 3 1 2 22% 524665 5656 34%
c [  3.63  0 43 5 1016  3 10353 5149 3.2 21 7 1 2 54% 524665 5656 34%
c i  3.64  0 41 5 1016  3 10651 5395 3.1 20 7 1 2 52% 524665 5655 34%
c i  3.71  0 37 5 1017  3 11723 6322 3.2 22 7 1 2 47% 524665 5653 34%
c -  3.74  0 37 6 1017  3 11788 4072 3.2 22 7 1 2 47% 517451 5653 34%
c 2  3.74  0 37 6 1017  3 11788 4055 3.2 22 7 1 2 47% 517438 5653 34%
c d  3.75  0 37 6 1017  3 11788 4037 3.2 22 7 1 2 47% 517378 5626 33%
c d  3.76  0 37 6 1017  3 11788 4036 3.2 22 7 1 2 47% 517371 5625 33%
c c  3.87  0 37 6 1017  3 11788 4027 3.2 22 7 1 2 47% 517471 5623 33%
c 
c  seconds  reductions  conflicts       size  tier2       variables
c         MB    restarts     redundant     glue  trail         remaining
c          level      rate        size/glue tier1  irredundant
c 
c d  3.88  0 37 6 1017  3 11788 4006 3.2 22 7 1 2 47% 517432 5613 33%
c d  3.89  0 37 6 1017  3 11788 3998 3.2 22 7 1 2 47% 517423 5611 33%
c k  3.89  0 37 6 1017  3 11788 3998 3.2 22 7 1 2 47% 517423 5582 33%
c 2  3.89  0 37 6 1017  3 11788 3989 3.2 22 7 1 2 47% 517414 5582 33%
c =  3.92  0 37 6 1017  3 11788 3974 3.2 22 7 1 2 47% 517134 5548 33%
c t  3.93  0 37 6 1017  3 11788 3974 3.2 22 7 1 2 47% 515478 5548 33%
c ]  3.95  0 37 6 1017  3 11939 4103 3.2 22 7 1 2 48% 515478 5548 33%
c {  3.95  0 44 6 1017  7 11939 4103 1.9 6 3 1 2 22% 515478 5548 33%
c i  3.97  0 43 6 1074  7 12172 4306 1.9 6 3 1 2 23% 515478 5546 33%
c i  3.98  0 42 6 1111  7 12316 4430 1.9 6 3 1 2 23% 515478 5544 33%
c i  3.98  0 42 6 1114  7 12332 4438 1.9 6 3 1 2 23% 515478 5538 33%
c i  3.99  0 41 6 1158  7 12536 4599 1.9 6 3 1 2 23% 515478 5529 33%
c i  4.00  0 41 6 1158  7 12602 4662 1.9 6 3 1 2 23% 515478 5528 33%
c i  4.00  0 41 6 1158  7 12603 4662 1.9 6 3 1 2 23% 515478 5526 33%
c i  4.01  0 40 6 1197  7 12794 4811 1.9 7 3 1 2 23% 515478 5518 33%
c s  4.04  0 40 6 1202  7 12814 4798 1.9 7 3 1 2 23% 437233 5518 33%
c t  4.05  0 40 6 1202  7 12814 4798 1.9 7 3 1 2 23% 434418 5518 33%
c e  4.07  0 40 6 1202  7 12814 3052 1.9 7 3 1 2 23% 405520 4834 29%
c s  4.09  0 40 6 1202  7 12814 3052 1.9 7 3 1 2 23% 373727 4834 29%
c e  4.10  0 40 6 1202  7 12814 3052 1.9 7 3 1 2 23% 373714 4831 29%
c 
c  seconds  reductions  conflicts       size tier2       variables
c         MB    restarts     redundant    glue  trail         remaining
c          level      rate        size/glu tier1  irredundant
c 
c i  4.14  0 40 6 1227  7 12981 3060 1.9 7 3 1 2 26% 373714 4829 29%
c i  4.14  0 40 6 1228  7 12982 3060 1.9 7 3 1 2 26% 373714 4825 29%
c i  4.17  0 38 6 1350  7 13750 3723 2.0 7 4 1 2 24% 373712 4824 29%
c i  4.18  0 38 6 1375  7 13927 3865 2.0 7 4 1 2 24% 373711 4823 29%
c i  4.18  0 38 6 1375  7 13952 3886 2.0 7 4 1 2 24% 373711 4822 29%
c i  4.18  0 37 6 1382  7 14150 4027 2.0 7 4 1 2 23% 373711 4821 29%
c i  4.19  0 36 6 1405  7 14311 4163 2.0 7 4 1 2 23% 373711 4817 29%
c i  4.19  0 36 6 1405  6 14348 4186 2.0 7 4 1 2 23% 373711 4810 29%
c i  4.19  0 36 6 1405  6 14349 4186 2.0 7 4 1 2 23% 373711 4807 29%
c i  4.20  0 36 6 1414  6 14423 4240 2.0 7 4 1 2 22% 373711 4806 29%
c i  4.21  0 35 6 1439  6 14683 4452 2.0 7 4 1 2 22% 373711 4804 29%
c i  4.21  0 35 6 1452  6 14791 4536 2.0 7 4 1 2 22% 373711 4802 28%
c }  4.22  0 35 6 1482  6 14993 4711 2.0 7 4 1 2 22% 373711 4802 28%
c [  4.22  0 37 6 1482  3 14993 4711 3.2 22 7 1 2 57% 373711 4802 28%
c B  4.22  0 37 6 1482  3 15008 4723 3.2 22 7 1 2 57% 373711 4802 28%
c -  4.30  0 35 7 1483  2 16441 3782 3.0 22 7 1 2 51% 354598 4802 28%
c 2  4.30  0 35 7 1483  2 16441 3753 3.0 22 7 1 2 51% 353311 4801 28%
c d  4.31  0 35 7 1483  2 16441 3741 3.0 22 7 1 2 51% 351193 4786 28%
c d  4.31  0 35 7 1483  2 16441 3740 3.0 22 7 1 2 51% 351189 4784 28%
c c  4.39  0 35 7 1483  2 16441 3740 3.0 22 7 1 2 51% 351404 4783 28%
c 
c  seconds  reductions  conflicts       size  tier2       variables
c         MB    restarts     redundant     glue  trail         remaining
c          level      rate        size/glue tier1  irredundant
c 
c d  4.39  0 35 7 1483  2 16441 3738 3.0 22 7 1 2 51% 351385 4776 28%
c k  4.40  0 35 7 1483  2 16441 3738 3.0 22 7 1 2 51% 351385 4775 28%
c 2  4.40  0 35 7 1483  2 16441 3735 3.0 22 7 1 2 51% 351381 4775 28%
c =  4.43  0 35 7 1483  2 16441 3720 3.0 22 7 1 2 51% 351151 4741 28%
c t  4.44  0 35 7 1483  2 16441 3720 3.0 22 7 1 2 51% 349188 4741 28%
c ]  4.54  0 32 7 1484  2 17997 4960 2.9 22 7 1 2 49% 349188 4741 28%
c {  4.54  0 35 7 1484  6 17997 4960 2.0 7 4 1 2 22% 349188 4741 28%
c i  4.54  0 34 7 1500  6 18066 5018 2.0 7 4 1 2 22% 349188 4736 28%
c i  4.54  0 34 7 1509  6 18139 5073 2.0 7 4 1 2 22% 349188 4729 28%
c i  4.55  0 34 7 1512  6 18240 5150 2.0 7 4 1 2 22% 349187 4702 28%
c i  4.56  0 34 7 1541  6 18395 5253 2.0 7 4 1 2 23% 349187 4701 28%
c i  4.56  0 34 7 1549  6 18434 5286 2.0 7 4 1 2 23% 349187 4682 28%
c i  4.56  0 33 7 1550  6 18443 5291 2.0 7 4 1 2 23% 349186 4681 28%
c i  4.56  0 33 7 1550  6 18448 5294 2.0 7 4 1 2 23% 349186 4676 28%
c i  4.57  0 33 7 1560  6 18591 5400 2.0 7 4 1 2 23% 349186 4598 27%
c i  4.57  0 33 7 1560  6 18634 5425 2.0 7 4 1 2 23% 349186 4595 27%
c i  4.57  0 33 7 1560  6 18646 5431 2.0 7 4 1 2 23% 349186 4587 27%
c }  4.57  0 33 7 1560  6 18669 5435 2.0 7 4 1 2 23% 349186 4580 27%
c 0  4.57  0 33 7 1560  6 18669 5435 2.0 7 4 1 2 23% 349186 4580 27%
c 
c --- [ result ] -------------------------------------------------------------
c 
s UNSATISFIABLE
c 
c --- [ run-time profiling ] -------------------------------------------------
c 
c process time taken by individual solving procedures
c (percentage relative to process time for solving)
c 
c         2.19   91.93% parse
c         1.20   50.53% search
c         1.18   49.47% simplify
c         0.81   34.10% congruence
c         0.60   25.14% unstable
c         0.59   24.68% stable
c         0.11    4.67% sweep
c         0.04    1.59% subsume
c         0.04    1.52% elim
c         0.02    0.70% lucky
c         0.01    0.34% probe
c         0.00    0.15% backbone
c   =================================
c         2.38   52.10% solve
c 
c last line shows process time for solving
c (percentage relative to total process time)
c 
c --- [ statistics ] ---------------------------------------------------------
c 
c chronological:              8189        43.86 %  of conflicts
c conflicts:                 18669      7840.01    per second
c backbone:                  92924       551.28 %  of vars
c decisions:                 77254     32442.65    per second
c eliminated:                  682         4.05 %  of all variables
c fixed:                      9150        54.28 %  of all variables
c learned:                   17350        92.93 %  per conflict
c learned_lits:             397237       100.00 %  learned literals
c minimized:                     0         0.00 %  learned literals
c shrunken:                  77854        19.60 %  learned literals
c minishrunken:              69599        17.52 %  learned literals
c otfs:                        561         3.00 %  of conflict
c propagations:            6676246         2.80 M  per second
c reduced:                    6896        36.94 %  per conflict
c rephased:                      5      3733.80    interval
c restarts:                   1560        11.97    interval
c stabilizing:                   6        47.90 %  of conflicts
c substituted:                2444        14.50 %  of all variables
c sweep equivs:                 78         7.03 %  of swept variables
c subsumed:                 217252        27.46 %  of all clauses
c strengthened:               5539         0.70 %  of all clauses
c ticks:                 131923952        21.43    propagation
c weakened:                   7174         2.18    average size
c congruence:                    5      3733.80    interval
c 
c seconds are measured in process time for solving
c 
c --- [ glue usage ] ---------------------------------------------------------
c 
c focused glue 1 used 47893 clauses 77.93% accumulated 77.93% tier1
c focused glue 2 used 8639 clauses 14.05% accumulated 91.99% tier2
c 
c stable glue 1 used 63640 clauses 66.76% accumulated 66.76% tier1
c stable glue 2 used 14201 clauses 14.89% accumulated 81.65% tier2
c 
c 
c --- [ resources ] ----------------------------------------------------------
c 
c total process time since initialization:         4.57    seconds
c total real time since initialization:            4.66    seconds
c maximum resident set size of process:          289.77    MB
c 
c --- [ shutting down ] ------------------------------------------------------
c 
c exit 20
