c --- [ banner ] -------------------------------------------------------------
c 
c CaDiCaL SAT Solver
c Copyright (c) 2016-2026
c A. Biere, M. Fleury, N. Froleyks, K. Fazekas, F. Pollitt, T. Faller
c JKU Linz, University of Freiburg, TU Wien
c 
c Version 3.0.1 c60730422e758ef1cebe7aeddf2dda31c996bf04
c Apple clang version 17.0.0 (clang-1700.6.3.2) -Wall -Wextra -O3 -DNDEBUG -DNCLOSEFROM
c Wed Aug 12 12:29:40 CEST 2026 Darwin 192.168.1.2 24.6.0 arm64
c 
c --- [ limit ] --------------------------------------------------------------
c 
c setting time limit to 1800 seconds real time (due to '-t 1800')
c 
c --- [ parsing input ] ------------------------------------------------------
c 
c reading DIMACS file from 'results/cnf/shard_11111111.cnf'
c opening file to read 'results/cnf/shard_11111111.cnf'
c found 'p cnf 16856 28850119' header
c parsed 28850119 clauses in 2.00 seconds process time
c 
c --- [ options ] ------------------------------------------------------------
c 
c all options are set to their default value
c 
c --- [ solving ] ------------------------------------------------------------
c 
c time measured in process time since initialization
c 
c  seconds  reduction conflicts       size tier2       variables
c         MB    restarts   redundant    glue  trail         remaining
c          level     rate       size/glu tier1  irredundant
c 
c *  2.00  0  0 0   0  0    0    0 0.0 0 0 2 6  0% 231487 5954 35%
c )  2.00  0  0 0   0  0    0    0 0.0 1 0 2 6 65% 231487 5948 35%
c {  2.00  0  0 0   0  0    0    0 0.0 1 0 2 6 65% 231487 5948 35%
c i  2.00  0  0 0   0  0    0    0 0.0 1 0 2 6 65% 231487 5948 35%
c i  2.00  0  0 0   0  3    1    0 0.0 1 0 2 6 65% 231487 5946 35%
c i  2.00  0  0 0   0  5    2    0 0.0 1 0 2 6 65% 231487 5945 35%
c i  2.00  0 19 0   1  3   30   27 1.5 3 2 2 6 65% 231487 5939 35%
c i  2.00  0 18 0   1  3   31   27 1.6 3 2 2 6 65% 231487 5937 35%
c i  2.00  0 32 0   1  4   78   69 1.6 3 2 2 6 66% 231487 5933 35%
c i  2.00  0 36 0   1  4   88   78 1.6 3 2 2 6 66% 231487 5929 35%
c i  2.00  0 39 0   1  4   95   81 1.6 3 2 2 6 66% 231487 5926 35%
c i  2.00  0 40 0   1  4  100   84 1.6 3 2 2 6 66% 231487 5924 35%
c i  2.00  0 56 0   1  4  148  130 1.5 3 2 2 6 66% 231487 5922 35%
c i  2.00  0 58 0   1  4  153  134 1.5 3 2 2 6 67% 231487 5921 35%
c i  2.00  0 91 0   1  4  271  243 1.6 3 2 2 6 68% 231487 5917 35%
c -  2.01  0 98 1   1  4  305  260 1.6 3 2 2 6 68% 166035 5917 35%
c i  2.01  0 96 1   1  4  313  265 1.6 3 2 2 6 68% 166035 5915 35%
c i  2.01  0 94 1   1  4  320  270 1.6 3 2 2 6 68% 166035 5906 35%
c i  2.01  0 94 1   1  4  321  270 1.6 3 2 2 6 68% 166035 5905 35%
c i  2.01  0 89 1   1  4  342  286 1.6 3 2 2 6 68% 166035 5902 35%
c 
c  seconds   reduction conflicts       size tier2       variables
c         MB     restarts   redundant    glue  trail         remaining
c           level     rate       size/glu tier1  irredundant
c 
c i  2.02  0 137 1   1  4  503  441 1.6 3 2 2 6 69% 166035 5901 35%
c i  2.02  0 137 1   2  4  507  444 1.6 3 2 2 6 69% 166035 5898 35%
c i  2.02  0 137 1   3  5  512  448 1.6 3 2 2 6 69% 166035 5889 35%
c i  2.02  0 138 1   3  5  514  449 1.6 3 2 2 6 69% 166035 5888 35%
c i  2.02  0 139 1   3  5  532  460 1.6 3 2 2 6 69% 166035 5885 35%
c i  2.02  0 138 1   4  5  534  461 1.6 3 2 2 6 69% 166035 5883 35%
c i  2.02  0 134 1   6  5  557  478 1.6 3 2 2 6 69% 166035 5882 35%
c i  2.02  0 133 1   8  5  565  482 1.6 3 2 2 6 69% 166035 5875 35%
c i  2.02  0 132 1   9  5  568  484 1.6 3 2 2 6 69% 166035 5874 35%
c i  2.02  0 130 1  12  5  580  494 1.6 3 2 2 6 69% 166035 5868 35%
c i  2.02  0 121 1  25  5  637  543 1.6 3 2 2 6 69% 166035 5867 35%
c i  2.02  0 121 1  25  6  641  545 1.6 3 2 2 6 69% 166035 5866 35%
c i  2.02  0 121 1  25  6  647  549 1.6 3 2 2 6 69% 166035 5865 35%
c i  2.02  0 123 1  30  6  690  586 1.6 3 2 2 6 69% 166035 5860 35%
c i  2.02  0 123 1  31  6  693  588 1.6 3 2 2 6 69% 166035 5859 35%
c i  2.02  0 123 1  31  6  694  588 1.6 3 2 2 6 69% 166035 5855 35%
c i  2.02  0 122 1  38  6  719  611 1.6 3 2 2 6 69% 166035 5852 35%
c i  2.02  0 121 1  38  6  720  611 1.6 3 2 2 6 69% 166035 5851 35%
c i  2.02  0 121 1  38  6  721  611 1.6 3 2 2 6 69% 166035 5847 35%
c i  2.02  0 121 1  38  6  727  614 1.6 3 2 2 6 69% 166035 5846 35%
c 
c  seconds   reduction conflicts       size tier2       variables
c         MB     restarts   redundant    glue  trail         remaining
c           level     rate       size/glu tier1  irredundant
c 
c i  2.02  0 116 1  46  6  764  645 1.6 3 2 2 6 69% 166035 5845 35%
c i  2.02  0 116 1  46  6  765  645 1.6 3 2 2 6 69% 166035 5832 35%
c i  2.02  0 115 1  46  6  768  647 1.6 3 2 2 6 69% 166035 5824 35%
c -  2.03  0 112 2  55  7  837  632 1.6 3 2 2 6 70% 165530 5824 35%
c i  2.04  0 109 2  60  7  865  652 1.6 3 2 2 6 70% 165530 5822 35%
c i  2.04  0 107 2  66  7  893  677 1.6 3 2 2 6 70% 165530 5817 35%
c i  2.04  0 104 2  76  7  931  706 1.6 3 2 2 6 70% 165530 5815 34%
c i  2.04  0 104 2  76  7  934  707 1.6 3 2 2 6 70% 165530 5812 34%
c i  2.04  0 103 2  77  7  937  709 1.6 3 2 2 6 70% 165530 5810 34%
c i  2.04  0 99 2  86  7 1001  761 1.6 3 2 2 6 70% 165530 5808 34%
c }  2.04  0 99 2  86  7 1001  761 1.6 3 2 2 6 70% 165530 5808 34%
c [  2.04  0  0 2  86  0 1001  761 0.0 0 0 2 6  0% 165530 5808 34%
c O  2.04  0 22 2  86 23 1002  762 4.7 47 10 2 6 100% 165530 5808 34%
c ]  2.05  0 18 2  86  2 1445 1153 3.1 24 8 2 6 91% 165530 5808 34%
c {  2.05  0 99 2  86  7 1445 1153 1.6 3 2 2 6 70% 165530 5808 34%
c i  2.06  0 98 2  97  7 1484 1184 1.6 4 2 2 6 70% 165530 5805 34%
c i  2.06  0 97 2  98  7 1485 1184 1.6 4 2 2 6 70% 165530 5801 34%
c i  2.06  0 97 2  98  7 1486 1184 1.6 4 2 2 6 70% 165530 5797 34%
c i  2.06  0 97 2  99  8 1493 1187 1.6 4 2 2 6 70% 165530 5794 34%
c i  2.06  0 95 2 109  8 1530 1220 1.6 4 2 2 6 70% 165530 5791 34%
c 
c  seconds  reduction conflicts       size tier2       variables
c         MB    restarts   redundant    glue  trail         remaining
c          level     rate       size/glu tier1  irredundant
c 
c i  2.06  0 94 2 111  8 1538 1226 1.6 4 2 2 6 70% 165530 5790 34%
c i  2.06  0 94 2 111  8 1545 1231 1.6 4 2 2 6 70% 165530 5788 34%
c i  2.06  0 91 2 111  7 1582 1260 1.7 4 2 2 6 70% 165530 5787 34%
c i  2.06  0 90 2 111  7 1593 1267 1.7 4 2 2 6 70% 165530 5783 34%
c i  2.06  0 88 2 111  7 1635 1298 1.7 4 2 2 6 70% 165530 5781 34%
c i  2.06  0 83 2 116  7 1717 1357 1.7 4 2 2 6 70% 165530 5780 34%
c -  2.07  0 83 3 117  7 1718 1201 1.7 4 2 2 6 70% 165286 5780 34%
c i  2.07  0 80 3 130  7 1775 1248 1.7 4 2 2 6 70% 165286 5779 34%
c i  2.07  0 80 3 130  7 1781 1252 1.7 4 2 2 6 70% 165286 5776 34%
c i  2.07  0 80 3 130  7 1783 1253 1.7 4 2 2 6 70% 165286 5774 34%
c i  2.07  0 79 3 132  7 1819 1285 1.7 4 2 2 6 70% 165286 5770 34%
c i  2.07  0 79 3 132  7 1826 1290 1.7 4 2 2 6 70% 165286 5769 34%
c i  2.07  0 78 3 135  7 1847 1309 1.7 4 2 2 6 70% 165286 5768 34%
c i  2.07  0 78 3 138  7 1855 1315 1.7 4 2 2 6 70% 165286 5767 34%
c i  2.07  0 76 3 149  7 1914 1367 1.7 4 2 2 6 70% 165286 5761 34%
c i  2.07  0 74 3 160  7 1958 1406 1.7 4 2 2 6 70% 165286 5759 34%
c i  2.08  0 73 3 171  7 1999 1439 1.7 4 2 2 6 70% 165286 5755 34%
c i  2.09  0 73 3 176  7 2017 1444 1.7 4 2 2 6 23% 165150 5754 34%
c i  2.09  0 73 3 176  7 2018 1444 1.7 4 2 2 6 22% 165150 5753 34%
c i  2.09  0 72 3 184  7 2067 1484 1.7 4 2 2 6 25% 165150 5752 34%
c 
c  seconds  reduction conflicts       size tier2       variables
c         MB    restarts   redundant    glue  trail         remaining
c          level     rate       size/glu tier1  irredundant
c 
c i  2.09  0 71 3 195  7 2109 1523 1.7 4 2 2 6 30% 165150 5751 34%
c i  2.09  0 71 3 197  7 2122 1531 1.7 4 2 2 6 27% 165150 5746 34%
c i  2.09  0 69 3 216  7 2190 1592 1.7 4 2 2 6 25% 165150 5742 34%
c i  2.09  0 68 3 219  7 2210 1608 1.7 4 2 2 6 23% 165150 5740 34%
c i  2.09  0 67 3 219  7 2242 1633 1.7 4 2 2 6 21% 165150 5739 34%
c i  2.09  0 67 3 219  7 2254 1641 1.7 4 2 2 6 20% 165150 5737 34%
c i  2.09  0 67 3 219  7 2263 1646 1.7 4 2 2 6 19% 165150 5736 34%
c i  2.10  0 65 3 227  7 2341 1714 1.7 4 2 2 6 19% 165150 5732 34%
c i  2.10  0 64 3 244  7 2407 1769 1.7 4 2 2 6 18% 165150 5731 34%
c i  2.10  0 63 3 246  7 2428 1787 1.7 4 2 2 6 17% 165150 5727 34%
c i  2.10  0 63 3 247  7 2431 1789 1.7 4 2 2 6 17% 165150 5721 34%
c i  2.10  0 63 3 247  7 2446 1798 1.7 4 2 2 6 17% 165150 5710 34%
c i  2.10  0 62 3 247  7 2453 1802 1.7 4 2 2 6 17% 165150 5668 34%
c i  2.10  0 62 3 249  7 2481 1824 1.8 4 2 2 6 17% 165150 5657 34%
c i  2.10  0 61 3 261  7 2530 1869 1.8 4 2 2 6 17% 165150 5652 34%
c i  2.10  0 61 3 268  7 2566 1897 1.8 4 2 2 6 17% 165150 5647 34%
c i  2.10  0 59 3 292  7 2654 1974 1.7 4 3 2 6 17% 165150 5646 33%
c i  2.10  0 59 3 295  7 2668 1983 1.7 4 3 2 6 17% 165150 5644 33%
c i  2.10  0 59 3 302  7 2691 2000 1.7 4 3 2 6 17% 165150 5636 33%
c i  2.10  0 58 3 307  7 2707 2010 1.7 4 3 2 6 17% 165150 5633 33%
c 
c  seconds  reduction conflicts       size tier2       variables
c         MB    restarts   redundant    glue  trail         remaining
c          level     rate       size/glu tier1  irredundant
c 
c i  2.10  0 58 3 307  7 2713 2014 1.7 4 3 2 6 17% 165150 5632 33%
c i  2.10  0 58 3 307  7 2736 2031 1.7 4 3 2 6 17% 165150 5623 33%
c i  2.10  0 58 3 307  7 2763 2053 1.7 4 3 2 6 17% 165150 5622 33%
c i  2.10  0 57 3 307  7 2782 2069 1.8 4 3 2 6 17% 165150 5619 33%
c i  2.11  0 57 3 313  7 2829 2109 1.8 5 3 2 6 18% 165150 5614 33%
c 2  2.11  0 56 3 327  7 2880 2146 1.8 5 3 2 6 18% 112809 5611 33%
c d  2.11  0 56 3 327  7 2880 1948 1.8 5 3 2 6 18% 109439 4404 26%
c d  2.11  0 56 3 327  7 2880 1919 1.8 5 3 2 6 18% 109169 4319 26%
c p  2.12  0 56 3 327  7 2880 2661 1.8 5 3 2 6 18% 109169 4319 26%
c c  2.17  0 56 3 327  7 2880 2653 1.8 5 3 2 6 18% 108325 4119 24%
c d  2.17  0 56 3 327  7 2880 2574 1.8 5 3 2 6 18% 106531 3611 21%
c d  2.18  0 56 3 327  7 2880 2571 1.8 5 3 2 6 18% 106475 3596 21%
c k  2.18  0 56 3 327  7 2880 2571 1.8 5 3 2 6 18% 106475 3556 21%
c 2  2.18  0 56 3 327  7 2880 2373 1.8 5 3 2 6 18% 106037 3556 21%
c t  2.18  0 56 3 327  7 2880 2371 1.8 5 3 2 6 18% 105145 3556 21%
c i  2.18  0 56 3 328  7 2888 2377 1.8 5 3 2 6 18% 105145 3553 21%
c -  2.19  0 55 4 352  7 2980 1644 1.8 5 3 2 6 18% 104831 3553 21%
c O  2.19  0 55 4 356  7 3004 1666 1.8 5 3 2 6 18% 104831 3553 21%
c }  2.19  0 54 4 370  7 3067 1724 1.8 5 3 2 6 18% 104831 3553 21%
c [  2.19  0 18 4 370  2 3067 1724 3.1 24 8 2 6 267% 104831 3553 21%
c 
c  seconds  reduction conflicts       size  tier2        variables
c         MB    restarts   redundant     glue  trail          remaining
c          level     rate       size/glue tier1   irredundant
c 
c i  2.21  0 21 4 371  2 3761 2317 2.9 20 7 2 6 126% 104831 3549 21%
c i  2.22  0 19 4 371  2 4264 2736 2.9 20 7 2 6 97% 104831 3548 21%
c -  2.23  0 18 5 371  2 4371 2404 2.8 19 7 2 6 93% 104801 3548 21%
c ]  2.24  0 19 5 371  2 4757 2731 2.8 18 7 2 6 80% 104801 3548 21%
c {  2.24  0 54 5 371  7 4757 2731 1.8 5 3 2 6 18% 104801 3548 21%
c i  2.25  0 52 5 413  7 4954 2895 1.8 5 3 2 6 19% 104801 3546 21%
c i  2.25  0 52 5 415  7 4961 2899 1.8 5 3 2 6 19% 104801 3545 21%
c i  2.25  0 51 5 417  7 4966 2903 1.8 5 3 2 6 19% 104801 3542 21%
c i  2.25  0 51 5 417  7 4967 2903 1.8 5 3 2 6 19% 104801 3541 21%
c i  2.25  0 51 5 424  7 5008 2933 1.8 5 3 1 2 19% 104801 3520 21%
c i  2.25  0 49 5 467  7 5199 3067 1.8 5 3 1 2 19% 104801 3511 21%
c 2  2.26  0 47 5 512  7 5380 3203 1.8 5 3 1 2 20% 104772 3511 21%
c d  2.26  0 47 5 512  7 5380 3104 1.8 5 3 1 2 20% 96607 3488 21%
c d  2.26  0 47 5 512  7 5380 3084 1.8 5 3 1 2 20% 96565 3470 21%
c c  2.29  0 47 5 512  7 5380 3079 1.8 5 3 1 2 20% 96731 3469 21%
c d  2.29  0 47 5 512  7 5380 3066 1.8 5 3 1 2 20% 96521 3377 20%
c d  2.29  0 47 5 512  7 5380 3065 1.8 5 3 1 2 20% 96508 3370 20%
c k  2.29  0 47 5 512  7 5380 3065 1.8 5 3 1 2 20% 96508 3330 20%
c 2  2.29  0 47 5 512  7 5380 3058 1.8 5 3 1 2 20% 96400 3330 20%
c =  2.31  0 47 5 512  7 5380 3027 1.8 5 3 1 2 20% 95993 3288 20%
c 
c  seconds  reduction conflicts       size tier2      variables
c         MB    restarts   redundant    glue  trail        remaining
c          level     rate       size/glu tier1  irredundant
c 
c t  2.31  0 47 5 512  7 5380 3027 1.8 5 3 1 2 20% 95054 3288 20%
c i  2.31  0 47 5 513  7 5392 3036 1.8 5 3 1 2 20% 95054 3286 19%
c i  2.32  0 45 5 542  7 5505 3126 1.8 6 3 1 2 20% 95054 3283 19%
c i  2.32  0 45 5 552  7 5549 3153 1.8 6 3 1 2 20% 95054 3218 19%
c i  2.32  0 44 5 568  6 5627 3216 1.8 6 3 1 2 20% 95054 3217 19%
c i  2.32  0 43 5 578  6 5669 3247 1.8 6 3 1 2 21% 95054 3119 19%
c i  2.32  0 43 5 579  6 5678 3253 1.8 6 3 1 2 21% 95054 3062 18%
c }  2.32  0 43 5 580  6 5689 3254 1.8 6 3 1 2 21% 95054 1114  7%
c 0  2.32  0 43 5 580  6 5689 3254 1.8 6 3 1 2 21% 95054 1114  7%
c 
c --- [ result ] -------------------------------------------------------------
c 
s UNSATISFIABLE
c 
c --- [ run-time profiling ] -------------------------------------------------
c 
c process time taken by individual solving procedures
c (percentage relative to process time for solving)
c 
c         2.00  611.14% parse
c         0.20   61.59% search
c         0.13   40.75% unstable
c         0.13   38.39% simplify
c         0.08   24.48% congruence
c         0.06   19.52% stable
c         0.02    4.79% sweep
c         0.00    1.29% lucky
c         0.00    0.43% backbone
c         0.00    0.28% probe
c   =================================
c         0.33   14.06% solve
c 
c last line shows process time for solving
c (percentage relative to total process time)
c 
c --- [ statistics ] ---------------------------------------------------------
c 
c chronological:              2486        43.70 %  of conflicts
c conflicts:                  5689     17405.70    per second
c backbone:                  35543       210.86 %  of vars
c decisions:                 26017     79599.94    per second
c fixed:                     13773        81.71 %  of all variables
c learned:                    5207        91.53 %  per conflict
c learned_lits:              84520       100.00 %  learned literals
c minimized:                     0         0.00 %  learned literals
c shrunken:                  18203        21.54 %  learned literals
c minishrunken:              11519        13.63 %  learned literals
c otfs:                        251         4.41 %  of conflict
c propagations:            1513754         4.63 M  per second
c reduced:                     811        14.26 %  per conflict
c rephased:                      2      2844.50    interval
c restarts:                    580         9.81    interval
c stabilizing:                   2        37.09 %  of conflicts
c substituted:                1969        11.68 %  of all variables
c sweep equivs:                 28        23.73 %  of swept variables
c subsumed:                  54650        22.10 %  of all clauses
c strengthened:                247         0.10 %  of all clauses
c ticks:                  14122547        10.19    propagation
c weakened:                   3946         2.00    average size
c congruence:                    2      2844.50    interval
c 
c seconds are measured in process time for solving
c 
c --- [ glue usage ] ---------------------------------------------------------
c 
c focused glue 1 used 13368 clauses 76.52% accumulated 76.52% tier1
c focused glue 2 used 2655 clauses 15.19% accumulated 91.72% tier2
c 
c stable glue 2 used 2875 clauses 12.68% accumulated 81.76% tier1
c stable glue 3 used 1168 clauses 5.153% accumulated 86.91%
c stable glue 4 used 881 clauses 3.886% accumulated 90.80%
c stable glue 5 used 551 clauses 2.430% accumulated 93.23%
c stable glue 6 used 476 clauses 2.100% accumulated 95.33% tier2
c 
c 
c --- [ resources ] ----------------------------------------------------------
c 
c total process time since initialization:         2.32    seconds
c total real time since initialization:            2.34    seconds
c maximum resident set size of process:           67.97    MB
c 
c --- [ shutting down ] ------------------------------------------------------
c 
c exit 20
