c --- [ banner ] -------------------------------------------------------------
c 
c CaDiCaL SAT Solver
c Copyright (c) 2016-2026
c A. Biere, M. Fleury, N. Froleyks, K. Fazekas, F. Pollitt, T. Faller
c JKU Linz, University of Freiburg, TU Wien
c 
c Version 3.0.1 c60730422e758ef1cebe7aeddf2dda31c996bf04
c Apple clang version 17.0.0 (clang-1700.6.3.2) -Wall -Wextra -O3 -DNDEBUG -DNCLOSEFROM
c Wed Aug 12 12:29:40 CEST 2026 Darwin 192.168.1.2 24.6.0 arm64
c 
c --- [ limit ] --------------------------------------------------------------
c 
c setting time limit to 1800 seconds real time (due to '-t 1800')
c 
c --- [ parsing input ] ------------------------------------------------------
c 
c reading DIMACS file from 'results/cnf/shard_10101010.cnf'
c opening file to read 'results/cnf/shard_10101010.cnf'
c found 'p cnf 16856 28850119' header
c parsed 28850119 clauses in 2.21 seconds process time
c 
c --- [ options ] ------------------------------------------------------------
c 
c all options are set to their default value
c 
c --- [ solving ] ------------------------------------------------------------
c 
c time measured in process time since initialization
c 
c  seconds  reduction conflicts       size tier2         variables
c         MB    restarts   redundant    glue  trail           remaining
c          level     rate       size/glu tier1   irredundant
c 
c *  2.21  0  0 0   0  0    0    0 0.0 0 0 2 6  0% 1821061 10805 64%
c )  2.24  0  0 0   0  0    0    0 0.0 1 0 2 6 36% 1821061 10799 64%
c {  2.25  0  0 0   0  0    0    0 0.0 1 0 2 6 36% 1821061 10799 64%
c i  2.25  0  0 0   0  0    0    0 0.0 1 0 2 6 36% 1821061 10799 64%
c i  2.25  0  0 0   0  3    1    0 0.0 1 0 2 6 36% 1821061 10797 64%
c i  2.25  0  0 0   0  5    2    0 0.0 1 0 2 6 36% 1821061 10796 64%
c i  2.25  0 171 0   3  4  230  213 1.5 3 2 2 6 39% 1821061 10792 64%
c -  2.29  0 186 1  17 13  300  276 1.5 3 2 2 6 40% 1776026 10792 64%
c i  2.29  0 192 1  17 13  310  285 1.5 3 2 2 6 41% 1776026 10789 64%
c i  2.29  0 193 1  17 13  312  286 1.5 3 2 2 6 41% 1776026 10788 64%
c i  2.29  0 266 1  17 10  448  417 1.5 3 2 2 6 44% 1776026 10787 64%
c i  2.29  0 261 1  30 15  496  460 1.5 3 2 2 6 44% 1776026 10782 64%
c i  2.29  0 258 1  37 17  521  479 1.5 3 2 2 6 44% 1776026 10776 64%
c i  2.29  0 257 1  43 18  548  501 1.5 3 2 2 6 44% 1776026 10772 64%
c i  2.29  0 254 1  44 18  553  503 1.5 3 2 2 6 44% 1776026 10770 64%
c i  2.29  0 253 1  44 18  555  504 1.5 3 2 2 6 44% 1776026 10768 64%
c i  2.29  0 240 1  45 17  596  537 1.5 3 2 2 6 44% 1776026 10764 64%
c i  2.29  0 239 1  45 17  598  538 1.5 3 2 2 6 44% 1776026 10758 64%
c i  2.29  0 237 1  46 16  682  612 1.5 3 2 2 6 45% 1776026 10756 64%
c i  2.29  0 236 1  47 16  684  613 1.5 3 2 2 6 45% 1776026 10753 64%
c 
c  seconds   reduction conflicts       size tier2         variables
c         MB     restarts   redundant    glue  trail           remaining
c           level     rate       size/glu tier1   irredundant
c 
c i  2.29  0 231 1  52 16  701  623 1.5 3 2 2 6 44% 1776026 10752 64%
c i  2.29  0 226 1  52 15  720  637 1.5 3 2 2 6 44% 1776026 10749 64%
c i  2.29  0 225 1  52 15  724  639 1.5 3 2 2 6 44% 1776026 10747 64%
c i  2.29  0 224 1  52 15  727  641 1.5 3 2 2 6 44% 1776026 10745 64%
c i  2.29  0 219 1  53 15  756  664 1.5 3 2 2 6 44% 1776026 10744 64%
c i  2.29  0 217 1  53 15  766  671 1.5 3 2 2 6 44% 1776026 10742 64%
c i  2.29  0 212 1  53 14  786  689 1.6 3 2 2 6 44% 1776026 10737 64%
c i  2.29  0 211 1  53 14  787  689 1.6 3 2 2 6 44% 1776026 10733 64%
c i  2.29  0 207 1  53 14  808  700 1.6 3 2 2 6 44% 1776026 10730 64%
c i  2.30  0 203 1  53 14  830  716 1.6 3 2 2 6 44% 1776026 10728 64%
c i  2.30  0 192 1  53 13  927  793 1.6 3 2 2 6 44% 1776026 10727 64%
c i  2.30  0 191 1  53 13  930  795 1.6 3 2 2 6 44% 1776026 10725 64%
c i  2.30  0 191 1  53 13  932  796 1.6 3 2 2 6 44% 1776026 10722 64%
c i  2.30  0 191 1  53 13  933  796 1.6 3 2 2 6 44% 1776026 10712 64%
c i  2.30  0 191 1  53 13  936  797 1.6 3 2 2 6 44% 1776026 10711 64%
c i  2.30  0 189 1  54 13  950  809 1.6 3 2 2 6 44% 1776026 10710 64%
c i  2.30  0 189 1  55 13  952  809 1.6 3 2 2 6 44% 1776026 10706 64%
c i  2.30  0 187 1  57 13  958  814 1.6 3 2 2 6 44% 1776026 10699 63%
c i  2.30  0 187 1  58 13  961  816 1.6 3 2 2 6 44% 1776026 10697 63%
c i  2.30  0 187 1  58 13  962  816 1.6 3 2 2 6 44% 1776026 10696 63%
c 
c  seconds   reduction conflicts       size tier2         variables
c         MB     restarts   redundant    glue  trail           remaining
c           level     rate       size/glu tier1   irredundant
c 
c i  2.30  0 186 1  58 13  964  817 1.6 3 2 2 6 44% 1776026 10695 63%
c i  2.30  0 183 1  61 13  991  835 1.6 4 2 2 6 44% 1776026 10693 63%
c }  2.30  0 182 1  64 13 1003  844 1.6 4 2 2 6 44% 1776026 10693 63%
c [  2.30  0  0 1  64  0 1003  844 0.0 0 0 2 6  0% 1776026 10693 63%
c ]  2.31  0  0 1  64  0 1003  844 0.0 0 0 2 6  0% 1776026 10693 63%
c {  2.31  0 182 1  64 13 1003  844 1.6 4 2 2 6 44% 1776026 10693 63%
c O  2.31  0 181 1  65 13 1004  845 1.6 4 2 2 6 44% 1776026 10693 63%
c i  2.31  0 179 1  71 13 1023  862 1.6 4 2 2 6 44% 1776026 10691 63%
c i  2.31  0 178 1  71 13 1028  866 1.6 4 2 2 6 44% 1776026 10689 63%
c i  2.31  0 177 1  71 13 1038  872 1.6 4 2 2 6 44% 1776026 10687 63%
c i  2.31  0 175 1  71 12 1050  881 1.6 4 2 2 6 44% 1776026 10681 63%
c i  2.31  0 174 1  71 12 1059  885 1.6 3 2 2 6 44% 1776026 10677 63%
c i  2.31  0 174 1  71 12 1060  885 1.6 3 2 2 6 44% 1776026 10676 63%
c i  2.31  0 172 1  71 12 1081  903 1.6 3 2 2 6 44% 1776026 10675 63%
c i  2.31  0 171 1  71 12 1087  907 1.6 3 2 2 6 44% 1776026 10673 63%
c i  2.31  0 170 1  71 12 1098  916 1.6 3 2 2 6 44% 1776026 10672 63%
c i  2.31  0 169 1  71 12 1105  918 1.6 3 2 2 6 44% 1776026 10668 63%
c i  2.31  0 168 1  71 12 1108  919 1.6 3 2 2 6 44% 1776026 10667 63%
c i  2.31  0 162 1  78 11 1250 1047 1.6 4 2 2 6 45% 1776026 10664 63%
c i  2.31  0 161 1  79 11 1260 1051 1.6 4 2 2 6 45% 1776026 10661 63%
c 
c  seconds   reduction conflicts       size tier2         variables
c         MB     restarts   redundant    glue  trail           remaining
c           level     rate       size/glu tier1   irredundant
c 
c i  2.31  0 161 1  81 11 1266 1056 1.6 4 2 2 6 45% 1776026 10660 63%
c i  2.31  0 160 1  81 11 1269 1057 1.6 4 2 2 6 45% 1776026 10659 63%
c i  2.31  0 160 1  81 11 1276 1062 1.6 4 2 2 6 45% 1776026 10649 63%
c -  2.46  0 160 2  81 11 1276  988 1.6 4 2 2 6 45% 1775261 10649 63%
c i  2.46  0 159 2  81 11 1291  995 1.6 4 2 2 6 45% 1775261 10639 63%
c i  2.46  0 158 2  81 11 1301 1002 1.6 4 2 2 6 45% 1775261 10638 63%
c i  2.46  0 156 2  81 11 1320 1013 1.6 4 2 2 6 45% 1775261 10636 63%
c i  2.46  0 153 2  84 11 1345 1037 1.6 4 2 2 6 45% 1775261 10634 63%
c i  2.47  0 149 2  92 11 1401 1085 1.6 4 2 2 6 45% 1775261 10633 63%
c i  2.47  0 148 2  93 11 1406 1089 1.6 4 2 2 6 45% 1775261 10630 63%
c i  2.47  0 147 2  96 11 1422 1100 1.6 4 2 2 6 45% 1775261 10628 63%
c i  2.47  0 145 2 108 11 1460 1134 1.6 4 2 2 6 45% 1775261 10626 63%
c i  2.47  0 144 2 109 11 1472 1142 1.6 4 2 2 6 45% 1775261 10622 63%
c i  2.48  0 142 2 111 11 1496 1157 1.6 4 2 2 6 45% 1775261 10618 63%
c i  2.48  0 140 2 111 11 1518 1174 1.7 4 2 2 6 45% 1775261 10617 63%
c i  2.48  0 136 2 124 11 1596 1239 1.7 4 2 2 6 45% 1775261 10616 63%
c i  2.48  0 136 2 124 11 1598 1240 1.7 4 2 2 6 45% 1775261 10615 63%
c }  2.48  0 136 2 125 11 1599 1241 1.7 4 2 2 6 45% 1775261 10615 63%
c [  2.48  0  0 2 125  0 1599 1241 0.0 0 0 2 6  0% 1775261 10615 63%
c i  2.49  0 85 2 125 69 1606 1246 2.0 4 2 2 6 53% 1775261 10613 63%
c 
c  seconds   reduction conflicts       size  tier2         variables
c         MB     restarts   redundant     glue  trail           remaining
c           level     rate       size/glue tier1   irredundant
c 
c i  2.49  0 240 2 125  6 1704 1323 2.7 10 4 2 6 72% 1775261 10608 63%
c i  2.50  0 216 2 125  3 1868 1471 2.9 11 4 2 6 71% 1775261 10607 63%
c i  2.50  0 213 2 125  3 1912 1506 3.0 11 4 2 6 71% 1775261 10605 63%
c i  2.51  0 195 2 125  3 2256 1823 2.7 13 5 2 6 70% 1775261 10603 63%
c i  2.51  0 192 2 125  3 2334 1894 2.7 14 5 2 6 69% 1775261 10602 63%
c ]  2.51  0 192 2 125  3 2335 1895 2.7 14 5 2 6 69% 1775261 10602 63%
c {  2.51  0 136 2 125 11 2335 1895 1.7 4 2 2 6 45% 1775261 10602 63%
c i  2.60  0 134 2 137 11 2376 1914 1.7 4 2 2 6 14% 1774962 10597 63%
c i  2.63  0 125 2 179 11 2536 2046 1.7 4 2 2 6 17% 1774962 10593 63%
c i  2.63  0 124 2 182 11 2547 2054 1.7 4 2 2 6 18% 1774962 10592 63%
c i  2.63  0 124 2 183 11 2549 2055 1.7 4 2 2 6 18% 1774962 10591 63%
c i  2.63  0 124 2 183 11 2551 2056 1.7 4 2 2 6 18% 1774962 10590 63%
c i  2.63  0 122 2 191 11 2594 2087 1.7 4 2 2 6 19% 1774962 10587 63%
c i  2.63  0 122 2 192 11 2599 2090 1.7 4 2 2 6 18% 1774962 10585 63%
c i  2.64  0 121 2 195 11 2630 2116 1.7 4 2 2 6 19% 1774962 10583 63%
c i  2.64  0 119 2 198 11 2667 2144 1.7 4 2 2 6 21% 1774962 10582 63%
c i  2.64  0 119 2 202 11 2683 2156 1.7 4 2 2 6 21% 1774962 10580 63%
c i  2.64  0 119 2 202 11 2684 2156 1.7 4 2 2 6 21% 1774962 10579 63%
c i  2.64  0 119 2 202 11 2685 2156 1.7 4 2 2 6 21% 1774962 10576 63%
c i  2.64  0 118 2 210 11 2711 2176 1.7 4 2 2 6 21% 1774962 10573 63%
c 
c  seconds   reduction conflicts       size tier2         variables
c         MB     restarts   redundant    glue  trail           remaining
c           level     rate       size/glu tier1   irredundant
c 
c i  2.64  0 118 2 210 11 2713 2177 1.7 4 2 2 6 21% 1774962 10570 63%
c i  2.65  0 118 2 212 11 2722 2183 1.7 4 2 2 6 21% 1774962 10568 63%
c i  2.65  0 117 2 212 11 2725 2185 1.7 4 2 2 6 21% 1774962 10567 63%
c i  2.65  0 116 2 212 11 2750 2204 1.7 4 2 2 6 20% 1774962 10564 63%
c i  2.65  0 114 2 216 11 2798 2239 1.7 4 2 2 6 19% 1774962 10562 63%
c i  2.65  0 114 2 216 11 2802 2241 1.7 4 2 2 6 19% 1774962 10559 63%
c i  2.65  0 114 2 216 11 2806 2241 1.7 4 2 2 6 19% 1774962 10558 63%
c i  2.65  0 113 2 216 11 2829 2259 1.7 4 2 2 6 19% 1774962 10557 63%
c i  2.65  0 110 2 232 11 2931 2347 1.7 4 2 2 6 19% 1774962 10555 63%
c O  2.65  0 108 2 250 11 3007 2411 1.7 4 2 2 6 19% 1774962 10555 63%
c i  2.66  0 107 2 254 11 3024 2426 1.7 4 2 2 6 18% 1774962 10554 63%
c i  2.66  0 107 2 254 11 3041 2436 1.7 4 2 2 6 19% 1774962 10552 63%
c }  2.66  0 105 2 261 11 3089 2477 1.7 4 2 2 6 19% 1774962 10552 63%
c [  2.66  0 192 2 261  3 3089 2477 2.7 14 5 2 6 110% 1774962 10552 63%
c i  2.66  0 187 2 261  3 3110 2494 2.7 14 5 2 6 108% 1774962 10551 63%
c i  2.66  0 175 2 261  3 3178 2552 2.6 13 5 2 6 100% 1774962 10550 63%
c i  2.66  0 175 2 261  3 3179 2552 2.6 13 5 2 6 100% 1774962 10548 63%
c i  2.66  0 174 2 261  3 3186 2558 2.7 13 5 2 6 100% 1774962 10546 63%
c i  2.66  0 167 2 261  3 3229 2597 2.6 13 5 2 6 96% 1774962 10545 63%
c i  2.66  0 166 2 261  3 3233 2600 2.6 13 5 2 6 95% 1774962 10542 63%
c 
c  seconds   reduction conflicts       size  tier2         variables
c         MB     restarts   redundant     glue  trail           remaining
c           level     rate       size/glue tier1   irredundant
c 
c -  2.73  0 158 3 261  3 3285 2437 2.6 12 5 2 6 91% 1774582 10542 63%
c i  2.73  0 154 3 261  3 3334 2481 2.6 12 5 2 6 87% 1774582 10540 63%
c i  2.73  0 148 3 261  3 3401 2540 2.6 12 5 2 6 82% 1774582 10539 63%
c i  2.73  0 145 3 261  3 3431 2566 2.5 12 5 2 6 80% 1774582 10538 63%
c i  2.74  0 138 3 262  3 3503 2619 2.5 11 4 2 6 76% 1774582 10536 63%
c i  2.76  0 118 3 262  3 3764 2847 2.5 11 4 2 6 68% 1774582 10535 62%
c i  2.77  0 114 3 262  3 3841 2912 2.5 11 4 2 6 65% 1774582 10534 62%
c 2  2.78  0 109 3 262  3 3920 2972 2.5 11 4 2 6 63% 1419141 10534 62%
c d  2.81  0 109 3 262  3 3920 2901 2.5 11 4 2 6 63% 1415624 8943 53%
c d  2.83  0 109 3 262  3 3920 2896 2.5 11 4 2 6 63% 1415425 8892 53%
c p  2.83  0 109 3 262  3 3920 5643 2.5 11 4 2 6 63% 1415425 8892 53%
c c  4.44  0 109 3 262  3 3920 5635 2.5 11 4 2 6 63% 1415795 8646 51%
c d  4.47  0 109 3 262  3 3920 5537 2.5 11 4 2 6 63% 1412977 7761 46%
c d  4.49  0 109 3 262  3 3920 5533 2.5 11 4 2 6 63% 1412880 7737 46%
c k  4.49  0 109 3 262  3 3920 5533 2.5 11 4 2 6 63% 1412880 7667 45%
c 2  4.49  0 109 3 262  3 3920 5088 2.5 11 4 2 6 63% 1412017 7667 45%
c t  4.50  0 109 3 262  3 3920 5086 2.5 11 4 2 6 63% 1411435 7667 45%
c i  4.50  0 109 3 262  3 3926 5090 2.5 11 4 2 6 63% 1411435 7666 45%
c i  4.51  0 137 3 262  4 4285 5412 2.4 11 4 2 6 59% 1411434 7664 45%
c i  4.52  0 141 3 263  4 4693 5776 2.4 11 5 2 6 54% 1411434 7661 45%
c 
c  seconds   reduction conflicts       size  tier2        variables
c         MB     restarts   redundant     glue  trail          remaining
c           level     rate       size/glue tier1   irredundant
c 
c i  4.52  0 140 3 263  4 4701 5783 2.3 11 5 2 6 54% 1411434 7659 45%
c i  4.53  0 134 3 263  4 4955 6001 2.3 11 5 2 6 52% 1411434 7658 45%
c ]  4.53  0 133 3 263  3 5019 6051 2.3 12 5 1 2 51% 1411434 7658 45%
c {  4.53  0 105 3 263 11 5019 6051 1.7 4 2 2 6 19% 1411434 7658 45%
c i  4.53  0 105 3 271 11 5052 6079 1.7 4 2 1 2 18% 1411434 7657 45%
c i  4.54  0 103 3 291 11 5123 6138 1.7 4 2 1 2 18% 1411434 7655 45%
c i  4.54  0 103 3 294 11 5137 6149 1.7 4 2 1 2 18% 1411434 7654 45%
c i  4.55  0 101 3 309 11 5200 6201 1.7 4 2 1 2 18% 1411434 7653 45%
c i  4.55  0 100 3 315 11 5229 6227 1.7 4 2 1 2 18% 1411434 7651 45%
c i  4.55  0 100 3 315 11 5236 6232 1.7 4 2 1 2 18% 1411434 7650 45%
c i  4.55  0 97 3 337 11 5368 6339 1.7 4 2 1 2 18% 1411434 7647 45%
c i  4.56  0 97 3 341 11 5386 6352 1.7 4 2 1 2 18% 1411434 7646 45%
c i  4.56  0 97 3 344 11 5395 6360 1.7 4 2 1 2 18% 1411434 7644 45%
c i  4.58  0 93 3 380 11 5542 6484 1.7 4 3 1 2 19% 1411433 7639 45%
c i  4.58  0 93 3 382 11 5546 6487 1.7 4 3 1 2 19% 1411433 7637 45%
c i  4.58  0 93 3 384 11 5557 6496 1.7 4 3 1 2 19% 1411433 7636 45%
c i  4.59  0 91 3 417 11 5695 6617 1.7 4 3 1 2 19% 1411433 7635 45%
c i  4.59  0 90 3 423 11 5717 6636 1.7 4 3 1 2 19% 1411433 7634 45%
c i  4.60  0 89 3 438 11 5805 6709 1.7 4 3 1 2 19% 1411433 7633 45%
c i  4.60  0 89 3 439 11 5806 6709 1.7 4 3 1 2 19% 1411433 7631 45%
c 
c  seconds  reduction conflicts       size tier2        variables
c         MB    restarts   redundant    glue  trail          remaining
c          level     rate       size/glu tier1   irredundant
c 
c i  4.60  0 89 3 439 11 5807 6709 1.7 4 3 1 2 19% 1411433 7629 45%
c i  4.60  0 88 3 454 11 5860 6757 1.7 5 3 1 2 19% 1411433 7628 45%
c #  4.61  0 85 3 476 10 6011 6885 1.7 5 3 1 2 18% 1411433 7627 45%
c i  4.61  0 84 3 480 10 6030 6901 1.7 5 3 1 2 18% 1411433 7626 45%
c i  4.61  0 84 3 483 10 6039 6908 1.7 5 3 1 2 18% 1411433 7623 45%
c }  4.74  0 78 3 570 10 6492 7207 1.7 5 3 1 2 16% 1410596 7623 45%
c [  4.74  0 133 3 570  3 6492 7207 2.3 12 5 1 2 72% 1410596 7623 45%
c -  4.79  0 132 4 570  4 6505 3075 2.3 12 5 1 2 71% 1410596 7623 45%
c 2  4.79  0 132 4 570  4 6505 3060 2.3 12 5 1 2 71% 1410556 7621 45%
c d  4.81  0 132 4 570  4 6505 3024 2.3 12 5 1 2 71% 1410377 7544 45%
c d  4.83  0 132 4 570  4 6505 3021 2.3 12 5 1 2 71% 1410357 7540 45%
c c  5.18  0 132 4 570  4 6505 3020 2.3 12 5 1 2 71% 1410640 7530 45%
c d  5.20  0 132 4 570  4 6505 2998 2.3 12 5 1 2 71% 1410250 7368 44%
c k  5.21  0 132 4 570  4 6505 2998 2.3 12 5 1 2 71% 1410250 7352 44%
c 2  5.21  0 132 4 570  4 6505 2990 2.3 12 5 1 2 71% 1410053 7352 44%
c t  5.22  0 132 4 570  4 6505 2990 2.3 12 5 1 2 71% 1409696 7352 44%
c i  5.23  0 132 4 570  4 6524 3006 2.3 12 5 1 2 71% 1409696 7350 44%
c i  5.30  0 106 4 571  3 8262 4597 2.7 16 6 1 2 63% 1409696 7348 44%
c i  5.31  0 103 4 571  3 8586 4877 2.6 15 6 1 2 61% 1409696 7345 44%
c i  5.32  0 99 4 571  3 8867 5126 2.6 15 6 1 2 59% 1409696 7344 44%
c 
c  seconds  reduction conflicts       size  tier2        variables
c         MB    restarts   redundant     glue  trail          remaining
c          level     rate       size/glue tier1   irredundant
c 
c i  5.35  0 91 4 572  3 9702 5882 2.5 15 6 1 2 57% 1409696 7343 44%
c i  5.35  0 91 4 572  3 9726 5902 2.5 15 6 1 2 57% 1409696 7339 44%
c i  5.35  0 91 4 572  3 9739 5910 2.5 15 6 1 2 56% 1409696 7338 44%
c i  5.35  0 91 4 572  3 9773 5942 2.5 15 6 1 2 56% 1409696 7337 44%
c I  5.37  0 88 4 572  3 10012 6146 2.5 14 6 1 2 55% 1409696 7336 44%
c ]  5.38  0 86 4 573  3 10329 6419 2.5 15 6 1 2 54% 1409696 7336 44%
c {  5.38  0 78 4 573 10 10329 6419 1.7 5 3 1 2 16% 1409696 7336 44%
c i  5.38  0 77 4 593 10 10395 6478 1.7 5 3 1 2 17% 1409696 7332 43%
c i  5.38  0 77 4 593 10 10398 6480 1.7 5 3 1 2 17% 1409696 7330 43%
c i  5.39  0 75 4 619 10 10508 6573 1.7 5 3 1 2 17% 1409696 7328 43%
c i  5.40  0 74 4 634 10 10596 6652 1.7 5 3 1 2 18% 1409696 7326 43%
c i  5.41  0 73 4 647 10 10651 6697 1.7 5 3 1 2 17% 1409696 7325 43%
c i  5.42  0 73 4 665 10 10727 6759 1.8 5 3 1 2 18% 1409696 7316 43%
c i  5.43  0 72 4 665 10 10761 6781 1.8 5 3 1 2 18% 1409696 7314 43%
c i  5.43  0 72 4 667 10 10797 6810 1.8 5 3 1 2 17% 1409696 7313 43%
c i  5.43  0 72 4 667 10 10811 6818 1.8 5 3 1 2 17% 1409696 7312 43%
c -  5.50  0 72 5 667 10 10839 4297 1.7 5 3 1 2 17% 1409308 7312 43%
c 2  5.50  0 72 5 667 10 10839 4286 1.7 5 3 1 2 17% 1409298 7312 43%
c d  5.52  0 72 5 667 10 10839 4249 1.7 5 3 1 2 17% 1409176 7267 43%
c d  5.54  0 72 5 667 10 10839 4249 1.7 5 3 1 2 17% 1409168 7266 43%
c 
c  seconds  reductions conflicts       size tier2        variables
c         MB    restarts    redundant    glue  trail          remaining
c          level     rate        size/glu tier1   irredundant
c 
c c  5.91  0 72 5 667 10 10839 4248 1.7 5 3 1 2 17% 1409263 7258 43%
c d  5.93  0 72 5 667 10 10839 4242 1.7 5 3 1 2 17% 1409201 7238 43%
c k  5.94  0 72 5 667 10 10839 4242 1.7 5 3 1 2 17% 1409201 7234 43%
c 2  5.94  0 72 5 667 10 10839 4238 1.7 5 3 1 2 17% 1409181 7234 43%
c t  5.95  0 72 5 667 10 10839 4238 1.7 5 3 1 2 17% 1408939 7234 43%
c k  5.95  0 72 5 667 10 10839 4238 1.7 5 3 1 2 17% 1408939 7228 43%
c i  5.97  0 70 5 703 10 10997 4379 1.7 5 3 1 2 17% 1408939 7227 43%
c i  5.98  0 70 5 707 10 11038 4412 1.7 5 3 1 2 17% 1408939 7224 43%
c i  6.00  0 69 5 720 10 11107 4469 1.8 5 3 1 2 18% 1408939 7222 43%
c i  6.01  0 69 5 729 10 11134 4494 1.8 5 3 1 2 18% 1408939 7221 43%
c i  6.03  0 67 5 761  9 11351 4677 1.8 5 3 1 2 18% 1408939 7220 43%
c i  6.03  0 67 5 762  9 11360 4682 1.8 5 3 1 2 18% 1408939 7219 43%
c i  6.04  0 66 5 809 10 11539 4839 1.8 5 3 1 2 18% 1408939 7218 43%
c i  6.04  0 66 5 810 10 11541 4840 1.8 5 3 1 2 18% 1408939 7217 43%
c i  6.04  0 66 5 811 10 11546 4844 1.8 5 3 1 2 18% 1408939 7215 43%
c i  6.05  0 65 5 834  9 11634 4917 1.8 5 3 1 2 18% 1408939 7214 43%
c i  6.05  0 65 5 835  9 11637 4919 1.8 5 3 1 2 18% 1408939 7213 43%
c i  6.07  0 63 5 884  9 11893 5133 1.8 5 3 1 2 17% 1408939 7212 43%
c }  6.10  0 61 5 962  9 12277 5471 1.8 5 3 1 2 18% 1408938 7212 43%
c [  6.10  0 86 5 962  3 12277 5471 2.5 15 6 1 2 54% 1408938 7212 43%
c 
c  seconds  reductions conflicts       size  tier2        variables
c         MB    restarts    redundant     glue  trail          remaining
c          level     rate        size/glue tier1   irredundant
c 
c i  6.15  0 80 5 962  3 13082 6209 2.5 15 6 1 2 51% 1408938 7211 43%
c s  6.30  0 73 5 963  3 14794 7683 2.7 18 7 1 2 52% 1127403 7211 43%
c t  6.33  0 73 5 963  3 14794 7681 2.7 18 7 1 2 52% 1121969 7211 43%
c e  6.39  0 73 5 963  3 14794 4995 2.7 18 7 1 2 52% 1119110 6354 38%
c s  6.43  0 73 5 963  3 14794 4995 2.7 18 7 1 2 52% 896481 6354 38%
c e  6.46  0 73 5 963  3 14794 4989 2.7 18 7 1 2 52% 896474 6352 38%
c B  6.53  0 72 5 963  3 15014 5168 2.7 18 7 1 2 51% 896473 6352 38%
c ]  6.60  0 68 5 963  3 16196 6192 2.6 18 7 1 2 27% 896472 6352 38%
c {  6.60  0 61 5 963  9 16196 6192 1.8 5 3 1 2 22% 896472 6352 38%
c i  6.61  0 60 5 996  9 16314 6301 1.8 5 3 1 2 22% 896472 6350 38%
c i  6.61  0 60 5 996  9 16326 6309 1.8 5 3 1 2 22% 896472 6349 38%
c -  6.66  0 60 6 1002  9 16431 4276 1.8 5 3 1 2 22% 896447 6349 38%
c 2  6.66  0 60 6 1002  9 16431 4248 1.8 5 3 1 2 22% 890038 6349 38%
c d  6.68  0 60 6 1002  9 16431 4211 1.8 5 3 1 2 22% 890009 6339 38%
c c  6.89  0 60 6 1002  9 16431 4210 1.8 5 3 1 2 22% 890260 6337 38%
c d  6.90  0 60 6 1002  9 16431 4209 1.8 5 3 1 2 22% 890237 6329 38%
c k  6.91  0 60 6 1002  9 16431 4209 1.8 5 3 1 2 22% 890237 6317 37%
c 2  6.91  0 60 6 1002  9 16431 4208 1.8 5 3 1 2 22% 890227 6317 37%
c =  7.04  0 60 6 1002  9 16431 4187 1.8 5 3 1 2 22% 889506 6177 37%
c t  7.05  0 60 6 1002  9 16431 4187 1.8 5 3 1 2 22% 889280 6177 37%
c 
c  seconds  reductions  conflicts       size tier2       variables
c         MB    restarts     redundant    glue  trail         remaining
c          level      rate        size/glu tier1  irredundant
c 
c i  7.08  0 58 6 1049  9 16683 4388 1.8 5 3 1 2 22% 889278 6171 37%
c i  7.10  0 57 6 1138  9 17043 4695 1.8 5 3 1 2 22% 889276 6168 37%
c i  7.13  0 56 6 1221  9 17371 4979 1.7 5 3 1 2 22% 889276 6167 37%
c i  7.17  0 53 6 1321  9 18234 5735 1.8 6 3 1 2 21% 889271 6166 37%
c i  7.21  0 52 6 1438  9 18813 6257 1.8 6 3 1 2 21% 889268 6165 37%
c i  7.29  0 49 6 1624  9 19721 7062 1.8 6 3 1 2 22% 889264 6163 37%
c i  7.29  0 49 6 1626  9 19728 7064 1.8 6 3 1 2 22% 889264 6161 37%
c }  7.39  0 46 6 1828  8 20936 8141 1.8 6 3 1 2 23% 889263 6161 37%
c [  7.39  0 68 6 1828  3 20936 8141 2.6 18 7 1 2 27% 889263 6161 37%
c W  7.50  0 67 6 1828  3 21015 8143 2.6 18 7 1 2 27% 889120 6161 37%
c i  7.50  0 67 6 1828  3 21114 8236 2.6 18 7 1 2 27% 889120 6160 37%
c i  7.57  0 64 6 1828  3 22104 9125 2.6 18 7 1 2 26% 889120 6158 37%
c -  7.65  0 62 7 1828  3 22686 6632 2.6 18 7 1 2 25% 889097 6158 37%
c 2  7.65  0 62 7 1828  3 22686 6622 2.6 18 7 1 2 25% 889077 6156 37%
c d  7.66  0 62 7 1828  3 22686 6598 2.6 18 7 1 2 25% 889048 6149 36%
c c  7.88  0 62 7 1828  3 22686 6597 2.6 18 7 1 2 25% 889139 6148 36%
c d  7.89  0 62 7 1828  3 22686 6596 2.6 18 7 1 2 25% 889134 6147 36%
c k  7.90  0 62 7 1828  3 22686 6596 2.6 18 7 1 2 25% 889134 6146 36%
c 2  7.90  0 62 7 1828  3 22686 6595 2.6 18 7 1 2 25% 889134 6146 36%
c =  7.96  0 62 7 1828  3 22686 6577 2.6 18 7 1 2 25% 888991 6121 36%
c 
c  seconds  reductions  conflicts       size  tier2       variables
c         MB    restarts     redundant     glue  trail         remaining
c          level      rate        size/glue tier1  irredundant
c 
c t  7.98  0 62 7 1828  3 22686 6576 2.6 18 7 1 2 25% 887858 6121 36%
c ]  8.25  0 52 7 1831  2 26567 9914 2.4 18 7 1 2 25% 887857 6121 36%
c {  8.25  0 46 7 1831  8 26567 9914 1.8 6 3 1 2 23% 887857 6121 36%
c i  8.28  0 46 7 1882  8 26911 10215 1.8 6 3 1 2 23% 887855 6120 36%
c i  8.31  0 45 7 1934  8 27264 10521 1.8 6 3 1 2 23% 887853 6119 36%
c i  8.35  0 44 7 2053  8 27869 11059 1.8 6 3 1 2 23% 887850 6118 36%
c B  8.37  0 44 7 2087  8 28016 11189 1.8 6 3 1 2 23% 887849 6118 36%
c i  8.39  0 44 7 2107  8 28107 11266 1.8 6 3 1 2 23% 887849 6117 36%
c i  8.41  0 43 7 2169  8 28433 11548 1.8 6 3 1 2 23% 887848 6116 36%
c i  8.43  0 43 7 2237  8 28693 11784 1.8 6 3 1 2 23% 887848 6115 36%
c i  8.45  0 43 7 2260  8 28791 11867 1.8 6 4 1 2 23% 887848 6112 36%
c i  8.51  0 41 7 2428  8 29596 12566 1.8 7 4 1 2 23% 887848 6110 36%
c i  8.52  0 41 7 2463  8 29868 12790 1.8 7 4 1 2 23% 887847 6104 36%
c i  8.52  0 41 7 2466  8 29892 12809 1.8 7 4 1 2 23% 887847 6103 36%
c i  8.53  0 41 7 2488  8 29968 12881 1.8 7 4 1 2 23% 887847 6102 36%
c -  8.58  0 41 8 2493  8 30023 8382 1.8 7 4 1 2 23% 852195 6101 36%
c 2  8.58  0 41 8 2493  8 30023 8376 1.8 7 4 1 2 23% 852186 6101 36%
c d  8.60  0 41 8 2493  8 30023 8362 1.8 7 4 1 2 23% 852144 6085 36%
c =  8.90  0 41 8 2493  8 30023 8335 1.8 7 4 1 2 23% 852167 6058 36%
c t  8.91  0 41 8 2493  8 30023 8335 1.8 7 4 1 2 23% 850439 6058 36%
c 
c  seconds  reductions  conflicts       size tier2       variables
c         MB    restarts     redundant    glue  trail         remaining
c          level      rate        size/glu tier1  irredundant
c 
c i  8.98  0 39 8 2664  7 30972 9152 1.8 7 4 1 2 23% 850439 6057 36%
c i  9.00  0 39 8 2687  7 31242 9373 1.8 7 4 1 2 23% 850439 6052 36%
c i  9.00  0 38 8 2687  7 31298 9408 1.8 7 4 1 2 23% 850439 6050 36%
c i  9.02  0 38 8 2730  7 31554 9638 1.8 7 4 1 2 23% 850439 6049 36%
c i  9.02  0 38 8 2738  7 31607 9673 1.8 7 4 1 2 23% 850439 6047 36%
c }  9.08  0 37 8 2856  7 32353 10329 1.9 7 4 1 2 23% 850439 6047 36%
c [  9.08  0 52 8 2856  2 32353 10329 2.4 18 7 1 2 25% 850439 6047 36%
c O  9.29  0 48 8 2859  2 36020 13440 2.4 19 8 1 2 35% 850437 6047 36%
c i  9.38  0 47 8 2859  2 36751 14074 2.4 19 8 1 2 37% 850437 6046 36%
c ]  9.39  0 47 8 2859  2 36919 14211 2.4 19 8 1 2 37% 850437 6046 36%
c {  9.39  0 37 8 2859  7 36919 14211 1.9 7 4 1 2 23% 850437 6046 36%
c i  9.41  0 37 8 2899  7 37122 14373 1.9 7 4 1 2 23% 850437 6043 36%
c i  9.45  0 36 8 3015  7 37797 14930 1.9 7 4 1 2 23% 850436 6038 36%
c i  9.49  0 35 8 3085  7 38277 15315 1.9 7 4 1 2 23% 850435 6033 36%
c -  9.54  0 35 9 3109  7 38384 9838 1.9 7 4 1 2 23% 807802 6033 36%
c 2  9.54  0 35 9 3109  7 38384 9825 1.9 7 4 1 2 23% 807794 6031 36%
c d  9.55  0 35 9 3109  7 38384 9764 1.9 7 4 1 2 23% 807708 6004 36%
c k  9.56  0 35 9 3109  7 38384 9764 1.9 7 4 1 2 23% 807708 6001 36%
c 2  9.56  0 35 9 3109  7 38384 9756 1.9 7 4 1 2 23% 807705 6001 36%
c =  9.65  0 35 9 3109  7 38384 9727 1.9 7 4 1 2 23% 807653 5984 36%
c 
c  seconds  reductions  conflicts       size tier2       variables
c         MB    restarts     redundant    glue  trail         remaining
c          level      rate        size/glu tier1  irredundant
c 
c t  9.67  0 35 9 3109  7 38384 9727 1.9 7 4 1 2 23% 805486 5984 36%
c i  9.68  0 35 9 3130  7 38575 9866 1.9 7 4 1 2 23% 805485 5981 35%
c i  9.69  0 35 9 3130  7 38805 10037 1.9 7 4 1 2 23% 805485 5975 35%
c i  9.76  0 34 9 3198  7 39362 10522 1.9 7 4 1 2 23% 805485 5974 35%
c i  9.79  0 34 9 3230  7 39666 10778 1.9 7 4 1 2 24% 805484 5956 35%
c i  9.85  0 34 9 3347  7 40180 11237 1.9 7 4 1 2 24% 805484 5955 35%
c i  9.86  0 33 9 3357  7 40288 11321 1.9 7 4 1 2 24% 805484 5954 35%
c i  9.91  0 33 9 3452  7 40725 11694 1.9 7 4 1 2 24% 805484 5953 35%
c i  9.93  0 33 9 3472  6 40897 11816 1.9 7 4 1 2 24% 805484 5947 35%
c i  9.93  0 33 9 3472  6 40901 11817 1.9 7 4 1 2 24% 805484 5943 35%
c i  9.94  0 33 9 3486  6 40971 11871 1.9 7 4 1 2 24% 805484 5942 35%
c i  9.94  0 33 9 3497  6 41023 11913 1.9 7 4 1 2 24% 805484 5939 35%
c i  9.97  0 32 9 3526  6 41284 12119 1.9 8 4 1 2 24% 805484 5915 35%
c i  9.98  0 32 9 3541  6 41359 12186 1.9 8 4 1 2 24% 805484 5886 35%
c i  9.98  0 32 9 3544  6 41370 12195 1.9 8 4 1 2 24% 805484 5885 35%
c i  9.99  0 32 9 3554  6 41437 12249 1.9 8 4 1 2 24% 805484 5881 35%
c i 10.02  0 32 9 3591  6 41628 12407 1.9 8 4 1 2 24% 805484 5875 35%
c i 10.07  0 32 9 3659  6 41985 12714 1.9 8 4 1 2 24% 805484 5874 35%
c i 10.10  0 32 9 3685  6 42171 12866 1.9 8 4 1 2 24% 805484 5873 35%
c i 10.10  0 32 9 3685  6 42179 12872 1.9 8 4 1 2 24% 805484 5872 35%
c 
c  seconds  reductions  conflicts        size tier2       variables
c         MB    restarts      redundant    glue  trail         remaining
c          level      rate         size/glu tier1  irredundant
c 
c i 10.10  0 32 9 3685  6 42202 12890 1.9 8 4 1 2 24% 805484 5871 35%
c i 10.15  0 31 9 3743  6 42485 13141 2.0 8 4 1 2 24% 805484 5868 35%
c } 10.15  0 31 9 3743  6 42507 13153 2.0 8 4 1 2 24% 805484 5868 35%
c [ 10.15  0 47 9 3743  2 42507 13153 2.4 19 8 1 2 37% 805484 5868 35%
c i 10.16  0 47 9 3743  2 42521 13160 2.4 19 8 1 2 37% 805484 5862 35%
c s 10.37  0 46 9 3744  2 43358 13843 2.5 20 8 1 2 37% 593266 5862 35%
c t 10.40  0 46 9 3744  2 43358 13843 2.5 20 8 1 2 37% 589383 5862 35%
c e 10.43  0 46 9 3744  2 43358 10639 2.5 20 8 1 2 37% 441356 5580 33%
c s 10.48  0 46 9 3744  2 43358 10639 2.5 20 8 1 2 37% 305388 5580 33%
c e 10.49  0 46 9 3744  2 43358 10637 2.5 20 8 1 2 37% 305372 5579 33%
c i 10.66  0 44 9 3744  2 44666 10432 2.5 21 8 1 2 46% 305362 5576 33%
c B 10.70  0 44 9 3744  2 45022 10726 2.6 21 8 1 2 47% 305362 5576 33%
c i 10.84  0 42 9 3744  2 46735 12065 2.5 22 9 1 2 38% 305362 5571 33%
c i 10.87  0 41 9 3744  2 47234 12391 2.5 21 8 1 2 36% 305362 5564 33%
c i 10.87  0 41 9 3744  2 47294 12438 2.5 21 8 1 2 35% 305362 5563 33%
c i 10.89  0 40 9 3745  2 47582 12686 2.5 21 8 1 2 34% 305362 5562 33%
c i 10.89  0 40 9 3745  2 47593 12689 2.5 21 8 1 2 34% 305362 5498 33%
c i 10.89  0 40 9 3745  2 47595 12689 2.5 21 8 1 2 34% 305362 5492 33%
c i 10.89  0 40 9 3745  2 47597 12689 2.5 21 8 1 2 34% 305362 5419 32%
c i 10.89  0 40 9 3745  2 47598 12689 2.5 21 8 1 2 34% 305362 5418 32%
c 
c  seconds  reductions  conflicts        size  tier2       variables
c         MB    restarts      redundant     glue  trail         remaining
c          level      rate         size/glue tier1  irredundant
c 
c i 10.89  0 40 9 3745  2 47608 12695 2.5 21 8 1 2 34% 305362 5415 32%
c ] 10.89  0 40 9 3745  2 47613 12697 2.5 21 8 1 2 34% 305362 5270 31%
c 0 10.89  0 40 9 3745  2 47613 12697 2.5 21 8 1 2 34% 305362 5270 31%
c 
c --- [ result ] -------------------------------------------------------------
c 
s UNSATISFIABLE
c 
c --- [ run-time profiling ] -------------------------------------------------
c 
c process time taken by individual solving procedures
c (percentage relative to process time for solving)
c 
c         4.54   52.31% search
c         4.14   47.68% simplify
c         2.97   34.23% congruence
c         2.38   27.43% unstable
c         2.21   25.50% parse
c         2.02   23.27% stable
c         0.35    4.03% sweep
c         0.19    2.21% subsume
c         0.12    1.43% elim
c         0.11    1.22% walk
c         0.03    0.39% lucky
c         0.02    0.21% probe
c         0.01    0.09% backbone
c   =================================
c         8.67   79.68% solve
c 
c last line shows process time for solving
c (percentage relative to total process time)
c 
c --- [ statistics ] ---------------------------------------------------------
c 
c chronological:             20263        42.56 %  of conflicts
c conflicts:                 47613      5488.54    per second
c backbone:                 155924       925.04 %  of vars
c decisions:                194016     22365.00    per second
c eliminated:                 1132         6.72 %  of all variables
c fixed:                      7379        43.78 %  of all variables
c learned:                   44751        93.99 %  per conflict
c learned_lits:            1077919       100.00 %  learned literals
c minimized:                     0         0.00 %  learned literals
c shrunken:                 240702        22.33 %  learned literals
c minishrunken:             164340        15.25 %  learned literals
c otfs:                       1224         2.57 %  of conflict
c propagations:           18377711         2.12 M  per second
c reduced:                   18803        39.49 %  per conflict
c rephased:                      9      5290.33    interval
c restarts:                   3745        12.71    interval
c stabilizing:                   8        53.58 %  of conflicts
c substituted:                3075        18.24 %  of all variables
c sweep equivs:                146         3.55 %  of swept variables
c subsumed:                1227929        64.37 %  of all clauses
c strengthened:              19809         1.04 %  of all clauses
c ticks:                 455881783        26.95    propagation
c walked:                        1     47613.00    interval
c weakened:                  10060         2.26    average size
c congruence:                    6      7935.50    interval
c 
c seconds are measured in process time for solving
c 
c --- [ glue usage ] ---------------------------------------------------------
c 
c focused glue 1 used 111069 clauses 77.03% accumulated 77.03% tier1
c focused glue 2 used 21931 clauses 15.21% accumulated 92.24% tier2
c 
c stable glue 1 used 202647 clauses 65.50% accumulated 65.50% tier1
c stable glue 2 used 44119 clauses 14.26% accumulated 79.76% tier2
c 
c 
c --- [ resources ] ----------------------------------------------------------
c 
c total process time since initialization:        10.89    seconds
c total real time since initialization:           11.12    seconds
c maximum resident set size of process:          697.30    MB
c 
c --- [ shutting down ] ------------------------------------------------------
c 
c exit 20
