c --- [ banner ] -------------------------------------------------------------
c 
c CaDiCaL SAT Solver
c Copyright (c) 2016-2026
c A. Biere, M. Fleury, N. Froleyks, K. Fazekas, F. Pollitt, T. Faller
c JKU Linz, University of Freiburg, TU Wien
c 
c Version 3.0.1 c60730422e758ef1cebe7aeddf2dda31c996bf04
c Apple clang version 17.0.0 (clang-1700.6.3.2) -Wall -Wextra -O3 -DNDEBUG -DNCLOSEFROM
c Wed Aug 12 12:29:40 CEST 2026 Darwin 192.168.1.2 24.6.0 arm64
c 
c --- [ limit ] --------------------------------------------------------------
c 
c setting time limit to 1800 seconds real time (due to '-t 1800')
c 
c --- [ parsing input ] ------------------------------------------------------
c 
c reading DIMACS file from 'results/cnf/shard_01010101.cnf'
c opening file to read 'results/cnf/shard_01010101.cnf'
c found 'p cnf 16856 28850119' header
c parsed 28850119 clauses in 2.04 seconds process time
c 
c --- [ options ] ------------------------------------------------------------
c 
c all options are set to their default value
c 
c --- [ solving ] ------------------------------------------------------------
c 
c time measured in process time since initialization
c 
c  seconds  reduction conflicts       size tier2        variables
c         MB    restarts   redundant    glue  trail          remaining
c          level     rate       size/glu tier1   irredundant
c 
c *  2.04  0  0 0   0  0    0    0 0.0 0 0 2 6  0% 1286794 9898 59%
c )  2.06  0  0 0   0  0    0    0 0.0 1 0 2 6 41% 1286794 9892 59%
c {  2.06  0  0 0   0  0    0    0 0.0 1 0 2 6 41% 1286794 9892 59%
c i  2.06  0  0 0   0  0    0    0 0.0 1 0 2 6 41% 1286794 9892 59%
c i  2.06  0  0 0   0  5    1    0 0.0 1 0 2 6 41% 1286794 9890 59%
c i  2.06  0  0 0   0  7    2    0 0.0 1 0 2 6 41% 1286794 9889 59%
c i  2.06  0 45 0   0  5   69   57 1.6 3 2 2 6 42% 1286794 9887 59%
c i  2.06  0 47 0   0  5   72   59 1.6 3 2 2 6 42% 1286794 9882 59%
c i  2.06  0 48 0   0  4   75   61 1.6 3 2 2 6 42% 1286794 9878 59%
c i  2.06  0 48 0   0  4   76   61 1.6 3 2 2 6 42% 1286794 9877 59%
c i  2.06  0 48 0   0  4   77   61 1.6 3 2 2 6 42% 1286794 9873 59%
c i  2.06  0 47 0   0  4   85   67 1.7 3 2 2 6 42% 1286794 9871 59%
c i  2.06  0 46 0   0  4   87   68 1.7 3 2 2 6 43% 1286794 9866 59%
c i  2.06  0 46 0   0  4   88   68 1.7 3 1 2 6 43% 1286794 9861 59%
c i  2.06  0 81 0   5  8  181  151 1.6 3 2 2 6 44% 1286794 9859 58%
c i  2.06  0 86 0   5  7  193  161 1.6 3 2 2 6 44% 1286794 9854 58%
c i  2.06  0 92 0   7  7  216  178 1.6 3 2 2 6 44% 1286794 9853 58%
c i  2.06  0 91 0   7  7  218  178 1.6 3 2 2 6 44% 1286794 9849 58%
c i  2.06  0 91 0   7  7  219  178 1.6 3 2 2 6 44% 1286794 9845 58%
c -  2.09  0 130 1  14 11  300  237 1.6 3 2 2 6 45% 1239381 9845 58%
c 
c  seconds   reduction conflicts       size tier2        variables
c         MB     restarts   redundant    glue  trail          remaining
c           level     rate       size/glu tier1   irredundant
c 
c i  2.09  0 142 1  14 10  325  261 1.6 3 2 2 6 46% 1239381 9842 58%
c i  2.09  0 144 1  16 11  335  268 1.6 3 2 2 6 46% 1239381 9837 58%
c i  2.09  0 147 1  16 11  342  274 1.6 3 2 2 6 46% 1239381 9836 58%
c i  2.09  0 148 1  16 10  345  275 1.6 3 2 2 6 46% 1239381 9835 58%
c i  2.09  0 149 1  16 10  347  276 1.6 3 2 2 6 46% 1239381 9833 58%
c i  2.09  0 164 1  17 10  395  320 1.6 3 2 2 6 46% 1239381 9832 58%
c i  2.09  0 163 1  17 10  397  321 1.6 3 2 2 6 46% 1239381 9831 58%
c i  2.09  0 162 1  17  9  400  323 1.6 3 2 2 6 46% 1239381 9828 58%
c i  2.09  0 161 1  17  9  402  324 1.6 3 2 2 6 46% 1239381 9823 58%
c i  2.09  0 158 1  17  9  416  335 1.6 3 2 2 6 46% 1239381 9821 58%
c i  2.09  0 155 1  19  9  422  339 1.6 3 2 2 6 46% 1239381 9814 58%
c i  2.09  0 154 1  19  9  425  341 1.6 3 2 2 6 46% 1239381 9800 58%
c i  2.09  0 154 1  19  9  426  341 1.6 3 2 2 6 46% 1239381 9797 58%
c i  2.09  0 207 1  37 13  592  494 1.6 3 2 2 6 47% 1239381 9795 58%
c i  2.09  0 211 1  43 14  661  550 1.6 3 2 2 6 47% 1239381 9791 58%
c i  2.09  0 210 1  46 14  676  562 1.6 3 2 2 6 47% 1239381 9785 58%
c i  2.09  0 207 1  47 14  686  567 1.6 3 2 2 6 47% 1239381 9784 58%
c i  2.09  0 207 1  48 14  689  569 1.6 3 2 2 6 47% 1239381 9783 58%
c i  2.09  0 206 1  49 14  692  571 1.6 3 2 2 6 47% 1239381 9781 58%
c i  2.09  0 203 1  54 14  717  593 1.6 3 2 2 6 48% 1239381 9774 58%
c 
c  seconds   reduction conflicts       size tier2        variables
c         MB     restarts   redundant    glue  trail          remaining
c           level     rate       size/glu tier1   irredundant
c 
c i  2.09  0 202 1  54 14  722  596 1.6 3 2 2 6 48% 1239381 9773 58%
c i  2.09  0 198 1  65 16  767  634 1.6 3 2 2 6 48% 1239381 9768 58%
c i  2.09  0 197 1  65 15  771  637 1.6 3 2 2 6 48% 1239381 9767 58%
c i  2.09  0 193 1  70 15  789  652 1.6 3 2 2 6 48% 1239381 9763 58%
c i  2.10  0 188 1  72 15  827  682 1.6 3 2 2 6 48% 1239381 9762 58%
c i  2.10  0 187 1  72 15  832  685 1.6 3 2 2 6 48% 1239381 9761 58%
c i  2.10  0 186 1  72 15  834  685 1.6 3 2 2 6 48% 1239381 9759 58%
c i  2.10  0 184 1  72 15  858  702 1.6 3 2 2 6 48% 1239381 9756 58%
c i  2.10  0 183 1  72 15  859  702 1.6 3 2 2 6 48% 1239381 9754 58%
c i  2.10  0 179 1  76 14  893  727 1.6 3 2 2 6 48% 1239381 9753 58%
c i  2.10  0 179 1  76 14  894  727 1.6 3 2 2 6 48% 1239381 9746 58%
c }  2.10  0 164 1  95 13 1001  817 1.6 3 2 2 6 49% 1239381 9746 58%
c [  2.10  0  0 1  95  0 1001  817 0.0 0 0 2 6  0% 1239381 9746 58%
c ]  2.11  0  0 1  95  0 1001  817 0.0 0 0 2 6  0% 1239381 9746 58%
c {  2.11  0 164 1  95 13 1001  817 1.6 3 2 2 6 49% 1239381 9746 58%
c O  2.11  0 164 1  95 13 1002  818 1.6 3 2 2 6 49% 1239381 9746 58%
c i  2.12  0 156 1 108 13 1081  879 1.7 4 2 2 6 50% 1239381 9744 58%
c i  2.12  0 155 1 112 13 1094  888 1.7 4 2 2 6 50% 1239381 9743 58%
c i  2.12  0 151 1 118 13 1130  918 1.7 4 2 2 6 50% 1239381 9738 58%
c i  2.12  0 148 1 128 13 1162  947 1.7 4 2 2 6 51% 1239381 9737 58%
c 
c  seconds   reduction conflicts       size tier2        variables
c         MB     restarts   redundant    glue  trail          remaining
c           level     rate       size/glu tier1   irredundant
c 
c -  2.21  0 144 2 138 13 1206  941 1.7 4 2 2 6 51% 1238852 9737 58%
c i  2.22  0 134 2 169 13 1332 1043 1.7 4 2 2 6 51% 1238852 9728 58%
c i  2.23  0 132 2 169 13 1361 1065 1.7 4 2 2 6 51% 1238852 9727 58%
c i  2.23  0 129 2 181 13 1409 1105 1.7 4 2 2 6 51% 1238852 9726 58%
c i  2.23  0 129 2 183 13 1416 1109 1.7 4 2 2 6 51% 1238852 9725 58%
c i  2.23  0 128 2 184 13 1426 1116 1.7 4 2 2 6 51% 1238852 9724 58%
c i  2.23  0 126 2 187 13 1468 1153 1.7 4 2 2 6 51% 1238852 9721 58%
c i  2.23  0 124 2 187 13 1495 1177 1.7 4 2 2 6 52% 1238852 9719 58%
c i  2.23  0 124 2 187 13 1497 1178 1.7 4 2 2 6 52% 1238852 9717 58%
c i  2.23  0 123 2 187 12 1528 1205 1.7 4 2 2 6 52% 1238852 9712 58%
c i  2.23  0 122 2 190 12 1547 1222 1.7 4 2 2 6 52% 1238852 9711 58%
c i  2.23  0 122 2 190 12 1551 1225 1.7 4 2 2 6 52% 1238852 9710 58%
c i  2.23  0 121 2 190 12 1571 1239 1.7 4 2 2 6 52% 1238852 9703 58%
c i  2.23  0 120 2 190 12 1586 1250 1.7 4 2 2 6 52% 1238852 9702 58%
c i  2.23  0 120 2 190 12 1591 1252 1.7 4 2 2 6 52% 1238852 9700 58%
c i  2.23  0 119 2 190 12 1607 1266 1.7 4 2 2 6 52% 1238852 9699 58%
c i  2.23  0 119 2 190 12 1623 1276 1.7 4 2 2 6 52% 1238852 9698 58%
c i  2.23  0 117 2 191 12 1660 1310 1.7 4 2 2 6 52% 1238852 9692 57%
c i  2.23  0 116 2 196 12 1679 1325 1.7 4 2 2 6 52% 1238852 9685 57%
c }  2.23  0 116 2 198 12 1690 1336 1.7 4 2 2 6 52% 1238852 9685 57%
c 
c  seconds  reduction conflicts       size tier2        variables
c         MB    restarts   redundant    glue  trail          remaining
c          level     rate       size/glu tier1   irredundant
c 
c [  2.23  0  0 2 198  0 1690 1336 0.0 0 0 2 6  0% 1238852 9685 57%
c i  2.25  0 45 2 198  3 2537 2086 3.3 36 11 2 6 86% 1238852 9683 57%
c I  2.33  0 66 2 199  3 3007 2467 3.1 30 9 2 6 57% 1238525 9683 57%
c -  2.37  0 66 3 199  3 3024 2056 3.1 29 9 2 6 54% 1238525 9683 57%
c i  2.37  0 66 3 199  3 3037 2065 3.1 29 9 2 6 52% 1238525 9682 57%
c ]  2.38  0 60 3 199  3 3702 2658 2.8 24 9 2 6 53% 1238525 9682 57%
c {  2.38  0 116 3 199 12 3702 2658 1.7 4 2 2 6 90% 1238525 9682 57%
c i  2.38  0 115 3 202 12 3718 2673 1.7 4 2 2 6 89% 1238525 9681 57%
c 2  2.39  0 114 3 203 12 3735 2678 1.7 4 2 2 6 89% 1005822 9672 57%
c d  2.41  0 114 3 203 12 3735 2627 1.7 4 2 2 6 89% 1003021 8385 50%
c d  2.42  0 114 3 203 12 3735 2624 1.7 4 2 2 6 89% 1002864 8347 50%
c p  2.42  0 114 3 203 12 3735 4629 1.7 4 2 2 6 89% 1002864 8347 50%
c c  3.43  0 114 3 203 12 3735 4623 1.7 4 2 2 6 89% 1003108 8090 48%
c d  3.45  0 114 3 203 12 3735 4498 1.7 4 2 2 6 89% 1000052 7160 42%
c d  3.47  0 114 3 203 12 3735 4498 1.7 4 2 2 6 89% 1000009 7149 42%
c k  3.47  0 114 3 203 12 3735 4498 1.7 4 2 2 6 89% 1000009 7114 42%
c 2  3.47  0 114 3 203 12 3735 4052 1.7 4 2 2 6 89% 999162 7114 42%
c t  3.48  0 114 3 203 12 3735 4052 1.7 4 2 2 6 89% 998137 7114 42%
c k  3.48  0 114 3 203 12 3735 4052 1.7 4 2 2 6 89% 998137 7107 42%
c i  3.48  0 113 3 208 12 3751 4065 1.7 4 2 2 6 88% 998137 7106 42%
c 
c  seconds   reduction conflicts       size tier2       variables
c         MB     restarts   redundant    glue  trail         remaining
c           level     rate       size/glu tier1  irredundant
c 
c i  3.48  0 113 3 209 12 3757 4070 1.7 4 2 2 6 88% 998137 7104 42%
c i  3.48  0 112 3 215 12 3776 4085 1.7 4 2 2 6 87% 998137 7103 42%
c i  3.49  0 111 3 220 12 3802 4110 1.7 4 2 2 6 86% 998137 7102 42%
c i  3.49  0 107 3 227 11 3868 4174 1.7 4 2 2 6 83% 998137 7101 42%
c i  3.49  0 107 3 227 11 3881 4184 1.7 4 2 2 6 83% 998137 7100 42%
c i  3.50  0 106 3 228 11 3915 4210 1.7 4 2 2 6 82% 998137 7099 42%
c i  3.51  0 103 3 244 11 3986 4267 1.7 4 2 2 6 80% 998137 7098 42%
c i  3.52  0 93 3 314 11 4260 4510 1.7 4 2 2 6 72% 998137 7095 42%
c i  3.52  0 93 3 318 11 4284 4527 1.7 4 2 2 6 71% 998137 7094 42%
c i  3.52  0 92 3 320 11 4293 4533 1.7 4 2 2 6 71% 998137 7074 42%
c i  3.52  0 92 3 326 11 4313 4551 1.7 4 2 2 6 70% 998137 7072 42%
c i  3.52  0 91 3 327 11 4324 4558 1.7 4 2 2 6 70% 998137 7071 42%
c i  3.52  0 90 3 334 11 4361 4587 1.7 4 2 2 6 69% 998137 7070 42%
c i  3.52  0 89 3 340 10 4400 4619 1.7 4 2 2 6 68% 998137 7069 42%
c i  3.52  0 89 3 341 10 4405 4622 1.7 4 2 2 6 68% 998137 7068 42%
c i  3.53  0 87 3 358 10 4510 4710 1.7 4 2 2 6 66% 998137 7067 42%
c i  3.54  0 86 3 386 11 4610 4791 1.7 4 3 2 6 64% 998137 7065 42%
c i  3.54  0 85 3 387 11 4615 4794 1.7 4 3 2 6 64% 998137 7056 42%
c i  3.54  0 85 3 387 11 4621 4796 1.7 4 3 2 6 64% 998137 7055 42%
c i  3.54  0 85 3 387 11 4632 4805 1.7 4 3 2 6 64% 998137 7054 42%
c 
c  seconds  reduction conflicts       size tier2       variables
c         MB    restarts   redundant    glue  trail         remaining
c          level     rate       size/glu tier1  irredundant
c 
c i  3.54  0 85 3 388 10 4667 4836 1.7 4 3 2 6 64% 998137 7053 42%
c i  3.54  0 84 3 397 10 4710 4873 1.7 4 3 2 6 63% 998137 7051 42%
c i  3.54  0 84 3 397 10 4714 4875 1.7 4 3 2 6 63% 998137 7050 42%
c i  3.54  0 84 3 399 10 4720 4880 1.7 4 3 2 6 63% 998137 7049 42%
c i  3.54  0 84 3 402 10 4729 4887 1.7 4 3 2 6 63% 998137 7048 42%
c i  3.54  0 84 3 403 10 4736 4893 1.7 4 3 2 6 62% 998137 7047 42%
c i  3.55  0 82 3 417 10 4828 4972 1.7 4 3 2 6 61% 998137 7042 42%
c i  3.55  0 81 3 429 10 4902 5031 1.7 4 3 2 6 60% 998137 7039 42%
c i  3.55  0 81 3 430 10 4904 5031 1.7 4 3 2 6 60% 998137 7038 42%
c }  3.55  0 81 3 435 10 4923 5045 1.7 4 3 2 6 59% 998137 7038 42%
c [  3.55  0 60 3 435  3 4923 5045 2.8 24 9 2 6 53% 998137 7038 42%
c ]  3.61  0 56 3 436  3 5705 5759 2.8 23 8 1 2 42% 998137 7038 42%
c {  3.61  0 81 3 436 10 5705 5759 1.7 4 3 2 6 59% 998137 7038 42%
c i  3.62  0 80 3 445 10 5741 5789 1.7 4 3 2 6 59% 998137 7037 42%
c i  3.62  0 80 3 450 10 5789 5827 1.7 4 3 2 6 58% 998137 7027 42%
c i  3.62  0 79 3 461 10 5831 5863 1.7 5 3 2 6 58% 998137 7025 42%
c -  3.67  0 78 4 480 10 5901 3640 1.8 5 3 2 6 57% 997283 7025 42%
c i  3.67  0 78 4 481 10 5906 3643 1.8 5 3 2 6 57% 997283 7020 42%
c i  3.68  0 78 4 482 10 5922 3654 1.8 5 3 2 6 56% 997283 7019 42%
c i  3.68  0 78 4 484 10 5928 3658 1.8 5 3 2 6 56% 997283 7017 42%
c 
c  seconds  reduction conflicts       size tier2       variables
c         MB    restarts   redundant    glue  trail         remaining
c          level     rate       size/glu tier1  irredundant
c 
c i  3.68  0 78 4 485 10 5929 3658 1.8 5 3 2 6 56% 997283 7016 42%
c i  3.68  0 77 4 490 10 5946 3673 1.8 5 3 2 6 56% 997283 7015 42%
c i  3.69  0 77 4 499 10 5988 3708 1.8 5 3 2 6 56% 997283 7013 42%
c O  3.69  0 77 4 504 10 6008 3725 1.8 5 3 2 6 55% 997283 7013 42%
c i  3.70  0 74 4 507 10 6150 3849 1.8 5 3 1 2 54% 997283 7012 42%
c i  3.70  0 74 4 508 10 6175 3870 1.8 5 3 1 2 54% 997283 7007 42%
c 2  3.71  0 73 4 519 10 6235 3910 1.8 5 3 1 2 53% 997261 7007 42%
c d  3.72  0 73 4 519 10 6235 3872 1.8 5 3 1 2 53% 997007 6944 41%
c d  3.74  0 73 4 519 10 6235 3863 1.8 5 3 1 2 53% 996981 6933 41%
c c  3.96  0 73 4 519 10 6235 3859 1.8 5 3 1 2 53% 997309 6930 41%
c d  3.98  0 73 4 519 10 6235 3853 1.8 5 3 1 2 53% 996997 6799 40%
c k  3.98  0 73 4 519 10 6235 3853 1.8 5 3 1 2 53% 996997 6759 40%
c 2  3.98  0 73 4 519 10 6235 3837 1.8 5 3 1 2 53% 996832 6759 40%
c t  3.99  0 73 4 519 10 6235 3836 1.8 5 3 1 2 53% 996459 6759 40%
c i  4.00  0 71 4 550 10 6378 3958 1.8 5 3 1 2 51% 996459 6758 40%
c i  4.02  0 69 4 591 10 6543 4101 1.8 5 3 1 2 50% 996459 6756 40%
c i  4.03  0 69 4 604 10 6609 4158 1.8 5 3 1 2 49% 996459 6755 40%
c i  4.03  0 69 4 604 10 6610 4158 1.8 5 3 1 2 49% 996459 6752 40%
c i  4.10  0 66 4 666 10 6872 4365 1.8 5 3 1 2 21% 996121 6749 40%
c i  4.10  0 66 4 666 10 6891 4377 1.8 5 3 1 2 24% 996121 6748 40%
c 
c  seconds  reduction conflicts       size tier2       variables
c         MB    restarts   redundant    glue  trail         remaining
c          level     rate       size/glu tier1  irredundant
c 
c i  4.12  0 63 4 726  9 7134 4584 1.8 5 3 1 2 23% 996121 6746 40%
c }  4.13  0 62 4 755  9 7254 4688 1.8 5 3 1 2 21% 996121 6746 40%
c [  4.13  0 56 4 755  3 7254 4688 2.8 23 8 1 2 60% 996121 6746 40%
c i  4.13  0 54 4 755  3 7388 4809 2.7 22 8 1 2 57% 996121 6745 40%
c i  4.14  0 54 4 755  3 7455 4867 2.7 22 8 1 2 56% 996121 6744 40%
c i  4.14  0 53 4 755  3 7480 4890 2.7 22 8 1 2 56% 996121 6738 40%
c i  4.14  0 53 4 755  3 7485 4893 2.7 22 8 1 2 55% 996121 6737 40%
c i  4.15  0 50 4 755  3 7726 5077 2.7 21 8 1 2 52% 996121 6731 40%
c i  4.15  0 50 4 755  3 7757 5105 2.7 21 8 1 2 51% 996121 6730 40%
c i  4.15  0 49 4 755  3 7810 5145 2.7 20 8 1 2 50% 996121 6729 40%
c i  4.16  0 50 4 755  3 7966 5274 2.7 20 8 1 2 48% 996121 6728 40%
c i  4.19  0 48 4 756  3 8820 6053 2.6 20 8 1 2 41% 996121 6727 40%
c ]  4.25  0 49 4 756  3 9372 6540 2.6 21 8 1 2 40% 996121 6727 40%
c {  4.25  0 62 4 756  9 9372 6540 1.8 5 3 1 2 21% 996121 6727 40%
c i  4.28  0 60 4 817  9 9616 6758 1.8 5 3 1 2 24% 996121 6725 40%
c -  4.33  0 59 5 851  9 9739 4014 1.8 5 3 1 2 24% 969102 6725 40%
c 2  4.34  0 59 5 851  9 9739 4005 1.8 5 3 1 2 24% 969080 6724 40%
c d  4.35  0 59 5 851  9 9739 3975 1.8 5 3 1 2 24% 968912 6662 40%
c c  4.58  0 59 5 851  9 9739 3970 1.8 5 3 1 2 24% 969093 6659 40%
c d  4.60  0 59 5 851  9 9739 3967 1.8 5 3 1 2 24% 969060 6647 39%
c 
c  seconds  reduction conflicts       size tier2       variables
c         MB    restarts   redundant    glue  trail         remaining
c          level     rate       size/glu tier1  irredundant
c 
c k  4.60  0 59 5 851  9 9739 3967 1.8 5 3 1 2 24% 969060 6602 39%
c 2  4.60  0 59 5 851  9 9739 3967 1.8 5 3 1 2 24% 969042 6602 39%
c =  4.69  0 59 5 851  9 9739 3918 1.8 5 3 1 2 24% 968361 6483 38%
c t  4.70  0 59 5 851  9 9739 3918 1.8 5 3 1 2 24% 967326 6483 38%
c i  4.73  0 59 5 863  9 9792 3964 1.8 5 3 1 2 25% 967326 6482 38%
c i  4.74  0 59 5 886  9 9881 4046 1.8 5 3 1 2 25% 967326 6481 38%
c i  4.74  0 58 5 887  9 9966 4118 1.8 5 3 1 2 24% 967326 6480 38%
c #  4.74  0 58 5 889  9 10010 4159 1.8 5 3 1 2 24% 967326 6480 38%
c i  4.75  0 57 5 903  9 10085 4219 1.8 5 3 1 2 24% 967326 6479 38%
c i  4.77  0 56 5 948  9 10302 4410 1.8 5 3 1 2 24% 967326 6478 38%
c i  4.78  0 55 5 974  9 10490 4580 1.8 5 3 1 2 24% 967326 6477 38%
c i  4.79  0 54 5 974  9 10591 4661 1.8 5 3 1 2 24% 967326 6476 38%
c i  4.79  0 53 5 987  9 10699 4749 1.8 6 3 1 2 23% 967326 6473 38%
c i  4.79  0 53 5 989  9 10714 4762 1.8 6 3 1 2 23% 967326 6472 38%
c i  4.80  0 52 5 1017  9 10840 4873 1.8 6 3 1 2 23% 967326 6471 38%
c i  4.83  0 50 5 1097  8 11228 5204 1.9 6 3 1 2 23% 967326 6467 38%
c i  4.84  0 50 5 1104  8 11295 5258 1.9 6 3 1 2 23% 967326 6465 38%
c i  4.84  0 49 5 1116  8 11524 5446 1.9 6 3 1 2 23% 967326 6461 38%
c i  4.85  0 49 5 1116  8 11540 5461 1.9 6 3 1 2 23% 967326 6458 38%
c i  4.85  0 49 5 1116  8 11563 5481 1.9 6 3 1 2 23% 967326 6457 38%
c 
c  seconds  reductions  conflicts       size tier2       variables
c         MB    restarts     redundant    glue  trail         remaining
c          level      rate        size/glu tier1  irredundant
c 
c i  4.85  0 49 5 1116  8 11594 5507 1.9 6 3 1 2 23% 967326 6456 38%
c i  4.85  0 48 5 1116  8 11688 5583 1.9 6 3 1 2 23% 967326 6454 38%
c i  4.86  0 47 5 1166  8 12040 5888 1.9 6 3 1 2 21% 967326 6452 38%
c }  4.86  0 47 5 1168  8 12074 5914 1.9 6 3 1 2 21% 967326 6451 38%
c [  4.86  0 49 5 1168  3 12074 5914 2.6 21 8 1 2 40% 967326 6451 38%
c i  4.87  0 48 5 1168  3 12295 6106 2.6 20 8 1 2 39% 967326 6449 38%
c s  5.02  0 61 5 1170  2 14046 7621 2.6 23 9 1 2 44% 817398 6449 38%
c t  5.04  0 61 5 1170  2 14046 7620 2.6 23 9 1 2 44% 810898 6449 38%
c e  5.08  0 61 5 1170  2 14046 5133 2.6 23 9 1 2 44% 808138 5649 34%
c s  5.10  0 61 5 1170  2 14046 5133 2.6 23 9 1 2 44% 762014 5649 34%
c e  5.12  0 61 5 1170  2 14046 5132 2.6 23 9 1 2 44% 762013 5648 34%
c -  5.24  0 60 6 1170  2 14639 3939 2.5 23 9 1 2 57% 762013 5648 34%
c 2  5.25  0 60 6 1170  2 14639 3915 2.5 23 9 1 2 57% 760356 5648 34%
c d  5.26  0 60 6 1170  2 14639 3914 2.5 23 9 1 2 57% 760354 5647 34%
c c  5.43  0 60 6 1170  2 14639 3911 2.5 23 9 1 2 57% 760730 5644 33%
c d  5.44  0 60 6 1170  2 14639 3901 2.5 23 9 1 2 57% 760711 5639 33%
c k  5.44  0 60 6 1170  2 14639 3901 2.5 23 9 1 2 57% 760711 5638 33%
c 2  5.44  0 60 6 1170  2 14639 3901 2.5 23 9 1 2 57% 760706 5638 33%
c =  5.50  0 60 6 1170  2 14639 3877 2.5 23 9 1 2 57% 760471 5594 33%
c t  5.50  0 60 6 1170  2 14639 3877 2.5 23 9 1 2 57% 760354 5594 33%
c 
c  seconds  reductions  conflicts       size  tier2       variables
c         MB    restarts     redundant     glue  trail         remaining
c          level      rate        size/glue tier1  irredundant
c 
c B  5.51  0 58 6 1170  2 15012 4220 2.6 23 9 1 2 50% 760354 5594 33%
c ]  5.53  0 58 6 1170  2 15236 4428 2.6 23 9 1 2 47% 760354 5594 33%
c {  5.53  0 47 6 1170  8 15236 4428 1.9 6 3 1 2 26% 760354 5594 33%
c i  5.54  0 47 6 1183  8 15302 4484 1.9 6 3 1 2 26% 760354 5591 33%
c i  5.58  0 45 6 1315  8 16109 5206 1.9 6 3 1 2 25% 760351 5590 33%
c i  5.58  0 44 6 1317  8 16123 5217 1.9 6 3 1 2 25% 760351 5588 33%
c i  5.60  0 43 6 1339  7 16601 5599 1.9 6 3 1 2 24% 760351 5586 33%
c i  5.62  0 42 6 1414  7 17015 5955 1.9 6 3 1 2 24% 760350 5585 33%
c i  5.62  0 41 6 1440  7 17182 6097 1.9 6 3 1 2 24% 760350 5584 33%
c i  5.65  0 40 6 1491  7 17531 6407 1.9 6 3 1 2 24% 760350 5583 33%
c i  5.68  0 40 6 1573  7 17937 6755 1.9 6 3 1 2 24% 760349 5582 33%
c i  5.72  0 39 6 1672  7 18383 7134 1.9 6 3 1 2 24% 760348 5580 33%
c i  5.73  0 38 6 1690  7 18481 7209 1.9 6 3 1 2 24% 760348 5579 33%
c i  5.75  0 38 6 1709  7 18677 7364 1.9 6 3 1 2 23% 760348 5574 33%
c i  5.75  0 38 6 1709  7 18682 7366 1.9 6 3 1 2 23% 760348 5571 33%
c i  5.78  0 37 6 1742  7 19046 7664 1.9 6 3 1 2 23% 760348 5562 33%
c i  5.78  0 37 6 1745  7 19093 7704 1.9 6 3 1 2 23% 760348 5561 33%
c i  5.78  0 37 6 1745  7 19098 7708 1.9 6 3 1 2 23% 760348 5560 33%
c i  5.84  0 36 6 1803  6 19777 8290 1.9 7 3 1 2 24% 760346 5558 33%
c }  5.86  0 35 6 1853  6 19992 8476 1.9 7 3 1 2 24% 760346 5558 33%
c 
c  seconds  reductions  conflicts       size  tier2       variables
c         MB    restarts     redundant     glue  trail         remaining
c          level      rate        size/glue tier1  irredundant
c 
c [  5.86  0 58 6 1853  2 19992 8476 2.6 23 9 1 2 47% 760346 5558 33%
c -  5.92  0 56 7 1853  2 20330 5962 2.6 23 9 1 2 43% 699307 5558 33%
c 2  5.92  0 56 7 1853  2 20330 5945 2.6 23 9 1 2 43% 699296 5554 33%
c d  5.94  0 56 7 1853  2 20330 5897 2.6 23 9 1 2 43% 692436 5525 33%
c d  5.95  0 56 7 1853  2 20330 5895 2.6 23 9 1 2 43% 692432 5523 33%
c c  6.11  0 56 7 1853  2 20330 5890 2.6 23 9 1 2 43% 680357 5521 33%
c d  6.12  0 56 7 1853  2 20330 5860 2.6 23 9 1 2 43% 679860 5514 33%
c k  6.12  0 56 7 1853  2 20330 5860 2.6 23 9 1 2 43% 679860 5507 33%
c 2  6.13  0 56 7 1853  2 20330 5859 2.6 23 9 1 2 43% 679849 5507 33%
c =  6.19  0 56 7 1853  2 20330 5818 2.6 23 9 1 2 43% 674801 5480 33%
c t  6.20  0 56 7 1853  2 20330 5818 2.6 23 9 1 2 43% 672763 5480 33%
c W  6.37  0 54 7 1854  2 21013 6385 2.6 23 9 1 2 44% 672762 5480 33%
c i  6.44  0 50 7 1854  2 22320 7467 2.5 22 9 1 2 46% 672762 5479 33%
c i  6.45  0 49 7 1854  2 22531 7598 2.5 22 9 1 2 45% 672762 5477 32%
c i  6.58  0 47 7 1854  2 23629 8580 2.6 23 9 1 2 43% 672762 5476 32%
c ]  6.63  0 46 7 1854  2 24101 8970 2.6 23 9 1 2 42% 672762 5476 32%
c {  6.63  0 35 7 1854  6 24101 8970 1.9 7 3 1 2 24% 672762 5476 32%
c i  6.67  0 35 7 1944  6 24485 9300 1.9 7 3 1 2 23% 672762 5475 32%
c i  6.72  0 34 7 2030  6 24866 9612 1.9 7 3 1 2 24% 672762 5472 32%
c i  6.72  0 34 7 2030  6 24867 9612 1.9 7 3 1 2 24% 672762 5458 32%
c 
c  seconds  reductions  conflicts       size tier2       variables
c         MB    restarts     redundant    glue  trail         remaining
c          level      rate        size/glu tier1  irredundant
c 
c i  6.72  0 34 7 2030  6 24878 9621 1.9 7 3 1 2 24% 672762 5455 32%
c i  6.75  0 33 7 2088  6 25180 9843 2.0 7 4 1 2 24% 672762 5339 32%
c }  6.75  0 33 7 2088  6 25182 9843 2.0 7 4 1 2 24% 672762 5184 31%
c 0  6.75  0 33 7 2088  6 25182 9843 2.0 7 4 1 2 24% 672762 5184 31%
c 
c --- [ result ] -------------------------------------------------------------
c 
s UNSATISFIABLE
c 
c --- [ run-time profiling ] -------------------------------------------------
c 
c process time taken by individual solving procedures
c (percentage relative to process time for solving)
c 
c         2.39   50.83% simplify
c         2.32   49.17% search
c         2.04   43.39% parse
c         1.78   37.83% congruence
c         1.17   24.92% unstable
c         1.02   21.60% stable
c         0.20    4.18% sweep
c         0.11    2.26% walk
c         0.06    1.20% elim
c         0.06    1.18% subsume
c         0.02    0.39% lucky
c         0.01    0.22% probe
c         0.00    0.09% backbone
c   =================================
c         4.71   69.74% solve
c 
c last line shows process time for solving
c (percentage relative to total process time)
c 
c --- [ statistics ] ---------------------------------------------------------
c 
c chronological:             10849        43.08 %  of conflicts
c conflicts:                 25182      5345.88    per second
c backbone:                 104966       622.72 %  of vars
c decisions:                106170     22538.81    per second
c eliminated:                  799         4.74 %  of all variables
c fixed:                      8141        48.30 %  of all variables
c learned:                   23488        93.27 %  per conflict
c learned_lits:             527218       100.00 %  learned literals
c minimized:                     0         0.00 %  learned literals
c shrunken:                  93617        17.76 %  learned literals
c minishrunken:              82798        15.70 %  learned literals
c otfs:                        718         2.85 %  of conflict
c propagations:            9388134         1.99 M  per second
c reduced:                    7554        30.00 %  per conflict
c rephased:                      6      4197.00    interval
c restarts:                   2088        12.06    interval
c stabilizing:                   6        47.99 %  of conflicts
c substituted:                2732        16.21 %  of all variables
c sweep equivs:                142         6.53 %  of swept variables
c subsumed:                 440846        32.77 %  of all clauses
c strengthened:               9447         0.70 %  of all clauses
c ticks:                 259694126        29.70    propagation
c walked:                        1     25182.00    interval
c weakened:                   8120         2.19    average size
c congruence:                    5      5036.40    interval
c 
c seconds are measured in process time for solving
c 
c --- [ glue usage ] ---------------------------------------------------------
c 
c focused glue 1 used 59691 clauses 76.76% accumulated 76.76% tier1
c focused glue 2 used 11702 clauses 15.04% accumulated 91.81% tier2
c 
c stable glue 1 used 99418 clauses 69.29% accumulated 69.29% tier1
c stable glue 2 used 18130 clauses 12.63% accumulated 81.93% tier2
c 
c 
c --- [ resources ] ----------------------------------------------------------
c 
c total process time since initialization:         6.75    seconds
c total real time since initialization:            6.79    seconds
c maximum resident set size of process:          537.78    MB
c 
c --- [ shutting down ] ------------------------------------------------------
c 
c exit 20
