c --- [ banner ] -------------------------------------------------------------
c 
c CaDiCaL SAT Solver
c Copyright (c) 2016-2026
c A. Biere, M. Fleury, N. Froleyks, K. Fazekas, F. Pollitt, T. Faller
c JKU Linz, University of Freiburg, TU Wien
c 
c Version 3.0.1 c60730422e758ef1cebe7aeddf2dda31c996bf04
c Apple clang version 17.0.0 (clang-1700.6.3.2) -Wall -Wextra -O3 -DNDEBUG -DNCLOSEFROM
c Wed Aug 12 12:29:40 CEST 2026 Darwin 192.168.1.2 24.6.0 arm64
c 
c --- [ limit ] --------------------------------------------------------------
c 
c setting time limit to 1800 seconds real time (due to '-t 1800')
c 
c --- [ parsing input ] ------------------------------------------------------
c 
c reading DIMACS file from 'results/cnf/shard_00000000.cnf'
c opening file to read 'results/cnf/shard_00000000.cnf'
c found 'p cnf 16856 28850119' header
c parsed 28850119 clauses in 3.22 seconds process time
c 
c --- [ options ] ------------------------------------------------------------
c 
c all options are set to their default value
c 
c --- [ solving ] ------------------------------------------------------------
c 
c time measured in process time since initialization
c 
c  seconds  reduction conflicts       size tier2          variables
c         MB    restarts   redundant    glue  trail            remaining
c          level     rate       size/glu tier1   irredundant
c 
c *  3.22  0  0 0   0  0    0    0 0.0 0 0 2 6  0% 28493972 16786 100%
c )  4.13  0  0 0   0  0    0    0 0.0 1 0 2 6  0% 28493972 16780 100%
c {  4.17  0  0 0   0  0    0    0 0.0 1 0 2 6  0% 28493972 16780 100%
c i  4.17  0  0 0   0  0    0    0 0.0 1 0 2 6  0% 28493972 16780 100%
c i  4.17  0  0 0   0  5    1    0 0.0 1 0 2 6  0% 28493972 16779 100%
c i  4.17  0  0 0   0  7    2    0 0.0 1 0 2 6  1% 28493972 16778 100%
c -  4.75  0 268 1   2  3  303  275 1.5 3 2 2 6  4% 28493919 16778 100%
c i  4.78  0 343 1   2  3  407  370 1.5 3 2 2 6  6% 28493919 16774 100%
c i  4.78  0 580 1   2  4  750  691 1.6 3 2 2 6  9% 28493919 16772 100%
c i  4.79  0 599 1   2  5  783  716 1.6 3 2 2 6 10% 28493919 16769 99%
c i  4.79  0 600 1   2  5  789  720 1.6 3 2 2 6 10% 28493919 16766 99%
c }  4.79  0 688 1   3  6 1001  919 1.6 3 2 2 6 11% 28493919 16765 99%
c [  4.79  0  0 1   3  0 1001  919 0.0 0 0 2 6  0% 28493919 16765 99%
c ]  4.80  0  0 1   3  0 1001  919 0.0 0 0 2 6  0% 28493919 16765 99%
c {  4.80  0 688 1   3  6 1001  919 1.6 3 2 2 6 11% 28493919 16765 99%
c O  4.80  0 687 1   3  6 1002  920 1.6 3 2 2 6 11% 28493919 16765 99%
c i  4.81  0 685 1   3  6 1005  921 1.6 3 2 2 6 11% 28493919 16763 99%
c i  4.81  0 684 1   3  6 1006  921 1.6 3 2 2 6 11% 28493919 16760 99%
c i  4.81  0 682 1   3  6 1011  924 1.6 3 2 2 6 11% 28493919 16758 99%
c i  4.82  0 680 1   3  6 1014  925 1.6 3 2 2 6 11% 28493919 16756 99%
c 
c  seconds   reduction conflicts       size tier2          variables
c         MB     restarts   redundant    glue  trail            remaining
c           level     rate       size/glu tier1   irredundant
c 
c }  4.82  0 680 1   3  6 1014  925 1.6 3 2 2 6 11% 28493919 16756 99%
c [  4.82  0  0 1   3  0 1014  925 0.0 0 0 2 6  0% 28493919 16756 99%
c ]  4.83  0 66 1   3  1 1015  926 1.5 3 2 2 6  7% 28493919 16756 99%
c {  4.83  0 680 1   3  6 1015  926 1.6 3 2 2 6 11% 28493919 16756 99%
c i  4.84  0 677 1   3  6 1022  930 1.6 3 2 2 6 11% 28493919 16754 99%
c i  4.84  0 675 1   3  6 1025  931 1.6 3 2 2 6 11% 28493919 16752 99%
c i  4.84  0 672 1   3  6 1031  934 1.6 3 2 2 6 11% 28493919 16751 99%
c i  4.84  0 665 1   3  6 1045  942 1.6 3 2 2 6 11% 28493919 16747 99%
c i  4.85  0 662 1   3  6 1053  948 1.6 3 2 2 6 11% 28493919 16746 99%
c i  4.85  0 660 1   3  6 1059  952 1.6 3 2 2 6 11% 28493919 16744 99%
c }  4.87  0 650 1   3  6 1085  973 1.6 3 2 2 6 11% 28493919 16741 99%
c [  4.87  0 66 1   3  1 1085  973 1.5 3 2 2 6  7% 28493919 16741 99%
c i  4.87  0 85 1   3  1 1089  976 1.5 3 2 2 6  8% 28493919 16740 99%
c ]  4.89  0 85 1   3  1 1089  976 1.5 3 2 2 6  8% 28493919 16740 99%
c {  4.89  0 650 1   3  6 1089  976 1.6 3 2 2 6 11% 28493919 16740 99%
c i  4.91  0 637 1   3  6 1120  999 1.6 3 2 2 6 11% 28493919 16738 99%
c i  4.91  0 635 1   3  6 1127 1001 1.6 3 2 2 6 11% 28493919 16736 99%
c i  4.91  0 634 1   3  6 1134 1003 1.6 3 2 2 6 11% 28493919 16734 99%
c i  4.91  0 634 1   3  6 1135 1003 1.6 3 2 2 6 11% 28493919 16732 99%
c i  4.91  0 632 1   3  6 1141 1006 1.6 3 2 2 6 11% 28493919 16730 99%
c 
c  seconds   reduction conflicts       size tier2          variables
c         MB     restarts   redundant    glue  trail            remaining
c           level     rate       size/glu tier1   irredundant
c 
c i  4.91  0 632 1   3  6 1144 1006 1.6 3 2 2 6 11% 28493919 16729 99%
c i  4.91  0 631 1   3  6 1150 1009 1.6 3 2 2 6 11% 28493919 16727 99%
c }  4.93  0 621 1   4  6 1177 1030 1.6 3 2 2 6 11% 28493919 16726 99%
c [  4.93  0 85 1   4  1 1177 1030 1.5 3 2 2 6  8% 28493919 16726 99%
c ]  4.97  0 38 1   4  2 1187 1040 1.5 3 2 2 6  6% 28493919 16726 99%
c {  4.97  0 621 1   4  6 1187 1040 1.6 3 2 2 6 11% 28493919 16726 99%
c i  5.00  0 606 1   6  6 1216 1063 1.6 3 2 2 6 11% 28493919 16725 99%
c i  5.01  0 602 1   7  6 1235 1075 1.6 3 2 2 6 11% 28493919 16724 99%
c i  5.01  0 601 1   7  6 1238 1077 1.6 3 2 2 6 11% 28493919 16722 99%
c }  5.03  0 588 1  13  7 1266 1100 1.6 3 2 2 6 11% 28493919 16722 99%
c [  5.03  0 38 1  13  2 1266 1100 1.5 3 2 2 6  6% 28493919 16722 99%
c ]  5.09  0 392 1  13  5 1490 1288 2.9 24 8 2 6 54% 28493919 16722 99%
c {  5.09  0 588 1  13  7 1490 1288 1.6 3 2 2 6 11% 28493919 16722 99%
c i  5.15  0 545 1  34  7 1600 1387 1.6 3 2 2 6 13% 28493919 16721 99%
c }  5.18  0 535 1  42  7 1628 1411 1.6 3 2 2 6 13% 28493919 16721 99%
c [  5.18  0 392 1  42  5 1628 1411 2.9 24 8 2 6 54% 28493919 16721 99%
c -  9.01  0 343 2  42  5 1806 1439 2.7 20 7 2 6 54% 28493550 16721 99%
c ]  9.10  0 302 2  42  4 2071 1692 3.3 26 8 2 6 52% 28493550 16721 99%
c {  9.10  0 535 2  42  7 2071 1692 1.6 3 2 2 6 13% 28493550 16721 99%
c }  9.25  0 481 2  91  8 2250 1836 1.6 3 2 2 6 16% 28493550 16721 99%
c 
c  seconds   reduction conflicts       size  tier2          variables
c         MB     restarts   redundant     glue  trail            remaining
c           level     rate       size/glue tier1   irredundant
c 
c [  9.25  0 302 2  91  4 2250 1836 3.3 26 8 2 6 52% 28493550 16721 99%
c i  9.26  0 297 2  91  4 2335 1915 3.2 24 7 2 6 52% 28493550 16720 99%
c i  9.26  0 297 2  91  4 2343 1922 3.2 24 7 2 6 52% 28493550 16717 99%
c i  9.27  0 292 2  91  4 2415 1984 3.2 22 7 2 6 53% 28493550 16716 99%
c i  9.27  0 290 2  91  4 2447 2013 3.2 22 7 2 6 53% 28493550 16715 99%
c ]  9.34  0 243 2  92  4 2906 2428 2.9 19 6 2 6 49% 28493550 16713 99%
c {  9.34  0 481 2  92  8 2906 2428 1.6 3 2 2 6 16% 28493550 16713 99%
c i  9.37  0 466 2 111  9 2970 2482 1.6 3 2 2 6 17% 28493550 16710 99%
c i  9.38  0 465 2 112  9 2974 2485 1.6 3 2 2 6 17% 28493550 16709 99%
c i  9.38  0 465 2 112  9 2975 2485 1.6 3 2 2 6 17% 28493550 16707 99%
c O  9.40  0 459 2 120 10 3005 2512 1.6 3 2 2 6 17% 28493550 16707 99%
c }  9.46  0 440 2 144 11 3094 2586 1.6 3 2 2 6 19% 28493550 16707 99%
c [  9.46  0 243 2 144  4 3094 2586 2.9 19 6 2 6 49% 28493550 16707 99%
c i  9.47  0 231 2 144  4 3273 2746 2.9 18 6 2 6 48% 28493550 16706 99%
c i  9.51  0 201 2 144  3 3833 3225 2.6 15 6 2 6 47% 28493550 16704 99%
c i  9.52  0 200 2 145  3 3943 3329 2.6 15 6 2 6 47% 28493550 16698 99%
c i  9.52  0 199 2 145  3 3947 3332 2.6 15 6 2 6 47% 28493550 16694 99%
c ]  9.59  0 195 2 145  4 4020 3399 2.6 15 6 2 6 46% 28493550 16694 99%
c {  9.59  0 440 2 145 11 4020 3399 1.6 3 2 2 6 19% 28493550 16694 99%
c i  9.72  0 400 2 206 13 4252 3593 1.6 4 2 2 6 21% 28493550 16693 99%
c 
c  seconds   reduction conflicts       size tier2          variables
c         MB     restarts   redundant    glue  trail            remaining
c           level     rate       size/glu tier1   irredundant
c 
c i  9.72  0 399 2 208 13 4257 3597 1.6 4 2 2 6 21% 28493550 16692 99%
c i  9.72  0 397 2 210 13 4265 3604 1.6 4 2 2 6 21% 28493550 16691 99%
c }  9.73  0 395 2 211 13 4279 3614 1.6 4 2 2 6 21% 28493550 16691 99%
c [  9.73  0 195 2 211  4 4279 3614 2.6 15 6 2 6 46% 28493550 16691 99%
c ]  9.87  0 193 2 211  4 4424 3740 2.6 14 5 2 6 44% 28493550 16691 99%
c {  9.87  0 395 2 211 13 4424 3740 1.6 4 2 2 6 21% 28493550 16691 99%
c i  9.94  0 382 2 237 14 4517 3816 1.6 4 2 2 6 21% 28493550 16688 99%
c i  9.98  0 374 2 254 14 4575 3867 1.6 4 2 2 6 21% 28493550 16687 99%
c i 10.02  0 364 2 263 14 4659 3943 1.6 4 2 2 6 22% 28493550 16685 99%
c } 10.05  0 360 2 264 14 4692 3975 1.6 4 2 2 6 22% 28493550 16685 99%
c [ 10.05  0 193 2 264  4 4692 3975 2.6 14 5 2 6 44% 28493550 16685 99%
c i 10.05  0 193 2 264  4 4694 3975 2.6 14 5 2 6 44% 28493550 16683 99%
c i 10.20  0 193 2 264  4 4958 4211 2.5 14 5 2 6 43% 28493550 16682 99%
c ] 10.20  0 193 2 264  4 4962 4215 2.5 14 5 2 6 43% 28493550 16682 99%
c { 10.20  0 360 2 264 14 4962 4215 1.6 4 2 2 6 22% 28493550 16682 99%
c i 10.39  0 342 2 312 15 5134 4361 1.6 4 2 2 3 23% 28493550 16681 99%
c } 10.40  0 341 2 315 15 5140 4366 1.6 4 2 2 3 23% 28493550 16680 99%
c [ 10.40  0 193 2 315  4 5140 4366 2.5 14 5 2 6 43% 28493550 16680 99%
c i 10.42  0 192 2 315  4 5202 4419 2.5 13 5 2 6 42% 28493550 16677 99%
c - 12.17  0 181 3 315  4 5474 3617 2.5 13 5 2 3 40% 28493269 16677 99%
c 
c  seconds   reduction conflicts       size  tier2          variables
c         MB     restarts   redundant     glue  trail            remaining
c           level     rate       size/glue tier1   irredundant
c 
c ] 12.30  0 180 3 315  4 5506 3646 2.5 13 5 2 3 40% 28493269 16677 99%
c { 12.30  0 341 3 315 15 5506 3646 1.6 4 2 2 3 23% 28493269 16677 99%
c i 12.31  0 340 3 317 15 5513 3652 1.6 4 2 2 3 23% 28493269 16676 99%
c 2 12.42  0 335 3 330 16 5558 3677 1.6 4 2 2 3 23% 28493269 16676 99%
c d 12.93  0 335 3 330 16 5558 3653 1.6 4 2 2 3 23% 28493019 16561 98%
c d 13.37  0 335 3 330 16 5558 3653 1.6 4 2 2 3 23% 28493004 16558 98%
c p 13.44  0 335 3 330 16 5558 14673 1.6 4 2 2 3 23% 28493004 16558 98%
c c 21.06  0 335 3 330 16 5558 14673 1.6 4 2 2 3 23% 28514455 16543 98%
c d 21.61  0 335 3 330 16 5558 14643 1.6 4 2 2 3 23% 28512281 15588 92%
c k 21.67  0 335 3 330 16 5558 14643 1.6 4 2 2 3 23% 28512281 15545 92%
c 2 21.72  0 335 3 330 16 5558 14140 1.6 4 2 2 3 23% 28511196 15545 92%
c t 21.81  0 335 3 330 16 5558 14138 1.6 4 2 2 3 23% 28511095 15545 92%
c i 22.04  0 329 3 364 18 5688 14252 1.6 4 2 2 3 23% 28511095 15540 92%
c i 22.04  0 329 3 365 18 5690 14253 1.6 4 2 2 3 23% 28511095 15538 92%
c i 22.04  0 329 3 365 18 5693 14254 1.6 4 2 2 3 23% 28511095 15537 92%
c i 22.04  0 328 3 367 18 5702 14261 1.6 4 2 2 3 23% 28511095 15536 92%
c } 22.08  0 326 3 372 18 5726 14282 1.6 4 2 2 3 23% 28511095 15536 92%
c [ 22.08  0 180 3 372  4 5726 14282 2.5 13 5 2 3 40% 28511095 15536 92%
c I 22.12  0 182 3 372  4 6006 14534 2.5 13 5 2 3 40% 28511095 15536 92%
c i 22.15  0 181 3 372  4 6042 14561 2.4 13 5 2 3 39% 28511095 15535 92%
c 
c  seconds   reduction conflicts        size  tier2          variables
c         MB     restarts    redundant     glue  trail            remaining
c           level     rate        size/glue tier1   irredundant
c 
c i 22.15  0 181 3 372  4 6043 14561 2.5 13 5 2 3 39% 28511095 15533 92%
c i 22.20  0 175 3 372  4 6301 14803 2.5 13 5 2 3 39% 28511095 15532 92%
c ] 22.28  0 170 3 372  4 6688 15162 2.6 14 5 2 3 40% 28511095 15532 92%
c { 22.28  0 326 3 372 18 6688 15162 1.6 4 2 2 3 23% 28511095 15532 92%
c i 22.41  0 316 3 397 18 6786 15247 1.6 4 2 2 3 23% 28511095 15531 92%
c } 22.55  0 311 3 421 19 6869 15320 1.6 4 2 2 3 23% 28511095 15531 92%
c [ 22.55  0 170 3 421  4 6869 15320 2.6 14 5 2 3 40% 28511095 15531 92%
c i 22.76  0 167 3 421  4 7169 15574 2.5 14 5 2 3 39% 28511095 15530 92%
c i 22.76  0 167 3 421  4 7193 15591 2.5 13 5 2 3 39% 28511095 15525 92%
c i 22.77  0 167 3 421  4 7210 15607 2.5 13 5 2 3 39% 28511095 15524 92%
c i 22.79  0 166 3 422  4 7289 15677 2.5 13 5 2 3 39% 28511095 15517 92%
c i 22.79  0 166 3 422  4 7308 15695 2.5 13 5 2 3 39% 28511095 15516 92%
c i 22.79  0 166 3 422  4 7312 15698 2.5 13 5 2 3 39% 28511095 15511 92%
c ] 22.80  0 166 3 422  4 7336 15719 2.5 13 5 2 3 38% 28511095 15511 92%
c { 22.80  0 311 3 422 19 7336 15719 1.6 4 2 2 3 23% 28511095 15511 92%
c i 22.81  0 311 3 424 19 7343 15723 1.6 4 2 2 3 23% 28511095 15509 92%
c i 22.91  0 305 3 440 19 7404 15774 1.6 4 2 2 3 23% 28511095 15508 92%
c i 23.07  0 298 3 469 19 7507 15862 1.6 4 2 2 3 23% 28511095 15506 92%
c i 23.08  0 296 3 474 19 7526 15876 1.6 4 2 2 3 23% 28511095 15504 92%
c } 23.12  0 293 3 483 19 7559 15904 1.6 4 2 2 3 23% 28511095 15504 92%
c 
c  seconds   reduction conflicts        size  tier2          variables
c         MB     restarts    redundant     glue  trail            remaining
c           level     rate        size/glue tier1   irredundant
c 
c [ 23.12  0 166 3 483  4 7559 15904 2.5 13 5 2 3 38% 28511095 15504 92%
c i 23.19  0 162 3 483  4 7708 16040 2.5 13 5 2 3 38% 28511095 15503 92%
c i 23.30  0 162 3 483  4 8219 16499 2.5 14 6 2 3 38% 28511095 15502 92%
c ] 23.40  0 165 3 484  4 8786 17012 2.4 13 5 2 3 38% 28511095 15502 92%
c { 23.40  0 293 3 484 19 8786 17012 1.6 4 2 2 3 23% 28511095 15502 92%
c i 23.50  0 289 3 502 19 8846 17064 1.6 4 2 2 3 23% 28511095 15501 92%
c } 23.78  0 281 3 534 19 8965 17169 1.7 4 3 2 3 23% 28511095 15501 92%
c [ 23.78  0 165 3 534  4 8965 17169 2.4 13 5 2 3 38% 28511095 15501 92%
c ] 24.12  0 159 3 535  4 9960 18073 2.5 13 5 2 3 37% 28511095 15501 92%
c { 24.12  0 281 3 535 19 9960 18073 1.7 4 3 2 3 23% 28511095 15501 92%
c i 24.18  0 278 3 546 19 9994 18106 1.7 4 3 2 3 23% 28511095 15500 92%
c # 24.23  0 277 3 549 19 10007 18117 1.7 4 3 2 3 23% 28511095 15500 92%
c i 24.32  0 274 3 549 19 10056 18154 1.7 4 3 2 3 23% 28511095 15497 92%
c } 24.58  0 263 3 573 18 10217 18302 1.7 4 3 2 3 24% 28511095 15497 92%
c [ 24.58  0 159 3 573  4 10217 18302 2.5 13 5 2 3 37% 28511095 15497 92%
c - 26.41  0 163 4 573  4 11862 6869 2.5 14 5 2 3 38% 28510499 15497 92%
c 2 26.47  0 163 4 573  4 11862 6837 2.5 14 5 2 3 38% 28510496 15497 92%
c d 26.94  0 163 4 573  4 11862 6831 2.5 14 5 2 3 38% 28510386 15442 92%
c c 33.49  0 163 4 573  4 11862 6830 2.5 14 5 2 3 38% 28519532 15442 92%
c d 34.03  0 163 4 573  4 11862 6811 2.5 14 5 2 3 38% 28518824 15139 90%
c 
c  seconds   reductions conflicts       size  tier2          variables
c         MB     restarts    redundant     glue  trail            remaining
c           level     rate        size/glue tier1   irredundant
c 
c k 34.09  0 163 4 573  4 11862 6811 2.5 14 5 2 3 38% 28518824 15112 90%
c 2 34.13  0 163 4 573  4 11862 6791 2.5 14 5 2 3 38% 28518433 15112 90%
c t 34.21  0 163 4 573  4 11862 6791 2.5 14 5 2 3 38% 28518354 15112 90%
c i 35.86  0 163 4 573  4 11918 6819 2.5 14 5 2 3 15% 28518173 15111 90%
c i 35.94  0 162 4 573  4 12156 7040 2.5 13 5 2 3 41% 28518173 15110 90%
c ] 36.01  0 162 4 574  4 12318 7185 2.5 13 5 2 3 44% 28518173 15110 90%
c { 36.01  0 263 4 574 18 12318 7185 1.7 4 3 2 3 26% 28518173 15110 90%
c i 36.12  0 258 4 586 18 12406 7265 1.7 4 3 2 3 26% 28518173 15109 90%
c i 36.39  0 252 4 603 18 12493 7344 1.7 4 3 2 3 26% 28518173 15108 90%
c i 36.39  0 252 4 603 18 12494 7344 1.7 4 3 2 3 26% 28518173 15104 90%
c i 36.49  0 250 4 615 18 12538 7383 1.7 4 3 2 3 26% 28518173 15103 90%
c } 36.57  0 247 4 628 18 12585 7429 1.7 4 3 2 3 26% 28518173 15103 90%
c [ 36.57  0 162 4 628  4 12585 7429 2.5 13 5 2 3 44% 28518173 15103 90%
c i 36.77  0 157 4 628  4 13826 8557 2.6 15 6 2 3 47% 28518173 15102 90%
c ] 36.98  0 147 4 628  3 14608 9270 2.6 16 6 2 3 38% 28518173 15102 90%
c { 36.98  0 247 4 628 18 14608 9270 1.7 4 3 2 3 26% 28518173 15102 90%
c i 37.43  0 234 4 687 17 14846 9466 1.7 5 3 2 3 26% 28518173 15099 90%
c } 37.70  0 227 4 726 17 14993 9596 1.7 5 3 2 3 27% 28518173 15099 90%
c [ 37.70  0 147 4 726  3 14993 9596 2.6 16 6 2 3 38% 28518173 15099 90%
c B 37.72  0 147 4 726  3 15008 9611 2.6 16 6 2 3 38% 28518173 15099 90%
c 
c  seconds   reductions conflicts        size  tier2          variables
c         MB     restarts     redundant     glue  trail            remaining
c           level     rate         size/glue tier1   irredundant
c 
c i 38.03  0 169 4 726  3 15853 10369 2.6 16 6 2 3 40% 28518173 15098 90%
c i 38.07  0 171 4 726  3 15947 10455 2.6 16 6 2 3 40% 28518173 15097 90%
c ] 38.21  0 176 4 726  3 16230 10712 2.6 16 6 2 3 40% 28518173 15097 90%
c { 38.21  0 227 4 726 17 16230 10712 1.7 5 3 2 3 27% 28518173 15097 90%
c i 38.91  0 206 4 882 17 16839 11240 1.7 5 3 2 3 28% 28518173 15096 90%
c } 38.94  0 205 4 883 17 16842 11243 1.7 5 3 2 3 28% 28518173 15096 90%
c [ 38.94  0 176 4 883  3 16842 11243 2.6 16 6 2 3 40% 28518173 15096 90%
c i 38.94  0 176 4 883  3 16845 11245 2.6 16 6 2 3 40% 28518173 15092 90%
c i 38.94  0 176 4 883  3 16848 11247 2.6 16 6 2 3 40% 28518173 15088 90%
c i 38.94  0 176 4 883  3 16857 11254 2.6 16 6 2 3 40% 28518173 15082 89%
c i 39.00  0 175 4 883  3 16966 11357 2.6 16 6 2 3 39% 28518173 15081 89%
c i 39.01  0 174 4 883  3 17200 11562 2.6 16 6 2 3 40% 28518173 15080 89%
c i 39.02  0 173 4 883  3 17252 11610 2.6 16 6 2 3 40% 28518173 15079 89%
c ] 39.51  0 168 4 884  3 18592 12855 2.8 18 6 2 3 42% 28518173 15079 89%
c { 39.51  0 205 4 884 17 18592 12855 1.7 5 3 2 3 28% 28518173 15079 89%
c i 39.51  0 205 4 886 17 18597 12859 1.7 5 3 2 3 28% 28518173 15077 89%
c i 39.70  0 199 4 921 17 18809 13034 1.7 5 3 2 3 27% 28518173 15076 89%
c i 39.73  0 197 4 923 17 18891 13104 1.7 5 3 2 3 27% 28518173 15072 89%
c } 40.18  0 189 4 995 17 19179 13354 1.7 5 3 2 3 27% 28518173 15072 89%
c [ 40.18  0 168 4 995  3 19179 13354 2.8 18 6 2 3 42% 28518173 15072 89%
c 
c  seconds   reductions conflicts        size  tier2          variables
c         MB     restarts     redundant     glue  trail            remaining
c           level     rate         size/glue tier1   irredundant
c 
c i 40.18  0 168 4 995  3 19241 13410 2.8 18 6 2 3 42% 28518173 15070 89%
c i 40.20  0 169 4 995  3 19491 13641 2.8 18 6 2 3 42% 28518173 15069 89%
c i 40.25  0 169 4 996  3 19542 13685 2.8 18 6 2 3 42% 28518173 15067 89%
c W 42.41  0 166 4 997  3 21009 14962 3.1 21 7 2 3 44% 28517873 15067 89%
c ] 42.44  0 166 4 997  3 21117 15062 3.1 21 7 2 3 43% 28517873 15067 89%
c { 42.44  0 189 4 997 17 21117 15062 1.7 5 3 2 3 27% 28517873 15067 89%
c - 44.06  0 185 5 1041 17 21266 10679 1.7 5 3 2 3 27% 28517873 15067 89%
c 2 44.11  0 185 5 1041 17 21266 10663 1.7 5 3 2 3 27% 28517871 15067 89%
c d 44.62  0 185 5 1041 17 21266 10659 1.7 5 3 2 3 27% 28517797 15029 89%
c c 54.83  0 185 5 1041 17 21266 10659 1.7 5 3 2 3 27% 28519912 15029 89%
c d 55.34  0 185 5 1041 17 21266 10657 1.7 5 3 2 3 27% 28519906 15026 89%
c k 55.39  0 185 5 1041 17 21266 10657 1.7 5 3 2 3 27% 28519906 15018 89%
c 2 55.44  0 185 5 1041 17 21266 10657 1.7 5 3 2 3 27% 28519902 15018 89%
c = 57.09  0 185 5 1041 17 21266 10584 1.7 5 3 2 3 27% 28519084 14849 88%
c t 57.21  0 185 5 1041 17 21266 10584 1.7 5 3 2 3 27% 28518908 14849 88%
c s 58.06  0 181 5 1068 17 21459 10746 1.7 5 3 1 2 27% 28293295 14849 88%
c t 58.37  0 181 5 1068 17 21459 10746 1.7 5 3 1 2 27% 28289436 14849 88%
c e 59.05  0 181 5 1068 17 21459 8537 1.7 5 3 1 2 27% 28287710 13785 82%
c s 59.42  0 181 5 1068 17 21459 8536 1.7 5 3 1 2 27% 28199734 13785 82%
c } 60.49  0 180 5 1084 17 21530 8603 1.7 5 3 1 2 27% 28199733 13785 82%
c 
c  seconds   reductions  conflicts       size  tier2          variables
c         MB     restarts     redundant     glue  trail            remaining
c           level      rate        size/glue tier1   irredundant
c 
c [ 60.49  0 166 5 1084  3 21530 8603 3.1 21 7 2 3 43% 28199733 13785 82%
c i 60.54  0 167 5 1084  3 21850 8895 3.0 21 7 2 3 43% 28199733 13782 82%
c ] 61.06  0 164 5 1085  3 24184 11061 3.0 21 7 2 3 43% 28199729 13782 82%
c { 61.06  0 180 5 1085 17 24184 11061 1.7 5 3 1 2 27% 28199729 13782 82%
c i 61.39  0 173 5 1165 17 24487 11323 1.7 5 3 1 2 26% 28199728 13781 82%
c i 61.57  0 172 5 1181 17 24583 11410 1.7 5 3 1 2 26% 28199728 13778 82%
c } 61.94  0 167 5 1229 17 24788 11590 1.7 5 3 1 2 26% 28199728 13778 82%
c [ 61.94  0 164 5 1229  3 24788 11590 3.0 21 7 2 3 43% 28199728 13778 82%
c i 62.21  0 161 5 1230  3 25376 12103 3.0 21 7 2 3 42% 28199728 13775 82%
c i 62.34  0 156 5 1231  3 26220 12872 2.9 21 7 2 3 40% 28199728 13773 82%
c i 62.34  0 156 5 1231  3 26247 12895 2.9 20 7 2 3 40% 28199728 13772 82%
c O 62.64  0 155 5 1231  3 28011 14525 3.1 22 7 2 3 41% 28199726 13772 82%
c i 62.64  0 154 5 1231  3 28020 14531 3.1 22 7 2 3 41% 28199726 13771 82%
c ] 62.66  0 154 5 1231  3 28028 14538 3.1 22 7 2 3 41% 28199726 13771 82%
c { 62.66  0 167 5 1231 17 28028 14538 1.7 5 3 1 2 26% 28199726 13771 82%
c i 62.93  0 163 5 1288 17 28278 14741 1.7 5 3 1 2 26% 28199725 13767 82%
c i 63.27  0 158 5 1326 16 28534 14949 1.7 5 3 1 2 26% 28199725 13766 82%
c i 63.30  0 158 5 1327 16 28559 14970 1.7 5 3 1 2 26% 28199725 13764 82%
c } 63.73  0 153 5 1391 16 28910 15289 1.7 5 3 1 2 26% 28199723 13764 82%
c [ 63.73  0 154 5 1391  3 28910 15289 3.1 22 7 2 3 41% 28199723 13764 82%
c 
c  seconds   reductions  conflicts        size  tier2          variables
c         MB     restarts      redundant     glue  trail            remaining
c           level      rate         size/glue tier1   irredundant
c 
c ] 64.64  0 153 5 1392  3 30290 16570 3.0 22 7 2 3 38% 28199723 13764 82%
c { 64.64  0 153 5 1392 16 30290 16570 1.7 5 3 1 2 26% 28199723 13764 82%
c } 65.83  0 141 5 1588 16 31158 17326 1.7 6 3 1 2 25% 28199717 13764 82%
c [ 65.83  0 153 5 1588  3 31158 17326 3.0 22 7 2 3 38% 28199717 13764 82%
c i 66.11  0 146 5 1588  3 32822 18894 3.1 23 7 2 3 39% 28199717 13762 82%
c i 66.23  0 144 5 1588  3 33183 19232 3.1 24 7 2 3 39% 28199717 13758 82%
c - 68.02  0 142 6 1588  3 33859 11213 3.1 23 7 2 3 39% 28199499 13758 82%
c 2 68.09  0 142 6 1588  3 33859 11161 3.1 23 7 2 3 39% 28197858 13756 82%
c d 68.59  0 142 6 1588  3 33859 11157 3.1 23 7 2 3 39% 28197808 13742 82%
c k 75.32  0 142 6 1588  3 33859 11157 3.1 23 7 2 3 39% 28198345 13737 81%
c t 75.45  0 142 6 1588  3 33859 11157 3.1 23 7 2 3 39% 28198167 13737 81%
c i 75.56  0 142 6 1588  3 33877 11171 3.1 23 7 2 3 39% 28198167 13736 81%
c i 75.59  0 142 6 1588  3 33992 11269 3.1 23 7 2 3 38% 28198167 13735 81%
c i 75.84  0 142 6 1589  3 34398 11649 3.1 23 7 2 3 38% 28198167 13734 81%
c ] 75.85  0 142 6 1589  3 34424 11671 3.1 23 7 2 3 38% 28198167 13734 81%
c { 75.85  0 141 6 1589 16 34424 11671 1.7 6 3 1 2 25% 28198167 13734 81%
c i 75.87  0 141 6 1593 16 34438 11682 1.7 6 3 1 2 25% 28198167 13733 81%
c i 76.40  0 138 6 1677 16 34761 11979 1.7 6 3 1 2 25% 28198167 13732 81%
c i 76.46  0 137 6 1687 16 34805 12011 1.7 6 3 1 2 25% 28198166 13730 81%
c } 77.17  0 132 6 1772 16 35271 12428 1.8 6 3 1 2 25% 28198164 13730 81%
c 
c  seconds   reductions  conflicts        size  tier2          variables
c         MB     restarts      redundant     glue  trail            remaining
c           level      rate         size/glue tier1   irredundant
c 
c [ 77.17  0 142 6 1772  3 35271 12428 3.1 23 7 2 3 38% 28198164 13730 81%
c B 77.33  0 140 6 1772  3 36014 13113 3.2 23 7 2 3 39% 28198162 13730 81%
c i 77.35  0 140 6 1772  3 36067 13152 3.1 23 7 2 3 39% 28198162 13729 81%
c ] 78.37  0 137 6 1772  3 38157 15061 3.0 24 8 1 2 36% 28198162 13729 81%
c { 78.37  0 132 6 1772 16 38157 15061 1.8 6 3 1 2 25% 28198162 13729 81%
c i 78.81  0 129 6 1841 15 38589 15430 1.8 6 3 1 2 25% 28198160 13727 81%
c i 78.95  0 127 6 1858 15 38760 15576 1.8 6 3 1 2 24% 28198159 13725 81%
c i 79.45  0 123 6 1958 15 39191 15950 1.8 6 3 1 2 24% 28198158 13724 81%
c i 79.45  0 123 6 1958 15 39205 15959 1.8 6 3 1 2 24% 28198158 13723 81%
c } 79.73  0 119 6 2044 15 39884 16558 1.8 6 3 1 2 24% 28198158 13723 81%
c [ 79.73  0 137 6 2044  3 39884 16558 3.0 24 8 1 2 36% 28198158 13723 81%
c ] 80.56  0 129 6 2044  3 42945 19336 3.4 28 8 1 2 40% 28198156 13723 81%
c { 80.56  0 119 6 2044 15 42945 19336 1.8 6 3 1 2 24% 28198156 13723 81%
c i 80.67  0 119 6 2053 15 42976 19365 1.8 6 3 1 2 24% 28198156 13721 81%
c i 81.51  0 114 6 2178 14 43713 20020 1.8 6 3 1 2 24% 28198156 13720 81%
c i 81.89  0 112 6 2254 14 44071 20340 1.8 6 3 1 2 24% 28198156 13719 81%
c i 81.89  0 112 6 2255 14 44072 20340 1.8 6 3 1 2 24% 28198156 13718 81%
c i 81.90  0 112 6 2257 14 44079 20345 1.8 6 3 1 2 24% 28198156 13717 81%
c } 81.91  0 112 6 2260 14 44100 20360 1.8 6 3 1 2 24% 28198156 13717 81%
c [ 81.91  0 129 6 2260  3 44100 20360 3.4 28 8 1 2 40% 28198156 13717 81%
c 
c  seconds   reductions  conflicts        size  tier2          variables
c         MB     restarts      redundant     glue  trail            remaining
c           level      rate         size/glue tier1   irredundant
c 
c W 84.70  0 128 6 2260  3 45016 21135 3.3 28 8 1 2 41% 28197961 13717 81%
c i 84.72  0 128 6 2260  3 45289 21387 3.3 28 8 1 2 41% 28197961 13716 81%
c ] 85.26  0 127 6 2261  3 46458 22428 3.3 28 8 1 2 41% 28197961 13716 81%
c { 85.26  0 112 6 2261 14 46458 22428 1.8 6 3 1 2 24% 28197961 13716 81%
c i 85.55  0 111 6 2298 14 46594 22542 1.8 6 3 1 2 24% 28197960 13715 81%
c i 85.66  0 111 6 2308 14 46708 22640 1.8 6 3 1 2 24% 28197960 13714 81%
c i 85.74  0 110 6 2312 14 46828 22743 1.8 6 3 1 2 24% 28197960 13713 81%
c i 85.78  0 110 6 2316 14 46856 22767 1.8 6 3 1 2 24% 28197960 13711 81%
c i 85.92  0 109 6 2324 14 46910 22813 1.8 6 3 1 2 24% 28197960 13710 81%
c i 85.94  0 109 6 2326 14 46914 22816 1.8 6 3 1 2 24% 28197960 13709 81%
c } 86.75  0 104 6 2417 13 48011 23745 1.8 6 3 1 2 23% 28197958 13709 81%
c [ 86.75  0 127 6 2417  3 48011 23745 3.3 28 8 1 2 41% 28197958 13709 81%
c ] 87.96  0 124 6 2418  3 49437 25056 3.3 28 8 1 2 40% 28197957 13709 81%
c { 87.96  0 104 6 2418 13 49437 25056 1.8 6 3 1 2 23% 28197957 13709 81%
c - 90.01  0 103 7 2485 13 49730 15268 1.8 6 3 1 2 23% 28197890 13709 81%
c 2 90.12  0 103 7 2485 13 49730 15263 1.8 6 3 1 2 23% 28197889 13709 81%
c k 90.69  0 103 7 2485 13 49730 15259 1.8 6 3 1 2 23% 28197863 13700 81%
c = 93.60  0 103 7 2485 13 49730 15172 1.8 6 3 1 2 23% 28196962 13541 80%
c t 93.76  0 103 7 2485 13 49730 15172 1.8 6 3 1 2 23% 28196719 13541 80%
c } 96.73  0 99 7 2640 13 50622 15973 1.8 6 3 1 2 29% 28196714 13541 80%
c 
c  seconds   reductions  conflicts        size  tier2          variables
c         MB     restarts      redundant     glue  trail            remaining
c           level      rate         size/glue tier1   irredundant
c 
c [ 96.73  0 124 7 2640  3 50622 15973 3.3 28 8 1 2 45% 28196714 13541 80%
c i 97.14  0 124 7 2641  3 52386 17604 3.2 27 8 1 2 45% 28196712 13540 80%
c ] 97.74  0 124 7 2641  3 53004 18182 3.2 27 8 1 2 46% 28196712 13540 80%
c { 97.74  0 99 7 2641 13 53004 18182 1.8 6 3 1 2 29% 28196712 13540 80%
c } 99.39  0 95 7 2877 13 54242 19304 1.8 6 4 1 2 25% 28196711 13540 80%
c [ 99.39  0 124 7 2877  3 54242 19304 3.2 27 8 1 2 46% 28196711 13540 80%
c I 99.69  0 123 7 2878  3 55018 20013 3.2 27 8 1 2 46% 28196709 13540 80%
c i 100.12  0 122 7 2878  3 55560 20510 3.2 27 9 1 2 46% 28196709 13539 80%
c ] 100.88  0 119 7 2880  3 58072 22839 3.2 27 9 1 2 45% 28196707 13539 80%
c { 100.88  0 95 7 2880 13 58072 22839 1.8 6 4 1 2 25% 28196707 13539 80%
c i 101.78  0 93 7 2967 13 58447 23171 1.8 6 4 1 2 25% 28196704 13538 80%
c i 101.78  0 93 7 2967 13 58448 23171 1.8 6 4 1 2 25% 28196704 13537 80%
c } 102.70  0 91 7 3083 13 59245 23883 1.8 7 4 1 2 24% 28196704 13537 80%
c [ 102.70  0 119 7 3083  3 59245 23883 3.2 27 9 1 2 45% 28196704 13537 80%
c i 103.28  0 117 7 3084  3 60390 24948 3.2 27 9 1 2 46% 28196704 13536 80%
c i 103.31  0 117 7 3084  3 60514 25065 3.2 27 9 1 2 46% 28196704 13534 80%
c ] 103.82  0 116 7 3084  3 61897 26328 3.2 28 9 1 2 46% 28196704 13534 80%
c { 103.82  0 91 7 3084 13 61897 26328 1.8 7 4 1 2 24% 28196704 13534 80%
c i 104.16  0 90 7 3131 13 62075 26484 1.8 7 4 1 2 24% 28196703 13531 80%
c i 104.48  0 90 7 3186 13 62320 26704 1.8 7 4 1 2 24% 28196700 13530 80%
c 
c  seconds   reductions  conflicts        size tier2          variables
c          MB    restarts      redundant    glue  trail            remaining
c           level      rate         size/glu tier1   irredundant
c 
c } 105.81  0 87 7 3374 13 63451 27719 1.8 7 4 1 2 25% 28196698 13530 80%
c [ 105.81  0 116 7 3374  3 63451 27719 3.2 28 9 1 2 46% 28196698 13530 80%
c s 106.98  0 114 7 3374  3 65454 29550 3.3 29 9 1 2 46% 28062164 13530 80%
c t 107.33  0 114 7 3374  3 65454 29550 3.3 29 9 1 2 46% 28057480 13530 80%
c e 107.98  0 114 7 3374  3 65454 25890 3.3 29 9 1 2 46% 28057197 13448 80%
c s 108.40  0 114 7 3374  3 65454 25889 3.3 29 9 1 2 46% 27979701 13448 80%
c e 108.97  0 114 7 3374  3 65454 25886 3.3 29 9 1 2 46% 27979701 13447 80%
c i 109.40  0 114 7 3374  3 65738 26131 3.2 29 9 1 2 46% 27979701 13445 80%
c B 109.55  0 114 7 3375  3 66020 26384 3.2 29 9 1 2 46% 27979701 13445 80%
c ] 109.86  0 116 7 3376  3 67697 27882 3.2 29 9 1 2 46% 27979701 13445 80%
c { 109.86  0 87 7 3376 13 67697 27882 1.8 7 4 1 2 25% 27979701 13445 80%
c i 110.03  0 87 7 3386 13 67731 27907 1.8 7 4 1 2 25% 27979701 13443 80%
c - 113.62  0 84 8 3616 12 68964 18486 1.8 7 4 1 2 24% 27979668 13443 80%
c 2 113.67  0 84 8 3616 12 68964 18478 1.8 7 4 1 2 24% 27977576 13443 80%
c c 120.24  0 84 8 3616 12 68964 18462 1.8 7 4 1 2 24% 27978459 13439 80%
c = 122.37  0 84 8 3616 12 68964 18462 1.8 7 4 1 2 24% 27978457 13435 80%
c t 122.49  0 84 8 3616 12 68964 18462 1.8 7 4 1 2 24% 27978347 13435 80%
c } 122.88  0 84 8 3677 12 69323 18797 1.8 7 4 1 2 24% 27978347 13435 80%
c [ 122.88  0 116 8 3677  3 69323 18797 3.2 29 9 1 2 46% 27978347 13435 80%
c ] 124.70  0 121 8 3679  3 72407 21649 3.1 29 9 1 2 46% 27978347 13435 80%
c 
c  seconds   reductions  conflicts        size tier2          variables
c          MB    restarts      redundant    glue  trail            remaining
c           level      rate         size/glu tier1   irredundant
c 
c { 124.70  0 84 8 3679 12 72407 21649 1.8 7 4 1 2 24% 27978347 13435 80%
c i 126.06  0 82 8 3862 12 73721 22831 1.8 7 4 1 2 25% 27978347 13434 80%
c } 126.91  0 81 8 3949 12 74329 23366 1.8 7 4 1 2 25% 27978346 13434 80%
c [ 126.91  0 121 8 3949  3 74329 23366 3.1 29 9 1 2 46% 27978346 13434 80%
c i 127.52  0 128 8 3951  3 75962 24871 3.1 29 9 1 2 45% 27978346 13433 80%
c W 130.56  0 127 8 3951  3 78022 26740 3.2 30 9 1 2 45% 27978326 13433 80%
c i 131.19  0 120 8 3952  3 81488 29885 3.2 30 9 1 2 46% 27978325 13432 80%
c ] 131.24  0 120 8 3952  3 81866 30226 3.2 30 9 1 2 46% 27978325 13432 80%
c { 131.24  0 81 8 3952 12 81866 30226 1.8 7 4 1 2 25% 27978325 13432 80%
c i 131.63  0 81 8 3996 12 82174 30494 1.8 7 4 1 2 25% 27978325 13431 80%
c i 132.56  0 80 8 4124 12 82817 31075 1.8 7 4 1 2 25% 27978325 13430 80%
c } 133.80  0 79 8 4290 12 83564 31757 1.8 7 4 1 2 25% 27978325 13430 80%
c [ 133.80  0 120 8 4290  3 83564 31757 3.2 30 9 1 2 46% 27978325 13430 80%
c ] 135.94  0 120 8 4291  3 87810 35726 3.1 30 10 1 2 44% 27978325 13430 80%
c { 135.94  0 79 8 4291 12 87810 35726 1.8 7 4 1 2 25% 27978325 13430 80%
c i 136.14  0 79 8 4327 12 87978 35872 1.8 7 4 1 2 25% 27978325 13429 80%
c i 136.65  0 78 8 4402 12 88627 36439 1.9 7 4 1 2 25% 27978325 13428 80%
c } 138.56  0 77 8 4581 12 89569 37308 1.9 7 4 1 2 25% 27978324 13428 80%
c [ 138.56  0 120 8 4581  3 89569 37308 3.1 30 10 1 2 44% 27978324 13428 80%
c O 138.89  0 117 8 4581  3 91023 38679 3.3 32 10 1 2 45% 27978324 13428 80%
c 
c  seconds    reductions  conflicts        size   tier2          variables
c          MB     restarts      redundant     glue   trail            remaining
c            level      rate         size/glue  tier1   irredundant
c 
c - 140.75  0 117 9 4581  3 91592 23717 3.3 32 10 1 2 45% 27978281 13428 80%
c 2 140.81  0 117 9 4581  3 91592 23714 3.3 32 10 1 2 45% 27978281 13428 80%
c d 141.31  0 117 9 4581  3 91592 23685 3.3 32 10 1 2 45% 27978266 13423 80%
c c 147.70  0 117 9 4581  3 91592 23685 3.3 32 10 1 2 45% 27978399 13423 80%
c d 148.20  0 117 9 4581  3 91592 23685 3.3 32 10 1 2 45% 27978394 13421 80%
c 2 148.30  0 117 9 4581  3 91592 23684 3.3 32 10 1 2 45% 27978391 13421 80%
c t 148.41  0 117 9 4581  3 91592 23684 3.3 32 10 1 2 45% 27978049 13421 80%
c ] 149.73  0 110 9 4582  3 96310 27969 3.3 31 10 1 2 44% 27978047 13421 80%
c { 149.73  0 77 9 4582 12 96310 27969 1.9 7 4 1 2 25% 27978047 13421 80%
c i 151.96  0 76 9 4842 12 97700 29205 1.9 7 4 1 2 26% 27978043 13419 80%
c i 152.22  0 75 9 4872 12 97887 29378 1.9 7 4 1 2 26% 27978043 13418 80%
c } 152.34  0 75 9 4876 12 97914 29404 1.9 7 4 1 2 26% 27978043 13418 80%
c [ 152.34  0 110 9 4876  3 97914 29404 3.3 31 10 1 2 44% 27978043 13418 80%
c i 154.08  0 120 9 4876  3 103664 34718 3.1 32 10 1 2 44% 27978041 13417 80%
c ] 154.34  0 121 9 4876  3 104058 35078 3.1 32 10 1 2 44% 27978041 13417 80%
c { 154.34  0 75 9 4876 12 104058 35078 1.9 7 4 1 2 26% 27978041 13417 80%
c i 154.48  0 75 9 4896 12 104133 35144 1.9 7 4 1 2 26% 27978041 13416 80%
c i 154.49  0 75 9 4899 12 104145 35151 1.9 7 4 1 2 26% 27978041 13413 80%
c i 154.54  0 75 9 4907 12 104210 35208 1.9 7 4 1 2 26% 27978040 13412 80%
c i 155.12  0 75 9 5013 12 104796 35750 1.9 7 4 1 2 25% 27978040 13411 80%
c 
c  seconds   reductions  conflicts         size tier2          variables
c          MB    restarts       redundant    glue  trail            remaining
c           level      rate          size/glu tier1   irredundant
c 
c B 155.53  0 75 9 5066 12 105024 35961 1.9 7 4 1 2 26% 27978040 13411 80%
c } 157.16  0 73 9 5311 12 106500 37299 1.9 8 4 1 2 26% 27978040 13411 80%
c [ 157.16  0 121 9 5311  3 106500 37299 3.1 32 10 1 2 44% 27978040 13411 80%
c ] 159.13  0 112 9 5311  3 113548 43884 3.5 36 10 1 2 44% 27978038 13411 80%
c { 159.13  0 73 9 5311 12 113548 43884 1.9 8 4 1 2 26% 27978038 13411 80%
c i 162.19  0 71 9 5770 12 116505 46527 1.9 8 4 1 2 26% 27978034 13409 80%
c } 162.22  0 71 9 5773 12 116539 46555 1.9 8 4 1 2 26% 27978034 13409 80%
c [ 162.22  0 112 9 5773  3 116539 46555 3.5 36 10 1 2 44% 27978034 13409 80%
c - 164.18  0 111 10 5773  3 117670 28388 3.5 36 10 1 2 44% 27977944 13409 80%
c 2 164.25  0 111 10 5773  3 117670 28379 3.5 36 10 1 2 44% 27977944 13409 80%
c d 164.74  0 111 10 5773  3 117670 28357 3.5 36 10 1 2 44% 27977902 13395 79%
c c 171.15  0 111 10 5773  3 117670 28357 3.5 36 10 1 2 44% 27978245 13395 79%
c d 171.64  0 111 10 5773  3 117670 28357 3.5 36 10 1 2 44% 27978240 13393 79%
c k 171.69  0 111 10 5773  3 117670 28357 3.5 36 10 1 2 44% 27978240 13392 79%
c 2 171.74  0 111 10 5773  3 117670 28357 3.5 36 10 1 2 44% 27978236 13392 79%
c = 174.07  0 111 10 5773  3 117670 28312 3.5 36 10 1 2 44% 27978148 13372 79%
c t 174.25  0 111 10 5773  3 117670 28309 3.5 36 10 1 2 44% 27977345 13372 79%
c i 174.64  0 111 10 5773  3 117965 28578 3.5 36 10 1 2 44% 27977345 13371 79%
c B 175.52  0 111 10 5775  3 120025 30451 3.4 35 10 1 2 44% 27977345 13371 79%
c ] 176.68  0 108 10 5777  3 123424 33561 3.4 35 10 1 2 43% 27977345 13371 79%
c 
c  seconds   reductions   conflicts         size tier2          variables
c          MB     restarts       redundant    glue  trail            remaining
c           level       rate          size/glu tier1   irredundant
c 
c { 176.69  0 71 10 5777 12 123424 33561 1.9 8 4 1 2 26% 27977345 13371 79%
c i 178.34  0 71 10 5964 12 124457 34492 1.9 8 4 1 2 26% 27977345 13370 79%
c i 178.61  0 70 10 6052 12 125201 35159 1.9 8 4 1 2 26% 27977345 13368 79%
c i 178.62  0 70 10 6052 12 125227 35178 1.9 8 4 1 2 26% 27977345 13366 79%
c i 178.63  0 70 10 6052 12 125267 35209 1.9 8 4 1 2 26% 27977345 13365 79%
c i 179.57  0 70 10 6233 12 126376 36185 1.9 8 4 1 2 26% 27977344 13364 79%
c } 180.05  0 69 10 6277 11 126769 36546 1.9 8 4 1 2 26% 27977343 13364 79%
c [ 180.05  0 108 10 6277  3 126769 36546 3.4 35 10 1 2 43% 27977343 13364 79%
c ] 182.93  0 105 10 6280  3 131397 40859 3.4 36 10 1 2 43% 27977341 13364 79%
c { 182.93  0 69 10 6280 11 131397 40859 1.9 8 4 1 2 26% 27977341 13364 79%
c s 183.88  0 69 10 6325 11 131592 40983 1.9 8 4 1 2 26% 27747864 13364 79%
c t 184.30  0 69 10 6325 11 131592 40983 1.9 8 4 1 2 26% 27733076 13364 79%
c e 184.95  0 69 10 6325 11 131592 39123 1.9 8 4 1 2 26% 27732893 13306 79%
c s 185.42  0 69 10 6325 11 131592 39123 1.9 8 4 1 2 26% 27588360 13306 79%
c i 188.19  0 68 10 6572 11 133086 40480 1.9 8 4 1 2 26% 27588360 13304 79%
c } 189.41  0 68 10 6730 11 133896 41220 1.9 8 4 1 2 26% 27588360 13304 79%
c [ 189.41  0 105 10 6730  3 133896 41220 3.4 36 10 1 2 43% 27588360 13304 79%
c W 192.98  0 103 10 6730  3 136026 43156 3.5 37 10 1 2 43% 27588345 13304 79%
c ] 194.59  0 101 10 6734  3 141898 48384 3.4 37 11 1 2 46% 27588345 13304 79%
c { 194.59  0 68 10 6734 11 141898 48384 1.9 8 4 1 2 26% 27588345 13304 79%
c 
c  seconds   reductions   conflicts         size tier2          variables
c          MB     restarts       redundant    glue  trail            remaining
c           level       rate          size/glu tier1   irredundant
c 
c } 198.03  0 66 10 7124 11 144407 50641 1.9 8 4 1 2 27% 27588342 13304 79%
c [ 198.03  0 101 10 7124  3 144407 50641 3.4 37 11 1 2 46% 27588342 13304 79%
c ] 200.08  0 106 10 7125  3 145822 51920 3.5 39 11 1 2 46% 27588342 13304 79%
c { 200.08  0 66 10 7125 11 145822 51920 1.9 8 4 1 2 27% 27588342 13304 79%
c i 200.66  0 66 10 7222 11 146271 52313 1.9 8 4 1 2 27% 27588342 13303 79%
c i 200.98  0 66 10 7264 11 146740 52707 1.9 8 4 1 2 27% 27588341 13301 79%
c i 201.10  0 66 10 7282 11 146979 52923 1.9 8 4 1 2 27% 27588341 13299 79%
c - 203.16  0 66 11 7313 11 147226 32778 1.9 8 4 1 2 27% 27588300 13299 79%
c 2 203.22  0 66 11 7313 11 147226 32760 1.9 8 4 1 2 27% 27584330 13299 79%
c d 203.74  0 66 11 7313 11 147226 32751 1.9 8 4 1 2 27% 27584322 13295 79%
c c 210.29  0 66 11 7313 11 147226 32751 1.9 8 4 1 2 27% 27586472 13295 79%
c d 210.81  0 66 11 7313 11 147226 32750 1.9 8 4 1 2 27% 27586470 13294 79%
c 2 210.91  0 66 11 7313 11 147226 32750 1.9 8 4 1 2 27% 27586468 13294 79%
c = 213.67  0 66 11 7313 11 147226 32744 1.9 8 4 1 2 27% 27586436 13286 79%
c u 215.54  0 66 11 7313 11 147226 30113 1.9 8 4 1 2 27% 27586436 13285 79%
c v 217.31  0 66 11 7313 11 147226 29797 1.9 8 4 1 2 27% 27586436 13285 79%
c w 217.32  0 66 11 7313 11 147226 29796 1.9 8 4 1 2 27% 27586436 13285 79%
c x 218.61  0 66 11 7313 11 147226 29796 1.9 8 4 1 2 27% 27586284 13285 79%
c t 218.76  0 66 11 7313 11 147226 29796 1.9 8 4 1 2 27% 27583927 13285 79%
c i 219.44  0 65 11 7406 11 147735 30266 2.0 8 4 1 2 27% 27583927 13284 79%
c 
c  seconds   reductions   conflicts         size tier2          variables
c          MB     restarts       redundant    glue  trail            remaining
c           level       rate          size/glu tier1   irredundant
c 
c i 219.97  0 65 11 7480 11 148330 30796 2.0 8 4 1 2 27% 27583927 13283 79%
c } 221.27  0 65 11 7600 11 149247 31628 2.0 9 4 1 2 27% 27583927 13283 79%
c [ 221.27  0 106 11 7600  3 149247 31628 3.5 39 11 1 2 46% 27583927 13283 79%
c ] 223.38  0 109 11 7601  3 151147 33355 3.5 40 11 1 2 47% 27583927 13283 79%
c { 223.38  0 65 11 7601 11 151147 33355 2.0 9 4 1 2 27% 27583927 13283 79%
c i 224.20  0 65 11 7696 11 151845 33977 2.0 9 4 1 2 27% 27583926 13281 79%
c i 224.90  0 65 11 7754 11 152505 34558 2.0 9 4 1 2 27% 27583926 13280 79%
c i 224.95  0 65 11 7769 11 152557 34605 2.0 9 4 1 2 27% 27583926 13279 79%
c W 227.88  0 65 11 7813 11 153027 34962 2.0 9 4 1 2 27% 27583867 13279 79%
c i 229.03  0 64 11 7895 11 153627 35523 2.0 9 4 1 2 27% 27583866 13278 79%
c } 230.08  0 64 11 7993 11 154676 36476 2.0 9 4 1 2 28% 27583865 13278 79%
c [ 230.08  0 109 11 7993  3 154676 36476 3.5 40 11 1 2 47% 27583865 13278 79%
c i 233.04  0 116 11 7995  3 161084 42494 3.5 42 12 1 2 47% 27583865 13277 79%
c ] 233.25  0 117 11 7995  3 161305 42691 3.4 43 12 1 2 47% 27583865 13277 79%
c { 233.25  0 64 11 7995 11 161305 42691 2.0 9 4 1 2 28% 27583865 13277 79%
c i 233.38  0 64 11 8017 11 161508 42883 2.0 9 4 1 2 28% 27583865 13276 79%
c } 237.13  0 63 11 8390 11 164286 45413 2.0 9 4 1 2 28% 27583864 13276 79%
c [ 237.13  0 117 11 8390  3 164286 45413 3.4 43 12 1 2 47% 27583864 13276 79%
c i 239.30  0 113 11 8390  3 168405 49279 3.5 42 12 1 2 46% 27583864 13275 79%
c ] 239.54  0 112 11 8390  3 168909 49748 3.5 42 12 1 2 46% 27583864 13275 79%
c 
c  seconds   reductions   conflicts         size tier2          variables
c          MB     restarts       redundant    glue  trail            remaining
c           level       rate          size/glu tier1   irredundant
c 
c { 239.54  0 63 11 8390 11 168909 49748 2.0 9 4 1 2 28% 27583864 13275 79%
c i 239.67  0 63 11 8402 11 168979 49809 2.0 9 4 1 2 28% 27583864 13272 79%
c i 241.81  0 63 11 8624 10 170488 51156 2.0 9 4 1 2 28% 27583863 13271 79%
c F 242.38  0 62 11 8715 10 171035 51641 2.0 9 4 1 2 28% 27583863 13271 79%
c i 242.91  0 62 11 8756 10 171394 51959 2.0 9 4 1 2 28% 27583863 13270 79%
c } 243.72  0 62 11 8862 10 172429 52878 2.0 9 4 1 2 28% 27583862 13269 79%
c [ 243.72  0 112 11 8862  3 172429 52878 3.5 42 12 1 2 46% 27583862 13269 79%
c i 244.40  0 111 11 8862  3 173934 54307 3.5 42 12 1 2 46% 27583862 13267 79%
c i 244.79  0 111 11 8863  3 174560 54897 3.5 42 12 1 2 46% 27583862 13266 79%
c ] 247.04  0 107 11 8866  2 179127 59196 3.6 43 12 1 2 45% 27583862 13266 79%
c { 247.04  0 62 11 8866 10 179127 59196 2.0 9 4 1 2 28% 27583862 13266 79%
c i 247.75  0 62 11 8957 10 179800 59799 2.0 9 4 1 2 28% 27583862 13263 79%
c - 250.28  0 62 12 9057 10 180229 36860 2.0 9 4 1 2 28% 27583736 13263 79%
c 2 250.35  0 62 12 9057 10 180229 36855 2.0 9 4 1 2 28% 27583735 13262 79%
c d 250.84  0 62 12 9057 10 180229 36818 2.0 9 4 1 2 28% 27583686 13248 79%
c p 251.00  0 62 12 9057 10 180229 37836 2.0 9 4 1 2 28% 27583686 13248 79%
c = 261.48  0 62 12 9057 10 180229 37801 2.0 9 4 1 2 28% 27585947 13231 78%
c t 261.67  0 62 12 9057 10 180229 37801 2.0 9 4 1 2 28% 27582284 13231 78%
c } 264.69  0 61 12 9357 10 182308 39681 2.0 9 4 1 2 28% 27582283 13231 78%
c [ 264.69  0 107 12 9357  2 182308 39681 3.6 43 12 1 2 45% 27582283 13231 78%
c 
c  seconds    reductions   conflicts         size   tier2          variables
c          MB      restarts       redundant     glue   trail            remaining
c            level       rate          size/glue  tier1   irredundant
c 
c ] 268.74  0 110 12 9360  2 185960 43053 3.6 42 12 1 2 45% 27582283 13231 78%
c { 268.74  0 61 12 9360 10 185960 43053 2.0 9 4 1 2 28% 27582283 13231 78%
c i 272.30  0 60 12 9885 10 189828 46559 2.0 9 5 1 2 29% 27582282 13230 78%
c B 272.43  0 60 12 9892 10 190038 46739 2.0 9 5 1 2 28% 27582282 13230 78%
c } 273.59  0 60 12 10020 10 190863 47490 2.0 9 5 1 2 28% 27582282 13230 78%
c [ 273.60  0 110 12 10020  2 190863 47490 3.6 42 12 1 2 45% 27582282 13230 78%
c ] 276.68  0 107 12 10021  2 195619 51952 3.6 43 12 1 2 45% 27582282 13230 78%
c { 276.68  0 60 12 10021 10 195619 51952 2.0 9 5 1 2 28% 27582282 13230 78%
c i 281.67  0 59 12 10687 10 200219 56126 2.1 9 5 1 2 29% 27582281 13229 78%
c } 281.71  0 59 12 10688 10 200383 56253 2.1 9 5 1 2 29% 27582281 13229 78%
c [ 281.71  0 107 12 10688  2 200383 56253 3.6 43 12 1 2 45% 27582281 13229 78%
c i 281.79  0 107 12 10688  2 200485 56339 3.6 43 12 1 2 45% 27582281 13227 78%
c ] 284.90  0 107 12 10690  2 203419 59004 3.6 43 12 1 2 46% 27582281 13227 78%
c { 284.90  0 59 12 10690 10 203419 59004 2.1 9 5 1 2 29% 27582281 13227 78%
c i 285.93  0 59 12 10851 10 204220 59730 2.1 10 5 1 2 29% 27582281 13226 78%
c i 287.82  0 58 12 11114 10 205897 61261 2.1 10 5 1 2 29% 27582281 13225 78%
c } 289.87  0 58 12 11334 10 207184 62440 2.1 10 5 1 2 29% 27582281 13225 78%
c [ 289.87  0 107 12 11334  2 207184 62440 3.6 43 12 1 2 46% 27582281 13225 78%
c I 291.35  0 104 12 11337  2 210041 65005 3.6 42 12 1 2 46% 27582280 13225 78%
c ] 293.12  0 103 12 11337  2 211966 66810 3.6 43 12 1 2 46% 27582279 13225 78%
c 
c  seconds   reductions    conflicts         size  tier2          variables
c          MB      restarts       redundant     glue  trail            remaining
c           level        rate          size/glue tier1   irredundant
c 
c { 293.12  0 58 12 11337 10 211966 66810 2.1 10 5 1 2 29% 27582279 13225 78%
c i 294.26  0 58 12 11444 10 212810 67562 2.1 10 5 1 2 29% 27582279 13224 78%
c i 294.64  0 58 12 11503 10 213249 67958 2.1 10 5 1 2 28% 27582279 13223 78%
c } 298.35  0 57 12 11887 10 215902 70382 2.1 10 5 1 2 29% 27582278 13223 78%
c [ 298.35  0 103 12 11887  2 215902 70382 3.6 43 12 1 2 46% 27582278 13223 78%
c - 300.30  0 102 13 11888  2 216744 44602 3.6 43 12 1 2 46% 27582215 13223 78%
c 2 300.37  0 102 13 11888  2 216744 44597 3.6 43 12 1 2 46% 27582210 13223 78%
c d 300.87  0 102 13 11888  2 216744 44574 3.6 43 12 1 2 46% 27582190 13216 78%
c p 301.38  0 102 13 11888  2 216744 47928 3.6 43 12 1 2 46% 27582190 13216 78%
c 2 301.45  0 102 13 11888  2 216744 47928 3.6 43 12 1 2 46% 27582188 13216 78%
c = 304.17  0 102 13 11888  2 216744 47905 3.6 43 12 1 2 46% 27582166 13212 78%
c t 304.39  0 102 13 11888  2 216744 47905 3.6 43 12 1 2 46% 27575086 13212 78%
c s 306.43  0 102 13 11888  2 219736 50680 3.6 43 12 1 2 45% 27362078 13212 78%
c t 306.75  0 102 13 11888  2 219736 50680 3.6 43 12 1 2 45% 27356485 13212 78%
c e 307.37  0 102 13 11888  2 219736 49137 3.6 43 12 1 2 45% 27356368 13176 78%
c s 307.88  0 102 13 11888  2 219736 49137 3.6 43 12 1 2 45% 27160131 13176 78%
c ] 310.49  0 102 13 11889  2 220919 50230 3.6 43 12 1 2 45% 27160131 13176 78%
c { 310.49  0 57 13 11889 10 220919 50230 2.1 10 5 1 2 29% 27160131 13176 78%
c } 316.23  0 57 13 12557 10 226414 55223 2.1 10 5 1 2 29% 27160131 13176 78%
c [ 316.23  0 102 13 12557  2 226414 55223 3.6 43 12 1 2 45% 27160131 13176 78%
c 
c  seconds   reductions    conflicts         size   tier2          variables
c          MB      restarts       redundant     glue   trail            remaining
c           level        rate          size/glue  tier1   irredundant
c 
c B 318.70  0 98 13 12557  2 231042 59568 3.7 44 12 1 2 45% 27160130 13176 78%
c ] 319.79  0 100 13 12557  2 231979 60393 3.7 45 12 1 2 45% 27160130 13176 78%
c { 319.79  0 57 13 12557 10 231979 60393 2.1 10 5 1 2 29% 27160130 13176 78%
c } 325.60  0 56 13 13188  9 236496 64503 2.1 10 5 1 2 29% 27160129 13176 78%
c [ 325.60  0 100 13 13188  2 236496 64503 3.7 45 12 1 2 45% 27160129 13176 78%
c ] 329.74  0 100 13 13189  2 245249 72610 3.6 47 13 1 2 46% 27160129 13176 78%
c { 329.74  0 56 13 13189  9 245249 72610 2.1 10 5 1 2 29% 27160129 13176 78%
c } 335.84  0 55 13 13973  9 249823 76801 2.1 11 5 1 2 29% 27160126 13176 78%
c [ 335.84  0 100 13 13973  2 249823 76801 3.6 47 13 1 2 46% 27160126 13176 78%
c W 342.42  0 97 13 13973  2 253043 79840 3.7 47 13 1 2 46% 27160126 13176 78%
c - 344.33  0 98 14 13973  2 256786 50202 3.6 49 13 1 2 47% 27160124 13176 78%
c 2 344.40  0 98 14 13973  2 256786 50199 3.6 49 13 1 2 47% 27155434 13176 78%
c d 344.80  0 98 14 13973  2 256786 50161 3.6 49 13 1 2 47% 27155402 13167 78%
c p 344.96  0 98 14 13973  2 256786 50742 3.6 49 13 1 2 47% 27155402 13167 78%
c c 351.03  0 98 14 13973  2 256786 50741 3.6 49 13 1 2 47% 27162153 13167 78%
c d 351.48  0 98 14 13973  2 256786 50740 3.6 49 13 1 2 47% 27162144 13163 78%
c 2 351.58  0 98 14 13973  2 256786 50740 3.6 49 13 1 2 47% 27162136 13163 78%
c = 354.04  0 98 14 13973  2 256786 50740 3.6 49 13 1 2 47% 27162096 13155 78%
c u 356.87  0 98 14 13973  2 256786 48202 3.6 49 13 1 2 47% 27162096 13155 78%
c v 359.12  0 98 14 13973  2 256786 47764 3.6 49 13 1 2 47% 27162096 13155 78%
c 
c  seconds   reductions    conflicts         size   tier2          variables
c          MB      restarts       redundant     glue   trail            remaining
c           level        rate          size/glue  tier1   irredundant
c 
c w 359.28  0 98 14 13973  2 256786 47764 3.6 49 13 1 2 47% 27162096 13155 78%
c t 359.46  0 98 14 13973  2 256786 47710 3.6 49 13 1 2 47% 27143671 13155 78%
c ] 361.43  0 98 14 13973  2 257764 48570 3.6 49 14 1 2 47% 27143671 13155 78%
c { 361.43  0 55 14 13973  9 257764 48570 2.1 11 5 1 2 29% 27143671 13155 78%
c i 363.44  0 55 14 14164  9 259354 50014 2.2 11 5 1 2 29% 27143671 13154 78%
c } 367.74  0 54 14 14661  9 263809 54079 2.2 11 5 1 2 29% 27143671 13154 78%
c [ 367.74  0 98 14 14661  2 263809 54079 3.6 49 14 1 2 47% 27143671 13154 78%
c ] 371.27  0 98 14 14662  2 266350 56334 3.6 52 14 1 2 48% 27143671 13154 78%
c { 371.27  0 54 14 14662  9 266350 56334 2.2 11 5 1 2 29% 27143671 13154 78%
c } 377.65  0 53 14 15383  9 271803 61327 2.2 11 5 1 2 29% 27143669 13154 78%
c [ 377.65  0 98 14 15383  2 271803 61327 3.6 52 14 1 2 48% 27143669 13154 78%
c i 382.05  0 100 14 15383  2 274752 64018 3.5 52 15 1 2 48% 27143669 13153 78%
c ] 382.32  0 100 14 15383  2 274942 64190 3.5 52 15 1 2 48% 27143669 13153 78%
c { 382.32  0 53 14 15383  9 274942 64190 2.2 11 5 1 2 29% 27143669 13153 78%
c W 386.61  0 53 14 15576  9 276044 65200 2.2 11 5 1 2 29% 27143652 13153 78%
c } 392.37  0 52 14 16210  9 281203 69852 2.2 11 5 1 2 29% 27143652 13153 78%
c [ 392.37  0 100 14 16210  2 281203 69852 3.5 52 15 1 2 48% 27143652 13153 78%
c ] 396.79  0 94 14 16210  2 289562 77618 3.7 53 15 1 2 47% 27143652 13153 78%
c { 396.79  0 52 14 16210  9 289562 77618 2.2 11 5 1 2 29% 27143652 13153 78%
c } 403.50  0 51 14 16928  9 294931 82532 2.2 11 5 1 2 29% 27143651 13153 78%
c 
c  seconds   reductions    conflicts         size   tier2          variables
c          MB      restarts       redundant     glue   trail            remaining
c           level        rate          size/glue  tier1   irredundant
c 
c [ 403.50  0 94 14 16928  2 294931 82532 3.7 53 15 1 2 47% 27143651 13153 78%
c i 403.79  0 94 14 16928  2 295601 83173 3.7 53 14 1 2 47% 27143651 13151 78%
c O 406.87  0 92 14 16928  2 300047 87324 3.6 52 15 1 2 47% 27143651 13151 78%
c - 408.79  0 92 15 16928  2 300287 54300 3.6 52 14 1 2 47% 27143636 13151 78%
c 2 408.85  0 92 15 16928  2 300287 54297 3.6 52 14 1 2 47% 27143636 13151 78%
c d 409.34  0 92 15 16928  2 300287 54292 3.6 52 14 1 2 47% 27143622 13147 78%
c p 409.71  0 92 15 16928  2 300287 61911 3.6 52 14 1 2 47% 27143622 13147 78%
c = 419.48  0 92 15 16928  2 300287 61911 3.6 52 14 1 2 47% 27160449 13146 78%
c t 419.69  0 92 15 16928  2 300287 61909 3.6 52 14 1 2 47% 27143645 13146 78%
c ] 420.96  0 90 15 16928  2 303460 64804 3.6 51 14 1 2 46% 27143645 13146 78%
c { 420.96  0 51 15 16928  9 303460 64804 2.2 11 5 1 2 29% 27143645 13146 78%
c } 428.49  0 51 15 17688  9 309211 70086 2.2 12 5 1 2 29% 27143644 13146 78%
c [ 428.49  0 90 15 17688  2 309211 70086 3.6 51 14 1 2 46% 27143644 13146 78%
c ] 432.87  0 85 15 17688  2 317380 77833 3.8 53 14 1 2 45% 27143644 13146 78%
c { 432.87  0 51 15 17688  9 317380 77833 2.2 12 5 1 2 29% 27143644 13146 78%
c i 436.23  0 51 15 18087  9 319556 79837 2.2 12 5 1 2 29% 27143643 13144 78%
c } 440.10  0 51 15 18525  9 322459 82515 2.2 12 5 1 2 29% 27143643 13144 78%
c [ 440.10  0 85 15 18525  2 322459 82515 3.8 53 14 1 2 45% 27143643 13144 78%
c B 441.17  0 84 15 18525  2 325049 84898 3.8 52 14 1 2 45% 27143643 13144 78%
c ] 445.62  0 87 15 18525  2 327017 86642 3.7 52 14 1 2 45% 27143643 13144 78%
c 
c  seconds   reductions    conflicts         size  tier2          variables
c          MB      restarts       redundant     glue  trail            remaining
c           level        rate          size/glue tier1   irredundant
c 
c { 445.62  0 51 15 18525  9 327017 86642 2.2 12 5 1 2 29% 27143643 13144 78%
c s 449.24  0 51 15 18918  9 329831 89172 2.3 12 5 1 2 30% 27020002 13144 78%
c t 449.60  0 51 15 18918  9 329831 89171 2.3 12 5 1 2 30% 27016168 13144 78%
c e 450.23  0 51 15 18918  9 329831 86411 2.3 12 5 1 2 30% 27016049 13105 78%
c s 450.75  0 51 15 18918  9 329831 86411 2.3 12 5 1 2 30% 26903595 13105 78%
c } 456.55  0 50 15 19490  9 333311 89597 2.3 12 5 1 2 30% 26903595 13105 78%
c [ 456.55  0 87 15 19490  2 333311 89597 3.7 52 14 1 2 45% 26903595 13105 78%
c ] 462.32  0 85 15 19495  2 340054 95701 3.6 51 14 1 2 46% 26903595 13105 78%
c { 462.32  0 50 15 19495  9 340054 95701 2.3 12 5 1 2 30% 26903595 13105 78%
c } 469.72  0 50 15 20170  9 344415 99699 2.3 12 5 1 2 30% 26903595 13105 78%
c [ 469.72  0 85 15 20170  2 344415 99699 3.6 51 14 1 2 46% 26903595 13105 78%
c - 475.96  0 88 16 20172  2 347324 61336 3.6 53 15 1 2 47% 26903595 13105 78%
c 2 476.03  0 88 16 20172  2 347324 61330 3.6 53 15 1 2 47% 26902836 13105 78%
c d 476.53  0 88 16 20172  2 347324 61320 3.6 53 15 1 2 47% 26902828 13103 78%
c p 477.01  0 88 16 20172  2 347324 96976 3.6 53 15 1 2 47% 26902828 13103 78%
c 2 477.10  0 88 16 20172  2 347324 96976 3.6 53 15 1 2 47% 26902827 13103 78%
c = 482.40  0 88 16 20172  2 347324 96971 3.6 53 15 1 2 47% 26902814 13099 78%
c u 485.02  0 88 16 20172  2 347324 96142 3.6 53 15 1 2 47% 26902814 13099 78%
c v 486.41  0 88 16 20172  2 347324 95988 3.6 53 15 1 2 47% 26902814 13099 78%
c w 486.45  0 88 16 20172  2 347324 95988 3.6 53 15 1 2 47% 26902814 13099 78%
c 
c  seconds   reductions    conflicts         size   tier2          variables
c          MB      restarts       redundant     glue   trail            remaining
c           level        rate          size/glue  tier1   irredundant
c 
c x 487.81  0 88 16 20172  2 347324 95988 3.6 53 15 1 2 47% 26902696 13099 78%
c t 487.93  0 88 16 20172  2 347324 95974 3.6 53 15 1 2 47% 26900407 13099 78%
c ] 488.41  0 87 16 20172  2 347932 96487 3.6 53 15 1 2 47% 26900407 13099 78%
c { 488.41  0 50 16 20172  9 347932 96487 2.3 12 5 1 2 30% 26900407 13099 78%
c # 491.65  0 50 16 20519  9 351050 99311 2.3 12 5 1 2 30% 26900405 13099 78%
c } 496.48  0 49 16 21077  9 355208 103112 2.3 12 5 1 2 30% 26900404 13099 78%
c [ 496.48  0 87 16 21077  2 355208 103112 3.6 53 15 1 2 47% 26900404 13099 78%
c ] 502.72  0 94 16 21080  2 362002 109428 3.4 53 15 1 2 46% 26900404 13099 78%
c { 502.72  0 49 16 21080  9 362002 109428 2.3 12 5 1 2 30% 26900404 13099 78%
c i 502.81  0 49 16 21085  9 362017 109442 2.3 12 5 1 2 30% 26900404 13098 78%
c } 511.24  0 49 16 22050  8 369538 116305 2.3 13 6 1 2 30% 26900403 13098 78%
c [ 511.24  0 94 16 22050  2 369538 116305 3.4 53 15 1 2 46% 26900403 13098 78%
c ] 516.21  0 93 16 22053  2 372597 119108 3.4 54 16 1 2 47% 26900403 13098 78%
c { 516.21  0 49 16 22053  8 372597 119108 2.3 13 6 1 2 30% 26900403 13098 78%
c i 520.26  0 49 16 22539  8 375646 121883 2.3 13 6 1 2 30% 26900403 13097 78%
c B 523.72  0 49 16 22892  8 378052 124092 2.3 13 6 1 2 30% 26900402 13097 78%
c } 524.75  0 49 16 23010  8 379144 125099 2.4 13 6 1 2 30% 26900401 13097 78%
c [ 524.75  0 93 16 23010  2 379144 125099 3.4 54 16 1 2 47% 26900401 13097 78%
c ] 531.41  0 93 16 23011  2 383281 128825 3.4 54 16 1 2 47% 26900401 13097 78%
c { 531.41  0 49 16 23011  8 383281 128825 2.4 13 6 1 2 30% 26900401 13097 78%
c 
c  seconds   reductions    conflicts          size  tier2          variables
c          MB      restarts       redundant      glue  trail            remaining
c           level        rate           size/glue tier1   irredundant
c 
c i 532.97  0 49 16 23114  8 383931 129425 2.4 13 6 1 2 30% 26900401 13096 78%
c } 540.28  0 48 16 23763  8 389305 134323 2.4 13 6 1 2 30% 26900401 13096 78%
c [ 540.28  0 93 16 23763  2 389305 134323 3.4 54 16 1 2 47% 26900401 13096 78%
c - 546.31  0 88 17 23764  2 397855 69534 3.6 55 15 1 2 46% 26900373 13096 78%
c 2 546.38  0 88 17 23764  2 397855 69533 3.6 55 15 1 2 46% 26900373 13096 78%
c d 546.86  0 88 17 23764  2 397855 69523 3.6 55 15 1 2 46% 26900363 13093 78%
c p 547.60  0 88 17 23764  2 397855 85541 3.6 55 15 1 2 46% 26900363 13093 78%
c c 553.93  0 88 17 23764  2 397855 85541 3.6 55 15 1 2 46% 26916484 13093 78%
c d 554.49  0 88 17 23764  2 397855 85540 3.6 55 15 1 2 46% 26916482 13092 78%
c 2 554.60  0 88 17 23764  2 397855 85540 3.6 55 15 1 2 46% 26916480 13092 78%
c = 561.25  0 88 17 23764  2 397855 85538 3.6 55 15 1 2 46% 26916456 13085 78%
c t 561.47  0 88 17 23764  2 397855 85535 3.6 55 15 1 2 46% 26900371 13085 78%
c ] 563.27  0 88 17 23764  2 398509 86095 3.6 56 15 1 2 46% 26900371 13085 78%
c { 563.27  0 48 17 23764  8 398509 86095 2.4 13 6 1 2 30% 26900371 13085 78%
c W 579.36  0 47 17 24671  8 406056 93035 2.4 14 6 1 2 31% 26900371 13085 78%
c } 580.46  0 47 17 24776  8 406783 93688 2.5 14 6 1 2 31% 26900371 13085 78%
c [ 580.46  0 88 17 24776  2 406783 93688 3.6 56 15 1 2 46% 26900371 13085 78%
c ] 586.74  0 84 17 24783  2 417924 103971 3.5 55 16 1 2 45% 26900371 13085 78%
c { 586.74  0 47 17 24783  8 417924 103971 2.5 14 6 1 2 31% 26900371 13085 78%
c } 596.14  0 47 17 25735  8 425146 110525 2.5 14 6 1 2 31% 26900370 13085 78%
c 
c  seconds   reductions    conflicts          size   tier2          variables
c          MB      restarts       redundant      glue   trail            remaining
c           level        rate           size/glue  tier1   irredundant
c 
c [ 596.15  0 84 17 25735  2 425146 110525 3.5 55 16 1 2 45% 26900370 13085 78%
c ] 602.86  0 83 17 25738  2 430737 115504 3.5 56 16 1 2 45% 26900370 13085 78%
c { 602.86  0 47 17 25738  8 430737 115504 2.5 14 6 1 2 31% 26900370 13085 78%
c F 609.28  0 47 17 26426  8 435057 119501 2.5 15 6 1 2 31% 26900370 13085 78%
c } 612.76  0 47 17 26838  8 438119 122331 2.6 15 6 1 2 31% 26900370 13085 78%
c [ 612.76  0 83 17 26838  2 438119 122331 3.5 56 16 1 2 45% 26900370 13085 78%
c ] 618.97  0 80 17 26842  2 445601 128750 3.4 54 16 1 2 46% 26900370 13085 78%
c { 618.97  0 47 17 26842  8 445601 128750 2.6 15 6 1 2 31% 26900370 13085 78%
c - 630.13  0 46 18 27709  8 451937 76570 2.6 15 6 1 2 31% 26900369 13085 78%
c 2 630.19  0 46 18 27709  8 451937 76569 2.6 15 6 1 2 31% 26900369 13085 78%
c p 630.81  0 46 18 27709  8 451937 131445 2.6 15 6 1 2 31% 26900369 13082 78%
c = 643.11  0 46 18 27709  8 451937 131396 2.6 15 6 1 2 31% 26916489 13074 78%
c u 646.52  0 46 18 27709  8 451937 128889 2.6 15 6 1 2 31% 26916489 13074 78%
c v 649.42  0 46 18 27709  8 451937 128448 2.6 15 6 1 2 31% 26916489 13074 78%
c w 649.42  0 46 18 27709  8 451937 128448 2.6 15 6 1 2 31% 26916489 13074 78%
c t 649.60  0 46 18 27709  8 451937 128434 2.6 15 6 1 2 31% 26900399 13074 78%
c } 649.68  0 46 18 27709  8 451986 128479 2.6 15 6 1 2 31% 26900399 13074 78%
c [ 649.68  0 80 18 27709  2 451986 128479 3.4 54 16 1 2 46% 26900399 13074 78%
c ] 656.29  0 77 18 27710  2 461137 137101 3.4 54 16 1 2 45% 26900399 13074 78%
c { 656.29  0 46 18 27710  8 461137 137101 2.6 15 6 1 2 31% 26900399 13074 78%
c 
c  seconds   reductions    conflicts          size  tier2          variables
c          MB      restarts       redundant      glue  trail            remaining
c           level        rate           size/glue tier1   irredundant
c 
c s 657.81  0 46 18 27765  8 461874 137767 2.6 15 6 1 2 31% 26803872 13074 78%
c t 658.18  0 46 18 27765  8 461874 137767 2.6 15 6 1 2 31% 26801929 13074 78%
c e 658.82  0 46 18 27765  8 461874 132201 2.6 15 6 1 2 31% 26801732 13002 77%
c s 659.34  0 46 18 27765  8 461874 132201 2.6 15 6 1 2 31% 26687297 13002 77%
c B 664.06  0 46 18 28061  8 465059 135066 2.6 16 6 1 2 31% 26687297 13002 77%
c } 669.67  0 46 18 28692  8 469792 139389 2.7 16 6 1 2 31% 26687296 13002 77%
c [ 669.67  0 77 18 28692  2 469792 139389 3.4 54 16 1 2 45% 26687296 13002 77%
c ] 676.87  0 79 18 28693  2 475992 145119 3.4 54 16 1 2 45% 26687296 13002 77%
c { 676.87  0 46 18 28693  8 475992 145119 2.7 16 6 1 2 31% 26687296 13002 77%
c } 686.77  0 45 18 29547  8 482166 150750 2.7 16 6 1 2 31% 26687296 13002 77%
c [ 686.77  0 79 18 29547  2 482166 150750 3.4 54 16 1 2 45% 26687296 13002 77%
c ] 695.41  0 78 18 29548  2 495331 162928 4.1 68 17 1 2 45% 26687296 13002 77%
c { 695.41  0 45 18 29548  8 495331 162928 2.7 16 6 1 2 31% 26687296 13002 77%
c W 704.99  0 45 18 29655  8 496062 163593 2.7 16 6 1 2 31% 26687296 13002 77%
c } 715.52  0 45 18 30800  8 504616 171421 2.7 17 6 1 2 31% 26687296 13002 77%
c [ 715.52  0 78 18 30800  2 504616 171421 4.1 68 17 1 2 45% 26687296 13002 77%
c - 721.07  0 76 19 30804  2 509577 82684 4.1 66 16 1 2 45% 26687296 13002 77%
c 2 721.13  0 76 19 30804  2 509577 82670 4.1 66 16 1 2 45% 26686846 13002 77%
c p 722.15  0 76 19 30804  2 509577 114570 4.1 66 16 1 2 45% 26686842 13001 77%
c t 729.28  0 76 19 30804  2 509577 114569 4.1 66 16 1 2 45% 26684745 13001 77%
c 
c  seconds   reductions    conflicts          size   tier2          variables
c          MB      restarts       redundant      glue   trail            remaining
c           level        rate           size/glue  tier1   irredundant
c 
c ] 732.28  0 77 19 30805  2 510993 115791 4.0 67 17 1 2 46% 26684745 13001 77%
c { 732.28  0 45 19 30805  8 510993 115791 2.7 17 6 1 2 31% 26684745 13001 77%
c } 743.75  0 45 19 31819  8 520099 124111 2.8 17 6 1 2 31% 26684743 13001 77%
c [ 743.75  0 77 19 31819  2 520099 124111 4.0 67 17 1 2 46% 26684743 13001 77%
c ] 750.50  0 76 19 31820  2 523606 127230 4.0 66 17 1 2 47% 26684743 13001 77%
c { 750.50  0 45 19 31820  8 523606 127230 2.8 17 6 1 2 31% 26684743 13001 77%
c # 756.51  0 45 19 32273  8 528065 131277 2.8 17 6 1 2 31% 26684743 13001 77%
c } 761.78  0 44 19 32786  8 531918 134798 2.8 17 6 1 2 31% 26684743 13001 77%
c [ 761.78  0 76 19 32786  2 531918 134798 4.0 66 17 1 2 47% 26684743 13001 77%
c ] 769.37  0 71 19 32793  2 543406 145305 4.0 62 16 1 2 45% 26684743 13001 77%
c { 769.37  0 44 19 32793  8 543406 145305 2.8 17 6 1 2 31% 26684743 13001 77%
c } 781.15  0 44 19 33852  7 553128 154111 2.8 18 6 1 2 32% 26684742 13001 77%
c [ 781.15  0 71 19 33852  2 553128 154111 4.0 62 16 1 2 45% 26684742 13001 77%
c W 790.27  0 70 19 33853  2 561069 161422 4.0 63 16 1 2 45% 26684742 13001 77%
c - 794.39  0 67 20 33858  2 570722 92139 3.9 60 16 1 2 47% 26684742 13001 77%
c p 795.11  0 67 20 33858  2 570722 98761 3.9 60 16 1 2 47% 26684742 13001 77%
c u 804.47  0 67 20 33858  2 570722 96341 3.9 60 16 1 2 47% 26700426 13001 77%
c v 807.80  0 67 20 33858  2 570722 95760 3.9 60 16 1 2 47% 26700426 13001 77%
c w 807.91  0 67 20 33858  2 570722 95760 3.9 60 16 1 2 47% 26700426 13001 77%
c t 808.08  0 67 20 33858  2 570722 95748 3.9 60 16 1 2 47% 26684772 13001 77%
c 
c  seconds   reductions    conflicts         size   tier2          variables
c          MB      restarts       redundant     glue   trail            remaining
c           level        rate          size/glue  tier1   irredundant
c 
c ] 808.54  0 66 20 33859  2 571433 96416 3.9 60 16 1 2 47% 26684772 13001 77%
c { 808.54  0 44 20 33859  7 571433 96416 2.8 18 6 1 2 32% 26684772 13001 77%
c } 819.96  0 43 20 34898  7 581901 105872 2.8 18 6 1 2 32% 26684771 13001 77%
c [ 819.96  0 66 20 34898  2 581901 105872 3.9 60 16 1 2 47% 26684771 13001 77%
c ] 827.47  0 68 20 34902  2 590301 113707 3.8 59 15 1 2 46% 26684771 13001 77%
c { 827.47  0 43 20 34902  7 590301 113707 2.8 18 6 1 2 32% 26684771 13001 77%
c B 832.68  0 43 20 35269  7 595070 117999 2.8 18 6 1 2 33% 26684771 13001 77%
c i 837.28  0 43 20 35631  7 598796 121332 2.8 18 6 1 2 33% 26684771 13000 77%
c } 839.07  0 43 20 35850  7 600561 122962 2.9 18 6 1 2 33% 26684771 13000 77%
c [ 839.07  0 68 20 35850  2 600561 122962 3.8 59 15 1 2 46% 26684771 13000 77%
c ] 847.00  0 64 20 35855  2 611412 133202 4.0 60 15 1 2 45% 26684770 13000 77%
c { 847.00  0 43 20 35855  7 611412 133202 2.9 18 6 1 2 33% 26684770 13000 77%
c s 853.24  0 42 20 36336  7 615921 137305 2.9 19 6 1 2 33% 26600150 13000 77%
c t 853.59  0 42 20 36336  7 615921 137305 2.9 19 6 1 2 33% 26597989 13000 77%
c e 854.23  0 42 20 36336  7 615921 134717 2.9 19 6 1 2 33% 26597893 12972 77%
c s 854.75  0 42 20 36336  7 615921 134717 2.9 19 6 1 2 33% 26514475 12972 77%
c } 862.44  0 42 20 36917  7 621591 139888 2.9 19 6 1 2 33% 26514472 12972 77%
c [ 862.44  0 64 20 36917  2 621591 139888 4.0 60 15 1 2 45% 26514472 12972 77%
c I 869.29  0 61 20 36918  2 630073 147904 3.9 58 15 1 2 44% 26514472 12972 77%
c ] 870.68  0 61 20 36918  2 630879 148633 3.9 57 15 1 2 44% 26514472 12972 77%
c 
c  seconds   reductions    conflicts          size  tier2          variables
c          MB      restarts       redundant      glue  trail            remaining
c           level        rate           size/glue tier1   irredundant
c 
c { 870.68  0 42 20 36918  7 630879 148633 2.9 19 6 1 2 33% 26514472 12972 77%
c - 878.66  0 42 21 37470  7 635432 96811 2.9 19 7 1 2 33% 26514471 12972 77%
c 2 878.72  0 42 21 37470  7 635432 96809 2.9 19 7 1 2 33% 26514202 12972 77%
c d 879.19  0 42 21 37470  7 635432 96803 2.9 19 7 1 2 33% 26514198 12971 77%
c p 879.89  0 42 21 37470  7 635432 141826 2.9 19 7 1 2 33% 26514198 12971 77%
c t 889.02  0 42 21 37470  7 635432 141825 2.9 19 7 1 2 33% 26513481 12971 77%
c } 895.53  0 42 21 37956  7 640984 146872 2.9 19 7 1 2 33% 26513481 12971 77%
c [ 895.53  0 61 21 37956  2 640984 146872 3.9 57 15 1 2 44% 26513481 12971 77%
c ] 903.29  0 60 21 37956  2 645040 150723 4.0 58 14 1 2 44% 26513480 12971 77%
c { 903.29  0 42 21 37956  7 645040 150723 2.9 19 7 1 2 33% 26513480 12971 77%
c } 916.07  0 42 21 38955  7 653886 158785 3.0 20 7 1 2 33% 26513480 12971 77%
c [ 916.07  0 60 21 38955  2 653886 158785 4.0 58 14 1 2 44% 26513480 12971 77%
c ] 924.13  0 57 21 38955  2 660311 164914 4.1 58 14 1 2 44% 26513480 12971 77%
c { 924.13  0 42 21 38955  7 660311 164914 3.0 20 7 1 2 33% 26513480 12971 77%
c W 938.82  0 42 21 39559  7 666078 170155 3.0 20 7 1 2 33% 26513480 12971 77%
c } 945.82  0 41 21 40112  7 671782 175320 3.1 21 7 1 2 33% 26513480 12971 77%
c [ 945.82  0 57 21 40112  2 671782 175320 4.1 58 14 1 2 44% 26513480 12971 77%
c ] 955.84  0 64 21 40113  2 681471 184350 3.9 62 16 1 2 43% 26513479 12971 77%
c { 955.84  0 41 21 40113  7 681471 184350 3.1 21 7 1 2 33% 26513479 12971 77%
c } 969.83  0 41 21 41256  7 691246 193250 3.2 21 7 1 2 33% 26513478 12971 77%
c 
c  seconds   reductions    conflicts          size   tier2          variables
c          MB      restarts       redundant      glue   trail            remaining
c           level        rate           size/glue  tier1   irredundant
c 
c [ 969.83  0 64 21 41256  2 691246 193250 3.9 62 16 1 2 43% 26513478 12971 77%
c B 974.30  0 60 21 41256  2 703079 204328 3.8 61 16 1 2 42% 26513478 12971 77%
c - 976.97  0 61 22 41256  2 703655 106762 3.8 61 16 1 2 42% 26513478 12971 77%
c p 978.06  0 61 22 41256  2 703655 175675 3.8 61 16 1 2 42% 26513478 12971 77%
c u 982.22  0 61 22 41256  2 703655 174197 3.8 61 16 1 2 42% 26513478 12971 77%
c v 984.21  0 61 22 41256  2 703655 173982 3.8 61 16 1 2 42% 26513478 12971 77%
c w 984.34  0 61 22 41256  2 703655 173980 3.8 61 16 1 2 42% 26513478 12971 77%
c x 986.76  0 61 22 41256  2 703655 173980 3.8 61 16 1 2 42% 26513212 12971 77%
c t 986.89  0 61 22 41256  2 703655 173969 3.8 61 16 1 2 42% 26513204 12971 77%
c i 989.30  0 60 22 41256  2 705318 175231 3.8 61 16 1 2 43% 26513204 12969 77%
c ] 990.39  0 60 22 41256  2 706030 175877 3.8 61 16 1 2 43% 26513204 12969 77%
c { 990.39  0 41 22 41256  7 706030 175877 3.2 21 7 1 2 33% 26513204 12969 77%
c } 1004.02  0 41 22 42335  7 716950 185829 3.2 22 7 1 2 34% 26513204 12969 77%
c [ 1004.02  0 60 22 42335  2 716950 185829 3.8 61 16 1 2 43% 26513204 12969 77%
c ] 1012.58  0 59 22 42335  2 726581 194973 3.8 60 16 1 2 43% 26513204 12969 77%
c { 1012.58  0 41 22 42335  7 726581 194973 3.2 22 7 1 2 34% 26513204 12969 77%
c i 1021.50  0 41 22 43035  7 734509 202186 3.2 22 7 1 2 33% 26513204 12968 77%
c } 1027.10  0 41 22 43529  7 739342 206631 3.2 22 7 1 2 33% 26513204 12968 77%
c [ 1027.10  0 59 22 43529  2 739342 206631 3.8 60 16 1 2 43% 26513204 12968 77%
c W 1033.60  0 59 22 43529  2 741080 205982 3.8 60 16 1 2 42% 26013558 12968 77%
c 
c   seconds   reductions    conflicts          size   tier2          variables
c           MB      restarts       redundant      glue   trail            remaining
c            level        rate           size/glue  tier1   irredundant
c 
c ] 1045.14  0 65 22 43530  2 768760 230755 3.4 61 18 1 2 47% 26013558 12968 77%
c { 1045.14  0 41 22 43530  7 768760 230755 3.2 22 7 1 2 33% 26013558 12968 77%
c - 1055.26  0 41 23 44292  7 775449 113833 3.3 23 7 1 2 33% 26013557 12968 77%
c 2 1055.32  0 41 23 44292  7 775449 113831 3.3 23 7 1 2 33% 26013554 12968 77%
c d 1055.78  0 41 23 44292  7 775449 113816 3.3 23 7 1 2 33% 26013548 12966 77%
c p 1056.18  0 41 23 44292  7 775449 122685 3.3 23 7 1 2 33% 26013548 12966 77%
c c 1062.29  0 41 23 44292  7 775449 122685 3.3 23 7 1 2 33% 26028240 12966 77%
c d 1062.83  0 41 23 44292  7 775449 122685 3.3 23 7 1 2 33% 26028238 12965 77%
c 2 1062.93  0 41 23 44292  7 775449 122683 3.3 23 7 1 2 33% 26028237 12965 77%
c t 1063.10  0 41 23 44292  7 775449 122679 3.3 23 7 1 2 33% 26013569 12965 77%
c F 1069.22  0 40 23 44673  6 780083 126851 3.3 23 7 1 2 34% 26013569 12965 77%
c } 1069.99  0 40 23 44726  6 780909 127581 3.3 23 7 1 2 34% 26013569 12965 77%
c [ 1069.99  0 65 23 44726  2 780909 127581 3.4 61 18 1 2 47% 26013569 12965 77%
c s 1076.76  0 61 23 44726  2 791877 137685 3.4 57 17 1 2 44% 25910818 12965 77%
c t 1077.08  0 61 23 44726  2 791877 137685 3.4 57 17 1 2 44% 25909675 12965 77%
c e 1077.70  0 61 23 44726  2 791877 135387 3.4 57 17 1 2 44% 25909568 12917 77%
c s 1078.20  0 61 23 44726  2 791877 135387 3.4 57 17 1 2 44% 25811111 12917 77%
c ] 1084.38  0 67 23 44726  2 801471 144156 3.4 61 18 1 2 43% 25811111 12917 77%
c { 1084.38  0 40 23 44726  6 801471 144156 3.3 23 7 1 2 34% 25811111 12917 77%
c } 1099.51  0 40 23 45828  6 813199 154789 3.3 23 7 1 2 34% 25811109 12917 77%
c 
c   seconds   reductions    conflicts          size   tier2          variables
c           MB      restarts       redundant      glue   trail            remaining
c            level        rate           size/glue  tier1   irredundant
c 
c [ 1099.51  0 67 23 45828  2 813199 154789 3.4 61 18 1 2 43% 25811109 12917 77%
c O 1103.76  0 65 23 45828  2 820086 161305 3.5 62 18 1 2 42% 25811109 12917 77%
c ] 1109.54  0 62 23 45828  2 829040 169324 3.4 59 17 1 2 41% 25811109 12917 77%
c { 1109.54  0 40 23 45828  6 829040 169324 3.3 23 7 1 2 34% 25811109 12917 77%
c } 1123.58  0 39 23 46692  6 841961 180569 3.3 23 7 1 2 35% 25811109 12917 77%
c [ 1123.58  0 62 23 46692  2 841961 180569 3.4 59 17 1 2 41% 25811109 12917 77%
c - 1134.59  0 64 24 46695  2 850632 120870 3.4 60 18 1 2 43% 25811109 12917 77%
c 2 1134.65  0 64 24 46695  2 850632 120862 3.4 60 18 1 2 43% 25810779 12917 77%
c p 1135.41  0 64 24 46695  2 850632 174497 3.4 60 18 1 2 43% 25810779 12917 77%
c u 1148.81  0 64 24 46695  2 850632 171954 3.4 60 18 1 2 43% 25810779 12917 77%
c v 1149.58  0 64 24 46695  2 850632 171840 3.4 60 18 1 2 43% 25810779 12917 77%
c w 1149.66  0 64 24 46695  2 850632 171840 3.4 60 18 1 2 43% 25810779 12917 77%
c t 1149.76  0 64 24 46695  2 850632 171833 3.4 60 18 1 2 43% 25809560 12917 77%
c ] 1151.05  0 64 24 46695  2 851385 172514 3.4 60 18 1 2 43% 25809560 12917 77%
c { 1151.05  0 39 24 46695  6 851385 172514 3.3 23 7 1 2 35% 25809560 12917 77%
c i 1151.82  0 39 24 46731  6 851941 172950 3.3 23 7 1 2 35% 25809560 12916 77%
c B 1162.34  0 39 24 47513  6 861089 181276 3.4 24 7 1 2 35% 25809559 12916 77%
c } 1167.12  0 39 24 47977  6 865524 185301 3.4 24 7 1 2 35% 25809559 12916 77%
c [ 1167.12  0 64 24 47977  2 865524 185301 3.4 60 18 1 2 43% 25809559 12916 77%
c ] 1179.72  0 66 24 47988  2 886980 204592 3.2 57 18 1 2 43% 25809559 12916 77%
c 
c   seconds   reductions    conflicts          size  tier2          variables
c           MB      restarts       redundant      glue  trail            remaining
c            level        rate           size/glue tier1   irredundant
c 
c { 1179.72  0 39 24 47988  6 886980 204592 3.4 24 7 1 2 35% 25809559 12916 77%
c } 1195.03  0 39 24 49078  6 898807 215389 3.4 24 7 1 2 35% 25809559 12916 77%
c [ 1195.03  0 66 24 49078  2 898807 215389 3.2 57 18 1 2 43% 25809559 12916 77%
c B 1198.38  0 66 24 49079  2 903090 219339 3.2 58 18 1 2 43% 25809558 12916 77%
c ] 1204.92  0 63 24 49082  2 909805 225067 3.2 57 18 1 2 43% 25809558 12916 77%
c { 1204.92  0 39 24 49082  6 909805 225067 3.4 24 7 1 2 35% 25809558 12916 77%
c } 1221.63  0 39 24 50553  6 922844 236949 3.5 25 7 1 2 34% 25809558 12916 77%
c [ 1221.63  0 63 24 50553  2 922844 236949 3.2 57 18 1 2 43% 25809558 12916 77%
c - 1231.65  0 64 25 50557  2 929298 128152 3.2 57 18 1 2 43% 25391458 12916 77%
c d 1232.15  0 64 25 50557  2 929298 128150 3.2 57 18 1 2 43% 25391450 12912 77%
c p 1233.15  0 64 25 50557  2 929298 178396 3.2 57 18 1 2 43% 25391450 12912 77%
c u 1241.46  0 64 25 50557  2 929298 177992 3.2 57 18 1 2 43% 25405049 12912 77%
c v 1242.47  0 64 25 50557  2 929298 177920 3.2 57 18 1 2 43% 25405049 12912 77%
c w 1242.55  0 64 25 50557  2 929298 177920 3.2 57 18 1 2 43% 25405049 12912 77%
c t 1243.83  0 64 25 50557  2 929298 177910 3.2 57 18 1 2 43% 25391352 12912 77%
c ] 1247.84  0 62 25 50560  2 936544 184290 3.2 55 17 1 2 44% 25391352 12912 77%
c { 1247.84  0 39 25 50560  6 936544 184290 3.5 25 7 1 2 34% 25391352 12912 77%
c W 1273.23  0 39 25 51279  6 946091 192874 3.5 26 7 1 2 35% 25391352 12912 77%
c } 1277.53  0 39 25 51562  6 949712 196113 3.5 26 7 1 2 35% 25391352 12912 77%
c [ 1277.53  0 62 25 51562  2 949712 196113 3.2 55 17 1 2 44% 25391352 12912 77%
c 
c   seconds   reductions    conflicts          size   tier2          variables
c           MB      restarts       redundant      glue   trail            remaining
c            level        rate           size/glue  tier1   irredundant
c 
c ] 1289.53  0 55 25 51568  2 969058 213127 3.2 52 16 1 2 44% 25391352 12912 77%
c { 1289.53  0 39 25 51568  6 969058 213127 3.5 26 7 1 2 35% 25391352 12912 77%
c } 1307.63  0 38 25 52893  6 985395 227731 3.6 27 7 1 2 35% 25391352 12912 77%
c [ 1307.63  0 55 25 52893  2 985395 227731 3.2 52 16 1 2 44% 25391352 12912 77%
c s 1310.56  0 54 25 52893  2 989240 230945 3.2 51 16 1 2 45% 25311023 12912 77%
c t 1310.90  0 54 25 52893  2 989240 230945 3.2 51 16 1 2 45% 25309387 12912 77%
c e 1311.51  0 54 25 52893  2 989240 230728 3.2 51 16 1 2 45% 25309372 12902 77%
c s 1312.05  0 54 25 52893  2 989240 230728 3.2 51 16 1 2 45% 25228536 12902 77%
c W 1315.95  0 53 25 52893  2 990093 231426 3.2 51 16 1 2 45% 25228536 12902 77%
c i 1318.38  0 51 25 52893  2 998401 238298 3.2 48 15 1 2 46% 25228536 12901 77%
c - 1324.77  0 49 26 52900  2 1011350 131113 3.1 47 15 1 2 49% 25228524 12901 77%
c 2 1324.82  0 49 26 52900  2 1011350 131109 3.1 47 15 1 2 49% 25228132 12901 77%
c p 1325.31  0 49 26 52900  2 1011350 139310 3.1 47 15 1 2 49% 25228132 12901 77%
c t 1325.49  0 49 26 52900  2 1011350 139308 3.1 47 15 1 2 49% 25227126 12901 77%
c i 1327.49  0 48 26 52901  2 1013366 140892 3.1 47 15 1 2 49% 25227126 12900 77%
c ] 1328.04  0 48 26 52901  2 1013512 141032 3.1 47 15 1 2 50% 25227126 12900 77%
c { 1328.04  0 38 26 52901  6 1013512 141032 3.6 27 7 1 2 35% 25227126 12900 77%
c i 1328.66  0 38 26 52920  6 1014831 142093 3.6 27 7 1 2 36% 25227126 12899 77%
c } 1345.10  0 38 26 53908  6 1028735 154687 3.7 27 7 1 2 36% 25227125 12899 77%
c [ 1345.10  0 48 26 53908  2 1028735 154687 3.1 47 15 1 2 50% 25227125 12899 77%
c 
c   seconds   reductions     conflicts          size   tier2          variables
c           MB      restarts        redundant      glue   trail            remaining
c            level        rate            size/glue  tier1   irredundant
c 
c I 1349.66  0 47 26 53913  2 1035094 160734 3.3 49 15 1 2 49% 25227125 12899 77%
c ] 1357.61  0 46 26 53915  2 1041241 166058 3.4 50 15 1 2 50% 25227125 12899 77%
c { 1357.61  0 38 26 53915  6 1041241 166058 3.7 27 7 1 2 36% 25227125 12899 77%
c } 1375.83  0 38 26 55332  6 1057436 180659 3.7 28 7 1 2 36% 25227125 12899 77%
c [ 1375.83  0 46 26 55332  2 1057436 180659 3.4 50 15 1 2 50% 25227125 12899 77%
c ] 1387.18  0 45 26 55332  2 1063760 186725 3.6 51 14 1 2 49% 25227125 12899 77%
c { 1387.18  0 38 26 55332  6 1063760 186725 3.7 28 7 1 2 36% 25227125 12899 77%
c } 1405.30  0 38 26 56670  6 1077979 199664 3.8 29 8 1 2 35% 25227125 12899 77%
c [ 1405.30  0 45 26 56670  2 1077979 199664 3.6 51 14 1 2 49% 25227125 12899 77%
c B 1408.93  0 44 26 56672  2 1081095 202558 3.7 52 14 1 2 49% 25227125 12899 77%
c ] 1418.99  0 43 26 56679  2 1093743 213712 3.6 52 14 1 2 48% 25227125 12899 77%
c { 1418.99  0 38 26 56679  6 1093743 213712 3.8 29 8 1 2 35% 25227125 12899 77%
c - 1424.16  0 38 27 56961  6 1096876 138466 3.9 29 8 1 2 35% 24475614 12899 77%
c 2 1424.22  0 38 27 56961  6 1096876 138466 3.9 29 8 1 2 35% 24475614 12898 77%
c d 1424.68  0 38 27 56961  6 1096876 138455 3.9 29 8 1 2 35% 24475599 12895 77%
c d 1425.10  0 38 27 56961  6 1096876 138455 3.9 29 8 1 2 35% 24475597 12894 76%
c p 1426.16  0 38 27 56961  6 1096876 203644 3.9 29 8 1 2 35% 24475597 12894 76%
c 2 1426.28  0 38 27 56961  6 1096876 203551 3.9 29 8 1 2 35% 24475596 12894 76%
c u 1428.17  0 38 27 56961  6 1096876 202344 3.9 29 8 1 2 35% 24475596 12894 76%
c v 1429.68  0 38 27 56961  6 1096876 202138 3.9 29 8 1 2 35% 24475596 12894 76%
c 
c   seconds   reductions     conflicts          size  tier2          variables
c           MB      restarts        redundant      glue  trail            remaining
c            level        rate            size/glue tier1   irredundant
c 
c w 1429.68  0 38 27 56961  6 1096876 202138 3.9 29 8 1 2 35% 24475596 12894 76%
c t 1429.78  0 38 27 56961  6 1096876 201922 3.9 29 8 1 2 35% 24475596 12894 76%
c } 1445.39  0 37 27 58045  5 1113123 216566 3.8 29 8 1 2 35% 24475596 12894 76%
c [ 1445.39  0 43 27 58045  2 1113123 216566 3.6 52 14 1 2 48% 24475596 12894 76%
c W 1464.47  0 41 27 58051  2 1128096 229574 3.5 49 14 1 2 49% 24475596 12894 76%
c ] 1468.54  0 46 27 58052  2 1141346 241452 3.2 51 16 1 2 50% 24475596 12894 76%
c { 1468.54  0 37 27 58052  5 1141346 241452 3.8 29 8 1 2 35% 24475596 12894 76%
c } 1486.98  0 36 27 59166  5 1158016 256004 3.8 29 8 1 2 36% 24475595 12894 76%
c [ 1486.98  0 46 27 59166  2 1158016 256004 3.2 51 16 1 2 50% 24475595 12894 76%
c ] 1504.47  0 52 27 59167  2 1175867 272486 2.9 53 18 1 2 47% 24475595 12894 76%
c { 1504.47  0 36 27 59167  5 1175867 272486 3.8 29 8 1 2 36% 24475595 12894 76%
c # 1504.84  0 36 27 59194  5 1176097 272696 3.8 29 8 1 2 36% 24475595 12894 76%
c - 1518.74  0 36 28 60116  5 1185599 148597 3.9 30 8 1 2 36% 24475595 12894 76%
c p 1519.92  0 36 28 60116  5 1185599 184344 3.9 30 8 1 2 36% 24475595 12892 76%
c = 1534.28  0 36 28 60116  5 1185599 183595 3.9 30 8 1 2 36% 24487697 12891 76%
c u 1537.26  0 36 28 60116  5 1185599 182631 3.9 30 8 1 2 36% 24487697 12891 76%
c v 1538.53  0 36 28 60116  5 1185599 182460 3.9 30 8 1 2 36% 24487697 12891 76%
c t 1538.67  0 36 28 60116  5 1185599 182457 3.9 30 8 1 2 36% 24475598 12891 76%
c } 1545.48  0 36 28 60655  5 1193408 189443 3.9 30 8 1 2 36% 24475598 12891 76%
c [ 1545.48  0 52 28 60655  2 1193408 189443 2.9 53 18 1 2 47% 24475598 12891 76%
c 
c   seconds   reductions     conflicts          size   tier2          variables
c           MB      restarts        redundant      glue   trail            remaining
c            level        rate            size/glue  tier1   irredundant
c 
c s 1562.53  0 56 28 60655  2 1207905 202551 2.8 54 19 1 2 46% 24393443 12891 76%
c t 1562.83  0 56 28 60655  2 1207905 202551 2.8 54 19 1 2 46% 24392112 12891 76%
c e 1563.40  0 56 28 60655  2 1207905 199960 2.8 54 19 1 2 46% 24392046 12864 76%
c s 1563.88  0 56 28 60655  2 1207905 199951 2.8 54 19 1 2 46% 24324737 12864 76%
c ] 1565.21  0 56 28 60655  2 1208196 200220 2.8 54 19 1 2 46% 24324737 12864 76%
c { 1565.21  0 36 28 60655  5 1208196 200220 3.9 30 8 1 2 36% 24324737 12864 76%
c i 1569.71  0 35 28 60878  5 1213056 204139 3.8 29 8 1 2 37% 24324737 12863 76%
c B 1583.05  0 36 28 61824  5 1225098 215078 3.9 30 8 1 2 37% 24324737 12863 76%
c } 1585.19  0 36 28 61945  5 1227014 216818 4.0 31 8 1 2 37% 24324737 12863 76%
c [ 1585.19  0 56 28 61945  2 1227014 216818 2.8 54 19 1 2 46% 24324737 12863 76%
c ] 1599.06  0 53 28 61948  2 1238671 227237 2.8 52 18 1 2 44% 24324737 12863 76%
c { 1599.06  0 36 28 61948  5 1238671 227237 4.0 31 8 1 2 37% 24324737 12863 76%
c } 1620.80  0 36 28 63522  5 1256574 243420 4.0 32 8 1 2 36% 24324737 12863 76%
c [ 1620.80  0 53 28 63522  2 1256574 243420 2.8 52 18 1 2 44% 24324737 12863 76%
c ] 1637.09  0 52 28 63532  2 1274597 259508 2.8 50 18 1 2 45% 24324737 12863 76%
c { 1637.09  0 36 28 63532  5 1274597 259508 4.0 32 8 1 2 36% 24324737 12863 76%
c W 1646.08  0 36 28 63558  5 1275099 255665 4.0 32 8 1 2 37% 23969988 12863 76%
c - 1651.43  0 35 29 63745  5 1277843 153329 4.0 32 8 1 2 37% 23969988 12863 76%
c 2 1651.48  0 35 29 63745  5 1277843 153320 4.0 32 8 1 2 37% 23969787 12863 76%
c d 1651.94  0 35 29 63745  5 1277843 153310 4.0 32 8 1 2 37% 23969777 12861 76%
c 
c   seconds   reductions     conflicts          size  tier2          variables
c           MB      restarts        redundant      glue  trail            remaining
c            level        rate            size/glue tier1   irredundant
c 
c p 1653.15  0 35 29 63745  5 1277843 202934 4.0 32 8 1 2 37% 23969777 12861 76%
c 2 1653.24  0 35 29 63745  5 1277843 202912 4.0 32 8 1 2 37% 23969777 12861 76%
c u 1656.16  0 35 29 63745  5 1277843 202172 4.0 32 8 1 2 37% 23969777 12861 76%
c v 1657.65  0 35 29 63745  5 1277843 202065 4.0 32 8 1 2 37% 23969777 12861 76%
c w 1657.66  0 35 29 63745  5 1277843 202065 4.0 32 8 1 2 37% 23969777 12861 76%
c t 1660.16  0 35 29 63745  5 1277843 202002 4.0 32 8 1 2 37% 23968699 12861 76%
c } 1677.67  0 35 29 64865  5 1293774 216282 4.1 32 8 1 2 37% 23968699 12861 76%
c [ 1677.67  0 52 29 64865  2 1293774 216282 2.8 50 18 1 2 45% 23968699 12861 76%
c ] 1690.82  0 49 29 64867  2 1303308 225011 3.2 54 17 1 2 45% 23968699 12861 76%
c { 1690.82  0 35 29 64867  5 1303308 225011 4.1 32 8 1 2 37% 23968699 12861 76%
c i 1710.67  0 35 29 66108  5 1321903 241609 4.2 33 8 1 2 37% 23968699 12860 76%
c } 1712.69  0 35 29 66222  5 1323599 243134 4.2 33 8 1 2 37% 23968699 12860 76%
c [ 1712.69  0 49 29 66222  2 1323599 243134 3.2 54 17 1 2 45% 23968699 12860 76%
c O 1715.89  0 50 29 66222  2 1326101 245435 3.1 54 17 1 2 45% 23968699 12860 76%
c ] 1727.68  0 48 29 66231  2 1341317 259392 3.1 53 17 1 2 42% 23968699 12860 76%
c { 1727.68  0 35 29 66231  5 1341317 259392 4.2 33 8 1 2 37% 23968699 12860 76%
c } 1752.94  0 35 29 67804  5 1359893 276232 4.3 34 8 1 2 36% 23968698 12860 76%
c [ 1752.94  0 48 29 67804  2 1359893 276232 3.1 53 17 1 2 42% 23968698 12860 76%
c - 1765.79  0 46 30 67810  2 1373353 163109 3.1 51 16 1 2 43% 23968689 12860 76%
c p 1766.89  0 46 30 67810  2 1373353 207972 3.1 51 16 1 2 43% 23968689 12860 76%
c 
c   seconds   reductions     conflicts          size   tier2          variables
c           MB      restarts        redundant      glue   trail            remaining
c            level        rate            size/glue  tier1   irredundant
c 
c = 1779.87  0 46 30 67810  2 1373353 207955 3.1 51 16 1 2 43% 23968630 12843 76%
c u 1783.34  0 46 30 67810  2 1373353 205557 3.1 51 16 1 2 43% 23968630 12843 76%
c v 1785.05  0 46 30 67810  2 1373353 205301 3.1 51 16 1 2 43% 23968630 12843 76%
c w 1785.11  0 46 30 67810  2 1373353 205301 3.1 51 16 1 2 43% 23968630 12843 76%
c t 1785.21  0 46 30 67810  2 1373353 205293 3.1 51 16 1 2 43% 23968627 12843 76%
c ] 1790.47  0 46 30 67810  2 1375880 207546 3.1 52 17 1 2 44% 23968627 12843 76%
c ? 1790.47  0 46 30 67810  2 1375880 207546 3.1 52 17 1 2 44% 23968627 12843 76%
c 
c --- [ result ] -------------------------------------------------------------
c 
c UNKNOWN
c 
c --- [ run-time profiling ] -------------------------------------------------
c 
c process time taken by individual solving procedures
c (percentage relative to process time for solving)
c 
c      1462.07   81.81% search
c       793.41   44.39% unstable
c       582.05   32.57% stable
c       325.18   18.19% simplify
c       110.35    6.17% congruence
c        87.99    4.92% sweep
c        85.67    4.79% walk
c        66.55    3.72% vivify
c        11.51    0.64% elim
c        10.66    0.60% probe
c         9.66    0.54% subsume
c         3.22    0.18% parse
c         1.91    0.11% ternary
c         0.95    0.05% lucky
c         0.08    0.00% backbone
c   =================================
c      1787.25   99.82% solve
c 
c last line shows process time for solving
c (percentage relative to total process time)
c 
c --- [ statistics ] ---------------------------------------------------------
c 
c chronological:            552377        40.15 %  of conflicts
c conflicts:               1375880       769.83    per second
c backbone:                1234922      7326.31 %  of vars
c decisions:               5527673      3092.84    per second
c eliminated:                 1465         8.69 %  of all variables
c fixed:                       710         4.21 %  of all variables
c learned:                 1316169        95.66 %  per conflict
c learned_lits:           94646945       100.00 %  learned literals
c minimized:                     0         0.00 %  learned literals
c shrunken:               22125933        23.38 %  learned literals
c minishrunken:           19740021        20.86 %  learned literals
c otfs:                      12457         0.91 %  of conflict
c propagations:         1054471928         0.59 M  per second
c reduced:                 1050137        76.32 %  per conflict
c rephased:                     51     26978.04    interval
c restarts:                  67810        20.29    interval
c stabilizing:                 104        53.57 %  of conflicts
c substituted:                1838        10.90 %  of all variables
c sweep equivs:                249         0.47 %  of swept variables
c subsumed:                2913028         9.40 %  of all clauses
c strengthened:              91759         0.30 %  of all clauses
c ticks:              208782938955       207.07    propagation
c vivified:                  15651         0.05 %  of all clauses
c walked:                       16     85992.50    interval
c weakened:                   8480         2.30    average size
c congruence:                   17     80934.12    interval
c 
c seconds are measured in process time for solving
c 
c --- [ glue usage ] ---------------------------------------------------------
c 
c focused glue 1 used 5294312 clauses 78.34% accumulated 78.34% tier1
c focused glue 2 used 872829 clauses 12.91% accumulated 91.25% tier2
c 
c stable glue 1 used 9359580 clauses 69.58% accumulated 69.58% tier1
c stable glue 2 used 1442761 clauses 10.72% accumulated 80.31% tier2
c 
c 
c --- [ resources ] ----------------------------------------------------------
c 
c total process time since initialization:      1790.47    seconds
c total real time since initialization:         1799.95    seconds
c maximum resident set size of process:         4645.92    MB
c 
c --- [ shutting down ] ------------------------------------------------------
c 
c exit 0
