c --- [ banner ] -------------------------------------------------------------
c 
c CaDiCaL SAT Solver
c Copyright (c) 2016-2026
c A. Biere, M. Fleury, N. Froleyks, K. Fazekas, F. Pollitt, T. Faller
c JKU Linz, University of Freiburg, TU Wien
c 
c Version 3.0.1 c60730422e758ef1cebe7aeddf2dda31c996bf04
c Apple clang version 17.0.0 (clang-1700.6.3.2) -Wall -Wextra -O3 -DNDEBUG -DNCLOSEFROM
c Wed Aug 12 12:29:40 CEST 2026 Darwin 192.168.1.2 24.6.0 arm64
c 
c --- [ limit ] --------------------------------------------------------------
c 
c setting time limit to 1800 seconds real time (due to '-t 1800')
c 
c --- [ parsing input ] ------------------------------------------------------
c 
c reading DIMACS file from 'results/cnf/shard_11110000.cnf'
c opening file to read 'results/cnf/shard_11110000.cnf'
c found 'p cnf 16856 28850119' header
c parsed 28850119 clauses in 2.18 seconds process time
c 
c --- [ options ] ------------------------------------------------------------
c 
c all options are set to their default value
c 
c --- [ solving ] ------------------------------------------------------------
c 
c time measured in process time since initialization
c 
c  seconds  reduction conflicts       size tier2         variables
c         MB    restarts   redundant    glue  trail           remaining
c          level     rate       size/glu tier1   irredundant
c 
c *  2.18  0  0 0   0  0    0    0 0.0 0 0 2 6  0% 2366936 12041 71%
c )  2.20  0  0 0   0  0    0    0 0.0 1 0 2 6 29% 2366936 12035 71%
c {  2.21  0  0 0   0  0    0    0 0.0 1 0 2 6 29% 2366936 12035 71%
c i  2.21  0  0 0   0  0    0    0 0.0 1 0 2 6 29% 2366936 12035 71%
c i  2.21  0  0 0   0  5    1    0 0.0 1 0 2 6 29% 2366936 12033 71%
c i  2.21  0  0 0   0  7    2    0 0.0 1 0 2 6 29% 2366936 12032 71%
c i  2.21  0 13 0   0  4   22   14 1.6 3 2 2 6 29% 2366936 12030 71%
c i  2.21  0 179 0   0  4  278  252 1.5 3 2 2 6 32% 2366936 12026 71%
c i  2.21  0 177 0   0  4  285  257 1.5 3 2 2 6 32% 2366936 12024 71%
c -  2.25  0 180 1   0  4  300  265 1.5 3 2 2 6 32% 2334612 12024 71%
c i  2.25  0 191 1   0  5  328  289 1.5 3 2 2 6 32% 2334612 12019 71%
c i  2.25  0 296 1   0  5  522  475 1.5 3 2 2 6 34% 2334612 12016 71%
c i  2.25  0 302 1   0  6  537  487 1.5 3 2 2 6 34% 2334612 12014 71%
c i  2.25  0 304 1   0  5  543  490 1.5 3 2 2 6 34% 2334612 12010 71%
c i  2.25  0 308 1   0  5  559  503 1.5 3 2 2 6 34% 2334612 12007 71%
c i  2.25  0 322 1   4  8  609  545 1.6 3 2 2 6 35% 2334612 12005 71%
c i  2.25  0 320 1   5  8  615  547 1.6 3 2 2 6 35% 2334612 12004 71%
c i  2.26  0 324 1  11 13  648  575 1.6 3 2 2 6 35% 2334612 12003 71%
c i  2.26  0 318 1  18 13  677  595 1.6 3 2 2 6 35% 2334612 11997 71%
c i  2.26  0 317 1  18 13  680  596 1.6 3 2 2 6 35% 2334612 11996 71%
c 
c  seconds   reduction conflicts       size tier2         variables
c         MB     restarts   redundant    glue  trail           remaining
c           level     rate       size/glu tier1   irredundant
c 
c i  2.26  0 309 1  23 13  698  611 1.6 3 2 2 6 35% 2334612 11995 71%
c i  2.26  0 321 1  43 21  798  700 1.5 3 2 2 6 37% 2334612 11993 71%
c i  2.26  0 317 1  47 21  809  710 1.5 3 2 2 6 37% 2334612 11988 71%
c i  2.26  0 315 1  47 21  817  717 1.6 3 2 2 6 37% 2334612 11985 71%
c i  2.26  0 313 1  48 21  823  721 1.6 3 2 2 6 37% 2334612 11980 71%
c i  2.26  0 313 1  48 21  824  721 1.6 3 2 2 6 37% 2334612 11978 71%
c i  2.26  0 308 1  52 21  838  733 1.6 3 2 2 6 37% 2334612 11974 71%
c i  2.26  0 306 1  54 21  846  740 1.6 3 2 2 6 37% 2334612 11972 71%
c i  2.26  0 305 1  55 21  848  741 1.6 3 2 2 6 37% 2334612 11971 71%
c i  2.26  0 301 1  58 21  864  753 1.6 3 2 2 6 37% 2334612 11963 71%
c i  2.26  0 301 1  58 21  865  753 1.6 3 2 2 6 37% 2334612 11961 71%
c i  2.26  0 299 1  58 21  873  756 1.6 3 2 2 6 37% 2334612 11960 71%
c i  2.26  0 296 1  58 21  882  760 1.6 3 2 2 6 37% 2334612 11958 71%
c i  2.26  0 295 1  58 21  884  761 1.6 3 2 2 6 37% 2334612 11956 71%
c i  2.26  0 293 1  58 21  891  765 1.6 3 2 2 6 37% 2334612 11955 71%
c i  2.26  0 292 1  58 20  895  767 1.6 3 2 2 6 37% 2334612 11954 71%
c i  2.26  0 292 1  58 20  896  767 1.6 3 2 2 6 37% 2334612 11949 71%
c i  2.26  0 291 1  58 20  897  767 1.6 3 2 2 6 37% 2334612 11946 71%
c i  2.26  0 291 1  58 20  899  768 1.6 3 2 2 6 37% 2334612 11941 71%
c i  2.26  0 289 1  58 20  905  772 1.6 3 2 2 6 37% 2334612 11932 71%
c 
c  seconds   reduction conflicts       size tier2         variables
c         MB     restarts   redundant    glue  trail           remaining
c           level     rate       size/glu tier1   irredundant
c 
c i  2.26  0 278 1  64 20  963  822 1.6 3 2 2 6 37% 2334612 11930 71%
c i  2.26  0 270 1  71 19  996  851 1.6 3 2 2 6 37% 2334612 11928 71%
c i  2.26  0 269 1  71 19  999  852 1.6 3 2 2 6 37% 2334612 11927 71%
c }  2.26  0 269 1  72 20 1001  854 1.6 3 2 2 6 37% 2334612 11927 71%
c [  2.26  0  0 1  72  0 1001  854 0.0 0 0 2 6  0% 2334612 11927 71%
c ]  2.27  0  0 1  72  0 1001  854 0.0 0 0 2 6  0% 2334612 11927 71%
c {  2.27  0 269 1  72 20 1001  854 1.6 3 2 2 6 37% 2334612 11927 71%
c O  2.27  0 269 1  72 19 1002  855 1.6 3 2 2 6 37% 2334612 11927 71%
c i  2.27  0 262 1  82 19 1037  883 1.6 3 2 2 6 37% 2334612 11926 71%
c i  2.27  0 261 1  83 19 1045  888 1.6 3 2 2 6 37% 2334612 11924 71%
c i  2.27  0 260 1  83 19 1047  889 1.6 3 2 2 6 37% 2334612 11914 71%
c i  2.27  0 260 1  83 19 1048  889 1.6 3 2 2 6 37% 2334612 11913 71%
c i  2.27  0 259 1  83 19 1054  893 1.6 3 2 2 6 37% 2334612 11910 71%
c i  2.27  0 258 1  83 19 1059  896 1.6 3 2 2 6 37% 2334612 11897 71%
c i  2.27  0 258 1  83 19 1063  898 1.6 3 2 2 6 37% 2334612 11895 71%
c i  2.27  0 257 1  83 19 1069  901 1.6 3 2 2 6 37% 2334612 11892 71%
c i  2.27  0 252 1  85 19 1113  934 1.6 3 2 2 6 37% 2334612 11890 71%
c i  2.27  0 250 1  88 18 1125  941 1.6 3 2 2 6 37% 2334612 11889 71%
c i  2.27  0 244 1  88 18 1152  960 1.6 3 2 2 6 37% 2334612 11888 71%
c i  2.27  0 241 1  91 18 1210 1011 1.6 3 2 2 6 37% 2334612 11876 70%
c 
c  seconds   reduction conflicts       size tier2         variables
c         MB     restarts   redundant    glue  trail           remaining
c           level     rate       size/glu tier1   irredundant
c 
c i  2.27  0 239 1  93 17 1223 1019 1.6 4 2 2 6 37% 2334612 11875 70%
c i  2.27  0 238 1  94 17 1227 1019 1.6 4 2 2 6 37% 2334612 11871 70%
c i  2.28  0 227 1 114 17 1304 1079 1.6 4 2 2 6 38% 2334612 11869 70%
c i  2.28  0 224 1 116 17 1326 1095 1.6 4 2 2 6 38% 2334612 11863 70%
c -  2.46  0 224 2 116 17 1326  982 1.6 4 2 2 6 38% 2333732 11863 70%
c i  2.47  0 219 2 126 17 1413 1059 1.6 4 2 2 6 38% 2333732 11861 70%
c i  2.47  0 218 2 127 17 1422 1064 1.6 4 2 2 6 38% 2333732 11858 70%
c i  2.47  0 218 2 128 17 1424 1065 1.6 4 2 2 6 38% 2333732 11857 70%
c i  2.47  0 215 2 134 17 1447 1082 1.6 4 2 2 6 38% 2333732 11849 70%
c i  2.47  0 214 2 135 17 1452 1085 1.6 4 2 2 6 38% 2333732 11847 70%
c i  2.47  0 214 2 135 17 1456 1087 1.6 4 2 2 6 38% 2333732 11837 70%
c i  2.47  0 212 2 136 17 1484 1111 1.6 4 2 2 6 38% 2333732 11834 70%
c i  2.47  0 212 2 136 17 1487 1113 1.6 4 2 2 6 38% 2333732 11831 70%
c i  2.47  0 211 2 136 17 1493 1116 1.6 4 2 2 6 38% 2333732 11829 70%
c i  2.47  0 211 2 136 17 1494 1116 1.6 4 2 2 6 38% 2333732 11828 70%
c i  2.47  0 210 2 136 17 1496 1117 1.6 4 2 2 6 38% 2333732 11824 70%
c i  2.47  0 206 2 143 16 1536 1150 1.6 4 2 2 6 38% 2333732 11823 70%
c i  2.47  0 205 2 144 16 1554 1165 1.6 4 2 2 6 38% 2333732 11822 70%
c i  2.48  0 190 2 175 15 1704 1287 1.6 4 2 2 6 38% 2333732 11821 70%
c i  2.49  0 184 2 198 16 1790 1358 1.6 4 2 2 6 39% 2333732 11819 70%
c 
c  seconds   reduction conflicts       size tier2         variables
c         MB     restarts   redundant    glue  trail           remaining
c           level     rate       size/glu tier1   irredundant
c 
c i  2.49  0 183 2 199 16 1794 1361 1.6 4 2 2 6 39% 2333732 11818 70%
c i  2.49  0 180 2 204 16 1831 1392 1.6 4 2 2 6 39% 2333732 11817 70%
c i  2.49  0 175 2 205 15 1901 1445 1.6 4 2 2 6 39% 2333732 11816 70%
c i  2.50  0 169 2 207 15 1984 1516 1.6 4 2 2 6 40% 2333732 11815 70%
c i  2.50  0 169 2 207 15 1990 1521 1.6 4 2 2 6 40% 2333732 11814 70%
c i  2.50  0 168 2 207 14 2008 1535 1.6 4 2 2 6 40% 2333732 11810 70%
c }  2.62  0 165 2 218 14 2060 1548 1.6 4 2 2 6 15% 2333412 11809 70%
c [  2.62  0  0 2 218  0 2060 1548 0.0 0 0 2 6  0% 2333412 11809 70%
c i  2.62  0 353 2 218 10 2122 1605 2.6 9 4 2 6 70% 2333412 11808 70%
c i  2.62  0 331 2 218  8 2141 1622 2.6 8 3 2 6 67% 2333412 11806 70%
c i  2.63  0 298 2 218  6 2198 1675 2.7 11 4 2 6 64% 2333412 11805 70%
c i  2.65  0 256 2 218  2 2832 2253 3.3 24 7 2 6 60% 2333412 11804 70%
c ]  2.65  0 255 2 218  2 2872 2292 3.3 24 7 2 6 60% 2333412 11804 70%
c {  2.65  0 165 2 218 14 2872 2292 1.6 4 2 2 6 15% 2333412 11804 70%
c i  2.65  0 164 2 221 14 2884 2301 1.6 4 2 2 6 14% 2333412 11803 70%
c i  2.65  0 163 2 224 14 2895 2309 1.6 4 2 2 6 13% 2333412 11800 70%
c i  2.65  0 163 2 224 14 2896 2309 1.6 4 2 2 6 13% 2333412 11791 70%
c i  2.66  0 161 2 231 14 2936 2343 1.6 4 2 2 6 14% 2333412 11789 70%
c i  2.66  0 160 2 235 14 2947 2352 1.6 4 2 2 6 14% 2333412 11788 70%
c i  2.66  0 159 2 240 14 2967 2367 1.6 4 2 2 6 14% 2333412 11776 70%
c 
c  seconds   reduction conflicts       size tier2         variables
c         MB     restarts   redundant    glue  trail           remaining
c           level     rate       size/glu tier1   irredundant
c 
c i  2.66  0 159 2 241 14 2969 2368 1.6 4 2 2 6 13% 2333412 11775 70%
c i  2.66  0 158 2 242 14 2978 2376 1.6 4 2 2 6 13% 2333412 11773 70%
c i  2.66  0 158 2 242 14 2989 2384 1.6 4 2 2 6 14% 2333412 11771 70%
c i  2.66  0 157 2 242 14 2990 2384 1.6 4 2 2 6 14% 2333412 11770 70%
c i  2.66  0 157 2 242 14 3003 2394 1.6 4 2 2 6 15% 2333412 11769 70%
c O  2.66  0 157 2 243 14 3004 2395 1.6 4 2 2 6 15% 2333412 11769 70%
c i  2.66  0 155 2 243 14 3044 2422 1.7 4 2 2 6 16% 2333412 11765 70%
c i  2.66  0 154 2 246 14 3060 2432 1.7 4 2 2 6 16% 2333412 11764 70%
c i  2.66  0 154 2 246 14 3061 2432 1.7 4 2 2 6 16% 2333412 11760 70%
c i  2.66  0 154 2 246 14 3062 2432 1.7 4 2 2 6 16% 2333412 11759 70%
c i  2.66  0 153 2 246 14 3063 2432 1.7 4 2 2 6 16% 2333412 11757 70%
c i  2.67  0 151 2 252 13 3108 2469 1.7 4 2 2 6 16% 2333412 11755 70%
c i  2.67  0 151 2 252 13 3117 2476 1.7 4 2 2 6 17% 2333412 11754 70%
c i  2.67  0 151 2 252 13 3118 2476 1.7 4 2 2 6 17% 2333412 11753 70%
c i  2.67  0 150 2 252 13 3120 2476 1.7 4 2 2 6 17% 2333412 11752 70%
c i  2.67  0 150 2 252 13 3127 2482 1.7 4 2 2 6 18% 2333412 11751 70%
c i  2.67  0 150 2 252 13 3139 2492 1.7 4 2 2 6 19% 2333412 11744 70%
c i  2.68  0 146 2 272 13 3223 2562 1.7 4 2 2 6 22% 2333412 11742 70%
c i  2.68  0 145 2 278 13 3251 2588 1.7 4 2 2 6 22% 2333412 11740 70%
c i  2.71  0 139 2 317 14 3390 2710 1.7 4 2 2 6 24% 2333412 11738 70%
c 
c  seconds   reduction conflicts       size tier2         variables
c         MB     restarts   redundant    glue  trail           remaining
c           level     rate       size/glu tier1   irredundant
c 
c i  2.71  0 140 2 319 13 3436 2750 1.7 4 2 2 6 26% 2333412 11733 70%
c -  2.81  0 139 3 321 13 3480 2416 1.7 4 2 2 6 25% 2332962 11733 70%
c i  2.81  0 139 3 321 13 3511 2438 1.7 4 2 2 6 25% 2332962 11730 70%
c i  2.81  0 138 3 321 13 3522 2443 1.7 4 2 2 6 25% 2332962 11729 70%
c i  2.81  0 138 3 321 13 3530 2446 1.7 4 2 2 6 25% 2332962 11728 70%
c i  2.81  0 138 3 321 13 3535 2449 1.7 4 2 2 6 25% 2332962 11724 70%
c i  2.81  0 137 3 321 13 3545 2456 1.7 4 2 2 6 24% 2332962 11722 70%
c i  2.81  0 137 3 324 13 3563 2470 1.7 4 2 2 6 24% 2332962 11713 69%
c i  2.82  0 136 3 324 13 3605 2501 1.7 4 2 2 6 24% 2332962 11712 69%
c i  2.82  0 135 3 326 13 3634 2524 1.7 4 2 2 6 23% 2332962 11706 69%
c i  2.82  0 134 3 326 13 3637 2526 1.7 4 2 2 6 23% 2332962 11705 69%
c i  2.82  0 134 3 326 13 3646 2533 1.7 4 2 2 6 23% 2332962 11704 69%
c i  2.82  0 133 3 335 13 3723 2596 1.7 4 2 2 6 23% 2332962 11703 69%
c i  2.83  0 131 3 341 13 3803 2666 1.7 4 2 2 6 23% 2332962 11702 69%
c i  2.83  0 130 3 342 13 3827 2687 1.7 4 2 2 6 23% 2332962 11699 69%
c i  2.83  0 130 3 342 13 3835 2693 1.7 4 2 2 6 22% 2332962 11698 69%
c i  2.83  0 130 3 342 13 3837 2694 1.7 4 2 2 6 22% 2332962 11697 69%
c i  2.83  0 130 3 342 13 3840 2695 1.7 4 2 2 6 22% 2332962 11695 69%
c i  2.83  0 129 3 342 13 3847 2701 1.7 4 2 2 6 22% 2332962 11693 69%
c i  2.83  0 129 3 342 13 3848 2701 1.7 4 2 2 6 22% 2332962 11691 69%
c 
c  seconds   reduction conflicts       size tier2         variables
c         MB     restarts   redundant    glue  trail           remaining
c           level     rate       size/glu tier1   irredundant
c 
c i  2.83  0 129 3 342 13 3854 2705 1.7 4 2 2 6 22% 2332962 11690 69%
c i  2.83  0 129 3 342 13 3863 2711 1.7 4 2 2 6 22% 2332962 11689 69%
c i  2.83  0 128 3 342 13 3877 2723 1.7 4 2 2 6 22% 2332962 11687 69%
c i  2.83  0 126 3 351 12 3961 2785 1.7 4 2 2 6 22% 2332962 11686 69%
c i  2.84  0 124 3 356 12 4046 2855 1.7 4 2 2 6 22% 2332962 11684 69%
c i  2.84  0 124 3 356 12 4050 2855 1.7 4 2 2 6 22% 2332962 11683 69%
c i  2.84  0 124 3 356 12 4063 2865 1.7 4 2 2 6 22% 2332962 11682 69%
c 2  2.86  0 124 3 356 12 4063 2849 1.7 4 2 2 6 22% 1892908 11675 69%
c d  2.89  0 124 3 356 12 4063 2749 1.7 4 2 2 6 22% 1888807 9949 59%
c d  2.92  0 124 3 356 12 4063 2742 1.7 4 2 2 6 22% 1888512 9866 59%
c p  2.92  0 124 3 356 12 4063 5010 1.7 4 2 2 6 22% 1888512 9866 59%
c c  6.69  0 124 3 356 12 4063 5001 1.7 4 2 2 6 22% 1889456 9582 57%
c d  6.72  0 124 3 356 12 4063 4875 1.7 4 2 2 6 22% 1885894 8508 50%
c d  6.75  0 124 3 356 12 4063 4874 1.7 4 2 2 6 22% 1885829 8489 50%
c k  6.75  0 124 3 356 12 4063 4874 1.7 4 2 2 6 22% 1885829 8478 50%
c 2  6.76  0 124 3 356 12 4063 4395 1.7 4 2 2 6 22% 1884866 8475 50%
c t  6.77  0 124 3 356 12 4063 4395 1.7 4 2 2 6 22% 1883862 8467 50%
c i  6.78  0 122 3 359 12 4184 4495 1.7 4 2 2 6 22% 1883862 8465 50%
c i  6.78  0 122 3 359 12 4187 4497 1.7 4 2 2 6 22% 1883862 8464 50%
c i  6.78  0 121 3 359 12 4201 4506 1.7 4 2 2 6 22% 1883862 8463 50%
c 
c  seconds   reduction conflicts       size tier2        variables
c         MB     restarts   redundant    glue  trail          remaining
c           level     rate       size/glu tier1   irredundant
c 
c i  6.78  0 121 3 360 12 4203 4506 1.7 4 2 2 6 22% 1883862 8462 50%
c i  6.78  0 120 3 366 12 4254 4544 1.7 4 2 2 6 22% 1883862 8461 50%
c i  6.78  0 119 3 369 12 4285 4562 1.7 4 2 2 6 22% 1883862 8460 50%
c i  6.78  0 119 3 370 12 4313 4584 1.7 4 2 2 6 22% 1883862 8459 50%
c i  6.78  0 118 3 370 12 4339 4601 1.7 4 2 2 6 21% 1883862 8456 50%
c i  6.78  0 117 3 373 11 4383 4637 1.7 4 2 2 6 21% 1883862 8454 50%
c i  6.78  0 117 3 374 11 4404 4654 1.7 4 2 2 6 21% 1883862 8451 50%
c i  6.78  0 116 3 377 11 4419 4665 1.7 4 2 2 6 21% 1883862 8449 50%
c i  6.78  0 116 3 378 11 4424 4669 1.7 4 2 2 6 21% 1883862 8448 50%
c i  6.78  0 116 3 378 11 4426 4670 1.7 4 2 2 6 21% 1883862 8447 50%
c i  6.78  0 116 3 378 11 4437 4676 1.7 4 2 2 6 21% 1883862 8445 50%
c i  6.78  0 116 3 378 11 4448 4683 1.7 4 2 2 6 21% 1883862 8444 50%
c }  6.78  0 116 3 378 11 4454 4687 1.7 4 2 2 6 21% 1883862 8444 50%
c [  6.78  0 255 3 378  2 4454 4687 3.3 24 7 2 6 60% 1883862 8444 50%
c i  6.78  0 245 3 378  2 4500 4725 3.3 23 7 2 6 58% 1883862 8441 50%
c i  6.78  0 244 3 378  2 4504 4728 3.3 23 7 2 6 57% 1883862 8440 50%
c i  6.79  0 234 3 378  2 4547 4766 3.2 22 7 2 6 56% 1883862 8437 50%
c i  6.79  0 232 3 378  2 4557 4772 3.2 22 7 2 6 55% 1883862 8436 50%
c i  6.79  0 228 3 378  2 4577 4789 3.2 22 7 2 6 54% 1883862 8433 50%
c i  6.79  0 209 3 379  2 4711 4908 3.1 20 6 2 6 52% 1883862 8430 50%
c 
c  seconds   reduction conflicts       size  tier2        variables
c         MB     restarts   redundant     glue  trail          remaining
c           level     rate       size/glue tier1   irredundant
c 
c i  6.79  0 208 3 379  2 4720 4911 3.1 20 6 2 6 51% 1883862 8429 50%
c i  6.79  0 206 3 379  3 4735 4925 3.1 20 6 2 6 51% 1883862 8426 50%
c i  6.80  0 203 3 379  3 4752 4938 3.1 20 6 2 6 50% 1883862 8425 50%
c i  6.80  0 202 3 379  3 4759 4942 3.1 20 6 2 6 50% 1883862 8422 50%
c i  6.82  0 162 3 379  3 5124 5258 2.9 17 6 2 4 41% 1883862 8421 50%
c i  6.85  0 130 3 380  3 5997 6036 2.7 16 6 1 2 34% 1883862 8420 50%
c I  6.85  0 130 3 380  3 6005 6040 2.7 16 6 1 2 34% 1883862 8420 50%
c i  6.85  0 130 3 380  3 6005 6040 2.7 16 6 1 2 34% 1883862 8419 50%
c ]  6.86  0 127 3 380  3 6060 6092 2.7 16 6 1 2 34% 1883862 8419 50%
c {  6.86  0 116 3 380 11 6060 6092 1.7 4 2 2 6 21% 1883862 8419 50%
c i  6.96  0 115 3 390 11 6104 6071 1.7 4 2 2 6 23% 1883353 8418 50%
c i  6.97  0 113 3 402 11 6161 6120 1.7 4 2 2 6 18% 1883353 8414 50%
c i  6.97  0 113 3 405 11 6170 6126 1.7 4 2 2 6 17% 1883353 8411 50%
c i  6.97  0 113 3 410 11 6187 6142 1.7 4 2 2 6 16% 1883353 8410 50%
c i  6.98  0 111 3 421 11 6234 6179 1.7 4 2 2 6 14% 1883353 8409 50%
c i  6.98  0 110 3 442 11 6313 6242 1.7 4 2 2 6 16% 1883353 8408 50%
c i  6.98  0 110 3 444 11 6318 6246 1.7 4 2 2 6 16% 1883353 8407 50%
c i  6.98  0 110 3 444 11 6321 6247 1.7 4 2 2 6 16% 1883353 8406 50%
c i  6.99  0 108 3 454 11 6374 6292 1.7 4 2 2 6 16% 1883353 8405 50%
c i  6.99  0 108 3 454 11 6381 6297 1.7 4 2 2 6 16% 1883353 8403 50%
c 
c  seconds   reduction conflicts       size tier2        variables
c         MB     restarts   redundant    glue  trail          remaining
c           level     rate       size/glu tier1   irredundant
c 
c i  7.00  0 107 3 466 11 6439 6347 1.7 4 2 2 6 17% 1883353 8402 50%
c i  7.00  0 107 3 466 11 6442 6348 1.7 4 2 2 6 17% 1883353 8400 50%
c i  7.00  0 107 3 466 11 6450 6355 1.7 4 2 2 6 17% 1883353 8398 50%
c i  7.01  0 104 3 485 11 6568 6459 1.7 4 2 2 6 17% 1883353 8397 50%
c i  7.01  0 104 3 494 11 6605 6490 1.7 4 2 2 6 16% 1883353 8396 50%
c i  7.01  0 104 3 494 11 6606 6490 1.7 4 2 2 6 16% 1883353 8394 50%
c i  7.01  0 103 3 496 11 6618 6499 1.7 4 2 2 6 17% 1883353 8392 50%
c i  7.01  0 103 3 504 11 6655 6521 1.7 4 2 2 6 17% 1883353 8390 50%
c i  7.02  0 101 3 524 11 6752 6600 1.7 4 3 2 6 16% 1883353 8388 50%
c i  7.03  0 100 3 534 11 6787 6630 1.7 4 3 2 6 17% 1883353 8385 50%
c -  7.13  0 98 4 574 11 6973 4461 1.7 4 3 2 6 19% 1883120 8385 50%
c 2  7.13  0 98 4 574 11 6973 4449 1.7 4 3 2 6 19% 1883089 8384 50%
c d  7.16  0 98 4 574 11 6973 4395 1.7 4 3 2 6 19% 1882896 8310 49%
c d  7.18  0 98 4 574 11 6973 4393 1.7 4 3 2 6 19% 1882878 8307 49%
c c  7.71  0 98 4 574 11 6973 4385 1.7 4 3 2 6 19% 1883335 8292 49%
c d  7.74  0 98 4 574 11 6973 4337 1.7 4 3 2 6 19% 1882972 8146 48%
c k  7.74  0 98 4 574 11 6973 4337 1.7 4 3 2 6 19% 1882972 8086 48%
c 2  7.75  0 98 4 574 11 6973 4331 1.7 4 3 2 6 19% 1882788 8086 48%
c t  7.76  0 98 4 574 11 6973 4331 1.7 4 3 2 6 19% 1881825 8086 48%
c i  7.77  0 98 4 576 11 6983 4339 1.7 4 3 2 6 19% 1881825 8083 48%
c 
c  seconds  reduction conflicts       size tier2        variables
c         MB    restarts   redundant    glue  trail          remaining
c          level     rate       size/glu tier1   irredundant
c 
c i  7.77  0 98 4 578 11 6992 4346 1.7 4 3 2 6 19% 1881825 8081 48%
c i  7.77  0 97 4 589 11 7041 4382 1.7 4 3 2 6 19% 1881824 8079 48%
c i  7.78  0 96 4 608 11 7140 4463 1.7 4 3 1 2 19% 1881824 8078 48%
c }  7.79  0 95 4 617 11 7207 4521 1.7 4 3 1 2 20% 1881824 8078 48%
c [  7.79  0 127 4 617  3 7207 4521 2.7 16 6 1 2 47% 1881824 8078 48%
c i  7.81  0 111 4 617  3 8099 5338 2.7 17 6 1 2 48% 1881824 8077 48%
c i  7.84  0 103 4 617  3 8760 5945 2.8 18 6 1 2 48% 1881824 8076 48%
c i  7.84  0 103 4 617  3 8778 5959 2.8 18 6 1 2 48% 1881824 8073 48%
c i  7.89  0 89 4 618  3 9859 6955 2.6 17 7 1 2 46% 1881824 8071 48%
c i  7.90  0 87 4 618  3 10007 7082 2.6 17 7 1 2 46% 1881824 8070 48%
c B  7.90  0 87 4 618  3 10008 7083 2.6 17 7 1 2 46% 1881824 8070 48%
c i  7.90  0 87 4 618  3 10014 7088 2.6 17 7 1 2 45% 1881824 8069 48%
c i  7.90  0 87 4 618  3 10015 7088 2.6 17 7 1 2 45% 1881824 8068 48%
c i  7.91  0 86 4 619  3 10295 7331 2.6 17 7 1 2 45% 1881824 8067 48%
c i  7.91  0 85 4 619  3 10365 7396 2.6 17 6 1 2 45% 1881824 8066 48%
c i  7.93  0 82 4 619  3 10894 7884 2.6 17 7 1 2 44% 1881824 8064 48%
c ]  7.94  0 81 4 619  3 11069 8036 2.6 18 7 1 2 44% 1881824 8064 48%
c {  7.94  0 95 4 619 11 11069 8036 1.7 4 3 1 2 20% 1881824 8064 48%
c i  7.95  0 94 4 641 11 11147 8108 1.7 4 3 1 2 20% 1881824 8062 48%
c i  7.98  0 91 4 697 11 11365 8294 1.7 5 3 1 2 20% 1881824 8059 48%
c 
c  seconds  reductions conflicts       size tier2        variables
c         MB    restarts    redundant    glue  trail          remaining
c          level     rate        size/glu tier1   irredundant
c 
c i  7.99  0 89 4 734 11 11503 8414 1.7 5 3 1 2 19% 1881824 8058 48%
c i  7.99  0 89 4 735 11 11508 8417 1.7 5 3 1 2 19% 1881824 8057 48%
c i  7.99  0 89 4 741 11 11527 8435 1.7 5 3 1 2 19% 1881824 8052 48%
c i  7.99  0 88 4 759 11 11597 8490 1.7 5 3 1 2 19% 1881824 8050 48%
c -  8.08  0 87 5 785 11 11721 4873 1.7 5 3 1 2 19% 1881093 8047 48%
c 2  8.08  0 87 5 785 11 11721 4863 1.7 5 3 1 2 19% 1881048 8045 48%
c d  8.11  0 87 5 785 11 11721 4824 1.7 5 3 1 2 19% 1880874 7977 47%
c d  8.13  0 87 5 785 11 11721 4822 1.7 5 3 1 2 19% 1880856 7973 47%
c c  8.63  0 87 5 785 11 11721 4816 1.7 5 3 1 2 19% 1881228 7972 47%
c d  8.67  0 87 5 785 11 11721 4806 1.7 5 3 1 2 19% 1881156 7941 47%
c k  8.67  0 87 5 785 11 11721 4806 1.7 5 3 1 2 19% 1881156 7909 47%
c 2  8.68  0 87 5 785 11 11721 4801 1.7 5 3 1 2 19% 1881113 7908 47%
c t  8.69  0 87 5 785 11 11721 4801 1.7 5 3 1 2 19% 1879233 7908 47%
c i  8.76  0 83 5 885 11 12103 5135 1.7 5 3 1 2 19% 1879233 7906 47%
c i  8.76  0 83 5 885 11 12105 5136 1.7 5 3 1 2 19% 1879233 7905 47%
c i  8.76  0 83 5 885 11 12110 5138 1.7 5 3 1 2 19% 1879233 7902 47%
c i  8.76  0 83 5 885 11 12151 5173 1.7 5 3 1 2 19% 1879233 7899 47%
c i  8.82  0 81 5 944 10 12397 5393 1.8 5 3 1 2 19% 1879233 7898 47%
c i  8.82  0 80 5 944 10 12442 5432 1.8 5 3 1 2 19% 1879233 7896 47%
c i  8.87  0 78 5 993 10 12679 5640 1.8 5 3 1 2 19% 1879233 7895 47%
c 
c  seconds  reductions conflicts       size tier2        variables
c         MB    restarts    redundant    glue  trail          remaining
c          level     rate        size/glu tier1   irredundant
c 
c }  8.88  0 78 5 999 10 12703 5658 1.8 5 3 1 2 19% 1879233 7895 47%
c [  8.88  0 81 5 999  3 12703 5658 2.6 18 7 1 2 44% 1879233 7895 47%
c W  9.20  0 73 5 1000  3 15009 7694 2.8 21 8 1 2 43% 1878900 7895 47%
c s  9.27  0 72 5 1001  3 15238 7848 2.8 22 8 1 2 43% 1738420 7895 47%
c t  9.31  0 72 5 1001  3 15238 7838 2.8 22 8 1 2 43% 1732409 7895 47%
c e  9.39  0 72 5 1001  3 15238 5012 2.8 22 8 1 2 43% 1729226 6981 41%
c s  9.43  0 72 5 1001  3 15238 5012 2.8 22 8 1 2 43% 1629779 6981 41%
c e  9.47  0 72 5 1001  3 15238 5012 2.8 22 8 1 2 43% 1629768 6976 41%
c ]  9.65  0 68 5 1001  3 16726 6308 2.7 21 8 1 2 54% 1629767 6976 41%
c {  9.65  0 78 5 1001 10 16726 6308 1.8 5 3 1 2 23% 1629767 6976 41%
c i  9.68  0 75 5 1064 10 17157 6683 1.8 5 3 1 2 23% 1629765 6975 41%
c i  9.69  0 75 5 1079 10 17217 6734 1.8 5 3 1 2 23% 1629765 6974 41%
c i  9.69  0 75 5 1080 10 17221 6736 1.8 5 3 1 2 23% 1629765 6972 41%
c i  9.69  0 75 5 1080 10 17224 6738 1.8 5 3 1 2 23% 1629765 6970 41%
c i  9.73  0 71 5 1154 10 17703 7155 1.8 5 3 1 2 22% 1629761 6969 41%
c i  9.73  0 71 5 1177 10 17794 7236 1.8 5 3 1 2 22% 1629759 6968 41%
c i  9.74  0 71 5 1186 10 17835 7269 1.8 5 3 1 2 22% 1629758 6965 41%
c -  9.81  0 70 6 1196 10 17876 4798 1.8 5 3 1 2 22% 1629660 6965 41%
c 2  9.82  0 70 6 1196 10 17876 4778 1.8 5 3 1 2 22% 1628865 6961 41%
c d  9.85  0 70 6 1196 10 17876 4770 1.8 5 3 1 2 22% 1628800 6952 41%
c 
c  seconds  reductions  conflicts       size tier2        variables
c         MB    restarts     redundant    glue  trail          remaining
c          level      rate        size/glu tier1   irredundant
c 
c c 10.25  0 70 6 1196 10 17876 4767 1.8 5 3 1 2 22% 1630046 6948 41%
c d 10.27  0 70 6 1196 10 17876 4761 1.8 5 3 1 2 22% 1629994 6930 41%
c k 10.30  0 70 6 1196 10 17876 4759 1.8 5 3 1 2 22% 1629990 6911 41%
c 2 10.30  0 70 6 1196 10 17876 4755 1.8 5 3 1 2 22% 1629977 6911 41%
c = 10.44  0 70 6 1196 10 17876 4711 1.8 5 3 1 2 22% 1629344 6777 40%
c t 10.45  0 70 6 1196 10 17876 4711 1.8 5 3 1 2 22% 1627430 6777 40%
c i 10.47  0 69 6 1247 10 18149 4944 1.8 5 3 1 2 22% 1627429 6776 40%
c i 10.47  0 69 6 1248 10 18183 4971 1.8 5 3 1 2 22% 1627429 6773 40%
c i 10.48  0 68 6 1260 10 18265 5042 1.8 5 3 1 2 22% 1627429 6772 40%
c i 10.48  0 68 6 1261 10 18267 5043 1.8 5 3 1 2 22% 1627429 6771 40%
c i 10.49  0 68 6 1283 10 18347 5112 1.8 5 3 1 2 22% 1627428 6768 40%
c i 10.49  0 68 6 1289 10 18387 5147 1.8 5 3 1 2 22% 1627428 6767 40%
c i 10.50  0 67 6 1305 10 18473 5225 1.8 5 3 1 2 22% 1627427 6766 40%
c i 10.50  0 67 6 1309 10 18495 5243 1.8 5 3 1 2 22% 1627427 6764 40%
c i 10.50  0 67 6 1315 10 18531 5272 1.8 5 3 1 2 22% 1627427 6760 40%
c i 10.50  0 67 6 1315 10 18542 5281 1.8 5 3 1 2 22% 1627427 6758 40%
c i 10.57  0 63 6 1479  9 19327 5984 1.8 5 3 1 2 21% 1627425 6757 40%
c i 10.57  0 63 6 1480  9 19328 5984 1.8 5 3 1 2 21% 1627425 6755 40%
c i 10.61  0 62 6 1547  9 19706 6320 1.8 6 3 1 2 22% 1627424 6754 40%
c i 10.64  0 60 6 1632  9 20166 6733 1.8 6 3 1 2 22% 1627422 6751 40%
c 
c  seconds  reductions  conflicts       size tier2        variables
c         MB    restarts     redundant    glue  trail          remaining
c          level      rate        size/glu tier1   irredundant
c 
c } 10.70  0 58 6 1753  9 20736 7228 1.8 6 3 1 2 21% 1627422 6751 40%
c [ 10.70  0 68 6 1753  3 20736 7228 2.7 21 8 1 2 54% 1627422 6751 40%
c O 10.71  0 67 6 1753  3 21013 7482 2.7 22 8 1 2 56% 1627422 6751 40%
c i 10.71  0 67 6 1753  3 21014 7482 2.7 22 8 1 2 56% 1627422 6750 40%
c i 10.97  0 55 6 1755  2 25045 10740 2.5 20 8 1 2 50% 1627420 6749 40%
c ] 10.98  0 55 6 1755  2 25205 10873 2.5 20 8 1 2 50% 1627420 6749 40%
c { 10.98  0 58 6 1755  9 25205 10873 1.8 6 3 1 2 21% 1627420 6749 40%
c - 11.07  0 58 7 1773  9 25268 6839 1.8 6 3 1 2 21% 1627183 6749 40%
c 2 11.07  0 58 7 1773  9 25268 6829 1.8 6 3 1 2 21% 1627157 6749 40%
c d 11.10  0 58 7 1773  9 25268 6824 1.8 6 3 1 2 21% 1627129 6739 40%
c c 11.47  0 58 7 1773  9 25268 6824 1.8 6 3 1 2 21% 1627648 6738 40%
c d 11.49  0 58 7 1773  9 25268 6820 1.8 6 3 1 2 21% 1627643 6737 40%
c k 11.50  0 58 7 1773  9 25268 6820 1.8 6 3 1 2 21% 1627643 6735 40%
c 2 11.51  0 58 7 1773  9 25268 6819 1.8 6 3 1 2 21% 1627640 6735 40%
c t 11.52  0 58 7 1773  9 25268 6819 1.8 6 3 1 2 21% 1621797 6735 40%
c i 11.53  0 58 7 1776  9 25285 6831 1.8 6 3 1 2 21% 1621797 6733 40%
c i 11.53  0 58 7 1777  9 25288 6832 1.8 6 3 1 2 21% 1621797 6732 40%
c i 11.53  0 58 7 1780  9 25316 6852 1.8 6 3 1 2 21% 1621797 6731 40%
c i 11.53  0 58 7 1780  9 25318 6853 1.8 6 3 1 2 21% 1621797 6729 40%
c i 11.53  0 58 7 1785  9 25431 6940 1.8 6 3 1 2 21% 1621797 6728 40%
c 
c  seconds  reductions  conflicts       size tier2        variables
c         MB    restarts     redundant    glue  trail          remaining
c          level      rate        size/glu tier1   irredundant
c 
c i 11.53  0 58 7 1785  9 25456 6960 1.8 6 3 1 2 21% 1621797 6726 40%
c i 11.59  0 56 7 1939  9 26134 7563 1.8 6 3 1 2 21% 1621796 6725 40%
c i 11.71  0 52 7 2234  8 27756 9000 1.8 6 3 1 2 21% 1621794 6724 40%
c i 11.74  0 52 7 2281  8 28005 9221 1.8 6 3 1 2 21% 1621794 6723 40%
c # 11.74  0 52 7 2284  8 28014 9230 1.8 6 3 1 2 21% 1621794 6720 40%
c i 11.86  0 48 7 2544  8 29609 10631 1.8 6 3 1 2 22% 1621790 6719 40%
c i 11.86  0 48 7 2544  8 29614 10634 1.8 6 3 1 2 22% 1621790 6718 40%
c i 11.87  0 48 7 2573  8 29761 10759 1.8 6 3 1 2 22% 1621789 6717 40%
c i 11.88  0 48 7 2585  8 29874 10859 1.8 6 3 1 2 22% 1621789 6714 40%
c i 11.89  0 48 7 2618  8 30063 11030 1.8 6 3 1 2 22% 1621788 6713 40%
c } 11.96  0 47 7 2756  8 30731 11630 1.8 6 4 1 2 22% 1621788 6713 40%
c [ 11.96  0 55 7 2756  2 30731 11630 2.5 20 8 1 2 50% 1621788 6713 40%
c i 11.96  0 55 7 2756  2 30740 11637 2.5 20 8 1 2 50% 1621788 6711 40%
c i 12.06  0 53 7 2757  2 31806 12604 2.5 21 8 1 2 48% 1621788 6707 40%
c - 12.37  0 53 8 2758  2 34057 9477 2.5 23 9 1 2 50% 1621556 6707 40%
c 2 12.37  0 53 8 2758  2 34057 9469 2.5 23 9 1 2 50% 1621551 6707 40%
c d 12.40  0 53 8 2758  2 34057 9443 2.5 23 9 1 2 50% 1621513 6689 40%
c c 12.77  0 53 8 2758  2 34057 9441 2.5 23 9 1 2 50% 1622942 6689 40%
c d 12.79  0 53 8 2758  2 34057 9441 2.5 23 9 1 2 50% 1622939 6688 40%
c k 12.80  0 53 8 2758  2 34057 9441 2.5 23 9 1 2 50% 1622939 6683 40%
c 
c  seconds  reductions  conflicts       size  tier2        variables
c         MB    restarts     redundant     glue  trail          remaining
c          level      rate        size/glue tier1   irredundant
c 
c 2 12.80  0 53 8 2758  2 34057 9440 2.5 23 9 1 2 50% 1622938 6683 40%
c = 12.99  0 53 8 2758  2 34057 9359 2.5 23 9 1 2 50% 1622732 6631 39%
c t 13.01  0 53 8 2758  2 34057 9359 2.5 23 9 1 2 50% 1615796 6631 39%
c ] 13.09  0 51 8 2759  2 34864 10047 2.4 23 9 1 2 50% 1615796 6631 39%
c { 13.09  0 47 8 2759  8 34864 10047 1.8 6 4 1 2 22% 1615796 6631 39%
c i 13.13  0 46 8 2815  8 35141 10301 1.8 7 4 1 2 22% 1615796 6630 39%
c i 13.14  0 46 8 2815  8 35267 10409 1.8 7 4 1 2 22% 1615796 6627 39%
c i 13.20  0 45 8 2891  8 35819 10882 1.8 7 4 1 2 22% 1615795 6625 39%
c i 13.20  0 45 8 2891  8 35825 10887 1.8 7 4 1 2 22% 1615795 6620 39%
c i 13.20  0 45 8 2900  8 35947 10975 1.8 7 4 1 2 22% 1615795 6614 39%
c B 13.21  0 45 8 2915  8 36015 11038 1.8 7 4 1 2 22% 1615795 6614 39%
c i 13.24  0 44 8 2974  8 36371 11353 1.9 7 4 1 2 22% 1615795 6612 39%
c i 13.28  0 43 8 3035  8 36821 11727 1.9 7 4 1 2 22% 1615795 6610 39%
c i 13.46  0 41 8 3357  7 38633 13320 1.9 7 4 1 2 22% 1615792 6607 39%
c i 13.46  0 41 8 3357  7 38654 13332 1.9 7 4 1 2 22% 1615792 6605 39%
c i 13.46  0 41 8 3357  7 38671 13347 1.9 7 4 1 2 22% 1615792 6603 39%
c i 13.53  0 40 8 3460  7 39235 13827 1.9 7 4 1 2 22% 1615791 6601 39%
c i 13.60  0 40 8 3590  7 39784 14287 1.9 7 4 1 2 22% 1615791 6593 39%
c i 13.62  0 40 8 3611  7 39898 14382 1.9 7 4 1 2 22% 1615791 6591 39%
c i 13.63  0 39 8 3634  7 40110 14552 1.9 7 4 1 2 22% 1615791 6588 39%
c 
c  seconds  reductions  conflicts        size tier2        variables
c         MB    restarts      redundant    glue  trail          remaining
c          level      rate         size/glu tier1   irredundant
c 
c } 13.70  0 39 8 3705  7 40606 14974 1.9 7 4 1 2 22% 1615791 6588 39%
c [ 13.70  0 51 8 3705  2 40606 14974 2.4 23 9 1 2 50% 1615791 6588 39%
c - 14.31  0 47 9 3707  2 44252 11610 2.4 23 10 1 2 45% 1368633 6588 39%
c 2 14.31  0 47 9 3707  2 44252 11585 2.4 23 10 1 2 45% 1368610 6581 39%
c d 14.33  0 47 9 3707  2 44252 11495 2.4 23 10 1 2 45% 1368507 6551 39%
c d 14.35  0 47 9 3707  2 44252 11465 2.4 23 10 1 2 45% 1368483 6542 39%
c c 14.66  0 47 9 3707  2 44252 11458 2.4 23 10 1 2 45% 1369655 6540 39%
c d 14.68  0 47 9 3707  2 44252 11430 2.4 23 10 1 2 45% 1369630 6532 39%
c 2 14.68  0 47 9 3707  2 44252 11419 2.4 23 10 1 2 45% 1369617 6532 39%
c = 14.80  0 47 9 3707  2 44252 11388 2.4 23 10 1 2 45% 1369580 6516 39%
c t 14.82  0 47 9 3707  2 44252 11388 2.4 23 10 1 2 45% 1364016 6516 39%
c ] 14.86  0 47 9 3707  2 44482 11594 2.4 23 10 1 2 45% 1364016 6516 39%
c { 14.86  0 39 9 3707  7 44482 11594 1.9 7 4 1 2 22% 1364016 6516 39%
c i 14.86  0 39 9 3713  7 44509 11618 1.9 7 4 1 2 22% 1364016 6506 39%
c i 14.91  0 38 9 3786  7 44899 11964 1.9 7 4 1 2 22% 1364016 6501 39%
c W 15.12  0 38 9 3811  7 45016 12005 1.9 7 4 1 2 22% 1343748 6501 39%
c i 15.16  0 38 9 3865  7 45248 12204 1.9 7 4 1 2 22% 1343748 6500 39%
c i 15.22  0 37 9 3990  7 45938 12799 1.9 7 4 1 2 22% 1343747 6499 39%
c i 15.22  0 37 9 3990  7 45985 12821 1.9 7 4 1 2 22% 1343747 6497 39%
c s 15.36  0 36 9 4128  7 46711 13443 1.9 8 4 1 2 22% 1155764 6497 39%
c 
c  seconds  reductions  conflicts        size tier2        variables
c         MB    restarts      redundant    glue  trail          remaining
c          level      rate         size/glu tier1   irredundant
c 
c t 15.38  0 36 9 4128  7 46711 13443 1.9 8 4 1 2 22% 1154984 6497 39%
c e 15.42  0 36 9 4128  7 46711 11319 1.9 8 4 1 2 22% 1129552 6259 37%
c s 15.47  0 36 9 4128  7 46711 11319 1.9 8 4 1 2 22% 1004485 6259 37%
c i 15.58  0 36 9 4172  7 46964 11388 1.9 8 4 1 2 15% 1004483 6257 37%
c i 15.64  0 36 9 4297  7 47670 11994 1.9 8 4 1 2 21% 1004482 6256 37%
c i 15.90  0 34 9 4617  6 49635 13634 1.9 8 4 1 2 24% 1004482 6254 37%
c i 16.12  0 33 9 4910  6 51118 14867 2.0 8 4 1 2 25% 1004481 6253 37%
c i 16.12  0 33 9 4910  6 51122 14868 2.0 8 4 1 2 25% 1004481 6252 37%
c i 16.15  0 33 9 4968  6 51465 15167 2.0 8 4 1 2 25% 1004481 6251 37%
c i 16.16  0 33 9 4981  6 51606 15255 2.0 8 4 1 2 24% 1004481 6247 37%
c i 16.22  0 32 9 5082  6 52244 15757 2.0 8 4 1 2 24% 1004481 6244 37%
c i 16.25  0 32 9 5124  6 52480 15966 2.0 8 4 1 2 23% 1004481 6243 37%
c i 16.25  0 32 9 5133  6 52513 15993 2.0 8 4 1 2 23% 1004481 6242 37%
c } 16.27  0 32 9 5169  6 52734 16186 2.0 8 4 1 2 23% 1004481 6242 37%
c [ 16.27  0 47 9 5169  2 52734 16186 2.4 23 10 1 2 50% 1004481 6242 37%
c i 16.37  0 46 9 5169  2 53327 16666 2.4 23 10 1 2 49% 1004481 6241 37%
c i 16.40  0 45 9 5169  2 53764 16995 2.4 23 10 1 2 47% 1004481 6239 37%
c i 16.42  0 45 9 5169  2 53908 17078 2.4 23 10 1 2 47% 1004481 5923 35%
c i 16.51  0 44 9 5169  2 54467 17577 2.4 23 10 1 2 47% 1004481 5920 35%
c i 16.54  0 44 9 5169  2 54811 17855 2.4 23 10 1 2 46% 1004481 5918 35%
c 
c  seconds  reductions  conflicts        size   tier2        variables
c         MB    restarts      redundant     glue   trail          remaining
c          level      rate         size/glue  tier1   irredundant
c 
c i 16.55  0 44 9 5169  2 54869 17889 2.4 23 10 1 2 46% 1004481 5917 35%
c i 16.55  0 44 9 5169  2 54890 17906 2.4 23 10 1 2 46% 1004481 5884 35%
c i 16.55  0 44 9 5169  2 54896 17905 2.4 23 10 1 2 46% 1004481 5882 35%
c i 16.55  0 44 9 5169  2 54897 17905 2.4 23 10 1 2 46% 1004481 5861 35%
c i 16.55  0 44 9 5169  2 54901 17906 2.4 23 10 1 2 46% 1004481 5859 35%
c ] 16.55  0 44 9 5169  2 54905 17907 2.4 23 10 1 2 46% 1004481 5823 35%
c 0 16.55  0 44 9 5169  2 54905 17907 2.4 23 10 1 2 46% 1004481 5823 35%
c 
c --- [ result ] -------------------------------------------------------------
c 
s UNSATISFIABLE
c 
c --- [ run-time profiling ] -------------------------------------------------
c 
c process time taken by individual solving procedures
c (percentage relative to process time for solving)
c 
c         7.81   54.31% simplify
c         6.57   45.69% search
c         6.21   43.19% congruence
c         3.82   26.54% unstable
c         2.38   16.54% stable
c         2.18   15.13% parse
c         0.43    3.00% sweep
c         0.34    2.38% walk
c         0.19    1.32% subsume
c         0.18    1.26% elim
c         0.03    0.23% lucky
c         0.03    0.18% probe
c         0.01    0.06% backbone
c   =================================
c        14.38   86.85% solve
c 
c last line shows process time for solving
c (percentage relative to total process time)
c 
c --- [ statistics ] ---------------------------------------------------------
c 
c chronological:             22690        41.33 %  of conflicts
c conflicts:                 54905      3818.72    per second
c backbone:                 170153      1009.45 %  of vars
c decisions:                237825     16541.06    per second
c eliminated:                 1151         6.83 %  of all variables
c fixed:                      6387        37.89 %  of all variables
c learned:                   51597        93.98 %  per conflict
c learned_lits:            1269737       100.00 %  learned literals
c minimized:                     0         0.00 %  learned literals
c shrunken:                 296157        23.32 %  learned literals
c minishrunken:             202751        15.97 %  learned literals
c otfs:                       1434         2.61 %  of conflict
c propagations:           21229283         1.48 M  per second
c reduced:                   21895        39.88 %  per conflict
c rephased:                      9      6100.56    interval
c restarts:                   5169        10.62    interval
c stabilizing:                   9        45.08 %  of conflicts
c substituted:                3495        20.73 %  of all variables
c sweep equivs:                161         2.84 %  of swept variables
c subsumed:                1028083        41.33 %  of all clauses
c strengthened:               9346         0.38 %  of all clauses
c ticks:                 674646059        34.38    propagation
c walked:                        2     27452.50    interval
c weakened:                  11023         2.23    average size
c congruence:                    7      7843.57    interval
c 
c seconds are measured in process time for solving
c 
c --- [ glue usage ] ---------------------------------------------------------
c 
c focused glue 1 used 157736 clauses 76.27% accumulated 76.27% tier1
c focused glue 2 used 32140 clauses 15.54% accumulated 91.82% tier2
c 
c stable glue 1 used 213809 clauses 65.54% accumulated 65.54% tier1
c stable glue 2 used 44219 clauses 13.55% accumulated 79.10% tier2
c 
c 
c --- [ resources ] ----------------------------------------------------------
c 
c total process time since initialization:        16.55    seconds
c total real time since initialization:           16.87    seconds
c maximum resident set size of process:          856.23    MB
c 
c --- [ shutting down ] ------------------------------------------------------
c 
c exit 20
