c --- [ banner ] -------------------------------------------------------------
c 
c CaDiCaL SAT Solver
c Copyright (c) 2016-2026
c A. Biere, M. Fleury, N. Froleyks, K. Fazekas, F. Pollitt, T. Faller
c JKU Linz, University of Freiburg, TU Wien
c 
c Version 3.0.1 c60730422e758ef1cebe7aeddf2dda31c996bf04
c Apple clang version 17.0.0 (clang-1700.6.3.2) -Wall -Wextra -O3 -DNDEBUG -DNCLOSEFROM
c Wed Aug 12 12:29:40 CEST 2026 Darwin 192.168.1.2 24.6.0 arm64
c 
c --- [ proof tracing ] ------------------------------------------------------
c 
c opening file to write 'results/cnf/15T9.lrat'
c writing non-binary proof trace to 'results/cnf/15T9.lrat'
c 
c --- [ parsing input ] ------------------------------------------------------
c 
c reading DIMACS file from 'results/cnf/15T9.cnf'
c opening file to read 'results/cnf/15T9.cnf'
c found 'p cnf 5118 2500889' header
c parsed 2500889 clauses in 0.30 seconds process time
c 
c --- [ options ] ------------------------------------------------------------
c 
c   --binary=false                 (different from default 'true')
c   --lrat=true                    (different from default 'false')
c 
c --- [ solving ] ------------------------------------------------------------
c 
c time measured in process time since initialization
c 
c  seconds  reduction conflicts       size tier2        variables
c         MB    restarts   redundant    glue  trail          remaining
c          level     rate       size/glu tier1   irredundant
c 
c *  0.30  0  0 0   0  0    0    0 0.0 0 0 2 6  0% 2480672 5094 100%
c )  0.34  0  0 0   0  0    0    0 0.0 1 0 2 6  1% 2480672 5092 99%
c {  0.35  0  0 0   0  0    0    0 0.0 1 0 2 6  1% 2480672 5092 99%
c i  0.35  0  0 0   0  0    0    0 0.0 1 0 2 6  1% 2480672 5092 99%
c i  0.35  0  0 0   0  6    1    0 0.0 1 0 2 6  1% 2480672 5090 99%
c i  0.35  0  1 0   0  9    2    0 0.0 1 0 2 6  1% 2480672 5088 99%
c i  0.35  0  1 0   0 11    3    0 0.0 1 0 2 6  1% 2480672 5086 99%
c i  0.35  0 19 0   1  7   12    6 2.2 2 1 2 6  1% 2480672 5084 99%
c -  0.39  0 297 1   8  5  302  267 1.5 3 2 2 6 14% 2480615 5084 99%
c i  0.40  0 313 1   8  5  320  283 1.5 3 2 2 6 15% 2480615 5083 99%
c i  0.58  0 249 1  42  6  513  453 1.7 4 2 2 6 24% 2480615 5082 99%
c i  0.59  0 238 1  49  7  545  479 1.7 4 2 2 6 25% 2480615 5078 99%
c i  0.60  0 224 1  60  7  589  510 1.7 4 2 2 6 25% 2480615 5077 99%
c i  0.60  0 213 1  70  7  624  541 1.7 4 2 2 6 26% 2480615 5073 99%
c i  0.68  0 165 1 117  7  858  725 1.8 4 2 2 6 28% 2480615 5070 99%
c i  0.68  0 162 1 124  8  884  742 1.8 4 2 2 6 29% 2480615 5069 99%
c i  0.71  0 152 1 143  8  947  795 1.8 4 2 2 6 30% 2480615 5068 99%
c i  0.71  0 152 1 143  8  948  795 1.8 4 2 2 6 29% 2480615 5066 99%
c }  0.71  0 145 1 149  7 1001  842 1.8 4 2 2 6 29% 2480615 5066 99%
c [  0.71  0  0 1 149  0 1001  842 0.0 0 0 2 6  0% 2480615 5066 99%
c 
c  seconds  reduction conflicts       size  tier2         variables
c         MB    restarts   redundant     glue  trail           remaining
c          level     rate       size/glue tier1    irredundant
c 
c O  0.72  0 10 1 149 11 1002  843 4.5 36 8 2 6 100% 2480615 5066 99%
c -  1.03  0 14 2 149  2 1341 1024 2.7 14 5 2 6 84% 2480491 5066 99%
c i  1.22  0 44 2 149  2 1818 1447 2.5 21 8 2 6 74% 2480491 5065 99%
c ]  1.27  0 38 2 149  2 2064 1648 2.6 20 8 2 6 70% 2480491 5065 99%
c {  1.27  0 145 2 149  7 2064 1648 1.8 4 2 2 6 29% 2480491 5065 99%
c i  1.28  0 143 2 152  7 2079 1661 2.0 5 2 2 6 30% 2480491 5064 99%
c i  1.38  0 127 2 198  8 2238 1801 2.0 5 3 2 6 31% 2480491 5063 99%
c i  1.40  0 117 2 208  7 2372 1909 2.0 5 3 2 6 32% 2480491 5062 99%
c i  1.42  0 109 2 217  7 2507 2032 2.0 5 3 2 6 32% 2480491 5060 99%
c i  1.42  0 108 2 218  7 2558 2076 2.0 5 3 2 6 33% 2480491 5059 99%
c i  1.42  0 108 2 218  7 2562 2079 2.0 5 3 2 6 33% 2480491 5056 99%
c i  1.47  0 104 2 239  7 2649 2149 2.0 5 3 2 6 33% 2480491 5052 99%
c i  1.53  0 96 2 253  7 2878 2340 2.1 6 3 2 6 34% 2480491 5050 99%
c i  1.54  0 94 2 265  7 2924 2382 2.1 6 3 2 6 34% 2480491 5043 99%
c O  1.58  0 91 2 280  7 3003 2455 2.1 6 3 2 6 34% 2480491 5043 99%
c i  1.67  0 84 2 333  7 3292 2680 2.1 6 3 2 6 34% 2480491 5041 98%
c i  1.67  0 84 2 333  7 3293 2680 2.1 6 3 2 6 34% 2480491 5038 98%
c i  1.68  0 83 2 338  7 3318 2703 2.1 6 3 2 6 35% 2480491 5035 98%
c -  1.93  0 78 3 385  7 3532 2637 2.1 6 3 2 6 34% 2480297 5035 98%
c i  1.93  0 78 3 386  7 3538 2642 2.1 6 3 2 6 34% 2480297 5033 98%
c 
c  seconds  reduction conflicts       size tier2        variables
c         MB    restarts   redundant    glue  trail          remaining
c          level     rate       size/glu tier1   irredundant
c 
c 2  2.17  0 69 3 478  7 4089 3109 2.1 6 3 2 6 35% 2480294 5033 98%
c d  2.23  0 69 3 478  7 4089 3104 2.1 6 3 2 6 35% 2480171 4986 97%
c d  2.29  0 69 3 478  7 4089 3103 2.1 6 3 2 6 35% 2480141 4980 97%
c p  2.30  0 69 3 478  7 4089 3627 2.1 6 3 2 6 35% 2480141 4980 97%
c c  5.13  0 69 3 478  7 4089 3623 2.1 6 3 2 6 35% 2489948 4967 97%
c d  5.19  0 69 3 478  7 4089 3604 2.1 6 3 2 6 35% 2488749 4473 87%
c k  5.20  0 69 3 478  7 4089 3604 2.1 6 3 2 6 35% 2488749 4459 87%
c 2  5.20  0 69 3 478  7 4089 3474 2.1 6 3 2 6 35% 2488226 4459 87%
c =  5.40  0 69 3 478  7 4089 3450 2.1 6 3 2 6 35% 2487739 4307 84%
c t  5.42  0 69 3 478  7 4089 3448 2.1 6 3 2 6 35% 2487128 4307 84%
c i  5.62  0 69 3 479  7 4116 3469 2.1 6 3 2 6 31% 2487128 4306 84%
c i  5.62  0 69 3 479  7 4118 3470 2.1 6 3 2 6 29% 2487128 4305 84%
c i  5.73  0 67 3 506  7 4305 3632 2.1 6 3 2 6 34% 2487128 4304 84%
c i  5.73  0 66 3 506  7 4307 3633 2.1 6 3 2 6 33% 2487128 4302 84%
c i  5.95  0 59 3 606  6 4962 4209 2.1 7 3 2 6 35% 2487128 4301 84%
c i  6.02  0 56 3 674  6 5267 4475 2.2 7 3 1 2 37% 2487128 4299 84%
c }  6.16  0 53 3 756  6 5726 4895 2.2 7 3 1 2 37% 2487128 4299 84%
c [  6.16  0 38 3 756  2 5726 4895 2.6 20 8 2 6 84% 2487128 4299 84%
c I  6.25  0 33 3 757  2 6005 5137 2.6 20 8 2 6 78% 2487128 4299 84%
c -  6.66  0 36 4 758  2 7088 3476 2.4 20 8 1 2 57% 2487072 4299 84%
c 
c  seconds  reduction conflicts       size  tier2        variables
c         MB    restarts   redundant     glue  trail          remaining
c          level     rate       size/glue tier1   irredundant
c 
c 2  6.66  0 36 4 758  2 7088 3464 2.4 20 8 1 2 57% 2487018 4299 84%
c d  6.73  0 36 4 758  2 7088 3461 2.4 20 8 1 2 57% 2487001 4294 84%
c c  7.67  0 36 4 758  2 7088 3461 2.4 20 8 1 2 57% 2489120 4292 84%
c d  7.75  0 36 4 758  2 7088 3458 2.4 20 8 1 2 57% 2488858 4191 82%
c k  7.76  0 36 4 758  2 7088 3458 2.4 20 8 1 2 57% 2488858 4190 82%
c 2  7.76  0 36 4 758  2 7088 3436 2.4 20 8 1 2 57% 2488683 4190 82%
c t  7.77  0 36 4 758  2 7088 3435 2.4 20 8 1 2 57% 2488244 4190 82%
c B  8.53  0 30 4 760  2 10008 5891 2.0 19 9 1 2 45% 2488244 4190 82%
c ]  8.69  0 30 4 760  2 10477 6313 2.1 20 9 1 2 45% 2488244 4190 82%
c {  8.69  0 53 4 760  6 10477 6313 2.2 7 3 1 2 37% 2488244 4190 82%
c i  8.89  0 49 4 868  6 11094 6848 2.2 7 3 1 2 36% 2488244 4189 82%
c i  8.96  0 48 4 909  6 11296 7033 2.2 7 3 1 2 36% 2488244 4188 82%
c i  9.06  0 47 4 955  6 11540 7248 2.2 7 3 1 2 36% 2488244 4187 82%
c i  9.06  0 46 4 963  6 11614 7313 2.2 7 3 1 2 36% 2488244 4185 82%
c i  9.07  0 46 4 965  6 11668 7361 2.2 7 3 1 2 35% 2488244 4183 82%
c i  9.14  0 45 4 1005  6 11863 7518 2.2 8 3 1 2 36% 2488244 4181 82%
c i  9.14  0 45 4 1007  6 11868 7522 2.2 8 3 1 2 36% 2488244 4179 82%
c -  9.38  0 44 5 1020  6 12128 4809 2.3 8 3 1 2 35% 2488160 4179 82%
c 2  9.39  0 44 5 1020  6 12128 4808 2.3 8 3 1 2 35% 2488158 4179 82%
c d  9.45  0 44 5 1020  6 12128 4807 2.3 8 3 1 2 35% 2488144 4172 82%
c 
c  seconds  reductions  conflicts       size tier2        variables
c         MB    restarts     redundant    glue  trail          remaining
c          level      rate        size/glu tier1   irredundant
c 
c c 10.37  0 44 5 1020  6 12128 4807 2.3 8 3 1 2 35% 2488982 4172 82%
c d 10.43  0 44 5 1020  6 12128 4806 2.3 8 3 1 2 35% 2488926 4147 81%
c k 10.44  0 44 5 1020  6 12128 4806 2.3 8 3 1 2 35% 2488926 4143 81%
c 2 10.44  0 44 5 1020  6 12128 4801 2.3 8 3 1 2 35% 2488899 4143 81%
c = 10.77  0 44 5 1020  6 12128 4781 2.3 8 3 1 2 35% 2488756 4051 79%
c t 10.81  0 44 5 1020  6 12128 4781 2.3 8 3 1 2 35% 2488060 4051 79%
c i 11.42  0 39 5 1373  6 13870 6331 2.3 8 4 1 2 35% 2488059 4050 79%
c i 11.68  0 37 5 1534  6 14647 7018 2.3 9 4 1 2 35% 2488059 4049 79%
c # 11.86  0 37 5 1584  6 15010 7317 2.3 9 4 1 2 35% 2488059 4049 79%
c i 12.41  0 34 5 1858  6 16559 8671 2.3 9 4 1 2 35% 2488058 4048 79%
c i 12.69  0 33 5 1996  6 17375 9372 2.3 9 4 1 2 35% 2488058 4047 79%
c s 12.99  0 32 5 2091  6 17857 9788 2.3 9 4 1 2 35% 2382175 4047 79%
c t 13.06  0 32 5 2091  6 17857 9788 2.3 9 4 1 2 35% 2377044 4047 79%
c e 13.16  0 32 5 2091  6 17857 7303 2.3 9 4 1 2 35% 2376122 3781 74%
c s 13.23  0 32 5 2091  6 17857 7302 2.3 9 4 1 2 35% 2314387 3781 74%
c } 13.82  0 32 5 2194  6 18678 8003 2.3 10 4 1 2 35% 2314386 3781 74%
c [ 13.82  0 30 5 2194  2 18678 8003 2.1 20 9 1 2 52% 2314386 3781 74%
c - 13.97  0 30 6 2194  2 18725 5664 2.1 20 9 1 2 52% 2314386 3781 74%
c 2 13.97  0 30 6 2194  2 18725 5652 2.1 20 9 1 2 52% 2313014 3781 74%
c t 14.89  0 30 6 2194  2 18725 5641 2.1 20 9 1 2 52% 2314568 3779 74%
c 
c  seconds  reductions  conflicts       size  tier2        variables
c         MB    restarts     redundant     glue  trail          remaining
c          level      rate        size/glue tier1   irredundant
c 
c i 15.11  0 28 6 2195  2 19439 6175 2.1 19 9 1 2 51% 2314568 3777 74%
c W 16.75  0 26 6 2195  2 21012 7034 2.2 18 8 1 2 47% 2300921 3777 74%
c - 18.36  0 21 7 2198  2 26812 7507 2.3 18 8 1 2 39% 2300920 3777 74%
c 2 18.37  0 21 7 2198  2 26812 7506 2.3 18 8 1 2 39% 2300920 3776 74%
c d 18.43  0 21 7 2198  2 26812 7506 2.3 18 8 1 2 39% 2300910 3775 74%
c k 18.44  0 21 7 2198  2 26812 7506 2.3 18 8 1 2 39% 2300910 3774 74%
c t 18.47  0 21 7 2198  2 26812 7504 2.3 18 8 1 2 39% 2299864 3774 74%
c O 18.75  0 21 7 2199  2 28017 8512 2.3 18 8 1 2 38% 2299863 3774 74%
c ] 18.76  0 21 7 2199  2 28128 8599 2.3 18 8 1 2 38% 2299863 3774 74%
c { 18.76  0 32 7 2199  6 28128 8599 2.3 10 4 1 2 35% 2299863 3774 74%
c i 18.92  0 31 7 2305  5 28625 8993 2.3 10 4 1 2 34% 2299862 3771 74%
c i 19.04  0 31 7 2397  5 29071 9371 2.3 10 4 1 2 33% 2299859 3770 74%
c i 19.12  0 30 7 2449  5 29376 9592 2.3 10 4 1 2 33% 2299859 3767 74%
c i 19.50  0 29 7 2684  5 30616 10648 2.3 10 4 1 2 32% 2299857 3766 74%
c i 19.90  0 28 7 2958  5 32262 12072 2.3 10 4 1 2 33% 2299856 3765 74%
c i 19.94  0 27 7 2974  5 32375 12138 2.3 10 4 1 2 33% 2299856 3761 73%
c i 20.09  0 27 7 3062  5 32864 12549 2.3 10 4 1 2 33% 2299856 3758 73%
c i 20.69  0 25 7 3368  5 35081 14338 2.3 10 5 1 2 34% 2299855 3757 73%
c i 20.92  0 25 7 3496  5 35817 14979 2.3 10 5 1 2 34% 2299855 3755 73%
c B 20.97  0 25 7 3517  5 36018 15145 2.3 10 5 1 2 34% 2299855 3755 73%
c 
c  seconds  reductions  conflicts        size  tier2        variables
c         MB    restarts      redundant     glue  trail          remaining
c          level      rate         size/glue tier1   irredundant
c 
c i 21.01  0 25 7 3545  5 36156 15262 2.3 10 5 1 2 34% 2299855 3742 73%
c - 21.28  0 25 8 3580  5 36480 9291 2.2 10 5 1 2 33% 2197513 3742 73%
c 2 21.29  0 25 8 3580  5 36480 9283 2.2 10 5 1 2 33% 2197508 3740 73%
c d 21.34  0 25 8 3580  5 36480 9277 2.2 10 5 1 2 33% 2197437 3719 73%
c c 22.14  0 25 8 3580  5 36480 9276 2.2 10 5 1 2 33% 2198644 3719 73%
c d 22.20  0 25 8 3580  5 36480 9274 2.2 10 5 1 2 33% 2198630 3712 73%
c k 22.21  0 25 8 3580  5 36480 9274 2.2 10 5 1 2 33% 2198630 3710 72%
c 2 22.21  0 25 8 3580  5 36480 9273 2.2 10 5 1 2 33% 2198619 3710 72%
c = 22.43  0 25 8 3580  5 36480 9268 2.2 10 5 1 2 33% 2186930 3707 72%
c u 22.72  0 25 8 3580  5 36480 9060 2.2 10 5 1 2 33% 2186930 3707 72%
c v 22.83  0 25 8 3580  5 36480 9017 2.2 10 5 1 2 33% 2186930 3707 72%
c x 23.01  0 25 8 3580  5 36480 9017 2.2 10 5 1 2 33% 2186635 3707 72%
c t 23.06  0 25 8 3580  5 36480 9009 2.2 10 5 1 2 33% 2179725 3707 72%
c i 23.11  0 25 8 3598  5 36650 9121 2.2 10 5 1 2 33% 2179725 3706 72%
c i 23.61  0 24 8 3790  5 38441 10485 2.2 10 5 1 2 33% 2179725 3705 72%
c i 24.11  0 23 8 4045  5 40189 11859 2.2 11 5 1 2 34% 2179724 3704 72%
c i 24.13  0 23 8 4045  5 40226 11885 2.2 11 5 1 2 34% 2179724 3701 72%
c i 24.60  0 22 8 4298  4 41958 13180 2.2 11 5 1 2 33% 2179721 3699 72%
c i 24.75  0 22 8 4377  4 42402 13534 2.2 11 5 1 2 33% 2179721 3698 72%
c i 24.77  0 22 8 4378  4 42542 13630 2.2 11 5 1 2 33% 2179721 3697 72%
c 
c  seconds  reductions  conflicts        size  tier2        variables
c         MB    restarts      redundant     glue  trail          remaining
c          level      rate         size/glue tier1   irredundant
c 
c i 24.82  0 22 8 4394  4 42817 13855 2.2 11 5 1 2 33% 2179721 3696 72%
c i 24.98  0 22 8 4476  4 43419 14321 2.2 11 5 1 2 34% 2179721 3688 72%
c i 25.02  0 22 8 4488  4 43556 14428 2.2 11 5 1 2 34% 2179721 3687 72%
c i 25.18  0 22 8 4591  4 44127 14874 2.2 11 5 1 2 34% 2179721 3685 72%
c i 25.18  0 22 8 4591  4 44128 14874 2.2 11 5 1 2 34% 2179721 3683 72%
c i 25.34  0 21 8 4611  4 44710 15281 2.2 11 5 1 2 34% 2179721 3676 72%
c i 25.34  0 21 8 4611  4 44720 15287 2.2 11 5 1 2 34% 2179721 3659 71%
c i 25.40  0 21 8 4629  4 44911 15439 2.2 11 5 1 2 34% 2179721 3656 71%
c i 25.41  0 21 8 4629  4 44938 15454 2.2 11 5 1 2 34% 2179721 3655 71%
c W 25.96  0 21 8 4634  4 45023 11939 2.2 11 5 1 2 34% 1695800 3655 71%
c i 26.12  0 21 8 4695  4 45655 12395 2.2 11 5 1 2 34% 1695800 3651 71%
c i 26.12  0 21 8 4695  4 45656 12395 2.2 11 5 1 2 34% 1695800 3647 71%
c i 26.13  0 21 8 4699  4 45717 12425 2.2 11 5 1 2 34% 1695800 3645 71%
c i 26.35  0 21 8 4792  4 46778 13255 2.2 11 5 1 2 34% 1695800 3644 71%
c i 26.43  0 21 8 4815  4 47189 13603 2.2 11 5 1 2 33% 1695800 3643 71%
c i 26.50  0 20 8 4835  4 47576 13890 2.2 11 5 1 2 33% 1695800 3641 71%
c - 26.65  0 20 9 4845  4 47660 9314 2.2 11 5 1 2 33% 1627267 3641 71%
c 2 26.65  0 20 9 4845  4 47660 9294 2.2 11 5 1 2 33% 1627248 3633 71%
c d 26.69  0 20 9 4845  4 47660 9178 2.2 11 5 1 2 33% 1627039 3563 70%
c d 26.73  0 20 9 4845  4 47660 9176 2.2 11 5 1 2 33% 1627033 3561 70%
c 
c  seconds  reductions  conflicts        size  tier2        variables
c         MB    restarts      redundant     glue  trail          remaining
c          level      rate         size/glue tier1   irredundant
c 
c p 26.77  0 20 9 4845  4 47660 10064 2.2 11 5 1 2 33% 1627033 3560 70%
c c 27.39  0 20 9 4845  4 47660 10052 2.2 11 5 1 2 33% 1617719 3556 69%
c d 27.44  0 20 9 4845  4 47660 9840 2.2 11 5 1 2 33% 1617592 3539 69%
c d 27.48  0 20 9 4845  4 47660 9840 2.2 11 5 1 2 33% 1617587 3537 69%
c k 27.48  0 20 9 4845  4 47660 9840 2.2 11 5 1 2 33% 1617587 3532 69%
c 2 27.49  0 20 9 4845  4 47660 9833 2.2 11 5 1 2 33% 1617565 3532 69%
c = 27.78  0 20 9 4845  4 47660 9805 2.2 11 5 1 2 33% 1617425 3512 69%
c t 27.82  0 20 9 4845  4 47660 9716 2.2 11 5 1 2 33% 1609967 3512 69%
c i 27.87  0 20 9 4866  4 47951 9901 2.2 11 5 1 2 34% 1609967 3509 69%
c i 27.96  0 20 9 4875  4 48270 10122 2.2 11 5 1 2 34% 1609967 3503 68%
c } 28.02  0 20 9 4890  4 48475 10307 2.2 11 5 1 2 33% 1609967 3503 68%
c [ 28.02  0 21 9 4890  2 48475 10307 2.3 18 8 1 2 38% 1609967 3503 68%
c i 28.03  0 21 9 4890  2 48545 10340 2.3 18 8 1 2 38% 1609967 3501 68%
c i 28.11  0 20 9 4890  2 48998 10670 2.3 18 8 1 2 38% 1609967 3500 68%
c i 28.29  0 20 9 4890  2 50049 11476 2.3 18 8 1 2 37% 1609967 3491 68%
c i 28.31  0 19 9 4891  2 50158 11553 2.3 18 8 1 2 37% 1609967 3488 68%
c i 28.43  0 19 9 4891  2 50955 12183 2.3 17 8 1 2 36% 1609967 3477 68%
c i 28.48  0 19 9 4892  2 51386 12525 2.3 17 7 1 2 36% 1609967 3423 67%
c i 28.49  0 19 9 4892  2 51425 12544 2.3 17 7 1 2 36% 1609967 3420 67%
c ] 28.49  0 19 9 4892  2 51428 12545 2.3 17 7 1 2 36% 1609967 3038 59%
c 
c  seconds  reductions  conflicts        size  tier2        variables
c         MB    restarts      redundant     glue  trail          remaining
c          level      rate         size/glue tier1   irredundant
c 
c 0 28.49  0 19 9 4892  2 51428 12545 2.3 17 7 1 2 36% 1609967 3038 59%
c 
c --- [ closing proof ] ------------------------------------------------------
c 
c LRAT proof file 'results/cnf/15T9.lrat' closed
c LRAT 275538 added clauses 19.39%
c LRAT 1145613 deleted clauses 80.61%
c LRAT 54908848 bytes (52.37 MB)
c 
c --- [ result ] -------------------------------------------------------------
c 
s UNSATISFIABLE
c 
c --- [ run-time profiling ] -------------------------------------------------
c 
c process time taken by individual solving procedures
c (percentage relative to process time for solving)
c 
c        18.05   64.03% search
c        11.11   39.42% unstable
c        10.14   35.97% simplify
c         6.79   24.10% congruence
c         5.29   18.78% stable
c         1.59    5.65% walk
c         1.13    4.01% sweep
c         0.57    2.04% vivify
c         0.30    1.06% parse
c         0.18    0.64% elim
c         0.16    0.56% subsume
c         0.05    0.18% probe
c         0.05    0.17% lucky
c         0.02    0.08% ternary
c         0.01    0.02% backbone
c   =================================
c        28.19   98.95% solve
c 
c last line shows process time for solving
c (percentage relative to total process time)
c 
c --- [ statistics ] ---------------------------------------------------------
c 
c chronological:             20598        40.05 %  of conflicts
c conflicts:                 51428      1824.50    per second
c backbone:                  91796      1793.59 %  of vars
c decisions:                165322      5865.11    per second
c eliminated:                  266         5.20 %  of all variables
c fixed:                       754        14.73 %  of all variables
c learned:                   48612        94.52 %  per conflict
c learned_lits:            1298546       100.00 %  learned literals
c minimized:                     0         0.00 %  learned literals
c shrunken:                 486117        37.44 %  learned literals
c minishrunken:             176707        13.61 %  learned literals
c otfs:                        772         1.50 %  of conflict
c propagations:           20034686         0.71 M  per second
c reduced:                   21152        41.13 %  per conflict
c rephased:                      9      5714.22    interval
c restarts:                   4892        10.51    interval
c stabilizing:                   4        35.26 %  of conflicts
c substituted:                1060        20.71 %  of all variables
c sweep equivs:                252         6.27 %  of swept variables
c subsumed:                 328931        12.12 %  of all clauses
c strengthened:               7735         0.28 %  of all clauses
c ticks:                1547423558        86.96    propagation
c vivified:                    433         0.02 %  of all clauses
c walked:                        2     25714.00    interval
c weakened:                   2958         2.14    average size
c congruence:                    6      8571.33    interval
c 
c seconds are measured in process time for solving
c 
c --- [ glue usage ] ---------------------------------------------------------
c 
c focused glue 1 used 275087 clauses 80.59% accumulated 80.59% tier1
c focused glue 2 used 40669 clauses 11.91% accumulated 92.50% tier2
c 
c stable glue 1 used 166678 clauses 70.08% accumulated 70.08% tier1
c stable glue 2 used 32174 clauses 13.52% accumulated 83.61% tier2
c 
c 
c --- [ resources ] ----------------------------------------------------------
c 
c total process time since initialization:        28.49    seconds
c total real time since initialization:           32.79    seconds
c maximum resident set size of process:         1023.56    MB
c 
c --- [ shutting down ] ------------------------------------------------------
c 
c exit 20
       32.83 real        27.30 user         1.21 sys
          1073283072  maximum resident set size
                   0  average shared memory size
                   0  average unshared data size
                   0  average unshared stack size
              146692  page reclaims
                   9  page faults
                   0  swaps
                   0  block input operations
                   0  block output operations
                   0  messages sent
                   0  messages received
                   0  signals received
                  18  voluntary context switches
               20835  involuntary context switches
        229967292285  instructions retired
         94770066217  cycles elapsed
           410108816  peak memory footprint
