c --- [ banner ] -------------------------------------------------------------
c 
c CaDiCaL SAT Solver
c Copyright (c) 2016-2026
c A. Biere, M. Fleury, N. Froleyks, K. Fazekas, F. Pollitt, T. Faller
c JKU Linz, University of Freiburg, TU Wien
c 
c Version 3.0.1 c60730422e758ef1cebe7aeddf2dda31c996bf04
c Apple clang version 17.0.0 (clang-1700.6.3.2) -Wall -Wextra -O3 -DNDEBUG -DNCLOSEFROM
c Wed Aug 12 12:29:40 CEST 2026 Darwin 192.168.1.2 24.6.0 arm64
c 
c --- [ proof tracing ] ------------------------------------------------------
c 
c opening file to write 'results/cnf/15T5.lrat'
c writing non-binary proof trace to 'results/cnf/15T5.lrat'
c 
c --- [ parsing input ] ------------------------------------------------------
c 
c reading DIMACS file from 'results/cnf/15T5.cnf'
c opening file to read 'results/cnf/15T5.cnf'
c found 'p cnf 5050 4323016' header
c parsed 4323016 clauses in 0.52 seconds process time
c 
c --- [ options ] ------------------------------------------------------------
c 
c   --binary=false                 (different from default 'true')
c   --lrat=true                    (different from default 'false')
c 
c --- [ solving ] ------------------------------------------------------------
c 
c time measured in process time since initialization
c 
c  seconds  reduction conflicts       size tier2        variables
c         MB    restarts   redundant    glue  trail          remaining
c          level     rate       size/glu tier1   irredundant
c 
c *  0.52  0  0 0   0  0    0    0 0.0 0 0 2 6  0% 4288979 5013 99%
c )  0.60  0  0 0   0  0    0    0 0.0 1 0 2 6  1% 4288979 5008 99%
c {  0.62  0  0 0   0  0    0    0 0.0 1 0 2 6  1% 4288979 5008 99%
c i  0.62  0  0 0   0  0    0    0 0.0 1 0 2 6  1% 4288979 5008 99%
c i  0.62  0  0 0   0  5    1    0 0.0 1 0 2 6  1% 4288979 5006 99%
c i  0.62  0  0 0   0  7    2    0 0.0 1 0 2 6  1% 4288979 5004 99%
c i  0.62  0  1 0   0  9    3    0 0.0 1 0 2 6  1% 4288979 5003 99%
c i  0.63  0 190 0  12  8  194  171 1.6 3 2 2 6 15% 4288979 5002 99%
c i  0.63  0 181 0  15  8  207  179 1.6 3 2 2 6 16% 4288979 5000 99%
c -  0.77  0 133 1  36  8  301  256 1.7 4 2 2 6 26% 4288898 5000 99%
c i  0.82  0 130 1  42  9  324  275 1.6 4 3 2 6 28% 4288898 4996 99%
c i  0.82  0 128 1  43  9  329  279 1.6 4 3 2 6 28% 4288898 4995 99%
c i  0.82  0 128 1  44  9  330  279 1.6 4 3 2 6 28% 4288898 4994 99%
c i  0.82  0 127 1  44  9  331  279 1.6 4 3 2 6 28% 4288898 4990 99%
c i  0.83  0 126 1  47 10  341  288 1.6 4 2 2 6 28% 4288898 4987 99%
c i  0.92  0 113 1  60 10  395  334 1.8 5 3 2 6 30% 4288898 4984 99%
c i  0.92  0 113 1  60 10  396  334 1.8 5 3 2 6 30% 4288898 4980 99%
c i  1.00  0 91 1  75  9  578  496 1.8 5 3 2 6 31% 4288898 4979 99%
c i  1.00  0 90 1  77  9  590  503 1.8 5 3 2 6 31% 4288898 4977 99%
c i  1.04  0 81 1  92  8  699  591 1.8 5 3 2 6 32% 4288898 4976 99%
c 
c  seconds  reduction conflicts       size tier2        variables
c         MB    restarts   redundant    glue  trail          remaining
c          level     rate       size/glu tier1   irredundant
c 
c i  1.04  0 80 1  92  8  706  595 1.8 5 3 2 6 32% 4288898 4975 99%
c i  1.04  0 79 1  96  8  726  613 1.8 5 3 2 6 32% 4288898 4974 98%
c i  1.04  0 79 1  96  8  728  614 1.8 5 3 2 6 32% 4288898 4969 98%
c i  1.08  0 75 1 109  8  819  696 1.9 5 3 2 6 34% 4288898 4968 98%
c i  1.14  0 70 1 126  8  984  829 1.9 5 3 2 6 35% 4288897 4967 98%
c }  1.16  0 69 1 132  8 1003  847 1.9 5 3 2 6 36% 4288897 4967 98%
c [  1.16  0  0 1 132  0 1003  847 0.0 0 0 2 6  0% 4288897 4967 98%
c O  1.17  0 13 1 132 14 1004  848 2.5 10 4 2 6 100% 4288897 4967 98%
c -  1.68  0 15 2 132  3 1442 1109 1.9 8 4 2 6 80% 4288689 4967 98%
c i  1.74  0 15 2 132  3 1609 1243 2.0 8 4 2 6 79% 4288689 4966 98%
c ]  1.99  0 20 2 132  3 1944 1534 2.0 10 5 2 6 70% 4288689 4966 98%
c {  1.99  0 69 2 132  8 1944 1534 1.9 5 3 2 6 36% 4288689 4966 98%
c i  2.05  0 68 2 142  8 1979 1564 1.9 5 3 2 6 36% 4288689 4965 98%
c i  2.05  0 68 2 144  8 1988 1572 1.9 5 3 2 6 36% 4288689 4963 98%
c i  2.08  0 67 2 151  9 2042 1618 1.9 5 3 2 6 36% 4288689 4958 98%
c i  2.09  0 67 2 153  9 2047 1621 1.9 5 3 2 6 36% 4288689 4956 98%
c i  2.09  0 67 2 153  9 2048 1621 1.9 5 3 2 6 36% 4288689 4954 98%
c i  2.23  0 64 2 185  9 2190 1742 1.9 5 3 2 6 36% 4288689 4948 98%
c i  2.23  0 64 2 185  9 2191 1742 1.9 5 3 2 6 36% 4288689 4947 98%
c i  2.23  0 64 2 185  9 2192 1742 1.9 5 3 2 6 36% 4288689 4946 98%
c 
c  seconds  reduction conflicts       size tier2        variables
c         MB    restarts   redundant    glue  trail          remaining
c          level     rate       size/glu tier1   irredundant
c 
c i  2.25  0 62 2 197  8 2270 1812 2.0 6 3 2 6 36% 4288689 4944 98%
c i  2.25  0 61 2 197  8 2279 1818 2.0 6 3 2 6 36% 4288689 4942 98%
c i  2.25  0 61 2 197  8 2299 1834 2.0 6 3 2 6 36% 4288689 4941 98%
c i  2.28  0 58 2 206  8 2396 1913 1.9 6 3 2 6 35% 4288689 4936 98%
c i  2.28  0 57 2 208  8 2415 1926 1.9 6 3 2 6 35% 4288689 4935 98%
c i  2.33  0 56 2 226  8 2496 1999 1.9 6 3 2 6 35% 4288689 4928 98%
c i  2.33  0 56 2 226  8 2497 1999 1.9 6 3 2 6 35% 4288689 4927 98%
c i  2.33  0 56 2 226  8 2532 2027 1.9 6 3 2 6 35% 4288689 4925 98%
c i  2.34  0 56 2 226  8 2579 2062 1.9 6 3 2 6 35% 4288689 4923 97%
c i  2.35  0 55 2 227  8 2632 2106 1.9 6 3 2 6 34% 4288689 4922 97%
c i  2.35  0 55 2 227  8 2657 2129 1.9 6 3 2 6 34% 4288689 4921 97%
c i  2.35  0 54 2 227  7 2694 2162 1.9 6 3 2 6 34% 4288689 4919 97%
c i  2.35  0 53 2 227  7 2728 2194 1.9 6 3 2 6 33% 4288689 4918 97%
c i  2.36  0 53 2 227  7 2737 2196 1.9 6 3 2 6 33% 4288689 4917 97%
c i  2.36  0 53 2 227  7 2799 2252 2.0 6 3 2 6 33% 4288689 4916 97%
c i  2.36  0 52 2 227  7 2862 2303 1.9 6 3 2 6 33% 4288689 4915 97%
c i  2.42  0 51 2 236  7 2936 2362 1.9 6 3 2 6 33% 4288689 4911 97%
c O  2.45  0 50 2 255  7 3005 2428 1.9 6 3 2 6 33% 4288689 4911 97%
c i  2.50  0 50 2 266  7 3104 2517 1.9 6 3 2 6 33% 4288689 4908 97%
c i  2.50  0 50 2 266  7 3107 2518 1.9 6 3 2 6 33% 4288689 4904 97%
c 
c  seconds  reduction conflicts       size tier2        variables
c         MB    restarts   redundant    glue  trail          remaining
c          level     rate       size/glu tier1   irredundant
c 
c i  2.51  0 49 2 270  7 3137 2542 1.9 6 3 2 6 33% 4288689 4903 97%
c i  2.55  0 49 2 284  7 3214 2608 1.9 6 3 2 6 33% 4288689 4901 97%
c i  2.55  0 49 2 285  7 3217 2610 1.9 6 3 2 6 33% 4288689 4900 97%
c i  2.55  0 49 2 285  7 3218 2610 1.9 6 3 2 6 33% 4288689 4898 97%
c i  2.55  0 49 2 285  7 3219 2610 1.9 6 3 2 6 33% 4288689 4895 97%
c i  2.56  0 49 2 286  7 3224 2614 1.9 6 3 2 6 33% 4288689 4893 97%
c i  2.66  0 48 2 302  7 3380 2748 2.0 6 3 2 6 33% 4288689 4891 97%
c i  2.72  0 47 2 322  7 3464 2819 2.0 6 3 2 6 33% 4288689 4889 97%
c i  2.77  0 47 2 343  7 3564 2910 2.0 6 3 2 6 34% 4288689 4888 97%
c i  2.77  0 47 2 343  7 3566 2910 2.0 6 3 2 6 34% 4288689 4887 97%
c i  2.77  0 47 2 343  7 3567 2910 2.0 6 3 2 6 34% 4288689 4886 97%
c i  2.80  0 46 2 357  7 3684 3013 2.0 6 3 2 6 34% 4288689 4883 97%
c i  2.83  0 46 2 365  7 3753 3073 2.0 6 3 2 6 34% 4288689 4882 97%
c -  3.21  0 45 3 405  7 3940 2671 2.0 6 3 2 6 35% 4271844 4882 97%
c i  3.35  0 45 3 439  7 4224 2924 2.0 6 3 2 6 35% 4271844 4881 97%
c 2  3.51  0 44 3 463  7 4398 3050 2.0 6 3 2 6 35% 4271844 4880 97%
c d  3.62  0 44 3 463  7 4398 3035 2.0 6 3 2 6 35% 4271656 4797 95%
c p  3.65  0 44 3 463  7 4398 6148 2.0 6 3 2 6 35% 4271656 4797 95%
c c  5.58  0 44 3 463  7 4398 6148 2.0 6 3 2 6 35% 4284876 4792 95%
c d  5.70  0 44 3 463  7 4398 6137 2.0 6 3 2 6 35% 4284362 4573 91%
c 
c  seconds  reduction conflicts       size tier2        variables
c         MB    restarts   redundant    glue  trail          remaining
c          level     rate       size/glu tier1   irredundant
c 
c k  5.71  0 44 3 463  7 4398 6137 2.0 6 3 2 6 35% 4284362 4557 90%
c 2  5.72  0 44 3 463  7 4398 6009 2.0 6 3 2 6 35% 4284119 4557 90%
c t  5.75  0 44 3 463  7 4398 6009 2.0 6 3 2 6 35% 4283687 4557 90%
c i  5.84  0 44 3 489  7 4577 6169 2.0 6 3 2 6 35% 4283687 4556 90%
c i  6.06  0 43 3 539  7 4860 6424 2.0 7 3 2 6 35% 4283687 4554 90%
c i  6.06  0 43 3 539  7 4866 6429 2.0 7 3 2 6 35% 4283687 4553 90%
c i  6.08  0 43 3 550  7 4955 6510 2.0 7 3 2 6 35% 4283687 4552 90%
c i  6.12  0 42 3 563  7 5038 6587 2.0 7 3 1 2 35% 4283687 4551 90%
c i  6.13  0 42 3 563  7 5044 6592 2.0 7 3 1 2 35% 4283687 4550 90%
c }  6.28  0 41 3 574  7 5425 6927 2.2 7 3 1 2 37% 4283687 4550 90%
c [  6.28  0 20 3 574  3 5425 6927 2.0 10 5 2 6 70% 4283687 4550 90%
c I  6.36  0 24 3 575  3 6009 7452 2.4 14 6 2 3 64% 4283687 4550 90%
c -  7.26  0 27 4 576  2 8067 3714 2.3 16 7 1 2 54% 4283524 4550 90%
c 2  7.27  0 27 4 576  2 8067 3710 2.3 16 7 1 2 54% 4283522 4550 90%
c d  7.37  0 27 4 576  2 8067 3706 2.3 16 7 1 2 54% 4283500 4539 90%
c c  8.99  0 27 4 576  2 8067 3706 2.3 16 7 1 2 54% 4287099 4539 90%
c d  9.10  0 27 4 576  2 8067 3705 2.3 16 7 1 2 54% 4286982 4486 89%
c k  9.11  0 27 4 576  2 8067 3705 2.3 16 7 1 2 54% 4286982 4482 89%
c 2  9.12  0 27 4 576  2 8067 3695 2.3 16 7 1 2 54% 4286933 4482 89%
c =  9.63  0 27 4 576  2 8067 3688 2.3 16 7 1 2 54% 4286821 4460 88%
c 
c  seconds  reduction conflicts       size  tier2        variables
c         MB    restarts   redundant     glue  trail          remaining
c          level     rate       size/glue tier1   irredundant
c 
c t  9.67  0 27 4 576  2 8067 3688 2.3 16 7 1 2 54% 4286485 4460 88%
c B 10.70  0 28 4 578  2 10013 5377 2.1 16 8 1 2 47% 4286485 4460 88%
c ] 10.95  0 31 4 578  2 10690 5970 2.2 18 8 1 2 49% 4286485 4460 88%
c { 10.95  0 41 4 578  7 10690 5970 2.2 7 3 1 2 42% 4286485 4460 88%
c i 11.31  0 37 4 677  6 11643 6790 2.2 7 3 1 2 43% 4286485 4458 88%
c i 11.48  0 36 4 726  6 12044 7151 2.2 7 3 1 2 43% 4286485 4457 88%
c i 11.85  0 35 4 843  6 12939 7944 2.2 8 3 1 2 43% 4286485 4456 88%
c i 11.99  0 35 4 901  6 13251 8218 2.2 8 3 1 2 43% 4286485 4454 88%
c i 12.11  0 35 4 934  6 13451 8405 2.2 8 3 1 2 42% 4286485 4452 88%
c - 12.69  0 34 5 1016  6 13975 5592 2.2 8 4 1 2 43% 4286426 4452 88%
c 2 12.70  0 34 5 1016  6 13975 5590 2.2 8 4 1 2 43% 4286425 4452 88%
c c 14.37  0 34 5 1016  6 13975 5590 2.2 8 4 1 2 43% 4287202 4449 88%
c d 14.48  0 34 5 1016  6 13975 5590 2.2 8 4 1 2 43% 4287200 4448 88%
c k 14.49  0 34 5 1016  6 13975 5590 2.2 8 4 1 2 43% 4287200 4445 88%
c 2 14.50  0 34 5 1016  6 13975 5589 2.2 8 4 1 2 43% 4287200 4445 88%
c = 14.86  0 34 5 1016  6 13975 5585 2.2 8 4 1 2 43% 4287170 4441 88%
c t 14.92  0 34 5 1016  6 13975 5585 2.2 8 4 1 2 43% 4286261 4441 88%
c i 15.09  0 33 5 1073  6 14418 5920 2.2 8 4 1 2 44% 4286261 4440 88%
c i 15.18  0 33 5 1109  6 14650 6112 2.2 8 4 1 2 45% 4286261 4438 88%
c # 15.40  0 33 5 1170  6 15016 6432 2.3 8 4 1 2 44% 4286261 4438 88%
c 
c  seconds  reductions  conflicts       size tier2        variables
c         MB    restarts     redundant    glue  trail          remaining
c          level      rate        size/glu tier1   irredundant
c 
c i 15.78  0 32 5 1254  6 15499 6863 2.3 8 4 1 2 44% 4286261 4437 88%
c i 16.13  0 32 5 1348  6 16016 7324 2.3 9 4 1 2 43% 4286261 4436 88%
c i 16.13  0 32 5 1348  6 16017 7324 2.3 9 4 1 2 43% 4286261 4435 88%
c i 16.22  0 32 5 1380  6 16141 7436 2.3 9 4 1 2 43% 4286261 4434 88%
c i 16.45  0 31 5 1459  6 16564 7825 2.3 9 4 1 2 43% 4286261 4431 88%
c i 16.69  0 31 5 1502  6 17161 8347 2.3 9 4 1 2 44% 4286261 4430 88%
c } 17.10  0 30 5 1585  6 17866 8966 2.3 9 4 1 2 44% 4286261 4430 88%
c [ 17.10  0 31 5 1585  2 17866 8966 2.2 18 8 1 2 49% 4286261 4430 88%
c s 17.73  0 29 5 1586  2 19482 10452 2.3 18 8 1 2 44% 4217796 4430 88%
c t 17.82  0 29 5 1586  2 19482 10451 2.3 18 8 1 2 44% 4215159 4429 88%
c e 17.99  0 29 5 1586  2 19482 7571 2.3 18 8 1 2 44% 4214158 4072 81%
c s 18.10  0 29 5 1586  2 19482 7571 2.3 18 8 1 2 44% 4173029 4072 81%
c W 20.32  0 28 5 1587  2 21019 8815 2.2 18 8 1 2 43% 4173029 4072 81%
c i 20.32  0 28 5 1587  2 21020 8815 2.2 18 8 1 2 43% 4173029 4071 81%
c - 20.80  0 28 6 1587  2 21756 6230 2.2 18 8 1 2 41% 4173020 4071 81%
c 2 20.81  0 28 6 1587  2 21756 6209 2.2 18 8 1 2 41% 4171368 4071 81%
c k 22.32  0 28 6 1587  2 21756 6209 2.2 18 8 1 2 41% 4173029 4068 81%
c = 22.71  0 28 6 1587  2 21756 6203 2.2 18 8 1 2 41% 4071268 4067 81%
c t 22.75  0 28 6 1587  2 21756 6203 2.2 18 8 1 2 41% 4071069 4067 81%
c i 23.37  0 27 6 1587  2 23802 7954 2.2 18 8 1 2 39% 4071069 4066 81%
c 
c  seconds  reductions  conflicts        size  tier2        variables
c         MB    restarts      redundant     glue  trail          remaining
c          level      rate         size/glue tier1   irredundant
c 
c i 24.33  0 26 6 1590  2 27547 10948 2.1 18 8 1 2 36% 4071069 4064 80%
c O 24.46  0 25 6 1590  2 28020 11327 2.1 18 8 1 2 36% 4071069 4064 80%
c ] 25.06  0 25 6 1592  2 29828 12968 2.1 18 9 1 2 35% 4071069 4064 80%
c { 25.06  0 30 6 1592  6 29828 12968 2.3 9 4 1 2 44% 4071069 4064 80%
c i 25.12  0 30 6 1612  6 29945 13069 2.3 9 4 1 2 44% 4071068 4063 80%
c i 25.62  0 30 6 1795  6 31030 14047 2.3 9 4 1 2 43% 4071068 4061 80%
c i 25.73  0 30 6 1845  6 31310 14297 2.3 9 4 1 2 43% 4071068 4060 80%
c i 25.73  0 30 6 1845  6 31315 14301 2.3 9 4 1 2 43% 4071068 4058 80%
c - 26.05  0 30 7 1845  6 31425 8148 2.3 9 4 1 2 43% 4070989 4058 80%
c 2 26.06  0 30 7 1845  6 31425 8144 2.3 9 4 1 2 43% 4070988 4058 80%
c d 26.16  0 30 7 1845  6 31425 8142 2.3 9 4 1 2 43% 4070976 4053 80%
c t 26.61  0 30 7 1845  6 31425 8142 2.3 9 4 1 2 43% 4070060 4053 80%
c i 27.09  0 29 7 1995  6 32540 9134 2.3 9 4 1 2 42% 4070060 4050 80%
c i 27.82  0 29 7 2255  6 34051 10490 2.3 10 4 1 2 41% 4070060 4049 80%
c B 28.76  0 28 7 2621  6 36022 12240 2.3 10 4 1 2 41% 4070057 4049 80%
c i 29.22  0 28 7 2792  6 36997 13116 2.4 10 4 1 2 41% 4070057 4048 80%
c i 29.66  0 28 7 2961  6 38064 14087 2.4 10 4 1 2 40% 4070057 4047 80%
c i 30.24  0 27 7 3163  6 39325 15207 2.4 11 4 1 2 40% 4070056 4046 80%
c i 30.24  0 27 7 3165  6 39331 15212 2.4 11 4 1 2 40% 4070056 4045 80%
c i 30.73  0 27 7 3291  6 40247 16029 2.4 11 4 1 2 40% 4070056 4044 80%
c 
c  seconds  reductions  conflicts        size  tier2        variables
c         MB    restarts      redundant     glue  trail          remaining
c          level      rate         size/glue tier1   irredundant
c 
c i 31.96  0 27 7 3737  6 42570 18074 2.4 11 5 1 2 39% 4070056 4041 80%
c - 32.51  0 27 8 3807  6 42988 11609 2.4 11 5 1 2 39% 4054779 4041 80%
c 2 32.52  0 27 8 3807  6 42988 11605 2.4 11 5 1 2 39% 4054778 4040 80%
c d 32.63  0 27 8 3807  6 42988 11589 2.4 11 5 1 2 39% 4054756 4035 80%
c d 32.73  0 27 8 3807  6 42988 11588 2.4 11 5 1 2 39% 4054754 4034 80%
c c 34.23  0 27 8 3807  6 42988 11587 2.4 11 5 1 2 39% 4055912 4034 80%
c u 34.83  0 27 8 3807  6 42988 11419 2.4 11 5 1 2 39% 4055910 4033 80%
c v 35.03  0 27 8 3807  6 42988 11375 2.4 11 5 1 2 39% 4055910 4033 80%
c x 35.33  0 27 8 3807  6 42988 11375 2.4 11 5 1 2 39% 4055634 4033 80%
c t 35.38  0 27 8 3807  6 42988 11370 2.4 11 5 1 2 39% 4054009 4033 80%
c i 35.78  0 26 8 3838  5 43857 11987 2.4 11 5 1 2 39% 4054009 4031 80%
c } 36.33  0 26 8 4007  5 44993 12983 2.4 11 5 1 2 39% 4054009 4031 80%
c [ 36.33  0 25 8 4007  2 44993 12983 2.1 18 9 1 2 35% 4054009 4031 80%
c B 36.34  0 25 8 4007  2 45025 13007 2.1 18 9 1 2 35% 4054009 4031 80%
c i 37.55  0 24 8 4008  2 47798 15380 2.2 18 8 1 2 39% 4054009 4029 80%
c i 38.64  0 24 8 4009  2 50478 17540 2.2 19 8 1 2 39% 4054009 4019 80%
c i 38.90  0 24 8 4009  2 50861 17865 2.2 19 8 1 2 39% 4054009 4017 80%
c W 41.82  0 24 8 4010  2 55027 17711 2.3 20 9 1 2 38% 3468981 4017 80%
c - 42.51  0 24 9 4010  2 56505 12996 2.3 20 9 1 2 38% 3468980 4017 80%
c 2 42.52  0 24 9 4010  2 56505 12985 2.3 20 9 1 2 38% 3468608 4016 80%
c 
c  seconds  reductions  conflicts        size  tier2        variables
c         MB    restarts      redundant     glue  trail          remaining
c          level      rate         size/glue tier1   irredundant
c 
c d 42.61  0 24 9 4010  2 56505 12958 2.3 20 9 1 2 38% 3468542 3993 79%
c p 42.65  0 24 9 4010  2 56505 13365 2.3 20 9 1 2 38% 3468542 3993 79%
c c 43.86  0 24 9 4010  2 56505 13351 2.3 20 9 1 2 38% 3469925 3993 79%
c d 43.94  0 24 9 4010  2 56505 13350 2.3 20 9 1 2 38% 3469919 3990 79%
c k 43.95  0 24 9 4010  2 56505 13350 2.3 20 9 1 2 38% 3469919 3989 79%
c 2 43.96  0 24 9 4010  2 56505 13348 2.3 20 9 1 2 38% 3469916 3989 79%
c = 44.58  0 24 9 4010  2 56505 13343 2.3 20 9 1 2 38% 3469891 3985 79%
c t 44.65  0 24 9 4010  2 56505 13340 2.3 20 9 1 2 38% 3465162 3985 79%
c s 46.12  0 27 9 4010  2 59489 15907 2.2 21 10 1 2 34% 3392293 3985 79%
c t 46.20  0 27 9 4010  2 59489 15907 2.2 21 10 1 2 34% 3388192 3985 79%
c e 46.32  0 27 9 4010  2 59489 15343 2.2 21 10 1 2 34% 3388060 3946 78%
c s 46.43  0 27 9 4010  2 59489 15338 2.2 21 10 1 2 34% 3331939 3946 78%
c ] 47.75  0 29 9 4012  2 62704 17982 2.0 21 11 1 2 33% 3331939 3946 78%
c { 47.75  0 26 9 4012  5 62704 17982 2.4 11 5 1 2 44% 3331939 3946 78%
c W 50.03  0 25 9 4519  5 66028 20907 2.5 12 5 1 2 43% 3331938 3946 78%
c i 50.14  0 25 9 4557  5 66348 21145 2.5 12 5 1 2 43% 3331938 3945 78%
c i 51.24  0 24 9 4870  5 68623 22996 2.4 12 5 1 2 43% 3331938 3944 78%
c - 52.79  0 24 10 5190  5 71599 15595 2.4 12 5 1 2 42% 3331922 3944 78%
c 2 52.80  0 24 10 5190  5 71599 15589 2.4 12 5 1 2 42% 3328479 3944 78%
c p 52.88  0 24 10 5190  5 71599 16583 2.4 12 5 1 2 42% 3328479 3944 78%
c 
c  seconds  reductions   conflicts        size  tier2        variables
c         MB     restarts      redundant     glue  trail          remaining
c          level       rate         size/glue tier1   irredundant
c 
c = 54.71  0 24 10 5190  5 71599 16564 2.4 12 5 1 2 42% 3333697 3940 78%
c t 54.80  0 24 10 5190  5 71599 16508 2.4 12 5 1 2 42% 3323009 3940 78%
c F 57.91  0 23 10 6160  5 78029 22068 2.4 12 5 1 2 41% 3323009 3940 78%
c i 58.25  0 23 10 6243  5 78963 22839 2.4 12 5 1 2 41% 3323009 3939 78%
c i 58.59  0 22 10 6335  5 79851 23493 2.4 12 5 1 2 41% 3323009 3938 78%
c i 59.72  0 22 10 6679  5 82310 25484 2.4 13 5 1 2 41% 3323009 3929 78%
c i 60.35  0 22 10 6848  5 84115 26883 2.4 13 5 1 2 40% 3323009 3928 78%
c i 60.59  0 21 10 6876  5 84621 27264 2.4 13 5 1 2 40% 3323009 3926 78%
c } 62.30  0 21 10 7440  5 88169 30180 2.4 13 5 1 2 40% 3323009 3926 78%
c [ 62.30  0 29 10 7440  2 88169 30180 2.0 21 11 1 2 33% 3323009 3926 78%
c - 62.71  0 29 11 7441  2 88473 18920 2.0 21 11 1 2 33% 2996387 3926 78%
c 2 62.72  0 29 11 7441  2 88473 18916 2.0 21 11 1 2 33% 2996090 3921 78%
c d 62.79  0 29 11 7441  2 88473 18780 2.0 21 11 1 2 33% 2982263 3906 77%
c d 62.89  0 29 11 7441  2 88473 18773 2.0 21 11 1 2 33% 2982255 3902 77%
c p 62.93  0 29 11 7441  2 88473 23525 2.0 21 11 1 2 33% 2982255 3902 77%
c 2 62.95  0 29 11 7441  2 88473 23520 2.0 21 11 1 2 33% 2982255 3902 77%
c = 63.63  0 29 11 7441  2 88473 23519 2.0 21 11 1 2 33% 2982255 3899 77%
c u 64.37  0 29 11 7441  2 88473 22941 2.0 21 11 1 2 33% 2982255 3893 77%
c v 64.71  0 29 11 7441  2 88473 22808 2.0 21 11 1 2 33% 2982255 3891 77%
c w 64.71  0 29 11 7441  2 88473 22808 2.0 21 11 1 2 33% 2982255 3891 77%
c 
c  seconds  reductions   conflicts        size   tier2        variables
c         MB     restarts      redundant     glue   trail          remaining
c          level       rate         size/glue  tier1   irredundant
c 
c t 64.73  0 29 11 7441  2 88473 22791 2.0 21 11 1 2 33% 2979879 3891 77%
c I 65.66  0 29 11 7442  2 91030 25021 2.1 22 10 1 2 32% 2979879 3891 77%
c i 68.55  0 27 11 7447  2 100131 32581 2.0 21 10 1 2 28% 2979879 3869 77%
c B 70.06  0 27 11 7450  2 105031 36754 2.0 21 11 1 2 28% 2979879 3869 77%
c i 70.61  0 26 11 7451  2 106858 38184 2.0 21 10 1 2 28% 2979879 3867 77%
c - 70.87  0 26 12 7451  2 106890 17846 2.0 21 10 1 2 28% 2549526 3867 77%
c 2 70.88  0 26 12 7451  2 106890 17823 2.0 21 10 1 2 28% 2547949 3867 77%
c d 70.96  0 26 12 7451  2 106890 17775 2.0 21 10 1 2 28% 2547900 3843 76%
c p 71.00  0 26 12 7451  2 106890 19755 2.0 21 10 1 2 28% 2547900 3842 76%
c c 71.94  0 26 12 7451  2 106890 19734 2.0 21 10 1 2 28% 2555228 3842 76%
c d 72.01  0 26 12 7451  2 106890 19718 2.0 21 10 1 2 28% 2555214 3836 76%
c 2 72.03  0 26 12 7451  2 106890 19696 2.0 21 10 1 2 28% 2555206 3836 76%
c = 72.54  0 26 12 7451  2 106890 19695 2.0 21 10 1 2 28% 2555190 3832 76%
c t 72.60  0 26 12 7451  2 106890 19648 2.0 21 10 1 2 28% 2550998 3832 76%
c i 72.99  0 26 12 7452  2 108721 21042 2.0 21 10 1 2 28% 2550998 3828 76%
c s 75.03  0 24 12 7453  2 117820 29076 2.1 21 10 1 2 26% 2474465 3828 76%
c t 75.11  0 24 12 7453  2 117820 29074 2.1 21 10 1 2 26% 2466202 3828 76%
c e 75.21  0 24 12 7453  2 117820 27894 2.1 21 10 1 2 26% 2406494 3782 75%
c s 75.37  0 24 12 7453  2 117820 27884 2.1 21 10 1 2 26% 2351889 3782 75%
c W 77.22  0 24 12 7454  2 120032 28550 2.0 21 10 1 2 25% 2351889 3782 75%
c 
c  seconds  reductions   conflicts         size   tier2        variables
c         MB     restarts       redundant     glue   trail          remaining
c          level       rate          size/glue  tier1   irredundant
c 
c - 78.89  0 25 13 7454  2 126558 19374 2.0 22 11 1 2 25% 2351889 3782 75%
c 2 78.89  0 25 13 7454  2 126558 19368 2.0 22 11 1 2 25% 2351143 3782 75%
c c 79.69  0 25 13 7454  2 126558 19368 2.0 22 11 1 2 25% 2358630 3782 75%
c d 79.76  0 25 13 7454  2 126558 19368 2.0 22 11 1 2 25% 2358628 3781 75%
c 2 79.78  0 25 13 7454  2 126558 19366 2.0 22 11 1 2 25% 2358628 3781 75%
c t 80.18  0 25 13 7454  2 126558 19360 2.0 22 11 1 2 25% 2350367 3781 75%
c O 82.51  0 25 13 7454  2 136033 27520 2.0 22 11 1 2 24% 2350367 3781 75%
c ] 83.22  0 25 13 7457  2 139297 30259 2.0 22 11 1 2 24% 2350367 3781 75%
c { 83.22  0 21 13 7457  5 139297 30259 2.4 13 5 1 2 40% 2350367 3781 75%
c i 83.46  0 21 13 7579  5 139946 30818 2.4 13 5 1 2 40% 2350367 3780 75%
c i 83.96  0 21 13 7812  4 141154 31782 2.4 13 5 1 2 39% 2350367 3779 75%
c i 84.79  0 20 13 8059  4 143976 33884 2.4 13 5 1 2 39% 2350367 3777 75%
c i 84.79  0 20 13 8059  4 143986 33885 2.4 13 5 1 2 39% 2350367 3774 75%
c i 84.80  0 20 13 8059  4 143994 33890 2.4 13 5 1 2 39% 2350367 3773 75%
c i 84.97  0 20 13 8110  4 144791 34438 2.4 13 5 1 2 38% 2350367 3772 75%
c i 85.19  0 20 13 8145  4 145562 34981 2.3 13 5 1 2 38% 2350367 3770 75%
c i 85.80  0 20 13 8396  4 147377 36317 2.3 13 5 1 2 38% 2350366 3766 75%
c - 86.06  0 20 14 8405  4 147647 21081 2.3 13 5 1 2 38% 2245875 3766 75%
c 2 86.07  0 20 14 8405  4 147647 21064 2.3 13 5 1 2 38% 2245725 3763 75%
c d 86.16  0 20 14 8405  4 147647 20944 2.3 13 5 1 2 38% 2245662 3743 74%
c 
c  seconds  reductions   conflicts         size  tier2        variables
c         MB     restarts       redundant     glue  trail          remaining
c          level       rate          size/glue tier1   irredundant
c 
c p 86.30  0 20 14 8405  4 147647 23348 2.3 13 5 1 2 38% 2245652 3737 74%
c d 86.37  0 20 14 8405  4 147647 22591 2.3 13 5 1 2 38% 2180751 3736 74%
c d 86.42  0 20 14 8405  4 147647 22585 2.3 13 5 1 2 38% 2180745 3733 74%
c c 87.20  0 20 14 8405  4 147647 22555 2.3 13 5 1 2 38% 2187210 3729 74%
c d 87.27  0 20 14 8405  4 147647 22527 2.3 13 5 1 2 38% 2187190 3726 74%
c d 87.33  0 20 14 8405  4 147647 22526 2.3 13 5 1 2 38% 2187188 3725 74%
c 2 87.34  0 20 14 8405  4 147647 22493 2.3 13 5 1 2 38% 2187186 3725 74%
c u 87.72  0 20 14 8405  4 147647 22172 2.3 13 5 1 2 38% 2187186 3721 74%
c v 87.86  0 20 14 8405  4 147647 22085 2.3 13 5 1 2 38% 2187186 3721 74%
c x 88.12  0 20 14 8405  4 147647 22083 2.3 13 5 1 2 38% 2186596 3720 74%
c t 88.16  0 20 14 8405  4 147647 22023 2.3 13 5 1 2 38% 2179937 3720 74%
c i 88.57  0 19 14 8538  4 149092 23162 2.3 13 5 1 2 37% 2179937 3716 74%
c i 88.58  0 19 14 8538  4 149177 23211 2.3 13 5 1 2 37% 2179937 3715 74%
c i 89.16  0 19 14 8688  4 151236 24784 2.3 13 5 1 2 37% 2179937 3711 73%
c B 89.68  0 19 14 8892  4 153035 26191 2.3 13 5 1 2 36% 2179937 3711 73%
c i 89.82  0 19 14 8913  4 153532 26481 2.3 13 5 1 2 36% 2179937 3710 73%
c i 89.86  0 19 14 8915  4 153685 26568 2.3 13 5 1 2 36% 2179937 3709 73%
c i 90.11  0 19 14 8964  4 154470 27158 2.3 13 5 1 2 36% 2179937 3706 73%
c i 90.38  0 18 14 9013  4 155484 27904 2.3 12 5 1 2 36% 2179937 3705 73%
c i 90.43  0 18 14 9021  4 155637 28029 2.3 12 5 1 2 36% 2179937 3704 73%
c 
c  seconds  reductions   conflicts         size  tier2        variables
c         MB     restarts       redundant     glue  trail          remaining
c          level       rate          size/glue tier1   irredundant
c 
c i 90.59  0 18 14 9043  4 156280 28470 2.3 12 5 1 2 36% 2179937 3703 73%
c i 91.14  0 18 14 9197  4 158203 29850 2.3 12 5 1 2 35% 2179937 3702 73%
c i 91.22  0 18 14 9223  4 158454 30024 2.3 12 5 1 2 35% 2179937 3701 73%
c i 91.48  0 18 14 9334  4 159508 30746 2.2 12 5 1 2 35% 2179937 3700 73%
c i 91.70  0 18 14 9402  4 160344 31386 2.2 12 5 1 2 35% 2179937 3699 73%
c i 91.77  0 18 14 9406  4 160730 31671 2.2 12 5 1 2 35% 2179937 3698 73%
c i 92.06  0 18 14 9475  4 161931 32421 2.2 12 5 1 2 34% 2179937 3697 73%
c i 92.09  0 18 14 9478  4 162035 32496 2.2 12 5 1 2 34% 2179937 3693 73%
c i 92.19  0 17 14 9478  4 162522 32842 2.2 12 5 1 2 34% 2179936 3692 73%
c i 92.37  0 17 14 9513  4 163247 33367 2.2 12 5 1 2 34% 2179936 3690 73%
c i 92.57  0 17 14 9521  4 163978 33857 2.2 12 5 1 2 34% 2179936 3687 73%
c i 92.60  0 17 14 9521  4 164056 33904 2.2 12 5 1 2 34% 2179936 3686 73%
c i 92.62  0 17 14 9521  4 164106 33934 2.2 12 5 1 2 34% 2179936 3684 73%
c i 92.70  0 17 14 9523  4 164384 34180 2.2 12 5 1 2 34% 2179936 3683 73%
c i 92.90  0 17 14 9542  4 165171 34697 2.2 12 5 1 2 34% 2179936 3682 73%
c i 92.98  0 17 14 9542  4 165533 34934 2.2 12 5 1 2 33% 2179936 3651 72%
c i 92.98  0 17 14 9542  4 165552 34943 2.2 12 5 1 2 33% 2179936 3650 72%
c i 93.03  0 17 14 9542  4 165813 35100 2.2 12 5 1 2 33% 2179936 3416 68%
c } 93.24  0 17 14 9542  4 165826 19612 2.2 12 5 1 2 13% 718672 2435 48%
c 0 93.24  0 17 14 9542  4 165826 19612 2.2 12 5 1 2 13% 718672 2435 48%
c 
c --- [ closing proof ] ------------------------------------------------------
c 
c LRAT proof file 'results/cnf/15T5.lrat' closed
c LRAT 598846 added clauses 12.53%
c LRAT 4181926 deleted clauses 87.47%
c LRAT 162225707 bytes (154.71 MB)
c 
c --- [ result ] -------------------------------------------------------------
c 
s UNSATISFIABLE
c 
c --- [ run-time profiling ] -------------------------------------------------
c 
c process time taken by individual solving procedures
c (percentage relative to process time for solving)
c 
c        67.57   72.88% search
c        34.21   36.90% unstable
c        28.83   31.10% stable
c        25.15   27.12% simplify
c        12.89   13.90% congruence
c         4.46    4.81% sweep
c         4.43    4.78% walk
c         2.84    3.06% vivify
c         0.83    0.89% subsume
c         0.72    0.77% elim
c         0.52    0.56% parse
c         0.27    0.29% probe
c         0.09    0.10% lucky
c         0.09    0.10% ternary
c         0.01    0.01% backbone
c   =================================
c        92.72   99.44% solve
c 
c last line shows process time for solving
c (percentage relative to total process time)
c 
c --- [ statistics ] ---------------------------------------------------------
c 
c chronological:             62252        37.54 %  of conflicts
c conflicts:                165826      1788.53    per second
c backbone:                 161477      3197.56 %  of vars
c decisions:                442421      4771.78    per second
c eliminated:                  442         8.75 %  of all variables
c fixed:                      1651        32.69 %  of all variables
c learned:                  158560        95.62 %  per conflict
c learned_lits:            5005941       100.00 %  learned literals
c minimized:                     0         0.00 %  learned literals
c shrunken:                1543890        30.84 %  learned literals
c minishrunken:             768242        15.35 %  learned literals
c otfs:                       1687         1.02 %  of conflict
c propagations:           58116808         0.63 M  per second
c reduced:                   78418        47.29 %  per conflict
c rephased:                     17      9754.47    interval
c restarts:                   9542        17.38    interval
c stabilizing:                   5        52.22 %  of conflicts
c substituted:                 522        10.34 %  of all variables
c sweep equivs:                 34         0.51 %  of swept variables
c subsumed:                 666538        13.92 %  of all clauses
c strengthened:              18054         0.38 %  of all clauses
c ticks:                5504174398       105.25    propagation
c vivified:                   1832         0.04 %  of all clauses
c walked:                        4     41456.50    interval
c weakened:                   2490         2.32    average size
c congruence:                   10     16582.60    interval
c 
c seconds are measured in process time for solving
c 
c --- [ glue usage ] ---------------------------------------------------------
c 
c focused glue 1 used 656728 clauses 77.97% accumulated 77.97% tier1
c focused glue 2 used 111206 clauses 13.20% accumulated 91.17% tier2
c 
c stable glue 1 used 770784 clauses 66.71% accumulated 66.71% tier1
c stable glue 2 used 136507 clauses 11.81% accumulated 78.53% tier2
c 
c 
c --- [ resources ] ----------------------------------------------------------
c 
c total process time since initialization:        93.24    seconds
c total real time since initialization:          106.70    seconds
c maximum resident set size of process:         1270.42    MB
c 
c --- [ shutting down ] ------------------------------------------------------
c 
c exit 20
      106.73 real        89.76 user         3.49 sys
          1332133888  maximum resident set size
                   0  average shared memory size
                   0  average unshared data size
                   0  average unshared stack size
              531031  page reclaims
                   4  page faults
                   0  swaps
                   0  block input operations
                   0  block output operations
                   0  messages sent
                   0  messages received
                   0  signals received
                  35  voluntary context switches
               62847  involuntary context switches
        673511260884  instructions retired
        306849058079  cycles elapsed
           702858344  peak memory footprint
